Fetching 30 files:   0%|          | 0/30 [00:00<?, ?it/s]Fetching 30 files:   3%|▎         | 1/30 [36:04<17:26:12, 2164.58s/it]Fetching 30 files:   7%|▋         | 2/30 [48:47<10:25:22, 1340.10s/it]Fetching 30 files:  30%|███       | 9/30 [54:12<1:22:02, 234.39s/it]  Fetching 30 files:  30%|███       | 9/30 [54:12<2:06:29, 361.39s/it]
Traceback (most recent call last):
  File "/home/yabin/miniconda3/envs/cl/lib/python3.11/site-packages/httpx/_transports/default.py", line 101, in map_httpcore_exceptions
    yield
  File "/home/yabin/miniconda3/envs/cl/lib/python3.11/site-packages/httpx/_transports/default.py", line 127, in __iter__
    for part in self._httpcore_stream:
  File "/home/yabin/miniconda3/envs/cl/lib/python3.11/site-packages/httpcore/_sync/connection_pool.py", line 407, in __iter__
    raise exc from None
  File "/home/yabin/miniconda3/envs/cl/lib/python3.11/site-packages/httpcore/_sync/connection_pool.py", line 403, in __iter__
    for part in self._stream:
  File "/home/yabin/miniconda3/envs/cl/lib/python3.11/site-packages/httpcore/_sync/http11.py", line 342, in __iter__
    raise exc
  File "/home/yabin/miniconda3/envs/cl/lib/python3.11/site-packages/httpcore/_sync/http11.py", line 334, in __iter__
    for chunk in self._connection._receive_response_body(**kwargs):
  File "/home/yabin/miniconda3/envs/cl/lib/python3.11/site-packages/httpcore/_sync/http11.py", line 203, in _receive_response_body
    event = self._receive_event(timeout=timeout)
            ^^^^^^^^^^^^^^^^^^^^^^^^^^^^^^^^^^^^
  File "/home/yabin/miniconda3/envs/cl/lib/python3.11/site-packages/httpcore/_sync/http11.py", line 213, in _receive_event
    with map_exceptions({h11.RemoteProtocolError: RemoteProtocolError}):
  File "/home/yabin/miniconda3/envs/cl/lib/python3.11/contextlib.py", line 158, in __exit__
    self.gen.throw(typ, value, traceback)
  File "/home/yabin/miniconda3/envs/cl/lib/python3.11/site-packages/httpcore/_exceptions.py", line 14, in map_exceptions
    raise to_exc(exc) from exc
httpcore.RemoteProtocolError: peer closed connection without sending complete message body (received 1164808155 bytes, expected 3221225472)

The above exception was the direct cause of the following exception:

Traceback (most recent call last):
  File "/home/yabin/miniconda3/envs/cl/bin/hf", line 6, in <module>
    sys.exit(main())
             ^^^^^^
  File "/home/yabin/miniconda3/envs/cl/lib/python3.11/site-packages/huggingface_hub/cli/hf.py", line 116, in main
    app()
  File "/home/yabin/miniconda3/envs/cl/lib/python3.11/site-packages/typer/main.py", line 1152, in __call__
    raise e
  File "/home/yabin/miniconda3/envs/cl/lib/python3.11/site-packages/typer/main.py", line 1135, in __call__
    return get_command(self)(*args, **kwargs)
           ^^^^^^^^^^^^^^^^^^^^^^^^^^^^^^^^^^
  File "/home/yabin/miniconda3/envs/cl/lib/python3.11/site-packages/click/core.py", line 1524, in __call__
    return self.main(*args, **kwargs)
           ^^^^^^^^^^^^^^^^^^^^^^^^^^
  File "/home/yabin/miniconda3/envs/cl/lib/python3.11/site-packages/typer/core.py", line 794, in main
    return _main(
           ^^^^^^
  File "/home/yabin/miniconda3/envs/cl/lib/python3.11/site-packages/typer/core.py", line 188, in _main
    rv = self.invoke(ctx)
         ^^^^^^^^^^^^^^^^
  File "/home/yabin/miniconda3/envs/cl/lib/python3.11/site-packages/huggingface_hub/cli/_cli_utils.py", line 131, in invoke
    return super().invoke(ctx)
           ^^^^^^^^^^^^^^^^^^^
  File "/home/yabin/miniconda3/envs/cl/lib/python3.11/site-packages/click/core.py", line 1912, in invoke
    return _process_result(sub_ctx.command.invoke(sub_ctx))
                           ^^^^^^^^^^^^^^^^^^^^^^^^^^^^^^^
  File "/home/yabin/miniconda3/envs/cl/lib/python3.11/site-packages/click/core.py", line 1308, in invoke
    return ctx.invoke(self.callback, **ctx.params)
           ^^^^^^^^^^^^^^^^^^^^^^^^^^^^^^^^^^^^^^^
  File "/home/yabin/miniconda3/envs/cl/lib/python3.11/site-packages/click/core.py", line 877, in invoke
    return callback(*args, **kwargs)
           ^^^^^^^^^^^^^^^^^^^^^^^^^
  File "/home/yabin/miniconda3/envs/cl/lib/python3.11/site-packages/typer/main.py", line 1514, in wrapper
    return callback(**use_params)
           ^^^^^^^^^^^^^^^^^^^^^^
  File "/home/yabin/miniconda3/envs/cl/lib/python3.11/site-packages/huggingface_hub/cli/download.py", line 254, in download
    _print_result(run_download())
                  ^^^^^^^^^^^^^^
  File "/home/yabin/miniconda3/envs/cl/lib/python3.11/site-packages/huggingface_hub/cli/download.py", line 216, in run_download
    return snapshot_download(
           ^^^^^^^^^^^^^^^^^^
  File "/home/yabin/miniconda3/envs/cl/lib/python3.11/site-packages/huggingface_hub/utils/_validators.py", line 88, in _inner_fn
    return fn(*args, **kwargs)
           ^^^^^^^^^^^^^^^^^^^
  File "/home/yabin/miniconda3/envs/cl/lib/python3.11/site-packages/huggingface_hub/_snapshot_download.py", line 456, in snapshot_download
    thread_map(
  File "/home/yabin/miniconda3/envs/cl/lib/python3.11/site-packages/tqdm/contrib/concurrent.py", line 69, in thread_map
    return _executor_map(ThreadPoolExecutor, fn, *iterables, **tqdm_kwargs)
           ^^^^^^^^^^^^^^^^^^^^^^^^^^^^^^^^^^^^^^^^^^^^^^^^^^^^^^^^^^^^^^^^
  File "/home/yabin/miniconda3/envs/cl/lib/python3.11/site-packages/tqdm/contrib/concurrent.py", line 51, in _executor_map
    return list(tqdm_class(ex.map(fn, *iterables, chunksize=chunksize), **kwargs))
           ^^^^^^^^^^^^^^^^^^^^^^^^^^^^^^^^^^^^^^^^^^^^^^^^^^^^^^^^^^^^^^^^^^^^^^^
  File "/home/yabin/miniconda3/envs/cl/lib/python3.11/site-packages/tqdm/std.py", line 1181, in __iter__
    for obj in iterable:
  File "/home/yabin/miniconda3/envs/cl/lib/python3.11/concurrent/futures/_base.py", line 619, in result_iterator
    yield _result_or_cancel(fs.pop())
          ^^^^^^^^^^^^^^^^^^^^^^^^^^^
  File "/home/yabin/miniconda3/envs/cl/lib/python3.11/concurrent/futures/_base.py", line 317, in _result_or_cancel
    return fut.result(timeout)
           ^^^^^^^^^^^^^^^^^^^
  File "/home/yabin/miniconda3/envs/cl/lib/python3.11/concurrent/futures/_base.py", line 449, in result
    return self.__get_result()
           ^^^^^^^^^^^^^^^^^^^
  File "/home/yabin/miniconda3/envs/cl/lib/python3.11/concurrent/futures/_base.py", line 401, in __get_result
    raise self._exception
  File "/home/yabin/miniconda3/envs/cl/lib/python3.11/concurrent/futures/thread.py", line 58, in run
    result = self.fn(*self.args, **self.kwargs)
             ^^^^^^^^^^^^^^^^^^^^^^^^^^^^^^^^^^
  File "/home/yabin/miniconda3/envs/cl/lib/python3.11/site-packages/huggingface_hub/_snapshot_download.py", line 436, in _inner_hf_hub_download
    hf_hub_download(  # type: ignore
  File "/home/yabin/miniconda3/envs/cl/lib/python3.11/site-packages/huggingface_hub/utils/_validators.py", line 88, in _inner_fn
    return fn(*args, **kwargs)
           ^^^^^^^^^^^^^^^^^^^
  File "/home/yabin/miniconda3/envs/cl/lib/python3.11/site-packages/huggingface_hub/file_download.py", line 994, in hf_hub_download
    return _hf_hub_download_to_local_dir(
           ^^^^^^^^^^^^^^^^^^^^^^^^^^^^^^
  File "/home/yabin/miniconda3/envs/cl/lib/python3.11/site-packages/huggingface_hub/file_download.py", line 1448, in _hf_hub_download_to_local_dir
    _download_to_tmp_and_move(
  File "/home/yabin/miniconda3/envs/cl/lib/python3.11/site-packages/huggingface_hub/file_download.py", line 1876, in _download_to_tmp_and_move
    http_get(
  File "/home/yabin/miniconda3/envs/cl/lib/python3.11/site-packages/huggingface_hub/utils/_validators.py", line 88, in _inner_fn
    return fn(*args, **kwargs)
           ^^^^^^^^^^^^^^^^^^^
  File "/home/yabin/miniconda3/envs/cl/lib/python3.11/site-packages/huggingface_hub/file_download.py", line 433, in http_get
    for chunk in response.iter_bytes(chunk_size=constants.DOWNLOAD_CHUNK_SIZE):
  File "/home/yabin/miniconda3/envs/cl/lib/python3.11/site-packages/httpx/_models.py", line 897, in iter_bytes
    for raw_bytes in self.iter_raw():
  File "/home/yabin/miniconda3/envs/cl/lib/python3.11/site-packages/httpx/_models.py", line 951, in iter_raw
    for raw_stream_bytes in self.stream:
  File "/home/yabin/miniconda3/envs/cl/lib/python3.11/site-packages/httpx/_client.py", line 153, in __iter__
    for chunk in self._stream:
  File "/home/yabin/miniconda3/envs/cl/lib/python3.11/site-packages/httpx/_transports/default.py", line 126, in __iter__
    with map_httpcore_exceptions():
  File "/home/yabin/miniconda3/envs/cl/lib/python3.11/contextlib.py", line 158, in __exit__
    self.gen.throw(typ, value, traceback)
  File "/home/yabin/miniconda3/envs/cl/lib/python3.11/site-packages/httpx/_transports/default.py", line 118, in map_httpcore_exceptions
    raise mapped_exc(message) from exc
httpx.RemoteProtocolError: peer closed connection without sending complete message body (received 1164808155 bytes, expected 3221225472)
