world size: 1, rank: 0, local rank: 0
{
  "SHELL": "/bin/bash",
  "no_proxy": "localhost,127.0.0.1,10.0.0.0/8,172.16.0.0/12,192.168.0.0/16,100.64.0.0/10",
  "MASTER_PORT": "29640",
  "PWD": "/home/yabin/ctta4aid_assets/external/IAPL",
  "LOGNAME": "yabin",
  "XDG_SESSION_TYPE": "tty",
  "IAPL_DATASET_PATH": "hf_arrow:///home/yabin/ctta4aid_assets/data/df_arrow_20260716/ForenSynths|/home/yabin/ctta4aid_assets/data/df_arrow_20260716/Ojha",
  "IAPL_OUTPUT_DIR": "/home/yabin/ctta4aid-arrow/outputs/iapl_official/p0_single_arrow",
  "HOME": "/home/yabin",
  "LANG": "zh_CN.UTF-8",
  "https_proxy": "http://127.0.0.1:17890",
  "SSH_CONNECTION": "100.70.179.13 65370 100.125.129.111 22",
  "MASTER_ADDR": "127.0.0.1",
  "CUDA_VISIBLE_DEVICES": "0",
  "XDG_SESSION_CLASS": "user",
  "PYTHONPATH": "/home/yabin/ctta4aid-arrow/src",
  "USER": "yabin",
  "NNODES": "1",
  "SHLVL": "0",
  "NODE_RANK": "0",
  "XDG_SESSION_ID": "1357",
  "http_proxy": "http://127.0.0.1:17890",
  "IAPL_PYTHON": "/home/yabin/miniconda3/envs/cl/bin/python",
  "LC_CTYPE": "C.UTF-8",
  "XDG_RUNTIME_DIR": "/run/user/1000",
  "SSH_CLIENT": "100.70.179.13 65370 22",
  "LC_ALL": "C.UTF-8",
  "IAPL_PREDICTION_DIR": "/home/yabin/ctta4aid-arrow/outputs/iapl_official/p0_single_arrow/predictions",
  "PROJECT_ROOT": "/home/yabin/ctta4aid-arrow",
  "NPROC_PER_NODE": "1",
  "all_proxy": "socks5://127.0.0.1:17891",
  "PATH": "/usr/local/sbin:/usr/local/bin:/usr/sbin:/usr/bin:/sbin:/bin:/usr/games:/usr/local/games:/snap/bin",
  "DBUS_SESSION_BUS_ADDRESS": "unix:path=/run/user/1000/bus",
  "OLDPWD": "/home/yabin",
  "TORCHELASTIC_SIGNALS_TO_HANDLE": "SIGTERM,SIGINT,SIGHUP,SIGQUIT",
  "RANK": "0",
  "GROUP_RANK": "0",
  "ROLE_RANK": "0",
  "ROLE_NAME": "default",
  "LOCAL_WORLD_SIZE": "1",
  "WORLD_SIZE": "1",
  "GROUP_WORLD_SIZE": "1",
  "ROLE_WORLD_SIZE": "1",
  "TORCHELASTIC_RESTART_COUNT": "0",
  "TORCHELASTIC_MAX_RESTARTS": "0",
  "TORCHELASTIC_RUN_ID": "none",
  "TORCHELASTIC_USE_AGENT_STORE": "True",
  "TORCH_NCCL_ASYNC_ERROR_HANDLING": "1",
  "LOCAL_RANK": "0",
  "TORCHELASTIC_ERROR_FILE": "/tmp/torchelastic_dnq2usyp/none_xd0moeap/attempt_0/0/error.json",
  "TORCHINDUCTOR_CACHE_DIR": "/tmp/torchinductor_yabin",
  "QT_QPA_PLATFORM_PLUGIN_PATH": "/home/yabin/miniconda3/envs/cl/lib/python3.11/site-packages/cv2/qt/plugins",
  "QT_QPA_FONTDIR": "/home/yabin/miniconda3/envs/cl/lib/python3.11/site-packages/cv2/qt/fonts",
  "LD_LIBRARY_PATH": "/home/yabin/miniconda3/envs/cl/lib/python3.11/site-packages/cv2/../../lib64:",
  "KMP_DUPLICATE_LIB_OK": "True",
  "KMP_INIT_AT_FORK": "FALSE"
}
world_size:1 rank:0 local_rank:0
| distributed init (rank 0): env://
Before torch.distributed.barrier()
/home/yabin/miniconda3/envs/cl/lib/python3.11/site-packages/torch/distributed/c10d_logger.py:83: UserWarning: barrier(): using the device under current context. You can specify `device_id` in `init_process_group` to mute this warning.
  return func(*args, **kwargs)
[rank0]:[W717 12:24:49.255917136 ProcessGroupNCCL.cpp:5324] Guessing device ID based on global rank. This can cause a hang if rank to GPU mapping is heterogeneous. You can specify device_id in init_process_group()
End torch.distributed.barrier()
-----------freezen TTA mode-----------
-----------freezen TTA mode-----------
[{'params': ['prompt_learner.ctx']}]
/home/yabin/ctta4aid_assets/external/IAPL/models/dct.py:353: FutureWarning: `torch.cuda.amp.autocast(args...)` is deprecated. Please use `torch.amp.autocast('cuda', args...)` instead.
  with torch.cuda.amp.autocast(enabled=False):
Test:  [    0/12764]  eta: 2:46:56    time: 0.7847  data: 0.0212  max mem: 8437
Test:  [   50/12764]  eta: 1:17:57    time: 0.3594  data: 0.0129  max mem: 8437
Test:  [  100/12764]  eta: 1:16:44    time: 0.3598  data: 0.0128  max mem: 8437
Test:  [  150/12764]  eta: 1:16:13    time: 0.3607  data: 0.0133  max mem: 8437
Test:  [  200/12764]  eta: 1:15:49    time: 0.3609  data: 0.0134  max mem: 8437
Test:  [  250/12764]  eta: 1:15:26    time: 0.3607  data: 0.0132  max mem: 8437
Test:  [  300/12764]  eta: 1:15:07    time: 0.3609  data: 0.0134  max mem: 8437
Test:  [  350/12764]  eta: 1:14:46    time: 0.3603  data: 0.0130  max mem: 8437
Test:  [  400/12764]  eta: 1:14:23    time: 0.3583  data: 0.0109  max mem: 8437
Test:  [  450/12764]  eta: 1:14:00    time: 0.3580  data: 0.0107  max mem: 8437
Test:  [  500/12764]  eta: 1:13:39    time: 0.3581  data: 0.0106  max mem: 8437
Test:  [  550/12764]  eta: 1:13:19    time: 0.3580  data: 0.0105  max mem: 8437
Test:  [  600/12764]  eta: 1:13:00    time: 0.3575  data: 0.0102  max mem: 8437
Test:  [  650/12764]  eta: 1:12:39    time: 0.3578  data: 0.0104  max mem: 8437
Test:  [  700/12764]  eta: 1:12:20    time: 0.3584  data: 0.0109  max mem: 8437
Test:  [  750/12764]  eta: 1:12:01    time: 0.3577  data: 0.0104  max mem: 8437
Test:  [  800/12764]  eta: 1:11:42    time: 0.3585  data: 0.0110  max mem: 8437
Test:  [  850/12764]  eta: 1:11:23    time: 0.3590  data: 0.0113  max mem: 8437
Test:  [  900/12764]  eta: 1:11:04    time: 0.3576  data: 0.0103  max mem: 8437
Test:  [  950/12764]  eta: 1:10:45    time: 0.3586  data: 0.0110  max mem: 8437
Test:  [ 1000/12764]  eta: 1:10:27    time: 0.3581  data: 0.0106  max mem: 8437
Test:  [ 1050/12764]  eta: 1:10:08    time: 0.3591  data: 0.0113  max mem: 8437
Test:  [ 1100/12764]  eta: 1:09:49    time: 0.3579  data: 0.0103  max mem: 8437
Test:  [ 1150/12764]  eta: 1:09:31    time: 0.3582  data: 0.0107  max mem: 8437
Test:  [ 1200/12764]  eta: 1:09:13    time: 0.3595  data: 0.0116  max mem: 8437
Test:  [ 1250/12764]  eta: 1:08:55    time: 0.3581  data: 0.0106  max mem: 8437
Test:  [ 1300/12764]  eta: 1:08:36    time: 0.3588  data: 0.0111  max mem: 8437
Test:  [ 1350/12764]  eta: 1:08:18    time: 0.3575  data: 0.0102  max mem: 8437
Test:  [ 1400/12764]  eta: 1:08:00    time: 0.3597  data: 0.0119  max mem: 8437
Test:  [ 1450/12764]  eta: 1:07:42    time: 0.3587  data: 0.0110  max mem: 8437
Test:  [ 1500/12764]  eta: 1:07:23    time: 0.3581  data: 0.0107  max mem: 8437
Test:  [ 1550/12764]  eta: 1:07:06    time: 0.3594  data: 0.0117  max mem: 8437
Test:  [ 1600/12764]  eta: 1:06:47    time: 0.3597  data: 0.0119  max mem: 8437
Test:  [ 1650/12764]  eta: 1:06:29    time: 0.3578  data: 0.0104  max mem: 8437
Test:  [ 1700/12764]  eta: 1:06:11    time: 0.3582  data: 0.0107  max mem: 8437
Test:  [ 1750/12764]  eta: 1:05:53    time: 0.3582  data: 0.0106  max mem: 8437
Test:  [ 1800/12764]  eta: 1:05:35    time: 0.3578  data: 0.0104  max mem: 8437
Test:  [ 1850/12764]  eta: 1:05:17    time: 0.3594  data: 0.0117  max mem: 8437
Test:  [ 1900/12764]  eta: 1:04:59    time: 0.3576  data: 0.0103  max mem: 8437
Test:  [ 1950/12764]  eta: 1:04:41    time: 0.3582  data: 0.0106  max mem: 8437
Test:  [ 2000/12764]  eta: 1:04:23    time: 0.3588  data: 0.0112  max mem: 8437
Test:  [ 2050/12764]  eta: 1:04:05    time: 0.3588  data: 0.0111  max mem: 8437
Test:  [ 2100/12764]  eta: 1:03:47    time: 0.3582  data: 0.0109  max mem: 8437
Test:  [ 2150/12764]  eta: 1:03:28    time: 0.3579  data: 0.0104  max mem: 8437
Test:  [ 2200/12764]  eta: 1:03:10    time: 0.3573  data: 0.0100  max mem: 8437
Test:  [ 2250/12764]  eta: 1:02:52    time: 0.3591  data: 0.0113  max mem: 8437
Test:  [ 2300/12764]  eta: 1:02:34    time: 0.3594  data: 0.0117  max mem: 8437
Test:  [ 2350/12764]  eta: 1:02:16    time: 0.3571  data: 0.0100  max mem: 8437
Test:  [ 2400/12764]  eta: 1:01:58    time: 0.3580  data: 0.0107  max mem: 8437
Test:  [ 2450/12764]  eta: 1:01:40    time: 0.3583  data: 0.0109  max mem: 8437
Test:  [ 2500/12764]  eta: 1:01:22    time: 0.3588  data: 0.0112  max mem: 8437
Test:  [ 2550/12764]  eta: 1:01:04    time: 0.3596  data: 0.0117  max mem: 8437
Test:  [ 2600/12764]  eta: 1:00:46    time: 0.3576  data: 0.0103  max mem: 8437
Test:  [ 2650/12764]  eta: 1:00:28    time: 0.3589  data: 0.0113  max mem: 8437
Test:  [ 2700/12764]  eta: 1:00:10    time: 0.3582  data: 0.0107  max mem: 8437
Test:  [ 2750/12764]  eta: 0:59:52    time: 0.3586  data: 0.0111  max mem: 8437
Test:  [ 2800/12764]  eta: 0:59:34    time: 0.3585  data: 0.0109  max mem: 8437
Test:  [ 2850/12764]  eta: 0:59:16    time: 0.3581  data: 0.0107  max mem: 8437
Test:  [ 2900/12764]  eta: 0:58:58    time: 0.3581  data: 0.0107  max mem: 8437
Test:  [ 2950/12764]  eta: 0:58:40    time: 0.3581  data: 0.0106  max mem: 8437
Test:  [ 3000/12764]  eta: 0:58:22    time: 0.3585  data: 0.0110  max mem: 8437
Test:  [ 3050/12764]  eta: 0:58:04    time: 0.3586  data: 0.0110  max mem: 8437
Test:  [ 3100/12764]  eta: 0:57:46    time: 0.3573  data: 0.0100  max mem: 8437
Test:  [ 3150/12764]  eta: 0:57:28    time: 0.3587  data: 0.0111  max mem: 8437
Test:  [ 3200/12764]  eta: 0:57:10    time: 0.3588  data: 0.0111  max mem: 8437
Test:  [ 3250/12764]  eta: 0:56:52    time: 0.3588  data: 0.0111  max mem: 8437
Test:  [ 3300/12764]  eta: 0:56:34    time: 0.3587  data: 0.0111  max mem: 8437
Test:  [ 3350/12764]  eta: 0:56:16    time: 0.3581  data: 0.0106  max mem: 8437
Test:  [ 3400/12764]  eta: 0:55:58    time: 0.3590  data: 0.0114  max mem: 8437
Test:  [ 3450/12764]  eta: 0:55:40    time: 0.3578  data: 0.0103  max mem: 8437
Test:  [ 3500/12764]  eta: 0:55:22    time: 0.3593  data: 0.0113  max mem: 8437
Test:  [ 3550/12764]  eta: 0:55:04    time: 0.3585  data: 0.0110  max mem: 8437
Test:  [ 3600/12764]  eta: 0:54:46    time: 0.3577  data: 0.0103  max mem: 8437
Test:  [ 3650/12764]  eta: 0:54:28    time: 0.3580  data: 0.0107  max mem: 8437
Test:  [ 3700/12764]  eta: 0:54:10    time: 0.3578  data: 0.0104  max mem: 8437
Test:  [ 3750/12764]  eta: 0:53:52    time: 0.3582  data: 0.0106  max mem: 8437
Test:  [ 3800/12764]  eta: 0:53:34    time: 0.3577  data: 0.0103  max mem: 8437
Test:  [ 3850/12764]  eta: 0:53:16    time: 0.3578  data: 0.0103  max mem: 8437
Test:  [ 3900/12764]  eta: 0:52:58    time: 0.3585  data: 0.0110  max mem: 8437
Test:  [ 3950/12764]  eta: 0:52:40    time: 0.3580  data: 0.0106  max mem: 8437
Test:  [ 4000/12764]  eta: 0:52:22    time: 0.3573  data: 0.0100  max mem: 8437
Test:  [ 4050/12764]  eta: 0:52:04    time: 0.3581  data: 0.0106  max mem: 8437
Test:  [ 4100/12764]  eta: 0:51:46    time: 0.3588  data: 0.0113  max mem: 8437
Test:  [ 4150/12764]  eta: 0:51:28    time: 0.3575  data: 0.0102  max mem: 8437
Test:  [ 4200/12764]  eta: 0:51:10    time: 0.3588  data: 0.0111  max mem: 8437
Test:  [ 4250/12764]  eta: 0:50:52    time: 0.3581  data: 0.0105  max mem: 8437
Test:  [ 4300/12764]  eta: 0:50:34    time: 0.3579  data: 0.0105  max mem: 8437
Test:  [ 4350/12764]  eta: 0:50:16    time: 0.3575  data: 0.0103  max mem: 8437
Test:  [ 4400/12764]  eta: 0:49:58    time: 0.3572  data: 0.0099  max mem: 8437
Test:  [ 4450/12764]  eta: 0:49:40    time: 0.3574  data: 0.0101  max mem: 8437
Test:  [ 4500/12764]  eta: 0:49:22    time: 0.3585  data: 0.0108  max mem: 8437
Test:  [ 4550/12764]  eta: 0:49:04    time: 0.3579  data: 0.0104  max mem: 8437
Test:  [ 4600/12764]  eta: 0:48:46    time: 0.3580  data: 0.0104  max mem: 8437
Test:  [ 4650/12764]  eta: 0:48:28    time: 0.3580  data: 0.0106  max mem: 8437
Test:  [ 4700/12764]  eta: 0:48:10    time: 0.3578  data: 0.0104  max mem: 8437
Test:  [ 4750/12764]  eta: 0:47:53    time: 0.3587  data: 0.0111  max mem: 8437
Test:  [ 4800/12764]  eta: 0:47:35    time: 0.3574  data: 0.0101  max mem: 8437
Test:  [ 4850/12764]  eta: 0:47:16    time: 0.3570  data: 0.0098  max mem: 8437
Test:  [ 4900/12764]  eta: 0:46:58    time: 0.3575  data: 0.0101  max mem: 8437
Test:  [ 4950/12764]  eta: 0:46:40    time: 0.3579  data: 0.0105  max mem: 8437
Test:  [ 5000/12764]  eta: 0:46:23    time: 0.3585  data: 0.0108  max mem: 8437
Test:  [ 5050/12764]  eta: 0:46:05    time: 0.3590  data: 0.0115  max mem: 8437
Test:  [ 5100/12764]  eta: 0:45:47    time: 0.3580  data: 0.0106  max mem: 8437
Test:  [ 5150/12764]  eta: 0:45:29    time: 0.3590  data: 0.0114  max mem: 8437
Test:  [ 5200/12764]  eta: 0:45:11    time: 0.3580  data: 0.0106  max mem: 8437
Test:  [ 5250/12764]  eta: 0:44:53    time: 0.3582  data: 0.0107  max mem: 8437
Test:  [ 5300/12764]  eta: 0:44:35    time: 0.3575  data: 0.0102  max mem: 8437
Test:  [ 5350/12764]  eta: 0:44:17    time: 0.3583  data: 0.0105  max mem: 8437
Test:  [ 5400/12764]  eta: 0:43:59    time: 0.3585  data: 0.0108  max mem: 8437
Test:  [ 5450/12764]  eta: 0:43:41    time: 0.3585  data: 0.0110  max mem: 8437
Test:  [ 5500/12764]  eta: 0:43:23    time: 0.3576  data: 0.0102  max mem: 8437
Test:  [ 5550/12764]  eta: 0:43:05    time: 0.3575  data: 0.0101  max mem: 8437
Test:  [ 5600/12764]  eta: 0:42:47    time: 0.3587  data: 0.0111  max mem: 8437
Test:  [ 5650/12764]  eta: 0:42:29    time: 0.3575  data: 0.0102  max mem: 8437
Test:  [ 5700/12764]  eta: 0:42:12    time: 0.3590  data: 0.0111  max mem: 8437
Test:  [ 5750/12764]  eta: 0:41:54    time: 0.3573  data: 0.0100  max mem: 8437
Test:  [ 5800/12764]  eta: 0:41:36    time: 0.3577  data: 0.0104  max mem: 8437
Test:  [ 5850/12764]  eta: 0:41:18    time: 0.3586  data: 0.0113  max mem: 8437
Test:  [ 5900/12764]  eta: 0:41:00    time: 0.3584  data: 0.0107  max mem: 8437
Test:  [ 5950/12764]  eta: 0:40:42    time: 0.3586  data: 0.0111  max mem: 8437
Test:  [ 6000/12764]  eta: 0:40:24    time: 0.3573  data: 0.0101  max mem: 8437
Test:  [ 6050/12764]  eta: 0:40:06    time: 0.3582  data: 0.0107  max mem: 8437
Test:  [ 6100/12764]  eta: 0:39:48    time: 0.3579  data: 0.0105  max mem: 8437
Test:  [ 6150/12764]  eta: 0:39:30    time: 0.3573  data: 0.0100  max mem: 8437
Test:  [ 6200/12764]  eta: 0:39:12    time: 0.3587  data: 0.0110  max mem: 8437
Test:  [ 6250/12764]  eta: 0:38:54    time: 0.3576  data: 0.0104  max mem: 8437
Test:  [ 6300/12764]  eta: 0:38:36    time: 0.3578  data: 0.0104  max mem: 8437
Test:  [ 6350/12764]  eta: 0:38:18    time: 0.3582  data: 0.0108  max mem: 8437
Test:  [ 6400/12764]  eta: 0:38:00    time: 0.3571  data: 0.0099  max mem: 8437
Test:  [ 6450/12764]  eta: 0:37:42    time: 0.3585  data: 0.0109  max mem: 8437
Test:  [ 6500/12764]  eta: 0:37:24    time: 0.3588  data: 0.0113  max mem: 8437
Test:  [ 6550/12764]  eta: 0:37:06    time: 0.3583  data: 0.0107  max mem: 8437
Test:  [ 6600/12764]  eta: 0:36:49    time: 0.3584  data: 0.0109  max mem: 8437
Test:  [ 6650/12764]  eta: 0:36:31    time: 0.3599  data: 0.0120  max mem: 8437
Test:  [ 6700/12764]  eta: 0:36:13    time: 0.3585  data: 0.0109  max mem: 8437
Test:  [ 6750/12764]  eta: 0:35:55    time: 0.3582  data: 0.0108  max mem: 8437
Test:  [ 6800/12764]  eta: 0:35:37    time: 0.3609  data: 0.0125  max mem: 8437
Test:  [ 6850/12764]  eta: 0:35:19    time: 0.3589  data: 0.0111  max mem: 8437
Test:  [ 6900/12764]  eta: 0:35:01    time: 0.3570  data: 0.0098  max mem: 8437
Test:  [ 6950/12764]  eta: 0:34:43    time: 0.3579  data: 0.0105  max mem: 8437
Test:  [ 7000/12764]  eta: 0:34:25    time: 0.3577  data: 0.0104  max mem: 8437
Test:  [ 7050/12764]  eta: 0:34:07    time: 0.3582  data: 0.0107  max mem: 8437
Test:  [ 7100/12764]  eta: 0:33:49    time: 0.3582  data: 0.0108  max mem: 8437
Test:  [ 7150/12764]  eta: 0:33:31    time: 0.3576  data: 0.0103  max mem: 8437
Test:  [ 7200/12764]  eta: 0:33:13    time: 0.3579  data: 0.0105  max mem: 8437
Test:  [ 7250/12764]  eta: 0:32:56    time: 0.3584  data: 0.0111  max mem: 8437
Test:  [ 7300/12764]  eta: 0:32:38    time: 0.3581  data: 0.0108  max mem: 8437
Test:  [ 7350/12764]  eta: 0:32:20    time: 0.3579  data: 0.0105  max mem: 8437
Test:  [ 7400/12764]  eta: 0:32:02    time: 0.3591  data: 0.0114  max mem: 8437
Test:  [ 7450/12764]  eta: 0:31:44    time: 0.3575  data: 0.0102  max mem: 8437
Test:  [ 7500/12764]  eta: 0:31:26    time: 0.3592  data: 0.0114  max mem: 8437
Test:  [ 7550/12764]  eta: 0:31:08    time: 0.3604  data: 0.0123  max mem: 8437
Test:  [ 7600/12764]  eta: 0:30:50    time: 0.3586  data: 0.0110  max mem: 8437
Test:  [ 7650/12764]  eta: 0:30:32    time: 0.3590  data: 0.0113  max mem: 8437
Test:  [ 7700/12764]  eta: 0:30:14    time: 0.3584  data: 0.0110  max mem: 8437
Test:  [ 7750/12764]  eta: 0:29:56    time: 0.3574  data: 0.0102  max mem: 8437
Test:  [ 7800/12764]  eta: 0:29:38    time: 0.3576  data: 0.0103  max mem: 8437
Test:  [ 7850/12764]  eta: 0:29:21    time: 0.3580  data: 0.0106  max mem: 8437
Test:  [ 7900/12764]  eta: 0:29:03    time: 0.3584  data: 0.0109  max mem: 8437
Test:  [ 7950/12764]  eta: 0:28:45    time: 0.3582  data: 0.0106  max mem: 8437
Test:  [ 8000/12764]  eta: 0:28:27    time: 0.3591  data: 0.0115  max mem: 8437
Test:  [ 8050/12764]  eta: 0:28:09    time: 0.3573  data: 0.0102  max mem: 8437
Test:  [ 8100/12764]  eta: 0:27:51    time: 0.3575  data: 0.0102  max mem: 8437
Test:  [ 8150/12764]  eta: 0:27:33    time: 0.3588  data: 0.0112  max mem: 8437
Test:  [ 8200/12764]  eta: 0:27:15    time: 0.3582  data: 0.0109  max mem: 8437
Test:  [ 8250/12764]  eta: 0:26:57    time: 0.3588  data: 0.0113  max mem: 8437
Test:  [ 8300/12764]  eta: 0:26:39    time: 0.3585  data: 0.0110  max mem: 8437
Test:  [ 8350/12764]  eta: 0:26:21    time: 0.3595  data: 0.0115  max mem: 8437
Test:  [ 8400/12764]  eta: 0:26:03    time: 0.3587  data: 0.0109  max mem: 8437
Test:  [ 8450/12764]  eta: 0:25:46    time: 0.3584  data: 0.0108  max mem: 8437
Test:  [ 8500/12764]  eta: 0:25:28    time: 0.3588  data: 0.0113  max mem: 8437
Test:  [ 8550/12764]  eta: 0:25:10    time: 0.3566  data: 0.0096  max mem: 8437
Test:  [ 8600/12764]  eta: 0:24:52    time: 0.3602  data: 0.0121  max mem: 8437
Test:  [ 8650/12764]  eta: 0:24:34    time: 0.3595  data: 0.0119  max mem: 8437
Test:  [ 8700/12764]  eta: 0:24:16    time: 0.3587  data: 0.0111  max mem: 8437
Test:  [ 8750/12764]  eta: 0:23:58    time: 0.3584  data: 0.0108  max mem: 8437
Test:  [ 8800/12764]  eta: 0:23:40    time: 0.3573  data: 0.0101  max mem: 8437
Test:  [ 8850/12764]  eta: 0:23:22    time: 0.3583  data: 0.0108  max mem: 8437
Test:  [ 8900/12764]  eta: 0:23:04    time: 0.3592  data: 0.0115  max mem: 8437
Test:  [ 8950/12764]  eta: 0:22:46    time: 0.3589  data: 0.0113  max mem: 8437
Test:  [ 9000/12764]  eta: 0:22:28    time: 0.3584  data: 0.0108  max mem: 8437
Test:  [ 9050/12764]  eta: 0:22:11    time: 0.3594  data: 0.0117  max mem: 8437
Test:  [ 9100/12764]  eta: 0:21:53    time: 0.3603  data: 0.0124  max mem: 8437
Test:  [ 9150/12764]  eta: 0:21:35    time: 0.3592  data: 0.0115  max mem: 8437
Test:  [ 9200/12764]  eta: 0:21:17    time: 0.3587  data: 0.0114  max mem: 8437
Test:  [ 9250/12764]  eta: 0:20:59    time: 0.3581  data: 0.0108  max mem: 8437
Test:  [ 9300/12764]  eta: 0:20:41    time: 0.3592  data: 0.0114  max mem: 8437
Test:  [ 9350/12764]  eta: 0:20:23    time: 0.3586  data: 0.0111  max mem: 8437
Test:  [ 9400/12764]  eta: 0:20:05    time: 0.3569  data: 0.0099  max mem: 8437
Test:  [ 9450/12764]  eta: 0:19:47    time: 0.3583  data: 0.0109  max mem: 8437
Test:  [ 9500/12764]  eta: 0:19:29    time: 0.3566  data: 0.0097  max mem: 8437
Test:  [ 9550/12764]  eta: 0:19:11    time: 0.3576  data: 0.0103  max mem: 8437
Test:  [ 9600/12764]  eta: 0:18:53    time: 0.3579  data: 0.0107  max mem: 8437
Test:  [ 9650/12764]  eta: 0:18:35    time: 0.3577  data: 0.0103  max mem: 8437
Test:  [ 9700/12764]  eta: 0:18:18    time: 0.3582  data: 0.0106  max mem: 8437
Test:  [ 9750/12764]  eta: 0:18:00    time: 0.3573  data: 0.0102  max mem: 8437
Test:  [ 9800/12764]  eta: 0:17:42    time: 0.3586  data: 0.0111  max mem: 8437
Test:  [ 9850/12764]  eta: 0:17:24    time: 0.3586  data: 0.0110  max mem: 8437
Test:  [ 9900/12764]  eta: 0:17:06    time: 0.3591  data: 0.0111  max mem: 8437
Test:  [ 9950/12764]  eta: 0:16:48    time: 0.3575  data: 0.0103  max mem: 8437
Test:  [10000/12764]  eta: 0:16:30    time: 0.3574  data: 0.0101  max mem: 8437
Test:  [10050/12764]  eta: 0:16:12    time: 0.3581  data: 0.0107  max mem: 8437
Test:  [10100/12764]  eta: 0:15:54    time: 0.3575  data: 0.0105  max mem: 8437
Test:  [10150/12764]  eta: 0:15:36    time: 0.3571  data: 0.0100  max mem: 8437
Test:  [10200/12764]  eta: 0:15:18    time: 0.3585  data: 0.0108  max mem: 8437
Test:  [10250/12764]  eta: 0:15:00    time: 0.3573  data: 0.0101  max mem: 8437
Test:  [10300/12764]  eta: 0:14:43    time: 0.3581  data: 0.0107  max mem: 8437
Test:  [10350/12764]  eta: 0:14:25    time: 0.3571  data: 0.0099  max mem: 8437
Test:  [10400/12764]  eta: 0:14:07    time: 0.3567  data: 0.0097  max mem: 8437
Test:  [10450/12764]  eta: 0:13:49    time: 0.3574  data: 0.0101  max mem: 8437
Test:  [10500/12764]  eta: 0:13:31    time: 0.3575  data: 0.0103  max mem: 8437
Test:  [10550/12764]  eta: 0:13:13    time: 0.3588  data: 0.0111  max mem: 8437
Test:  [10600/12764]  eta: 0:12:55    time: 0.3571  data: 0.0100  max mem: 8437
Test:  [10650/12764]  eta: 0:12:37    time: 0.3576  data: 0.0103  max mem: 8437
Test:  [10700/12764]  eta: 0:12:19    time: 0.3577  data: 0.0103  max mem: 8437
Test:  [10750/12764]  eta: 0:12:01    time: 0.3578  data: 0.0104  max mem: 8437
Test:  [10800/12764]  eta: 0:11:43    time: 0.3579  data: 0.0106  max mem: 8437
Test:  [10850/12764]  eta: 0:11:25    time: 0.3578  data: 0.0104  max mem: 8437
Test:  [10900/12764]  eta: 0:11:07    time: 0.3581  data: 0.0107  max mem: 8437
Test:  [10950/12764]  eta: 0:10:50    time: 0.3577  data: 0.0104  max mem: 8437
Test:  [11000/12764]  eta: 0:10:32    time: 0.3579  data: 0.0106  max mem: 8437
Test:  [11050/12764]  eta: 0:10:14    time: 0.3576  data: 0.0103  max mem: 8437
Test:  [11100/12764]  eta: 0:09:56    time: 0.3574  data: 0.0103  max mem: 8437
Test:  [11150/12764]  eta: 0:09:38    time: 0.3575  data: 0.0103  max mem: 8437
Test:  [11200/12764]  eta: 0:09:20    time: 0.3569  data: 0.0099  max mem: 8437
Test:  [11250/12764]  eta: 0:09:02    time: 0.3582  data: 0.0106  max mem: 8437
Test:  [11300/12764]  eta: 0:08:44    time: 0.3584  data: 0.0109  max mem: 8437
Test:  [11350/12764]  eta: 0:08:26    time: 0.3565  data: 0.0095  max mem: 8437
Test:  [11400/12764]  eta: 0:08:08    time: 0.3587  data: 0.0113  max mem: 8437
Test:  [11450/12764]  eta: 0:07:50    time: 0.3586  data: 0.0109  max mem: 8437
Test:  [11500/12764]  eta: 0:07:32    time: 0.3570  data: 0.0099  max mem: 8437
Test:  [11550/12764]  eta: 0:07:14    time: 0.3574  data: 0.0103  max mem: 8437
Test:  [11600/12764]  eta: 0:06:57    time: 0.3577  data: 0.0105  max mem: 8437
Test:  [11650/12764]  eta: 0:06:39    time: 0.3569  data: 0.0099  max mem: 8437
Test:  [11700/12764]  eta: 0:06:21    time: 0.3569  data: 0.0099  max mem: 8437
Test:  [11750/12764]  eta: 0:06:03    time: 0.3566  data: 0.0096  max mem: 8437
Test:  [11800/12764]  eta: 0:05:45    time: 0.3569  data: 0.0099  max mem: 8437
Test:  [11850/12764]  eta: 0:05:27    time: 0.3591  data: 0.0113  max mem: 8437
Test:  [11900/12764]  eta: 0:05:09    time: 0.3579  data: 0.0106  max mem: 8437
Test:  [11950/12764]  eta: 0:04:51    time: 0.3576  data: 0.0103  max mem: 8437
Test:  [12000/12764]  eta: 0:04:33    time: 0.3574  data: 0.0100  max mem: 8437
Test:  [12050/12764]  eta: 0:04:15    time: 0.3578  data: 0.0106  max mem: 8437
Test:  [12100/12764]  eta: 0:03:57    time: 0.3568  data: 0.0096  max mem: 8437
Test:  [12150/12764]  eta: 0:03:39    time: 0.3568  data: 0.0097  max mem: 8437
Test:  [12200/12764]  eta: 0:03:22    time: 0.3571  data: 0.0100  max mem: 8437
Test:  [12250/12764]  eta: 0:03:04    time: 0.3572  data: 0.0102  max mem: 8437
Test:  [12300/12764]  eta: 0:02:46    time: 0.3587  data: 0.0110  max mem: 8437
Test:  [12350/12764]  eta: 0:02:28    time: 0.3576  data: 0.0103  max mem: 8437
Test:  [12400/12764]  eta: 0:02:10    time: 0.3572  data: 0.0100  max mem: 8437
Test:  [12450/12764]  eta: 0:01:52    time: 0.3576  data: 0.0103  max mem: 8437
Test:  [12500/12764]  eta: 0:01:34    time: 0.3574  data: 0.0103  max mem: 8437
Test:  [12550/12764]  eta: 0:01:16    time: 0.3570  data: 0.0099  max mem: 8437
Test:  [12600/12764]  eta: 0:00:58    time: 0.3572  data: 0.0099  max mem: 8437
Test:  [12650/12764]  eta: 0:00:40    time: 0.3575  data: 0.0107  max mem: 8437
Test:  [12700/12764]  eta: 0:00:22    time: 0.3580  data: 0.0110  max mem: 8437
Test:  [12750/12764]  eta: 0:00:05    time: 0.3600  data: 0.0120  max mem: 8437
Test:  [12763/12764]  eta: 0:00:00    time: 0.3591  data: 0.0114  max mem: 8437
Test: Total time: 1:16:12 (0.3582 s / it)
(crn) acc: 92.35; ap: 92.39; racc: 84.69; facc: 100.00;
/home/yabin/ctta4aid_assets/external/IAPL/models/dct.py:353: FutureWarning: `torch.cuda.amp.autocast(args...)` is deprecated. Please use `torch.amp.autocast('cuda', args...)` instead.
  with torch.cuda.amp.autocast(enabled=False):
Test:  [   0/2000]  eta: 0:11:55    time: 0.3578  data: 0.0092  max mem: 8437
Test:  [  50/2000]  eta: 0:11:41    time: 0.3589  data: 0.0115  max mem: 8437
Test:  [ 100/2000]  eta: 0:11:24    time: 0.3606  data: 0.0124  max mem: 8437
Test:  [ 150/2000]  eta: 0:11:06    time: 0.3595  data: 0.0118  max mem: 8437
Test:  [ 200/2000]  eta: 0:10:48    time: 0.3600  data: 0.0120  max mem: 8437
Test:  [ 250/2000]  eta: 0:10:30    time: 0.3611  data: 0.0127  max mem: 8437
Test:  [ 300/2000]  eta: 0:10:12    time: 0.3607  data: 0.0126  max mem: 8437
Test:  [ 350/2000]  eta: 0:09:54    time: 0.3592  data: 0.0114  max mem: 8437
Test:  [ 400/2000]  eta: 0:09:36    time: 0.3589  data: 0.0112  max mem: 8437
Test:  [ 450/2000]  eta: 0:09:18    time: 0.3606  data: 0.0125  max mem: 8437
Test:  [ 500/2000]  eta: 0:09:00    time: 0.3594  data: 0.0117  max mem: 8437
Test:  [ 550/2000]  eta: 0:08:42    time: 0.3617  data: 0.0134  max mem: 8437
Test:  [ 600/2000]  eta: 0:08:24    time: 0.3613  data: 0.0130  max mem: 8437
Test:  [ 650/2000]  eta: 0:08:06    time: 0.3611  data: 0.0133  max mem: 8437
Test:  [ 700/2000]  eta: 0:07:48    time: 0.3598  data: 0.0118  max mem: 8437
Test:  [ 750/2000]  eta: 0:07:30    time: 0.3605  data: 0.0126  max mem: 8437
Test:  [ 800/2000]  eta: 0:07:12    time: 0.3598  data: 0.0119  max mem: 8437
Test:  [ 850/2000]  eta: 0:06:54    time: 0.3592  data: 0.0115  max mem: 8437
Test:  [ 900/2000]  eta: 0:06:36    time: 0.3590  data: 0.0114  max mem: 8437
Test:  [ 950/2000]  eta: 0:06:18    time: 0.3609  data: 0.0130  max mem: 8437
Test:  [1000/2000]  eta: 0:06:00    time: 0.3596  data: 0.0117  max mem: 8437
Test:  [1050/2000]  eta: 0:05:42    time: 0.3589  data: 0.0112  max mem: 8437
Test:  [1100/2000]  eta: 0:05:24    time: 0.3584  data: 0.0110  max mem: 8437
Test:  [1150/2000]  eta: 0:05:06    time: 0.3603  data: 0.0121  max mem: 8437
Test:  [1200/2000]  eta: 0:04:48    time: 0.3581  data: 0.0106  max mem: 8437
Test:  [1250/2000]  eta: 0:04:29    time: 0.3593  data: 0.0116  max mem: 8437
Test:  [1300/2000]  eta: 0:04:11    time: 0.3593  data: 0.0115  max mem: 8437
Test:  [1350/2000]  eta: 0:03:53    time: 0.3587  data: 0.0110  max mem: 8437
Test:  [1400/2000]  eta: 0:03:35    time: 0.3593  data: 0.0114  max mem: 8437
Test:  [1450/2000]  eta: 0:03:17    time: 0.3586  data: 0.0109  max mem: 8437
Test:  [1500/2000]  eta: 0:02:59    time: 0.3579  data: 0.0105  max mem: 8437
Test:  [1550/2000]  eta: 0:02:41    time: 0.3588  data: 0.0111  max mem: 8437
Test:  [1600/2000]  eta: 0:02:23    time: 0.3586  data: 0.0109  max mem: 8437
Test:  [1650/2000]  eta: 0:02:05    time: 0.3585  data: 0.0108  max mem: 8437
Test:  [1700/2000]  eta: 0:01:47    time: 0.3601  data: 0.0118  max mem: 8437
Test:  [1750/2000]  eta: 0:01:29    time: 0.3593  data: 0.0115  max mem: 8437
Test:  [1800/2000]  eta: 0:01:11    time: 0.3573  data: 0.0099  max mem: 8437
Test:  [1850/2000]  eta: 0:00:53    time: 0.3597  data: 0.0118  max mem: 8437
Test:  [1900/2000]  eta: 0:00:35    time: 0.3590  data: 0.0114  max mem: 8437
Test:  [1950/2000]  eta: 0:00:17    time: 0.3591  data: 0.0114  max mem: 8437
Test:  [1999/2000]  eta: 0:00:00    time: 0.3591  data: 0.0112  max mem: 8437
Test: Total time: 0:11:59 (0.3595 s / it)
(guided) acc: 72.35; ap: 95.36; racc: 98.70; facc: 46.00;
/home/yabin/ctta4aid_assets/external/IAPL/models/dct.py:353: FutureWarning: `torch.cuda.amp.autocast(args...)` is deprecated. Please use `torch.amp.autocast('cuda', args...)` instead.
  with torch.cuda.amp.autocast(enabled=False):
Test:  [    0/12764]  eta: 1:16:05    time: 0.3577  data: 0.0098  max mem: 8437
Test:  [   50/12764]  eta: 1:16:36    time: 0.3619  data: 0.0134  max mem: 8437
Test:  [  100/12764]  eta: 1:16:17    time: 0.3619  data: 0.0134  max mem: 8437
Test:  [  150/12764]  eta: 1:15:59    time: 0.3618  data: 0.0134  max mem: 8437
Test:  [  200/12764]  eta: 1:15:40    time: 0.3613  data: 0.0131  max mem: 8437
Test:  [  250/12764]  eta: 1:15:23    time: 0.3624  data: 0.0138  max mem: 8437
Test:  [  300/12764]  eta: 1:15:05    time: 0.3624  data: 0.0138  max mem: 8437
Test:  [  350/12764]  eta: 1:14:47    time: 0.3608  data: 0.0128  max mem: 8437
Test:  [  400/12764]  eta: 1:14:29    time: 0.3618  data: 0.0134  max mem: 8437
Test:  [  450/12764]  eta: 1:14:12    time: 0.3626  data: 0.0141  max mem: 8437
Test:  [  500/12764]  eta: 1:13:53    time: 0.3614  data: 0.0131  max mem: 8437
Test:  [  550/12764]  eta: 1:13:35    time: 0.3615  data: 0.0131  max mem: 8437
Test:  [  600/12764]  eta: 1:13:17    time: 0.3613  data: 0.0129  max mem: 8437
Test:  [  650/12764]  eta: 1:12:59    time: 0.3614  data: 0.0131  max mem: 8437
Test:  [  700/12764]  eta: 1:12:41    time: 0.3607  data: 0.0126  max mem: 8437
Test:  [  750/12764]  eta: 1:12:23    time: 0.3615  data: 0.0131  max mem: 8437
Test:  [  800/12764]  eta: 1:12:05    time: 0.3623  data: 0.0136  max mem: 8437
Test:  [  850/12764]  eta: 1:11:46    time: 0.3605  data: 0.0125  max mem: 8437
Test:  [  900/12764]  eta: 1:11:28    time: 0.3616  data: 0.0132  max mem: 8437
Test:  [  950/12764]  eta: 1:11:10    time: 0.3614  data: 0.0131  max mem: 8437
Test:  [ 1000/12764]  eta: 1:10:52    time: 0.3615  data: 0.0130  max mem: 8437
Test:  [ 1050/12764]  eta: 1:10:34    time: 0.3612  data: 0.0128  max mem: 8437
Test:  [ 1100/12764]  eta: 1:10:16    time: 0.3611  data: 0.0131  max mem: 8437
Test:  [ 1150/12764]  eta: 1:09:57    time: 0.3614  data: 0.0131  max mem: 8437
Test:  [ 1200/12764]  eta: 1:09:40    time: 0.3614  data: 0.0131  max mem: 8437
Test:  [ 1250/12764]  eta: 1:09:22    time: 0.3613  data: 0.0130  max mem: 8437
Test:  [ 1300/12764]  eta: 1:09:04    time: 0.3614  data: 0.0131  max mem: 8437
Test:  [ 1350/12764]  eta: 1:08:45    time: 0.3610  data: 0.0127  max mem: 8437
Test:  [ 1400/12764]  eta: 1:08:27    time: 0.3609  data: 0.0127  max mem: 8437
Test:  [ 1450/12764]  eta: 1:08:09    time: 0.3611  data: 0.0130  max mem: 8437
Test:  [ 1500/12764]  eta: 1:07:51    time: 0.3626  data: 0.0138  max mem: 8437
Test:  [ 1550/12764]  eta: 1:07:33    time: 0.3616  data: 0.0131  max mem: 8437
Test:  [ 1600/12764]  eta: 1:07:15    time: 0.3612  data: 0.0129  max mem: 8437
Test:  [ 1650/12764]  eta: 1:06:57    time: 0.3618  data: 0.0134  max mem: 8437
Test:  [ 1700/12764]  eta: 1:06:39    time: 0.3620  data: 0.0134  max mem: 8437
Test:  [ 1750/12764]  eta: 1:06:21    time: 0.3614  data: 0.0131  max mem: 8437
Test:  [ 1800/12764]  eta: 1:06:03    time: 0.3615  data: 0.0131  max mem: 8437
Test:  [ 1850/12764]  eta: 1:05:45    time: 0.3611  data: 0.0127  max mem: 8437
Test:  [ 1900/12764]  eta: 1:05:27    time: 0.3615  data: 0.0130  max mem: 8437
Test:  [ 1950/12764]  eta: 1:05:08    time: 0.3613  data: 0.0133  max mem: 8437
Test:  [ 2000/12764]  eta: 1:04:51    time: 0.3623  data: 0.0138  max mem: 8437
Test:  [ 2050/12764]  eta: 1:04:33    time: 0.3616  data: 0.0131  max mem: 8437
Test:  [ 2100/12764]  eta: 1:04:15    time: 0.3615  data: 0.0132  max mem: 8437
Test:  [ 2150/12764]  eta: 1:03:57    time: 0.3615  data: 0.0132  max mem: 8437
Test:  [ 2200/12764]  eta: 1:03:38    time: 0.3610  data: 0.0127  max mem: 8437
Test:  [ 2250/12764]  eta: 1:03:20    time: 0.3616  data: 0.0131  max mem: 8437
Test:  [ 2300/12764]  eta: 1:03:02    time: 0.3605  data: 0.0125  max mem: 8437
Test:  [ 2350/12764]  eta: 1:02:44    time: 0.3612  data: 0.0128  max mem: 8437
Test:  [ 2400/12764]  eta: 1:02:26    time: 0.3614  data: 0.0131  max mem: 8437
Test:  [ 2450/12764]  eta: 1:02:08    time: 0.3609  data: 0.0128  max mem: 8437
Test:  [ 2500/12764]  eta: 1:01:50    time: 0.3615  data: 0.0131  max mem: 8437
Test:  [ 2550/12764]  eta: 1:01:31    time: 0.3611  data: 0.0128  max mem: 8437
Test:  [ 2600/12764]  eta: 1:01:13    time: 0.3613  data: 0.0130  max mem: 8437
Test:  [ 2650/12764]  eta: 1:00:55    time: 0.3615  data: 0.0130  max mem: 8437
Test:  [ 2700/12764]  eta: 1:00:37    time: 0.3613  data: 0.0131  max mem: 8437
Test:  [ 2750/12764]  eta: 1:00:19    time: 0.3613  data: 0.0128  max mem: 8437
Test:  [ 2800/12764]  eta: 1:00:01    time: 0.3614  data: 0.0131  max mem: 8437
Test:  [ 2850/12764]  eta: 0:59:43    time: 0.3614  data: 0.0131  max mem: 8437
Test:  [ 2900/12764]  eta: 0:59:25    time: 0.3614  data: 0.0131  max mem: 8437
Test:  [ 2950/12764]  eta: 0:59:07    time: 0.3615  data: 0.0130  max mem: 8437
Test:  [ 3000/12764]  eta: 0:58:49    time: 0.3621  data: 0.0134  max mem: 8437
Test:  [ 3050/12764]  eta: 0:58:30    time: 0.3606  data: 0.0125  max mem: 8437
Test:  [ 3100/12764]  eta: 0:58:12    time: 0.3609  data: 0.0128  max mem: 8437
Test:  [ 3150/12764]  eta: 0:57:54    time: 0.3616  data: 0.0131  max mem: 8437
Test:  [ 3200/12764]  eta: 0:57:36    time: 0.3611  data: 0.0127  max mem: 8437
Test:  [ 3250/12764]  eta: 0:57:18    time: 0.3605  data: 0.0124  max mem: 8437
Test:  [ 3300/12764]  eta: 0:57:00    time: 0.3622  data: 0.0134  max mem: 8437
Test:  [ 3350/12764]  eta: 0:56:42    time: 0.3616  data: 0.0134  max mem: 8437
Test:  [ 3400/12764]  eta: 0:56:24    time: 0.3610  data: 0.0127  max mem: 8437
Test:  [ 3450/12764]  eta: 0:56:06    time: 0.3610  data: 0.0127  max mem: 8437
Test:  [ 3500/12764]  eta: 0:55:48    time: 0.3610  data: 0.0127  max mem: 8437
Test:  [ 3550/12764]  eta: 0:55:30    time: 0.3613  data: 0.0128  max mem: 8437
Test:  [ 3600/12764]  eta: 0:55:11    time: 0.3616  data: 0.0131  max mem: 8437
Test:  [ 3650/12764]  eta: 0:54:53    time: 0.3622  data: 0.0136  max mem: 8437
Test:  [ 3700/12764]  eta: 0:54:35    time: 0.3615  data: 0.0133  max mem: 8437
Test:  [ 3750/12764]  eta: 0:54:17    time: 0.3607  data: 0.0126  max mem: 8437
Test:  [ 3800/12764]  eta: 0:53:59    time: 0.3618  data: 0.0132  max mem: 8437
Test:  [ 3850/12764]  eta: 0:53:41    time: 0.3610  data: 0.0128  max mem: 8437
Test:  [ 3900/12764]  eta: 0:53:23    time: 0.3608  data: 0.0127  max mem: 8437
Test:  [ 3950/12764]  eta: 0:53:05    time: 0.3618  data: 0.0134  max mem: 8437
Test:  [ 4000/12764]  eta: 0:52:47    time: 0.3615  data: 0.0131  max mem: 8437
Test:  [ 4050/12764]  eta: 0:52:29    time: 0.3615  data: 0.0131  max mem: 8437
Test:  [ 4100/12764]  eta: 0:52:11    time: 0.3616  data: 0.0133  max mem: 8437
Test:  [ 4150/12764]  eta: 0:51:53    time: 0.3611  data: 0.0128  max mem: 8437
Test:  [ 4200/12764]  eta: 0:51:35    time: 0.3614  data: 0.0131  max mem: 8437
Test:  [ 4250/12764]  eta: 0:51:17    time: 0.3611  data: 0.0128  max mem: 8437
Test:  [ 4300/12764]  eta: 0:50:59    time: 0.3615  data: 0.0131  max mem: 8437
Test:  [ 4350/12764]  eta: 0:50:40    time: 0.3615  data: 0.0130  max mem: 8437
Test:  [ 4400/12764]  eta: 0:50:22    time: 0.3619  data: 0.0134  max mem: 8437
Test:  [ 4450/12764]  eta: 0:50:04    time: 0.3612  data: 0.0128  max mem: 8437
Test:  [ 4500/12764]  eta: 0:49:46    time: 0.3609  data: 0.0127  max mem: 8437
Test:  [ 4550/12764]  eta: 0:49:28    time: 0.3613  data: 0.0130  max mem: 8437
Test:  [ 4600/12764]  eta: 0:49:10    time: 0.3614  data: 0.0131  max mem: 8437
Test:  [ 4650/12764]  eta: 0:48:52    time: 0.3617  data: 0.0132  max mem: 8437
Test:  [ 4700/12764]  eta: 0:48:34    time: 0.3613  data: 0.0128  max mem: 8437
Test:  [ 4750/12764]  eta: 0:48:16    time: 0.3613  data: 0.0128  max mem: 8437
Test:  [ 4800/12764]  eta: 0:47:58    time: 0.3617  data: 0.0131  max mem: 8437
Test:  [ 4850/12764]  eta: 0:47:40    time: 0.3614  data: 0.0131  max mem: 8437
Test:  [ 4900/12764]  eta: 0:47:22    time: 0.3615  data: 0.0130  max mem: 8437
Test:  [ 4950/12764]  eta: 0:47:04    time: 0.3609  data: 0.0127  max mem: 8437
Test:  [ 5000/12764]  eta: 0:46:46    time: 0.3617  data: 0.0132  max mem: 8437
Test:  [ 5050/12764]  eta: 0:46:28    time: 0.3616  data: 0.0131  max mem: 8437
Test:  [ 5100/12764]  eta: 0:46:09    time: 0.3612  data: 0.0128  max mem: 8437
Test:  [ 5150/12764]  eta: 0:45:51    time: 0.3608  data: 0.0127  max mem: 8437
Test:  [ 5200/12764]  eta: 0:45:33    time: 0.3656  data: 0.0175  max mem: 8437
Test:  [ 5250/12764]  eta: 0:45:15    time: 0.3612  data: 0.0133  max mem: 8437
Test:  [ 5300/12764]  eta: 0:44:57    time: 0.3607  data: 0.0126  max mem: 8437
Test:  [ 5350/12764]  eta: 0:44:39    time: 0.3621  data: 0.0141  max mem: 8437
Test:  [ 5400/12764]  eta: 0:44:21    time: 0.3607  data: 0.0125  max mem: 8437
Test:  [ 5450/12764]  eta: 0:44:03    time: 0.3618  data: 0.0133  max mem: 8437
Test:  [ 5500/12764]  eta: 0:43:45    time: 0.3617  data: 0.0134  max mem: 8437
Test:  [ 5550/12764]  eta: 0:43:27    time: 0.3600  data: 0.0121  max mem: 8437
Test:  [ 5600/12764]  eta: 0:43:09    time: 0.3620  data: 0.0134  max mem: 8437
Test:  [ 5650/12764]  eta: 0:42:51    time: 0.3634  data: 0.0150  max mem: 8437
Test:  [ 5700/12764]  eta: 0:42:33    time: 0.3668  data: 0.0181  max mem: 8437
Test:  [ 5750/12764]  eta: 0:42:15    time: 0.3638  data: 0.0155  max mem: 8437
Test:  [ 5800/12764]  eta: 0:41:57    time: 0.3617  data: 0.0133  max mem: 8437
Test:  [ 5850/12764]  eta: 0:41:39    time: 0.3636  data: 0.0150  max mem: 8437
Test:  [ 5900/12764]  eta: 0:41:21    time: 0.3617  data: 0.0134  max mem: 8437
Test:  [ 5950/12764]  eta: 0:41:03    time: 0.3620  data: 0.0137  max mem: 8437
Test:  [ 6000/12764]  eta: 0:40:45    time: 0.3666  data: 0.0187  max mem: 8437
Test:  [ 6050/12764]  eta: 0:40:27    time: 0.3607  data: 0.0130  max mem: 8437
Test:  [ 6100/12764]  eta: 0:40:09    time: 0.3606  data: 0.0128  max mem: 8437
Test:  [ 6150/12764]  eta: 0:39:51    time: 0.3601  data: 0.0125  max mem: 8437
Test:  [ 6200/12764]  eta: 0:39:33    time: 0.3605  data: 0.0127  max mem: 8437
Test:  [ 6250/12764]  eta: 0:39:15    time: 0.3612  data: 0.0131  max mem: 8437
Test:  [ 6300/12764]  eta: 0:38:57    time: 0.3611  data: 0.0131  max mem: 8437
Test:  [ 6350/12764]  eta: 0:38:39    time: 0.3650  data: 0.0158  max mem: 8437
Test:  [ 6400/12764]  eta: 0:38:21    time: 0.3646  data: 0.0158  max mem: 8437
Test:  [ 6450/12764]  eta: 0:38:03    time: 0.3647  data: 0.0160  max mem: 8437
Test:  [ 6500/12764]  eta: 0:37:45    time: 0.3649  data: 0.0159  max mem: 8437
Test:  [ 6550/12764]  eta: 0:37:27    time: 0.3653  data: 0.0162  max mem: 8437
Test:  [ 6600/12764]  eta: 0:37:09    time: 0.3644  data: 0.0155  max mem: 8437
Test:  [ 6650/12764]  eta: 0:36:51    time: 0.3637  data: 0.0153  max mem: 8437
Test:  [ 6700/12764]  eta: 0:36:33    time: 0.3642  data: 0.0156  max mem: 8437
Test:  [ 6750/12764]  eta: 0:36:15    time: 0.3645  data: 0.0159  max mem: 8437
Test:  [ 6800/12764]  eta: 0:35:57    time: 0.3641  data: 0.0156  max mem: 8437
Test:  [ 6850/12764]  eta: 0:35:39    time: 0.3643  data: 0.0155  max mem: 8437
Test:  [ 6900/12764]  eta: 0:35:21    time: 0.3643  data: 0.0155  max mem: 8437
Test:  [ 6950/12764]  eta: 0:35:03    time: 0.3653  data: 0.0162  max mem: 8437
Test:  [ 7000/12764]  eta: 0:34:45    time: 0.3646  data: 0.0157  max mem: 8437
Test:  [ 7050/12764]  eta: 0:34:27    time: 0.3655  data: 0.0167  max mem: 8437
Test:  [ 7100/12764]  eta: 0:34:09    time: 0.3641  data: 0.0154  max mem: 8437
Test:  [ 7150/12764]  eta: 0:33:51    time: 0.3644  data: 0.0157  max mem: 8437
Test:  [ 7200/12764]  eta: 0:33:33    time: 0.3650  data: 0.0160  max mem: 8437
Test:  [ 7250/12764]  eta: 0:33:15    time: 0.3652  data: 0.0162  max mem: 8437
Test:  [ 7300/12764]  eta: 0:32:57    time: 0.3649  data: 0.0159  max mem: 8437
Test:  [ 7350/12764]  eta: 0:32:39    time: 0.3642  data: 0.0155  max mem: 8437
Test:  [ 7400/12764]  eta: 0:32:21    time: 0.3645  data: 0.0157  max mem: 8437
Test:  [ 7450/12764]  eta: 0:32:03    time: 0.3643  data: 0.0156  max mem: 8437
Test:  [ 7500/12764]  eta: 0:31:45    time: 0.3649  data: 0.0161  max mem: 8437
Test:  [ 7550/12764]  eta: 0:31:27    time: 0.3712  data: 0.0218  max mem: 8437
Test:  [ 7600/12764]  eta: 0:31:09    time: 0.3654  data: 0.0161  max mem: 8437
Test:  [ 7650/12764]  eta: 0:30:51    time: 0.3644  data: 0.0155  max mem: 8437
Test:  [ 7700/12764]  eta: 0:30:33    time: 0.3652  data: 0.0160  max mem: 8437
Test:  [ 7750/12764]  eta: 0:30:15    time: 0.3647  data: 0.0157  max mem: 8437
Test:  [ 7800/12764]  eta: 0:29:57    time: 0.3658  data: 0.0163  max mem: 8437
Test:  [ 7850/12764]  eta: 0:29:39    time: 0.3655  data: 0.0161  max mem: 8437
Test:  [ 7900/12764]  eta: 0:29:21    time: 0.3648  data: 0.0157  max mem: 8437
Test:  [ 7950/12764]  eta: 0:29:03    time: 0.3649  data: 0.0157  max mem: 8437
Test:  [ 8000/12764]  eta: 0:28:45    time: 0.3658  data: 0.0163  max mem: 8437
Test:  [ 8050/12764]  eta: 0:28:27    time: 0.3653  data: 0.0159  max mem: 8437
Test:  [ 8100/12764]  eta: 0:28:09    time: 0.3654  data: 0.0160  max mem: 8437
Test:  [ 8150/12764]  eta: 0:27:51    time: 0.3644  data: 0.0154  max mem: 8437
Test:  [ 8200/12764]  eta: 0:27:33    time: 0.3660  data: 0.0163  max mem: 8437
Test:  [ 8250/12764]  eta: 0:27:15    time: 0.3643  data: 0.0156  max mem: 8437
Test:  [ 8300/12764]  eta: 0:26:57    time: 0.3653  data: 0.0160  max mem: 8437
Test:  [ 8350/12764]  eta: 0:26:39    time: 0.3646  data: 0.0157  max mem: 8437
Test:  [ 8400/12764]  eta: 0:26:21    time: 0.3654  data: 0.0160  max mem: 8437
Test:  [ 8450/12764]  eta: 0:26:03    time: 0.3643  data: 0.0151  max mem: 8437
Test:  [ 8500/12764]  eta: 0:25:45    time: 0.3663  data: 0.0168  max mem: 8437
Test:  [ 8550/12764]  eta: 0:25:27    time: 0.3693  data: 0.0197  max mem: 8437
Test:  [ 8600/12764]  eta: 0:25:09    time: 0.3667  data: 0.0171  max mem: 8437
Test:  [ 8650/12764]  eta: 0:24:51    time: 0.3737  data: 0.0243  max mem: 8437
Test:  [ 8700/12764]  eta: 0:24:33    time: 0.3688  data: 0.0194  max mem: 8437
Test:  [ 8750/12764]  eta: 0:24:15    time: 0.3648  data: 0.0158  max mem: 8437
Test:  [ 8800/12764]  eta: 0:23:57    time: 0.3747  data: 0.0251  max mem: 8437
Test:  [ 8850/12764]  eta: 0:23:39    time: 0.3766  data: 0.0275  max mem: 8437
Test:  [ 8900/12764]  eta: 0:23:21    time: 0.3750  data: 0.0257  max mem: 8437
Test:  [ 8950/12764]  eta: 0:23:03    time: 0.3653  data: 0.0165  max mem: 8437
Test:  [ 9000/12764]  eta: 0:22:45    time: 0.3650  data: 0.0160  max mem: 8437
Test:  [ 9050/12764]  eta: 0:22:27    time: 0.3645  data: 0.0157  max mem: 8437
Test:  [ 9100/12764]  eta: 0:22:09    time: 0.3648  data: 0.0160  max mem: 8437
Test:  [ 9150/12764]  eta: 0:21:51    time: 0.3646  data: 0.0157  max mem: 8437
Test:  [ 9200/12764]  eta: 0:21:33    time: 0.3643  data: 0.0156  max mem: 8437
Test:  [ 9250/12764]  eta: 0:21:15    time: 0.3648  data: 0.0160  max mem: 8437
Test:  [ 9300/12764]  eta: 0:20:57    time: 0.3647  data: 0.0159  max mem: 8437
Test:  [ 9350/12764]  eta: 0:20:39    time: 0.3644  data: 0.0157  max mem: 8437
Test:  [ 9400/12764]  eta: 0:20:20    time: 0.3653  data: 0.0163  max mem: 8437
Test:  [ 9450/12764]  eta: 0:20:02    time: 0.3648  data: 0.0160  max mem: 8437
Test:  [ 9500/12764]  eta: 0:19:44    time: 0.3648  data: 0.0160  max mem: 8437
Test:  [ 9550/12764]  eta: 0:19:26    time: 0.3646  data: 0.0160  max mem: 8437
Test:  [ 9600/12764]  eta: 0:19:08    time: 0.3647  data: 0.0159  max mem: 8437
Test:  [ 9650/12764]  eta: 0:18:50    time: 0.3650  data: 0.0160  max mem: 8437
Test:  [ 9700/12764]  eta: 0:18:32    time: 0.3650  data: 0.0160  max mem: 8437
Test:  [ 9750/12764]  eta: 0:18:14    time: 0.3654  data: 0.0163  max mem: 8437
Test:  [ 9800/12764]  eta: 0:17:56    time: 0.3640  data: 0.0154  max mem: 8437
Test:  [ 9850/12764]  eta: 0:17:37    time: 0.3642  data: 0.0157  max mem: 8437
Test:  [ 9900/12764]  eta: 0:17:19    time: 0.3645  data: 0.0157  max mem: 8437
Test:  [ 9950/12764]  eta: 0:17:01    time: 0.3649  data: 0.0160  max mem: 8437
Test:  [10000/12764]  eta: 0:16:43    time: 0.3652  data: 0.0163  max mem: 8437
Test:  [10050/12764]  eta: 0:16:25    time: 0.3649  data: 0.0159  max mem: 8437
Test:  [10100/12764]  eta: 0:16:07    time: 0.3650  data: 0.0160  max mem: 8437
Test:  [10150/12764]  eta: 0:15:49    time: 0.3651  data: 0.0163  max mem: 8437
Test:  [10200/12764]  eta: 0:15:30    time: 0.3653  data: 0.0163  max mem: 8437
Test:  [10250/12764]  eta: 0:15:12    time: 0.3655  data: 0.0163  max mem: 8437
Test:  [10300/12764]  eta: 0:14:54    time: 0.3648  data: 0.0160  max mem: 8437
Test:  [10350/12764]  eta: 0:14:36    time: 0.3642  data: 0.0156  max mem: 8437
Test:  [10400/12764]  eta: 0:14:18    time: 0.3658  data: 0.0166  max mem: 8437
Test:  [10450/12764]  eta: 0:14:00    time: 0.3642  data: 0.0155  max mem: 8437
Test:  [10500/12764]  eta: 0:13:42    time: 0.3651  data: 0.0162  max mem: 8437
Test:  [10550/12764]  eta: 0:13:24    time: 0.3645  data: 0.0157  max mem: 8437
Test:  [10600/12764]  eta: 0:13:05    time: 0.3645  data: 0.0158  max mem: 8437
Test:  [10650/12764]  eta: 0:12:47    time: 0.3650  data: 0.0160  max mem: 8437
Test:  [10700/12764]  eta: 0:12:29    time: 0.3613  data: 0.0134  max mem: 8437
Test:  [10750/12764]  eta: 0:12:11    time: 0.3577  data: 0.0107  max mem: 8437
Test:  [10800/12764]  eta: 0:11:53    time: 0.3579  data: 0.0108  max mem: 8437
Test:  [10850/12764]  eta: 0:11:35    time: 0.3573  data: 0.0104  max mem: 8437
Test:  [10900/12764]  eta: 0:11:16    time: 0.3765  data: 0.0276  max mem: 8437
Test:  [10950/12764]  eta: 0:10:58    time: 0.3653  data: 0.0163  max mem: 8437
Test:  [11000/12764]  eta: 0:10:40    time: 0.3670  data: 0.0177  max mem: 8437
Test:  [11050/12764]  eta: 0:10:22    time: 0.3709  data: 0.0219  max mem: 8437
Test:  [11100/12764]  eta: 0:10:04    time: 0.3666  data: 0.0172  max mem: 8437
Test:  [11150/12764]  eta: 0:09:46    time: 0.3661  data: 0.0167  max mem: 8437
Test:  [11200/12764]  eta: 0:09:28    time: 0.3579  data: 0.0103  max mem: 8437
Test:  [11250/12764]  eta: 0:09:09    time: 0.3571  data: 0.0097  max mem: 8437
Test:  [11300/12764]  eta: 0:08:51    time: 0.3562  data: 0.0093  max mem: 8437
Test:  [11350/12764]  eta: 0:08:33    time: 0.3562  data: 0.0093  max mem: 8437
Test:  [11400/12764]  eta: 0:08:15    time: 0.3562  data: 0.0093  max mem: 8437
Test:  [11450/12764]  eta: 0:07:57    time: 0.3562  data: 0.0093  max mem: 8437
Test:  [11500/12764]  eta: 0:07:38    time: 0.3562  data: 0.0093  max mem: 8437
Test:  [11550/12764]  eta: 0:07:20    time: 0.3563  data: 0.0093  max mem: 8437
Test:  [11600/12764]  eta: 0:07:02    time: 0.3562  data: 0.0093  max mem: 8437
Test:  [11650/12764]  eta: 0:06:44    time: 0.3562  data: 0.0093  max mem: 8437
Test:  [11700/12764]  eta: 0:06:26    time: 0.3563  data: 0.0093  max mem: 8437
Test:  [11750/12764]  eta: 0:06:07    time: 0.3562  data: 0.0093  max mem: 8437
Test:  [11800/12764]  eta: 0:05:49    time: 0.3563  data: 0.0093  max mem: 8437
Test:  [11850/12764]  eta: 0:05:31    time: 0.3558  data: 0.0093  max mem: 8437
Test:  [11900/12764]  eta: 0:05:13    time: 0.3562  data: 0.0093  max mem: 8437
Test:  [11950/12764]  eta: 0:04:55    time: 0.3562  data: 0.0093  max mem: 8437
Test:  [12000/12764]  eta: 0:04:37    time: 0.3563  data: 0.0093  max mem: 8437
Test:  [12050/12764]  eta: 0:04:18    time: 0.3561  data: 0.0093  max mem: 8437
Test:  [12100/12764]  eta: 0:04:00    time: 0.3568  data: 0.0098  max mem: 8437
Test:  [12150/12764]  eta: 0:03:42    time: 0.3569  data: 0.0099  max mem: 8437
Test:  [12200/12764]  eta: 0:03:24    time: 0.3570  data: 0.0098  max mem: 8437
Test:  [12250/12764]  eta: 0:03:06    time: 0.3569  data: 0.0098  max mem: 8437
Test:  [12300/12764]  eta: 0:02:48    time: 0.3569  data: 0.0098  max mem: 8437
Test:  [12350/12764]  eta: 0:02:30    time: 0.3565  data: 0.0098  max mem: 8437
Test:  [12400/12764]  eta: 0:02:11    time: 0.3564  data: 0.0097  max mem: 8437
Test:  [12450/12764]  eta: 0:01:53    time: 0.3568  data: 0.0097  max mem: 8437
Test:  [12500/12764]  eta: 0:01:35    time: 0.3569  data: 0.0098  max mem: 8437
Test:  [12550/12764]  eta: 0:01:17    time: 0.3571  data: 0.0099  max mem: 8437
Test:  [12600/12764]  eta: 0:00:59    time: 0.3567  data: 0.0098  max mem: 8437
Test:  [12650/12764]  eta: 0:00:41    time: 0.3571  data: 0.0099  max mem: 8437
Test:  [12700/12764]  eta: 0:00:23    time: 0.3570  data: 0.0099  max mem: 8437
Test:  [12750/12764]  eta: 0:00:05    time: 0.3570  data: 0.0098  max mem: 8437
Test:  [12763/12764]  eta: 0:00:00    time: 0.3568  data: 0.0098  max mem: 8437
Test: Total time: 1:17:05 (0.3624 s / it)
(imle) acc: 92.37; ap: 92.69; racc: 84.74; facc: 100.00;
/home/yabin/ctta4aid_assets/external/IAPL/models/dct.py:353: FutureWarning: `torch.cuda.amp.autocast(args...)` is deprecated. Please use `torch.amp.autocast('cuda', args...)` instead.
  with torch.cuda.amp.autocast(enabled=False):
Test:  [  0/438]  eta: 0:02:37    time: 0.3594  data: 0.0102  max mem: 8437
Test:  [ 50/438]  eta: 0:02:18    time: 0.3577  data: 0.0103  max mem: 8437
Test:  [100/438]  eta: 0:02:00    time: 0.3575  data: 0.0102  max mem: 8437
Test:  [150/438]  eta: 0:01:43    time: 0.3702  data: 0.0204  max mem: 8437
Test:  [200/438]  eta: 0:01:26    time: 0.3716  data: 0.0218  max mem: 8437
Test:  [250/438]  eta: 0:01:08    time: 0.3576  data: 0.0104  max mem: 8437
Test:  [300/438]  eta: 0:00:49    time: 0.3578  data: 0.0104  max mem: 8437
Test:  [350/438]  eta: 0:00:31    time: 0.3709  data: 0.0210  max mem: 8437
Test:  [400/438]  eta: 0:00:13    time: 0.3714  data: 0.0216  max mem: 8437
Test:  [437/438]  eta: 0:00:00    time: 0.3595  data: 0.0119  max mem: 8437
Test: Total time: 0:02:39 (0.3634 s / it)
(san) acc: 94.06; ap: 97.50; racc: 98.17; facc: 89.95;
/home/yabin/ctta4aid_assets/external/IAPL/models/dct.py:353: FutureWarning: `torch.cuda.amp.autocast(args...)` is deprecated. Please use `torch.amp.autocast('cuda', args...)` instead.
  with torch.cuda.amp.autocast(enabled=False):
Test:  [  0/360]  eta: 0:03:38    time: 0.6059  data: 0.2523  max mem: 8437
Test:  [ 50/360]  eta: 0:03:51    time: 0.7963  data: 0.4422  max mem: 8437
Test:  [100/360]  eta: 0:03:21    time: 0.8418  data: 0.4877  max mem: 8437
Test:  [150/360]  eta: 0:02:46    time: 0.7153  data: 0.3613  max mem: 8437
Test:  [200/360]  eta: 0:02:00    time: 0.6544  data: 0.3007  max mem: 8437
Test:  [250/360]  eta: 0:01:20    time: 0.6495  data: 0.2958  max mem: 8437
Test:  [300/360]  eta: 0:00:43    time: 0.7632  data: 0.4089  max mem: 8437
Test:  [350/360]  eta: 0:00:07    time: 0.5738  data: 0.2196  max mem: 8437
Test:  [359/360]  eta: 0:00:00    time: 0.5802  data: 0.2264  max mem: 8437
Test: Total time: 0:04:14 (0.7081 s / it)
(seeingdark) acc: 89.72; ap: 87.48; racc: 79.44; facc: 100.00;
(0 crn       ) acc: 92.35; ap: 92.39; racc: 84.69; facc: 100.00;
(1 guided    ) acc: 72.35; ap: 95.36; racc: 98.70; facc: 46.00;
(2 imle      ) acc: 92.37; ap: 92.69; racc: 84.74; facc: 100.00;
(3 san       ) acc: 94.06; ap: 97.50; racc: 98.17; facc: 89.95;
(4 seeingdark) acc: 89.72; ap: 87.48; racc: 79.44; facc: 100.00;
(5 mean      ) acc: 88.17; ap: 93.08; racc: 89.15; facc: 87.19;
[rank0]:[W717 15:17:04.777837343 ProcessGroupNCCL.cpp:1647] Warning: WARNING: destroy_process_group() was not called before program exit, which can leak resources. For more info, please see https://pytorch.org/docs/stable/distributed.html#shutdown (function operator())
