{
  "output_root": "/home/yabin/ctta4aid_assets/data/p0_5domain_imagefolder",
  "domains": {
    "crn": {
      "samples": 12764,
      "label_counts": {
        "0": 6382,
        "1": 6382
      }
    },
    "guided": {
      "samples": 2000,
      "label_counts": {
        "0": 1000,
        "1": 1000
      }
    },
    "imle": {
      "samples": 12764,
      "label_counts": {
        "0": 6382,
        "1": 6382
      }
    },
    "san": {
      "samples": 438,
      "label_counts": {
        "0": 219,
        "1": 219
      }
    },
    "seeingdark": {
      "samples": 360,
      "label_counts": {
        "0": 180,
        "1": 180
      }
    }
  },
  "total_samples": 28326
}
world size: 1, rank: 0, local rank: 0
{
  "SHELL": "/bin/bash",
  "MASTER_PORT": "29641",
  "PWD": "/home/yabin/ctta4aid_assets/external/IAPL",
  "LOGNAME": "yabin",
  "XDG_SESSION_TYPE": "tty",
  "IAPL_DATASET_PATH": "/home/yabin/ctta4aid_assets/data/p0_5domain_imagefolder",
  "IAPL_OUTPUT_DIR": "/home/yabin/ctta4aid-arrow/outputs/iapl_official/p0_single_imagefolder",
  "HOME": "/home/yabin",
  "LANG": "zh_CN.UTF-8",
  "SSH_CONNECTION": "100.70.179.13 65377 100.69.251.94 22",
  "MASTER_ADDR": "127.0.0.1",
  "CUDA_VISIBLE_DEVICES": "0",
  "XDG_SESSION_CLASS": "user",
  "PYTHONPATH": "/home/yabin/ctta4aid-arrow/src",
  "USER": "yabin",
  "NNODES": "1",
  "SHLVL": "0",
  "NODE_RANK": "0",
  "XDG_SESSION_ID": "10245",
  "IAPL_PYTHON": "/home/yabin/miniconda3/envs/cl/bin/python",
  "LC_CTYPE": "C.UTF-8",
  "XDG_RUNTIME_DIR": "/run/user/1000",
  "SSH_CLIENT": "100.70.179.13 65377 22",
  "LC_ALL": "C.UTF-8",
  "IAPL_PREDICTION_DIR": "/home/yabin/ctta4aid-arrow/outputs/iapl_official/p0_single_imagefolder/predictions",
  "PROJECT_ROOT": "/home/yabin/ctta4aid-arrow",
  "NPROC_PER_NODE": "1",
  "PATH": "/usr/local/sbin:/usr/local/bin:/usr/sbin:/usr/bin:/sbin:/bin:/usr/games:/usr/local/games:/snap/bin",
  "DBUS_SESSION_BUS_ADDRESS": "unix:path=/run/user/1000/bus",
  "OLDPWD": "/home/yabin",
  "TORCHELASTIC_SIGNALS_TO_HANDLE": "SIGTERM,SIGINT,SIGHUP,SIGQUIT",
  "RANK": "0",
  "GROUP_RANK": "0",
  "ROLE_RANK": "0",
  "ROLE_NAME": "default",
  "LOCAL_WORLD_SIZE": "1",
  "WORLD_SIZE": "1",
  "GROUP_WORLD_SIZE": "1",
  "ROLE_WORLD_SIZE": "1",
  "TORCHELASTIC_RESTART_COUNT": "0",
  "TORCHELASTIC_MAX_RESTARTS": "0",
  "TORCHELASTIC_RUN_ID": "none",
  "TORCHELASTIC_USE_AGENT_STORE": "True",
  "TORCH_NCCL_ASYNC_ERROR_HANDLING": "1",
  "LOCAL_RANK": "0",
  "TORCHELASTIC_ERROR_FILE": "/tmp/torchelastic_qg8bi96t/none_jap6efjq/attempt_0/0/error.json",
  "TORCHINDUCTOR_CACHE_DIR": "/tmp/torchinductor_yabin",
  "QT_QPA_PLATFORM_PLUGIN_PATH": "/home/yabin/miniconda3/envs/cl/lib/python3.11/site-packages/cv2/qt/plugins",
  "QT_QPA_FONTDIR": "/home/yabin/miniconda3/envs/cl/lib/python3.11/site-packages/cv2/qt/fonts",
  "LD_LIBRARY_PATH": "/home/yabin/miniconda3/envs/cl/lib/python3.11/site-packages/cv2/../../lib64:",
  "KMP_DUPLICATE_LIB_OK": "True",
  "KMP_INIT_AT_FORK": "FALSE"
}
world_size:1 rank:0 local_rank:0
| distributed init (rank 0): env://
Before torch.distributed.barrier()
/home/yabin/miniconda3/envs/cl/lib/python3.11/site-packages/torch/distributed/c10d_logger.py:83: UserWarning: barrier(): using the device under current context. You can specify `device_id` in `init_process_group` to mute this warning.
  return func(*args, **kwargs)
[rank0]:[W717 12:25:28.206604412 ProcessGroupNCCL.cpp:5324] Guessing device ID based on global rank. This can cause a hang if rank to GPU mapping is heterogeneous. You can specify device_id in init_process_group()
End torch.distributed.barrier()
-----------freezen TTA mode-----------
-----------freezen TTA mode-----------
[{'params': ['prompt_learner.ctx']}]
/home/yabin/ctta4aid_assets/external/IAPL/models/dct.py:353: FutureWarning: `torch.cuda.amp.autocast(args...)` is deprecated. Please use `torch.amp.autocast('cuda', args...)` instead.
  with torch.cuda.amp.autocast(enabled=False):
Test:  [    0/12764]  eta: 4:22:37    time: 1.2346  data: 0.0174  max mem: 8437
Test:  [   50/12764]  eta: 1:19:57    time: 0.3623  data: 0.0151  max mem: 8437
Test:  [  100/12764]  eta: 1:17:32    time: 0.3585  data: 0.0125  max mem: 8437
Test:  [  150/12764]  eta: 1:16:54    time: 0.3623  data: 0.0147  max mem: 8437
Test:  [  200/12764]  eta: 1:16:18    time: 0.3627  data: 0.0144  max mem: 8437
Test:  [  250/12764]  eta: 1:15:44    time: 0.3598  data: 0.0129  max mem: 8437
Test:  [  300/12764]  eta: 1:15:11    time: 0.3576  data: 0.0123  max mem: 8437
Test:  [  350/12764]  eta: 1:14:42    time: 0.3560  data: 0.0105  max mem: 8437
Test:  [  400/12764]  eta: 1:14:17    time: 0.3564  data: 0.0108  max mem: 8437
Test:  [  450/12764]  eta: 1:13:54    time: 0.3569  data: 0.0110  max mem: 8437
Test:  [  500/12764]  eta: 1:13:31    time: 0.3564  data: 0.0106  max mem: 8437
Test:  [  550/12764]  eta: 1:13:11    time: 0.3576  data: 0.0113  max mem: 8437
Test:  [  600/12764]  eta: 1:12:53    time: 0.3568  data: 0.0108  max mem: 8437
Test:  [  650/12764]  eta: 1:12:33    time: 0.3569  data: 0.0108  max mem: 8437
Test:  [  700/12764]  eta: 1:12:13    time: 0.3569  data: 0.0106  max mem: 8437
Test:  [  750/12764]  eta: 1:11:53    time: 0.3571  data: 0.0107  max mem: 8437
Test:  [  800/12764]  eta: 1:11:35    time: 0.3605  data: 0.0126  max mem: 8437
Test:  [  850/12764]  eta: 1:11:16    time: 0.3577  data: 0.0111  max mem: 8437
Test:  [  900/12764]  eta: 1:10:57    time: 0.3575  data: 0.0109  max mem: 8437
Test:  [  950/12764]  eta: 1:10:38    time: 0.3573  data: 0.0108  max mem: 8437
Test:  [ 1000/12764]  eta: 1:10:20    time: 0.3601  data: 0.0125  max mem: 8437
Test:  [ 1050/12764]  eta: 1:10:01    time: 0.3572  data: 0.0107  max mem: 8437
Test:  [ 1100/12764]  eta: 1:09:42    time: 0.3573  data: 0.0107  max mem: 8437
Test:  [ 1150/12764]  eta: 1:09:24    time: 0.3573  data: 0.0108  max mem: 8437
Test:  [ 1200/12764]  eta: 1:09:05    time: 0.3572  data: 0.0107  max mem: 8437
Test:  [ 1250/12764]  eta: 1:08:47    time: 0.3572  data: 0.0107  max mem: 8437
Test:  [ 1300/12764]  eta: 1:08:28    time: 0.3596  data: 0.0122  max mem: 8437
Test:  [ 1350/12764]  eta: 1:08:10    time: 0.3570  data: 0.0106  max mem: 8437
Test:  [ 1400/12764]  eta: 1:07:52    time: 0.3570  data: 0.0107  max mem: 8437
Test:  [ 1450/12764]  eta: 1:07:34    time: 0.3637  data: 0.0144  max mem: 8437
Test:  [ 1500/12764]  eta: 1:07:17    time: 0.3570  data: 0.0107  max mem: 8437
Test:  [ 1550/12764]  eta: 1:06:58    time: 0.3571  data: 0.0109  max mem: 8437
Test:  [ 1600/12764]  eta: 1:06:40    time: 0.3594  data: 0.0121  max mem: 8437
Test:  [ 1650/12764]  eta: 1:06:23    time: 0.3572  data: 0.0107  max mem: 8437
Test:  [ 1700/12764]  eta: 1:06:05    time: 0.3571  data: 0.0106  max mem: 8437
Test:  [ 1750/12764]  eta: 1:05:47    time: 0.3612  data: 0.0130  max mem: 8437
Test:  [ 1800/12764]  eta: 1:05:29    time: 0.3567  data: 0.0103  max mem: 8437
Test:  [ 1850/12764]  eta: 1:05:10    time: 0.3567  data: 0.0103  max mem: 8437
Test:  [ 1900/12764]  eta: 1:04:52    time: 0.3567  data: 0.0103  max mem: 8437
Test:  [ 1950/12764]  eta: 1:04:33    time: 0.3565  data: 0.0102  max mem: 8437
Test:  [ 2000/12764]  eta: 1:04:15    time: 0.3565  data: 0.0101  max mem: 8437
Test:  [ 2050/12764]  eta: 1:03:57    time: 0.3568  data: 0.0104  max mem: 8437
Test:  [ 2100/12764]  eta: 1:03:38    time: 0.3567  data: 0.0103  max mem: 8437
Test:  [ 2150/12764]  eta: 1:03:20    time: 0.3565  data: 0.0102  max mem: 8437
Test:  [ 2200/12764]  eta: 1:03:02    time: 0.3565  data: 0.0102  max mem: 8437
Test:  [ 2250/12764]  eta: 1:02:44    time: 0.3566  data: 0.0102  max mem: 8437
Test:  [ 2300/12764]  eta: 1:02:25    time: 0.3566  data: 0.0102  max mem: 8437
Test:  [ 2350/12764]  eta: 1:02:07    time: 0.3565  data: 0.0102  max mem: 8437
Test:  [ 2400/12764]  eta: 1:01:50    time: 0.3577  data: 0.0111  max mem: 8437
Test:  [ 2450/12764]  eta: 1:01:32    time: 0.3572  data: 0.0107  max mem: 8437
Test:  [ 2500/12764]  eta: 1:01:14    time: 0.3573  data: 0.0109  max mem: 8437
Test:  [ 2550/12764]  eta: 1:00:56    time: 0.3573  data: 0.0108  max mem: 8437
Test:  [ 2600/12764]  eta: 1:00:39    time: 0.3625  data: 0.0139  max mem: 8437
Test:  [ 2650/12764]  eta: 1:00:21    time: 0.3588  data: 0.0117  max mem: 8437
Test:  [ 2700/12764]  eta: 1:00:03    time: 0.3566  data: 0.0103  max mem: 8437
Test:  [ 2750/12764]  eta: 0:59:46    time: 0.3596  data: 0.0121  max mem: 8437
Test:  [ 2800/12764]  eta: 0:59:27    time: 0.3568  data: 0.0105  max mem: 8437
Test:  [ 2850/12764]  eta: 0:59:09    time: 0.3565  data: 0.0103  max mem: 8437
Test:  [ 2900/12764]  eta: 0:58:51    time: 0.3565  data: 0.0103  max mem: 8437
Test:  [ 2950/12764]  eta: 0:58:33    time: 0.3565  data: 0.0102  max mem: 8437
Test:  [ 3000/12764]  eta: 0:58:15    time: 0.3646  data: 0.0151  max mem: 8437
Test:  [ 3050/12764]  eta: 0:57:57    time: 0.3566  data: 0.0103  max mem: 8437
Test:  [ 3100/12764]  eta: 0:57:39    time: 0.3567  data: 0.0103  max mem: 8437
Test:  [ 3150/12764]  eta: 0:57:21    time: 0.3590  data: 0.0117  max mem: 8437
Test:  [ 3200/12764]  eta: 0:57:04    time: 0.3606  data: 0.0127  max mem: 8437
Test:  [ 3250/12764]  eta: 0:56:46    time: 0.3564  data: 0.0102  max mem: 8437
Test:  [ 3300/12764]  eta: 0:56:28    time: 0.3567  data: 0.0103  max mem: 8437
Test:  [ 3350/12764]  eta: 0:56:10    time: 0.3564  data: 0.0101  max mem: 8437
Test:  [ 3400/12764]  eta: 0:55:52    time: 0.3654  data: 0.0187  max mem: 8437
Test:  [ 3450/12764]  eta: 0:55:34    time: 0.3565  data: 0.0102  max mem: 8437
Test:  [ 3500/12764]  eta: 0:55:16    time: 0.3576  data: 0.0109  max mem: 8437
Test:  [ 3550/12764]  eta: 0:54:58    time: 0.3564  data: 0.0101  max mem: 8437
Test:  [ 3600/12764]  eta: 0:54:40    time: 0.3566  data: 0.0103  max mem: 8437
Test:  [ 3650/12764]  eta: 0:54:22    time: 0.3566  data: 0.0103  max mem: 8437
Test:  [ 3700/12764]  eta: 0:54:04    time: 0.3565  data: 0.0102  max mem: 8437
Test:  [ 3750/12764]  eta: 0:53:46    time: 0.3565  data: 0.0102  max mem: 8437
Test:  [ 3800/12764]  eta: 0:53:28    time: 0.3568  data: 0.0103  max mem: 8437
Test:  [ 3850/12764]  eta: 0:53:10    time: 0.3570  data: 0.0105  max mem: 8437
Test:  [ 3900/12764]  eta: 0:52:52    time: 0.3567  data: 0.0103  max mem: 8437
Test:  [ 3950/12764]  eta: 0:52:34    time: 0.3567  data: 0.0104  max mem: 8437
Test:  [ 4000/12764]  eta: 0:52:16    time: 0.3577  data: 0.0110  max mem: 8437
Test:  [ 4050/12764]  eta: 0:51:58    time: 0.3566  data: 0.0103  max mem: 8437
Test:  [ 4100/12764]  eta: 0:51:40    time: 0.3568  data: 0.0104  max mem: 8437
Test:  [ 4150/12764]  eta: 0:51:22    time: 0.3565  data: 0.0102  max mem: 8437
Test:  [ 4200/12764]  eta: 0:51:04    time: 0.3598  data: 0.0123  max mem: 8437
Test:  [ 4250/12764]  eta: 0:50:46    time: 0.3566  data: 0.0103  max mem: 8437
Test:  [ 4300/12764]  eta: 0:50:28    time: 0.3566  data: 0.0102  max mem: 8437
Test:  [ 4350/12764]  eta: 0:50:10    time: 0.3567  data: 0.0103  max mem: 8437
Test:  [ 4400/12764]  eta: 0:49:52    time: 0.3567  data: 0.0103  max mem: 8437
Test:  [ 4450/12764]  eta: 0:49:34    time: 0.3568  data: 0.0104  max mem: 8437
Test:  [ 4500/12764]  eta: 0:49:16    time: 0.3570  data: 0.0106  max mem: 8437
Test:  [ 4550/12764]  eta: 0:48:58    time: 0.3567  data: 0.0103  max mem: 8437
Test:  [ 4600/12764]  eta: 0:48:40    time: 0.3570  data: 0.0106  max mem: 8437
Test:  [ 4650/12764]  eta: 0:48:22    time: 0.3569  data: 0.0104  max mem: 8437
Test:  [ 4700/12764]  eta: 0:48:04    time: 0.3568  data: 0.0104  max mem: 8437
Test:  [ 4750/12764]  eta: 0:47:46    time: 0.3574  data: 0.0109  max mem: 8437
Test:  [ 4800/12764]  eta: 0:47:28    time: 0.3574  data: 0.0110  max mem: 8437
Test:  [ 4850/12764]  eta: 0:47:10    time: 0.3579  data: 0.0112  max mem: 8437
Test:  [ 4900/12764]  eta: 0:46:52    time: 0.3574  data: 0.0109  max mem: 8437
Test:  [ 4950/12764]  eta: 0:46:35    time: 0.3602  data: 0.0125  max mem: 8437
Test:  [ 5000/12764]  eta: 0:46:17    time: 0.3573  data: 0.0108  max mem: 8437
Test:  [ 5050/12764]  eta: 0:45:59    time: 0.3574  data: 0.0109  max mem: 8437
Test:  [ 5100/12764]  eta: 0:45:41    time: 0.3574  data: 0.0109  max mem: 8437
Test:  [ 5150/12764]  eta: 0:45:23    time: 0.3574  data: 0.0109  max mem: 8437
Test:  [ 5200/12764]  eta: 0:45:05    time: 0.3574  data: 0.0109  max mem: 8437
Test:  [ 5250/12764]  eta: 0:44:47    time: 0.3573  data: 0.0109  max mem: 8437
Test:  [ 5300/12764]  eta: 0:44:29    time: 0.3574  data: 0.0109  max mem: 8437
Test:  [ 5350/12764]  eta: 0:44:11    time: 0.3576  data: 0.0110  max mem: 8437
Test:  [ 5400/12764]  eta: 0:43:54    time: 0.3574  data: 0.0110  max mem: 8437
Test:  [ 5450/12764]  eta: 0:43:36    time: 0.3577  data: 0.0111  max mem: 8437
Test:  [ 5500/12764]  eta: 0:43:18    time: 0.3576  data: 0.0110  max mem: 8437
Test:  [ 5550/12764]  eta: 0:43:00    time: 0.3576  data: 0.0111  max mem: 8437
Test:  [ 5600/12764]  eta: 0:42:42    time: 0.3575  data: 0.0110  max mem: 8437
Test:  [ 5650/12764]  eta: 0:42:24    time: 0.3576  data: 0.0110  max mem: 8437
Test:  [ 5700/12764]  eta: 0:42:06    time: 0.3575  data: 0.0110  max mem: 8437
Test:  [ 5750/12764]  eta: 0:41:48    time: 0.3574  data: 0.0109  max mem: 8437
Test:  [ 5800/12764]  eta: 0:41:31    time: 0.3574  data: 0.0110  max mem: 8437
Test:  [ 5850/12764]  eta: 0:41:13    time: 0.3599  data: 0.0124  max mem: 8437
Test:  [ 5900/12764]  eta: 0:40:55    time: 0.3576  data: 0.0111  max mem: 8437
Test:  [ 5950/12764]  eta: 0:40:37    time: 0.3576  data: 0.0111  max mem: 8437
Test:  [ 6000/12764]  eta: 0:40:19    time: 0.3575  data: 0.0110  max mem: 8437
Test:  [ 6050/12764]  eta: 0:40:01    time: 0.3574  data: 0.0110  max mem: 8437
Test:  [ 6100/12764]  eta: 0:39:43    time: 0.3577  data: 0.0111  max mem: 8437
Test:  [ 6150/12764]  eta: 0:39:26    time: 0.3577  data: 0.0111  max mem: 8437
Test:  [ 6200/12764]  eta: 0:39:08    time: 0.3580  data: 0.0112  max mem: 8437
Test:  [ 6250/12764]  eta: 0:38:50    time: 0.3576  data: 0.0110  max mem: 8437
Test:  [ 6300/12764]  eta: 0:38:32    time: 0.3576  data: 0.0111  max mem: 8437
Test:  [ 6350/12764]  eta: 0:38:14    time: 0.3575  data: 0.0110  max mem: 8437
Test:  [ 6400/12764]  eta: 0:37:56    time: 0.3572  data: 0.0110  max mem: 8437
Test:  [ 6450/12764]  eta: 0:37:38    time: 0.3571  data: 0.0109  max mem: 8437
Test:  [ 6500/12764]  eta: 0:37:20    time: 0.3573  data: 0.0111  max mem: 8437
Test:  [ 6550/12764]  eta: 0:37:03    time: 0.3570  data: 0.0108  max mem: 8437
Test:  [ 6600/12764]  eta: 0:36:45    time: 0.3594  data: 0.0121  max mem: 8437
Test:  [ 6650/12764]  eta: 0:36:27    time: 0.3573  data: 0.0111  max mem: 8437
Test:  [ 6700/12764]  eta: 0:36:09    time: 0.3571  data: 0.0108  max mem: 8437
Test:  [ 6750/12764]  eta: 0:35:51    time: 0.3639  data: 0.0149  max mem: 8437
Test:  [ 6800/12764]  eta: 0:35:33    time: 0.3574  data: 0.0111  max mem: 8437
Test:  [ 6850/12764]  eta: 0:35:16    time: 0.3572  data: 0.0109  max mem: 8437
Test:  [ 6900/12764]  eta: 0:34:58    time: 0.3571  data: 0.0108  max mem: 8437
Test:  [ 6950/12764]  eta: 0:34:40    time: 0.3574  data: 0.0110  max mem: 8437
Test:  [ 7000/12764]  eta: 0:34:22    time: 0.3590  data: 0.0120  max mem: 8437
Test:  [ 7050/12764]  eta: 0:34:04    time: 0.3572  data: 0.0109  max mem: 8437
Test:  [ 7100/12764]  eta: 0:33:46    time: 0.3572  data: 0.0109  max mem: 8437
Test:  [ 7150/12764]  eta: 0:33:28    time: 0.3572  data: 0.0109  max mem: 8437
Test:  [ 7200/12764]  eta: 0:33:10    time: 0.3587  data: 0.0117  max mem: 8437
Test:  [ 7250/12764]  eta: 0:32:52    time: 0.3572  data: 0.0109  max mem: 8437
Test:  [ 7300/12764]  eta: 0:32:34    time: 0.3572  data: 0.0110  max mem: 8437
Test:  [ 7350/12764]  eta: 0:32:16    time: 0.3574  data: 0.0111  max mem: 8437
Test:  [ 7400/12764]  eta: 0:31:59    time: 0.3573  data: 0.0109  max mem: 8437
Test:  [ 7450/12764]  eta: 0:31:41    time: 0.3573  data: 0.0109  max mem: 8437
Test:  [ 7500/12764]  eta: 0:31:23    time: 0.3572  data: 0.0109  max mem: 8437
Test:  [ 7550/12764]  eta: 0:31:05    time: 0.3574  data: 0.0111  max mem: 8437
Test:  [ 7600/12764]  eta: 0:30:47    time: 0.3574  data: 0.0110  max mem: 8437
Test:  [ 7650/12764]  eta: 0:30:29    time: 0.3573  data: 0.0110  max mem: 8437
Test:  [ 7700/12764]  eta: 0:30:11    time: 0.3574  data: 0.0110  max mem: 8437
Test:  [ 7750/12764]  eta: 0:29:53    time: 0.3573  data: 0.0110  max mem: 8437
Test:  [ 7800/12764]  eta: 0:29:35    time: 0.3573  data: 0.0110  max mem: 8437
Test:  [ 7850/12764]  eta: 0:29:18    time: 0.3574  data: 0.0111  max mem: 8437
Test:  [ 7900/12764]  eta: 0:29:00    time: 0.3572  data: 0.0110  max mem: 8437
Test:  [ 7950/12764]  eta: 0:28:42    time: 0.3573  data: 0.0110  max mem: 8437
Test:  [ 8000/12764]  eta: 0:28:24    time: 0.3574  data: 0.0111  max mem: 8437
Test:  [ 8050/12764]  eta: 0:28:06    time: 0.3573  data: 0.0110  max mem: 8437
Test:  [ 8100/12764]  eta: 0:27:48    time: 0.3573  data: 0.0110  max mem: 8437
Test:  [ 8150/12764]  eta: 0:27:30    time: 0.3572  data: 0.0110  max mem: 8437
Test:  [ 8200/12764]  eta: 0:27:12    time: 0.3578  data: 0.0112  max mem: 8437
Test:  [ 8250/12764]  eta: 0:26:54    time: 0.3573  data: 0.0109  max mem: 8437
Test:  [ 8300/12764]  eta: 0:26:36    time: 0.3574  data: 0.0111  max mem: 8437
Test:  [ 8350/12764]  eta: 0:26:19    time: 0.3574  data: 0.0111  max mem: 8437
Test:  [ 8400/12764]  eta: 0:26:01    time: 0.3572  data: 0.0110  max mem: 8437
Test:  [ 8450/12764]  eta: 0:25:43    time: 0.3572  data: 0.0110  max mem: 8437
Test:  [ 8500/12764]  eta: 0:25:25    time: 0.3574  data: 0.0111  max mem: 8437
Test:  [ 8550/12764]  eta: 0:25:07    time: 0.3592  data: 0.0120  max mem: 8437
Test:  [ 8600/12764]  eta: 0:24:49    time: 0.3575  data: 0.0111  max mem: 8437
Test:  [ 8650/12764]  eta: 0:24:31    time: 0.3576  data: 0.0112  max mem: 8437
Test:  [ 8700/12764]  eta: 0:24:13    time: 0.3573  data: 0.0109  max mem: 8437
Test:  [ 8750/12764]  eta: 0:23:56    time: 0.3574  data: 0.0110  max mem: 8437
Test:  [ 8800/12764]  eta: 0:23:38    time: 0.3573  data: 0.0110  max mem: 8437
Test:  [ 8850/12764]  eta: 0:23:20    time: 0.3576  data: 0.0112  max mem: 8437
Test:  [ 8900/12764]  eta: 0:23:02    time: 0.3573  data: 0.0110  max mem: 8437
Test:  [ 8950/12764]  eta: 0:22:44    time: 0.3573  data: 0.0110  max mem: 8437
Test:  [ 9000/12764]  eta: 0:22:26    time: 0.3674  data: 0.0176  max mem: 8437
Test:  [ 9050/12764]  eta: 0:22:08    time: 0.3575  data: 0.0111  max mem: 8437
Test:  [ 9100/12764]  eta: 0:21:51    time: 0.3575  data: 0.0112  max mem: 8437
Test:  [ 9150/12764]  eta: 0:21:33    time: 0.3573  data: 0.0110  max mem: 8437
Test:  [ 9200/12764]  eta: 0:21:15    time: 0.3628  data: 0.0142  max mem: 8437
Test:  [ 9250/12764]  eta: 0:20:57    time: 0.3630  data: 0.0143  max mem: 8437
Test:  [ 9300/12764]  eta: 0:20:39    time: 0.3644  data: 0.0152  max mem: 8437
Test:  [ 9350/12764]  eta: 0:20:21    time: 0.3573  data: 0.0110  max mem: 8437
Test:  [ 9400/12764]  eta: 0:20:03    time: 0.3574  data: 0.0110  max mem: 8437
Test:  [ 9450/12764]  eta: 0:19:46    time: 0.3573  data: 0.0110  max mem: 8437
Test:  [ 9500/12764]  eta: 0:19:28    time: 0.3575  data: 0.0111  max mem: 8437
Test:  [ 9550/12764]  eta: 0:19:10    time: 0.3696  data: 0.0209  max mem: 8437
Test:  [ 9600/12764]  eta: 0:18:52    time: 0.3573  data: 0.0111  max mem: 8437
Test:  [ 9650/12764]  eta: 0:18:34    time: 0.3572  data: 0.0110  max mem: 8437
Test:  [ 9700/12764]  eta: 0:18:16    time: 0.3651  data: 0.0156  max mem: 8437
Test:  [ 9750/12764]  eta: 0:17:58    time: 0.3573  data: 0.0110  max mem: 8437
Test:  [ 9800/12764]  eta: 0:17:40    time: 0.3572  data: 0.0110  max mem: 8437
Test:  [ 9850/12764]  eta: 0:17:23    time: 0.3571  data: 0.0109  max mem: 8437
Test:  [ 9900/12764]  eta: 0:17:05    time: 0.3573  data: 0.0110  max mem: 8437
Test:  [ 9950/12764]  eta: 0:16:47    time: 0.3572  data: 0.0110  max mem: 8437
Test:  [10000/12764]  eta: 0:16:29    time: 0.3591  data: 0.0121  max mem: 8437
Test:  [10050/12764]  eta: 0:16:11    time: 0.3579  data: 0.0113  max mem: 8437
Test:  [10100/12764]  eta: 0:15:53    time: 0.3572  data: 0.0110  max mem: 8437
Test:  [10150/12764]  eta: 0:15:35    time: 0.3572  data: 0.0110  max mem: 8437
Test:  [10200/12764]  eta: 0:15:17    time: 0.3576  data: 0.0111  max mem: 8437
Test:  [10250/12764]  eta: 0:14:59    time: 0.3572  data: 0.0109  max mem: 8437
Test:  [10300/12764]  eta: 0:14:41    time: 0.3572  data: 0.0110  max mem: 8437
Test:  [10350/12764]  eta: 0:14:24    time: 0.3573  data: 0.0111  max mem: 8437
Test:  [10400/12764]  eta: 0:14:06    time: 0.3572  data: 0.0110  max mem: 8437
Test:  [10450/12764]  eta: 0:13:48    time: 0.3570  data: 0.0108  max mem: 8437
Test:  [10500/12764]  eta: 0:13:30    time: 0.3572  data: 0.0110  max mem: 8437
Test:  [10550/12764]  eta: 0:13:12    time: 0.3627  data: 0.0141  max mem: 8437
Test:  [10600/12764]  eta: 0:12:54    time: 0.3569  data: 0.0107  max mem: 8437
Test:  [10650/12764]  eta: 0:12:36    time: 0.3649  data: 0.0154  max mem: 8437
Test:  [10700/12764]  eta: 0:12:18    time: 0.3570  data: 0.0108  max mem: 8437
Test:  [10750/12764]  eta: 0:12:00    time: 0.3569  data: 0.0108  max mem: 8437
Test:  [10800/12764]  eta: 0:11:42    time: 0.3569  data: 0.0107  max mem: 8437
Test:  [10850/12764]  eta: 0:11:25    time: 0.3613  data: 0.0133  max mem: 8437
Test:  [10900/12764]  eta: 0:11:07    time: 0.3572  data: 0.0109  max mem: 8437
Test:  [10950/12764]  eta: 0:10:49    time: 0.3570  data: 0.0108  max mem: 8437
Test:  [11000/12764]  eta: 0:10:31    time: 0.3575  data: 0.0112  max mem: 8437
Test:  [11050/12764]  eta: 0:10:13    time: 0.3569  data: 0.0108  max mem: 8437
Test:  [11100/12764]  eta: 0:09:55    time: 0.3569  data: 0.0107  max mem: 8437
Test:  [11150/12764]  eta: 0:09:37    time: 0.3641  data: 0.0150  max mem: 8437
Test:  [11200/12764]  eta: 0:09:19    time: 0.3569  data: 0.0107  max mem: 8437
Test:  [11250/12764]  eta: 0:09:02    time: 0.3600  data: 0.0126  max mem: 8437
Test:  [11300/12764]  eta: 0:08:44    time: 0.3645  data: 0.0153  max mem: 8437
Test:  [11350/12764]  eta: 0:08:26    time: 0.3643  data: 0.0150  max mem: 8437
Test:  [11400/12764]  eta: 0:08:08    time: 0.3597  data: 0.0124  max mem: 8437
Test:  [11450/12764]  eta: 0:07:50    time: 0.3569  data: 0.0108  max mem: 8437
Test:  [11500/12764]  eta: 0:07:32    time: 0.3570  data: 0.0108  max mem: 8437
Test:  [11550/12764]  eta: 0:07:14    time: 0.3651  data: 0.0155  max mem: 8437
Test:  [11600/12764]  eta: 0:06:56    time: 0.3570  data: 0.0107  max mem: 8437
Test:  [11650/12764]  eta: 0:06:38    time: 0.3570  data: 0.0108  max mem: 8437
Test:  [11700/12764]  eta: 0:06:20    time: 0.3570  data: 0.0108  max mem: 8437
Test:  [11750/12764]  eta: 0:06:03    time: 0.3570  data: 0.0108  max mem: 8437
Test:  [11800/12764]  eta: 0:05:45    time: 0.3570  data: 0.0108  max mem: 8437
Test:  [11850/12764]  eta: 0:05:27    time: 0.3569  data: 0.0108  max mem: 8437
Test:  [11900/12764]  eta: 0:05:09    time: 0.3570  data: 0.0108  max mem: 8437
Test:  [11950/12764]  eta: 0:04:51    time: 0.3569  data: 0.0107  max mem: 8437
Test:  [12000/12764]  eta: 0:04:33    time: 0.3570  data: 0.0108  max mem: 8437
Test:  [12050/12764]  eta: 0:04:15    time: 0.3570  data: 0.0108  max mem: 8437
Test:  [12100/12764]  eta: 0:03:57    time: 0.3570  data: 0.0108  max mem: 8437
Test:  [12150/12764]  eta: 0:03:39    time: 0.3570  data: 0.0108  max mem: 8437
Test:  [12200/12764]  eta: 0:03:21    time: 0.3570  data: 0.0109  max mem: 8437
Test:  [12250/12764]  eta: 0:03:04    time: 0.3570  data: 0.0108  max mem: 8437
Test:  [12300/12764]  eta: 0:02:46    time: 0.3599  data: 0.0125  max mem: 8437
Test:  [12350/12764]  eta: 0:02:28    time: 0.3570  data: 0.0108  max mem: 8437
Test:  [12400/12764]  eta: 0:02:10    time: 0.3648  data: 0.0153  max mem: 8437
Test:  [12450/12764]  eta: 0:01:52    time: 0.3573  data: 0.0110  max mem: 8437
Test:  [12500/12764]  eta: 0:01:34    time: 0.3570  data: 0.0108  max mem: 8437
Test:  [12550/12764]  eta: 0:01:16    time: 0.3568  data: 0.0107  max mem: 8437
Test:  [12600/12764]  eta: 0:00:58    time: 0.3571  data: 0.0108  max mem: 8437
Test:  [12650/12764]  eta: 0:00:40    time: 0.3570  data: 0.0108  max mem: 8437
Test:  [12700/12764]  eta: 0:00:22    time: 0.3570  data: 0.0108  max mem: 8437
Test:  [12750/12764]  eta: 0:00:05    time: 0.3619  data: 0.0138  max mem: 8437
Test:  [12763/12764]  eta: 0:00:00    time: 0.3588  data: 0.0119  max mem: 8437
Test: Total time: 1:16:10 (0.3581 s / it)
(crn) acc: 92.33; ap: 92.48; racc: 84.66; facc: 100.00;
/home/yabin/ctta4aid_assets/external/IAPL/models/dct.py:353: FutureWarning: `torch.cuda.amp.autocast(args...)` is deprecated. Please use `torch.amp.autocast('cuda', args...)` instead.
  with torch.cuda.amp.autocast(enabled=False):
Test:  [   0/2000]  eta: 0:11:55    time: 0.3578  data: 0.0097  max mem: 8437
Test:  [  50/2000]  eta: 0:11:36    time: 0.3567  data: 0.0103  max mem: 8437
Test:  [ 100/2000]  eta: 0:11:18    time: 0.3571  data: 0.0106  max mem: 8437
Test:  [ 150/2000]  eta: 0:11:00    time: 0.3566  data: 0.0103  max mem: 8437
Test:  [ 200/2000]  eta: 0:10:42    time: 0.3560  data: 0.0098  max mem: 8437
Test:  [ 250/2000]  eta: 0:10:24    time: 0.3567  data: 0.0102  max mem: 8437
Test:  [ 300/2000]  eta: 0:10:06    time: 0.3576  data: 0.0110  max mem: 8437
Test:  [ 350/2000]  eta: 0:09:49    time: 0.3594  data: 0.0121  max mem: 8437
Test:  [ 400/2000]  eta: 0:09:31    time: 0.3564  data: 0.0101  max mem: 8437
Test:  [ 450/2000]  eta: 0:09:14    time: 0.3571  data: 0.0106  max mem: 8437
Test:  [ 500/2000]  eta: 0:08:56    time: 0.3575  data: 0.0110  max mem: 8437
Test:  [ 550/2000]  eta: 0:08:39    time: 0.3590  data: 0.0121  max mem: 8437
Test:  [ 600/2000]  eta: 0:08:21    time: 0.3570  data: 0.0106  max mem: 8437
Test:  [ 650/2000]  eta: 0:08:03    time: 0.3579  data: 0.0114  max mem: 8437
Test:  [ 700/2000]  eta: 0:07:45    time: 0.3566  data: 0.0101  max mem: 8437
Test:  [ 750/2000]  eta: 0:07:27    time: 0.3569  data: 0.0105  max mem: 8437
Test:  [ 800/2000]  eta: 0:07:09    time: 0.3644  data: 0.0153  max mem: 8437
Test:  [ 850/2000]  eta: 0:06:51    time: 0.3563  data: 0.0100  max mem: 8437
Test:  [ 900/2000]  eta: 0:06:33    time: 0.3570  data: 0.0104  max mem: 8437
Test:  [ 950/2000]  eta: 0:06:15    time: 0.3575  data: 0.0109  max mem: 8437
Test:  [1000/2000]  eta: 0:05:57    time: 0.3561  data: 0.0098  max mem: 8437
Test:  [1050/2000]  eta: 0:05:39    time: 0.3554  data: 0.0093  max mem: 8437
Test:  [1100/2000]  eta: 0:05:21    time: 0.3553  data: 0.0093  max mem: 8437
Test:  [1150/2000]  eta: 0:05:03    time: 0.3553  data: 0.0092  max mem: 8437
Test:  [1200/2000]  eta: 0:04:46    time: 0.3555  data: 0.0095  max mem: 8437
Test:  [1250/2000]  eta: 0:04:28    time: 0.3562  data: 0.0098  max mem: 8437
Test:  [1300/2000]  eta: 0:04:10    time: 0.3557  data: 0.0095  max mem: 8437
Test:  [1350/2000]  eta: 0:03:52    time: 0.3554  data: 0.0093  max mem: 8437
Test:  [1400/2000]  eta: 0:03:34    time: 0.3554  data: 0.0093  max mem: 8437
Test:  [1450/2000]  eta: 0:03:16    time: 0.3619  data: 0.0134  max mem: 8437
Test:  [1500/2000]  eta: 0:02:58    time: 0.3558  data: 0.0097  max mem: 8437
Test:  [1550/2000]  eta: 0:02:40    time: 0.3558  data: 0.0097  max mem: 8437
Test:  [1600/2000]  eta: 0:02:22    time: 0.3557  data: 0.0097  max mem: 8437
Test:  [1650/2000]  eta: 0:02:05    time: 0.3617  data: 0.0132  max mem: 8437
Test:  [1700/2000]  eta: 0:01:47    time: 0.3556  data: 0.0095  max mem: 8437
Test:  [1750/2000]  eta: 0:01:29    time: 0.3555  data: 0.0093  max mem: 8437
Test:  [1800/2000]  eta: 0:01:11    time: 0.3555  data: 0.0094  max mem: 8437
Test:  [1850/2000]  eta: 0:00:53    time: 0.3555  data: 0.0094  max mem: 8437
Test:  [1900/2000]  eta: 0:00:35    time: 0.3560  data: 0.0097  max mem: 8437
Test:  [1950/2000]  eta: 0:00:17    time: 0.3554  data: 0.0093  max mem: 8437
Test:  [1999/2000]  eta: 0:00:00    time: 0.3554  data: 0.0093  max mem: 8437
Test: Total time: 0:11:54 (0.3571 s / it)
(guided) acc: 72.50; ap: 95.40; racc: 98.80; facc: 46.20;
/home/yabin/ctta4aid_assets/external/IAPL/models/dct.py:353: FutureWarning: `torch.cuda.amp.autocast(args...)` is deprecated. Please use `torch.amp.autocast('cuda', args...)` instead.
  with torch.cuda.amp.autocast(enabled=False):
Test:  [    0/12764]  eta: 1:16:15    time: 0.3584  data: 0.0116  max mem: 8437
Test:  [   50/12764]  eta: 1:16:18    time: 0.3636  data: 0.0144  max mem: 8437
Test:  [  100/12764]  eta: 1:16:32    time: 0.3650  data: 0.0153  max mem: 8437
Test:  [  150/12764]  eta: 1:16:24    time: 0.3658  data: 0.0157  max mem: 8437
Test:  [  200/12764]  eta: 1:16:01    time: 0.3576  data: 0.0111  max mem: 8437
Test:  [  250/12764]  eta: 1:15:29    time: 0.3577  data: 0.0112  max mem: 8437
Test:  [  300/12764]  eta: 1:15:02    time: 0.3576  data: 0.0111  max mem: 8437
Test:  [  350/12764]  eta: 1:14:37    time: 0.3576  data: 0.0111  max mem: 8437
Test:  [  400/12764]  eta: 1:14:14    time: 0.3574  data: 0.0110  max mem: 8437
Test:  [  450/12764]  eta: 1:13:53    time: 0.3577  data: 0.0111  max mem: 8437
Test:  [  500/12764]  eta: 1:13:32    time: 0.3574  data: 0.0110  max mem: 8437
Test:  [  550/12764]  eta: 1:13:13    time: 0.3622  data: 0.0138  max mem: 8437
Test:  [  600/12764]  eta: 1:12:53    time: 0.3575  data: 0.0110  max mem: 8437
Test:  [  650/12764]  eta: 1:12:33    time: 0.3576  data: 0.0111  max mem: 8437
Test:  [  700/12764]  eta: 1:12:14    time: 0.3576  data: 0.0111  max mem: 8437
Test:  [  750/12764]  eta: 1:11:55    time: 0.3577  data: 0.0112  max mem: 8437
Test:  [  800/12764]  eta: 1:11:35    time: 0.3577  data: 0.0112  max mem: 8437
Test:  [  850/12764]  eta: 1:11:21    time: 0.3657  data: 0.0159  max mem: 8437
Test:  [  900/12764]  eta: 1:11:07    time: 0.3650  data: 0.0153  max mem: 8437
Test:  [  950/12764]  eta: 1:10:49    time: 0.3567  data: 0.0104  max mem: 8437
Test:  [ 1000/12764]  eta: 1:10:29    time: 0.3568  data: 0.0105  max mem: 8437
Test:  [ 1050/12764]  eta: 1:10:12    time: 0.3646  data: 0.0151  max mem: 8437
Test:  [ 1100/12764]  eta: 1:09:54    time: 0.3587  data: 0.0116  max mem: 8437
Test:  [ 1150/12764]  eta: 1:09:36    time: 0.3576  data: 0.0111  max mem: 8437
Test:  [ 1200/12764]  eta: 1:09:18    time: 0.3577  data: 0.0111  max mem: 8437
Test:  [ 1250/12764]  eta: 1:08:59    time: 0.3580  data: 0.0113  max mem: 8437
Test:  [ 1300/12764]  eta: 1:08:41    time: 0.3645  data: 0.0150  max mem: 8437
Test:  [ 1350/12764]  eta: 1:08:23    time: 0.3575  data: 0.0110  max mem: 8437
Test:  [ 1400/12764]  eta: 1:08:07    time: 0.3664  data: 0.0163  max mem: 8437
Test:  [ 1450/12764]  eta: 1:07:51    time: 0.3620  data: 0.0135  max mem: 8437
Test:  [ 1500/12764]  eta: 1:07:32    time: 0.3575  data: 0.0110  max mem: 8437
Test:  [ 1550/12764]  eta: 1:07:15    time: 0.3652  data: 0.0152  max mem: 8437
Test:  [ 1600/12764]  eta: 1:06:58    time: 0.3613  data: 0.0131  max mem: 8437
Test:  [ 1650/12764]  eta: 1:06:39    time: 0.3575  data: 0.0110  max mem: 8437
Test:  [ 1700/12764]  eta: 1:06:21    time: 0.3575  data: 0.0110  max mem: 8437
Test:  [ 1750/12764]  eta: 1:06:02    time: 0.3575  data: 0.0110  max mem: 8437
Test:  [ 1800/12764]  eta: 1:05:43    time: 0.3576  data: 0.0111  max mem: 8437
Test:  [ 1850/12764]  eta: 1:05:25    time: 0.3576  data: 0.0111  max mem: 8437
Test:  [ 1900/12764]  eta: 1:05:06    time: 0.3577  data: 0.0112  max mem: 8437
Test:  [ 1950/12764]  eta: 1:04:48    time: 0.3583  data: 0.0115  max mem: 8437
Test:  [ 2000/12764]  eta: 1:04:29    time: 0.3575  data: 0.0109  max mem: 8437
Test:  [ 2050/12764]  eta: 1:04:12    time: 0.3656  data: 0.0157  max mem: 8437
Test:  [ 2100/12764]  eta: 1:03:55    time: 0.3600  data: 0.0126  max mem: 8437
Test:  [ 2150/12764]  eta: 1:03:36    time: 0.3574  data: 0.0110  max mem: 8437
Test:  [ 2200/12764]  eta: 1:03:18    time: 0.3577  data: 0.0112  max mem: 8437
Test:  [ 2250/12764]  eta: 1:03:01    time: 0.3621  data: 0.0136  max mem: 8437
Test:  [ 2300/12764]  eta: 1:02:42    time: 0.3574  data: 0.0110  max mem: 8437
Test:  [ 2350/12764]  eta: 1:02:24    time: 0.3574  data: 0.0110  max mem: 8437
Test:  [ 2400/12764]  eta: 1:02:05    time: 0.3578  data: 0.0111  max mem: 8437
Test:  [ 2450/12764]  eta: 1:01:47    time: 0.3575  data: 0.0110  max mem: 8437
Test:  [ 2500/12764]  eta: 1:01:29    time: 0.3574  data: 0.0109  max mem: 8437
Test:  [ 2550/12764]  eta: 1:01:10    time: 0.3576  data: 0.0111  max mem: 8437
Test:  [ 2600/12764]  eta: 1:00:52    time: 0.3574  data: 0.0109  max mem: 8437
Test:  [ 2650/12764]  eta: 1:00:34    time: 0.3576  data: 0.0111  max mem: 8437
Test:  [ 2700/12764]  eta: 1:00:15    time: 0.3576  data: 0.0111  max mem: 8437
Test:  [ 2750/12764]  eta: 0:59:58    time: 0.3649  data: 0.0153  max mem: 8437
Test:  [ 2800/12764]  eta: 0:59:40    time: 0.3593  data: 0.0122  max mem: 8437
Test:  [ 2850/12764]  eta: 0:59:21    time: 0.3574  data: 0.0110  max mem: 8437
Test:  [ 2900/12764]  eta: 0:59:03    time: 0.3580  data: 0.0114  max mem: 8437
Test:  [ 2950/12764]  eta: 0:58:45    time: 0.3584  data: 0.0118  max mem: 8437
Test:  [ 3000/12764]  eta: 0:58:28    time: 0.3638  data: 0.0146  max mem: 8437
Test:  [ 3050/12764]  eta: 0:58:10    time: 0.3581  data: 0.0114  max mem: 8437
Test:  [ 3100/12764]  eta: 0:57:52    time: 0.3633  data: 0.0143  max mem: 8437
Test:  [ 3150/12764]  eta: 0:57:34    time: 0.3584  data: 0.0116  max mem: 8437
Test:  [ 3200/12764]  eta: 0:57:16    time: 0.3579  data: 0.0113  max mem: 8437
Test:  [ 3250/12764]  eta: 0:56:58    time: 0.3583  data: 0.0115  max mem: 8437
Test:  [ 3300/12764]  eta: 0:56:40    time: 0.3583  data: 0.0116  max mem: 8437
Test:  [ 3350/12764]  eta: 0:56:22    time: 0.3580  data: 0.0114  max mem: 8437
Test:  [ 3400/12764]  eta: 0:56:04    time: 0.3579  data: 0.0113  max mem: 8437
Test:  [ 3450/12764]  eta: 0:55:46    time: 0.3581  data: 0.0114  max mem: 8437
Test:  [ 3500/12764]  eta: 0:55:28    time: 0.3579  data: 0.0112  max mem: 8437
Test:  [ 3550/12764]  eta: 0:55:09    time: 0.3580  data: 0.0114  max mem: 8437
Test:  [ 3600/12764]  eta: 0:54:52    time: 0.3598  data: 0.0123  max mem: 8437
Test:  [ 3650/12764]  eta: 0:54:34    time: 0.3583  data: 0.0116  max mem: 8437
Test:  [ 3700/12764]  eta: 0:54:16    time: 0.3575  data: 0.0110  max mem: 8437
Test:  [ 3750/12764]  eta: 0:53:58    time: 0.3581  data: 0.0114  max mem: 8437
Test:  [ 3800/12764]  eta: 0:53:39    time: 0.3576  data: 0.0111  max mem: 8437
Test:  [ 3850/12764]  eta: 0:53:21    time: 0.3575  data: 0.0110  max mem: 8437
Test:  [ 3900/12764]  eta: 0:53:03    time: 0.3578  data: 0.0112  max mem: 8437
Test:  [ 3950/12764]  eta: 0:52:45    time: 0.3578  data: 0.0112  max mem: 8437
Test:  [ 4000/12764]  eta: 0:52:27    time: 0.3579  data: 0.0113  max mem: 8437
Test:  [ 4050/12764]  eta: 0:52:09    time: 0.3576  data: 0.0111  max mem: 8437
Test:  [ 4100/12764]  eta: 0:51:51    time: 0.3613  data: 0.0132  max mem: 8437
Test:  [ 4150/12764]  eta: 0:51:33    time: 0.3609  data: 0.0131  max mem: 8437
Test:  [ 4200/12764]  eta: 0:51:16    time: 0.3580  data: 0.0113  max mem: 8437
Test:  [ 4250/12764]  eta: 0:50:58    time: 0.3585  data: 0.0117  max mem: 8437
Test:  [ 4300/12764]  eta: 0:50:39    time: 0.3581  data: 0.0113  max mem: 8437
Test:  [ 4350/12764]  eta: 0:50:21    time: 0.3584  data: 0.0113  max mem: 8437
Test:  [ 4400/12764]  eta: 0:50:03    time: 0.3580  data: 0.0114  max mem: 8437
Test:  [ 4450/12764]  eta: 0:49:45    time: 0.3581  data: 0.0115  max mem: 8437
Test:  [ 4500/12764]  eta: 0:49:27    time: 0.3582  data: 0.0114  max mem: 8437
Test:  [ 4550/12764]  eta: 0:49:09    time: 0.3580  data: 0.0113  max mem: 8437
Test:  [ 4600/12764]  eta: 0:48:51    time: 0.3580  data: 0.0113  max mem: 8437
Test:  [ 4650/12764]  eta: 0:48:33    time: 0.3583  data: 0.0116  max mem: 8437
Test:  [ 4700/12764]  eta: 0:48:15    time: 0.3581  data: 0.0114  max mem: 8437
Test:  [ 4750/12764]  eta: 0:47:57    time: 0.3582  data: 0.0115  max mem: 8437
Test:  [ 4800/12764]  eta: 0:47:39    time: 0.3583  data: 0.0116  max mem: 8437
Test:  [ 4850/12764]  eta: 0:47:21    time: 0.3580  data: 0.0113  max mem: 8437
Test:  [ 4900/12764]  eta: 0:47:03    time: 0.3582  data: 0.0115  max mem: 8437
Test:  [ 4950/12764]  eta: 0:46:45    time: 0.3586  data: 0.0119  max mem: 8437
Test:  [ 5000/12764]  eta: 0:46:27    time: 0.3580  data: 0.0113  max mem: 8437
Test:  [ 5050/12764]  eta: 0:46:09    time: 0.3581  data: 0.0114  max mem: 8437
Test:  [ 5100/12764]  eta: 0:45:51    time: 0.3582  data: 0.0115  max mem: 8437
Test:  [ 5150/12764]  eta: 0:45:33    time: 0.3634  data: 0.0144  max mem: 8437
Test:  [ 5200/12764]  eta: 0:45:15    time: 0.3581  data: 0.0115  max mem: 8437
Test:  [ 5250/12764]  eta: 0:44:57    time: 0.3582  data: 0.0115  max mem: 8437
Test:  [ 5300/12764]  eta: 0:44:39    time: 0.3578  data: 0.0112  max mem: 8437
Test:  [ 5350/12764]  eta: 0:44:21    time: 0.3584  data: 0.0115  max mem: 8437
Test:  [ 5400/12764]  eta: 0:44:03    time: 0.3575  data: 0.0110  max mem: 8437
Test:  [ 5450/12764]  eta: 0:43:45    time: 0.3605  data: 0.0127  max mem: 8437
Test:  [ 5500/12764]  eta: 0:43:27    time: 0.3617  data: 0.0134  max mem: 8437
Test:  [ 5550/12764]  eta: 0:43:10    time: 0.3654  data: 0.0157  max mem: 8437
Test:  [ 5600/12764]  eta: 0:42:52    time: 0.3656  data: 0.0157  max mem: 8437
Test:  [ 5650/12764]  eta: 0:42:34    time: 0.3577  data: 0.0112  max mem: 8437
Test:  [ 5700/12764]  eta: 0:42:16    time: 0.3576  data: 0.0110  max mem: 8437
Test:  [ 5750/12764]  eta: 0:41:58    time: 0.3577  data: 0.0111  max mem: 8437
Test:  [ 5800/12764]  eta: 0:41:40    time: 0.3577  data: 0.0111  max mem: 8437
Test:  [ 5850/12764]  eta: 0:41:22    time: 0.3577  data: 0.0111  max mem: 8437
Test:  [ 5900/12764]  eta: 0:41:04    time: 0.3577  data: 0.0111  max mem: 8437
Test:  [ 5950/12764]  eta: 0:40:46    time: 0.3583  data: 0.0113  max mem: 8437
Test:  [ 6000/12764]  eta: 0:40:28    time: 0.3582  data: 0.0115  max mem: 8437
Test:  [ 6050/12764]  eta: 0:40:10    time: 0.3580  data: 0.0114  max mem: 8437
Test:  [ 6100/12764]  eta: 0:39:52    time: 0.3649  data: 0.0154  max mem: 8437
Test:  [ 6150/12764]  eta: 0:39:34    time: 0.3582  data: 0.0115  max mem: 8437
Test:  [ 6200/12764]  eta: 0:39:17    time: 0.3638  data: 0.0145  max mem: 8437
Test:  [ 6250/12764]  eta: 0:38:59    time: 0.3613  data: 0.0131  max mem: 8437
Test:  [ 6300/12764]  eta: 0:38:41    time: 0.3576  data: 0.0111  max mem: 8437
Test:  [ 6350/12764]  eta: 0:38:23    time: 0.3583  data: 0.0116  max mem: 8437
Test:  [ 6400/12764]  eta: 0:38:05    time: 0.3578  data: 0.0114  max mem: 8437
Test:  [ 6450/12764]  eta: 0:37:47    time: 0.3579  data: 0.0116  max mem: 8437
Test:  [ 6500/12764]  eta: 0:37:29    time: 0.3578  data: 0.0115  max mem: 8437
Test:  [ 6550/12764]  eta: 0:37:11    time: 0.3578  data: 0.0115  max mem: 8437
Test:  [ 6600/12764]  eta: 0:36:53    time: 0.3572  data: 0.0109  max mem: 8437
Test:  [ 6650/12764]  eta: 0:36:35    time: 0.3578  data: 0.0114  max mem: 8437
Test:  [ 6700/12764]  eta: 0:36:17    time: 0.3576  data: 0.0112  max mem: 8437
Test:  [ 6750/12764]  eta: 0:35:59    time: 0.3574  data: 0.0111  max mem: 8437
Test:  [ 6800/12764]  eta: 0:35:41    time: 0.3573  data: 0.0110  max mem: 8437
Test:  [ 6850/12764]  eta: 0:35:23    time: 0.3616  data: 0.0135  max mem: 8437
Test:  [ 6900/12764]  eta: 0:35:05    time: 0.3572  data: 0.0110  max mem: 8437
Test:  [ 6950/12764]  eta: 0:34:47    time: 0.3573  data: 0.0110  max mem: 8437
Test:  [ 7000/12764]  eta: 0:34:29    time: 0.3572  data: 0.0110  max mem: 8437
Test:  [ 7050/12764]  eta: 0:34:11    time: 0.3572  data: 0.0110  max mem: 8437
Test:  [ 7100/12764]  eta: 0:33:53    time: 0.3573  data: 0.0110  max mem: 8437
Test:  [ 7150/12764]  eta: 0:33:35    time: 0.3572  data: 0.0110  max mem: 8437
Test:  [ 7200/12764]  eta: 0:33:17    time: 0.3574  data: 0.0111  max mem: 8437
Test:  [ 7250/12764]  eta: 0:32:59    time: 0.3574  data: 0.0111  max mem: 8437
Test:  [ 7300/12764]  eta: 0:32:41    time: 0.3572  data: 0.0111  max mem: 8437
Test:  [ 7350/12764]  eta: 0:32:23    time: 0.3574  data: 0.0111  max mem: 8437
Test:  [ 7400/12764]  eta: 0:32:05    time: 0.3573  data: 0.0111  max mem: 8437
Test:  [ 7450/12764]  eta: 0:31:47    time: 0.3573  data: 0.0111  max mem: 8437
Test:  [ 7500/12764]  eta: 0:31:29    time: 0.3639  data: 0.0148  max mem: 8437
Test:  [ 7550/12764]  eta: 0:31:11    time: 0.3600  data: 0.0125  max mem: 8437
Test:  [ 7600/12764]  eta: 0:30:53    time: 0.3573  data: 0.0110  max mem: 8437
Test:  [ 7650/12764]  eta: 0:30:35    time: 0.3574  data: 0.0111  max mem: 8437
Test:  [ 7700/12764]  eta: 0:30:17    time: 0.3584  data: 0.0117  max mem: 8437
Test:  [ 7750/12764]  eta: 0:29:59    time: 0.3572  data: 0.0110  max mem: 8437
Test:  [ 7800/12764]  eta: 0:29:41    time: 0.3573  data: 0.0111  max mem: 8437
Test:  [ 7850/12764]  eta: 0:29:23    time: 0.3574  data: 0.0111  max mem: 8437
Test:  [ 7900/12764]  eta: 0:29:05    time: 0.3573  data: 0.0111  max mem: 8437
Test:  [ 7950/12764]  eta: 0:28:47    time: 0.3574  data: 0.0111  max mem: 8437
Test:  [ 8000/12764]  eta: 0:28:29    time: 0.3572  data: 0.0110  max mem: 8437
Test:  [ 8050/12764]  eta: 0:28:11    time: 0.3604  data: 0.0127  max mem: 8437
Test:  [ 8100/12764]  eta: 0:27:53    time: 0.3651  data: 0.0155  max mem: 8437
Test:  [ 8150/12764]  eta: 0:27:35    time: 0.3573  data: 0.0110  max mem: 8437
Test:  [ 8200/12764]  eta: 0:27:17    time: 0.3640  data: 0.0174  max mem: 8437
Test:  [ 8250/12764]  eta: 0:26:59    time: 0.3573  data: 0.0110  max mem: 8437
Test:  [ 8300/12764]  eta: 0:26:41    time: 0.3572  data: 0.0110  max mem: 8437
Test:  [ 8350/12764]  eta: 0:26:23    time: 0.3572  data: 0.0110  max mem: 8437
Test:  [ 8400/12764]  eta: 0:26:05    time: 0.3572  data: 0.0110  max mem: 8437
Test:  [ 8450/12764]  eta: 0:25:47    time: 0.3570  data: 0.0109  max mem: 8437
Test:  [ 8500/12764]  eta: 0:25:29    time: 0.3566  data: 0.0105  max mem: 8437
Test:  [ 8550/12764]  eta: 0:25:11    time: 0.3605  data: 0.0128  max mem: 8437
Test:  [ 8600/12764]  eta: 0:24:54    time: 0.3615  data: 0.0134  max mem: 8437
Test:  [ 8650/12764]  eta: 0:24:36    time: 0.3568  data: 0.0106  max mem: 8437
Test:  [ 8700/12764]  eta: 0:24:18    time: 0.3593  data: 0.0122  max mem: 8437
Test:  [ 8750/12764]  eta: 0:24:00    time: 0.3568  data: 0.0107  max mem: 8437
Test:  [ 8800/12764]  eta: 0:23:42    time: 0.3570  data: 0.0108  max mem: 8437
Test:  [ 8850/12764]  eta: 0:23:24    time: 0.3588  data: 0.0119  max mem: 8437
Test:  [ 8900/12764]  eta: 0:23:06    time: 0.3578  data: 0.0113  max mem: 8437
Test:  [ 8950/12764]  eta: 0:22:48    time: 0.3566  data: 0.0105  max mem: 8437
Test:  [ 9000/12764]  eta: 0:22:30    time: 0.3569  data: 0.0108  max mem: 8437
Test:  [ 9050/12764]  eta: 0:22:12    time: 0.3613  data: 0.0133  max mem: 8437
Test:  [ 9100/12764]  eta: 0:21:54    time: 0.3567  data: 0.0106  max mem: 8437
Test:  [ 9150/12764]  eta: 0:21:36    time: 0.3568  data: 0.0106  max mem: 8437
Test:  [ 9200/12764]  eta: 0:21:18    time: 0.3570  data: 0.0107  max mem: 8437
Test:  [ 9250/12764]  eta: 0:21:00    time: 0.3571  data: 0.0109  max mem: 8437
Test:  [ 9300/12764]  eta: 0:20:42    time: 0.3570  data: 0.0107  max mem: 8437
Test:  [ 9350/12764]  eta: 0:20:24    time: 0.3570  data: 0.0108  max mem: 8437
Test:  [ 9400/12764]  eta: 0:20:06    time: 0.3569  data: 0.0107  max mem: 8437
Test:  [ 9450/12764]  eta: 0:19:48    time: 0.3570  data: 0.0109  max mem: 8437
Test:  [ 9500/12764]  eta: 0:19:30    time: 0.3568  data: 0.0106  max mem: 8437
Test:  [ 9550/12764]  eta: 0:19:12    time: 0.3618  data: 0.0136  max mem: 8437
Test:  [ 9600/12764]  eta: 0:18:54    time: 0.3567  data: 0.0106  max mem: 8437
Test:  [ 9650/12764]  eta: 0:18:36    time: 0.3567  data: 0.0106  max mem: 8437
Test:  [ 9700/12764]  eta: 0:18:18    time: 0.3569  data: 0.0107  max mem: 8437
Test:  [ 9750/12764]  eta: 0:18:00    time: 0.3572  data: 0.0109  max mem: 8437
Test:  [ 9800/12764]  eta: 0:17:43    time: 0.3568  data: 0.0106  max mem: 8437
Test:  [ 9850/12764]  eta: 0:17:25    time: 0.3568  data: 0.0106  max mem: 8437
Test:  [ 9900/12764]  eta: 0:17:07    time: 0.3569  data: 0.0107  max mem: 8437
Test:  [ 9950/12764]  eta: 0:16:49    time: 0.3569  data: 0.0107  max mem: 8437
Test:  [10000/12764]  eta: 0:16:31    time: 0.3567  data: 0.0106  max mem: 8437
Test:  [10050/12764]  eta: 0:16:13    time: 0.3622  data: 0.0139  max mem: 8437
Test:  [10100/12764]  eta: 0:15:55    time: 0.3605  data: 0.0128  max mem: 8437
Test:  [10150/12764]  eta: 0:15:37    time: 0.3566  data: 0.0105  max mem: 8437
Test:  [10200/12764]  eta: 0:15:19    time: 0.3570  data: 0.0108  max mem: 8437
Test:  [10250/12764]  eta: 0:15:01    time: 0.3571  data: 0.0109  max mem: 8437
Test:  [10300/12764]  eta: 0:14:43    time: 0.3565  data: 0.0104  max mem: 8437
Test:  [10350/12764]  eta: 0:14:25    time: 0.3566  data: 0.0105  max mem: 8437
Test:  [10400/12764]  eta: 0:14:07    time: 0.3574  data: 0.0110  max mem: 8437
Test:  [10450/12764]  eta: 0:13:49    time: 0.3568  data: 0.0106  max mem: 8437
Test:  [10500/12764]  eta: 0:13:31    time: 0.3570  data: 0.0108  max mem: 8437
Test:  [10550/12764]  eta: 0:13:13    time: 0.3568  data: 0.0106  max mem: 8437
Test:  [10600/12764]  eta: 0:12:55    time: 0.3572  data: 0.0109  max mem: 8437
Test:  [10650/12764]  eta: 0:12:37    time: 0.3568  data: 0.0106  max mem: 8437
Test:  [10700/12764]  eta: 0:12:20    time: 0.3622  data: 0.0137  max mem: 8437
Test:  [10750/12764]  eta: 0:12:02    time: 0.3584  data: 0.0115  max mem: 8437
Test:  [10800/12764]  eta: 0:11:44    time: 0.3568  data: 0.0106  max mem: 8437
Test:  [10850/12764]  eta: 0:11:26    time: 0.3570  data: 0.0108  max mem: 8437
Test:  [10900/12764]  eta: 0:11:08    time: 0.3666  data: 0.0198  max mem: 8437
Test:  [10950/12764]  eta: 0:10:50    time: 0.3568  data: 0.0107  max mem: 8437
Test:  [11000/12764]  eta: 0:10:32    time: 0.3573  data: 0.0109  max mem: 8437
Test:  [11050/12764]  eta: 0:10:14    time: 0.3569  data: 0.0107  max mem: 8437
Test:  [11100/12764]  eta: 0:09:56    time: 0.3567  data: 0.0106  max mem: 8437
Test:  [11150/12764]  eta: 0:09:38    time: 0.3571  data: 0.0108  max mem: 8437
Test:  [11200/12764]  eta: 0:09:20    time: 0.3568  data: 0.0106  max mem: 8437
Test:  [11250/12764]  eta: 0:09:02    time: 0.3571  data: 0.0109  max mem: 8437
Test:  [11300/12764]  eta: 0:08:44    time: 0.3568  data: 0.0106  max mem: 8437
Test:  [11350/12764]  eta: 0:08:26    time: 0.3568  data: 0.0106  max mem: 8437
Test:  [11400/12764]  eta: 0:08:09    time: 0.3569  data: 0.0107  max mem: 8437
Test:  [11450/12764]  eta: 0:07:51    time: 0.3568  data: 0.0106  max mem: 8437
Test:  [11500/12764]  eta: 0:07:33    time: 0.3568  data: 0.0106  max mem: 8437
Test:  [11550/12764]  eta: 0:07:15    time: 0.3569  data: 0.0108  max mem: 8437
Test:  [11600/12764]  eta: 0:06:57    time: 0.3569  data: 0.0107  max mem: 8437
Test:  [11650/12764]  eta: 0:06:39    time: 0.3568  data: 0.0106  max mem: 8437
Test:  [11700/12764]  eta: 0:06:21    time: 0.3568  data: 0.0107  max mem: 8437
Test:  [11750/12764]  eta: 0:06:03    time: 0.3571  data: 0.0108  max mem: 8437
Test:  [11800/12764]  eta: 0:05:45    time: 0.3571  data: 0.0109  max mem: 8437
Test:  [11850/12764]  eta: 0:05:27    time: 0.3568  data: 0.0107  max mem: 8437
Test:  [11900/12764]  eta: 0:05:09    time: 0.3590  data: 0.0120  max mem: 8437
Test:  [11950/12764]  eta: 0:04:51    time: 0.3570  data: 0.0107  max mem: 8437
Test:  [12000/12764]  eta: 0:04:33    time: 0.3569  data: 0.0107  max mem: 8437
Test:  [12050/12764]  eta: 0:04:15    time: 0.3569  data: 0.0107  max mem: 8437
Test:  [12100/12764]  eta: 0:03:58    time: 0.3569  data: 0.0106  max mem: 8437
Test:  [12150/12764]  eta: 0:03:40    time: 0.3568  data: 0.0107  max mem: 8437
Test:  [12200/12764]  eta: 0:03:22    time: 0.3568  data: 0.0106  max mem: 8437
Test:  [12250/12764]  eta: 0:03:04    time: 0.3569  data: 0.0107  max mem: 8437
Test:  [12300/12764]  eta: 0:02:46    time: 0.3568  data: 0.0107  max mem: 8437
Test:  [12350/12764]  eta: 0:02:28    time: 0.3570  data: 0.0108  max mem: 8437
Test:  [12400/12764]  eta: 0:02:10    time: 0.3567  data: 0.0106  max mem: 8437
Test:  [12450/12764]  eta: 0:01:52    time: 0.3567  data: 0.0106  max mem: 8437
Test:  [12500/12764]  eta: 0:01:34    time: 0.3641  data: 0.0151  max mem: 8437
Test:  [12550/12764]  eta: 0:01:16    time: 0.3635  data: 0.0146  max mem: 8437
Test:  [12600/12764]  eta: 0:00:58    time: 0.3645  data: 0.0150  max mem: 8437
Test:  [12650/12764]  eta: 0:00:40    time: 0.3569  data: 0.0108  max mem: 8437
Test:  [12700/12764]  eta: 0:00:22    time: 0.3570  data: 0.0108  max mem: 8437
Test:  [12750/12764]  eta: 0:00:05    time: 0.3570  data: 0.0107  max mem: 8437
Test:  [12763/12764]  eta: 0:00:00    time: 0.3569  data: 0.0107  max mem: 8437
Test: Total time: 1:16:15 (0.3585 s / it)
(imle) acc: 92.34; ap: 92.71; racc: 84.68; facc: 100.00;
/home/yabin/ctta4aid_assets/external/IAPL/models/dct.py:353: FutureWarning: `torch.cuda.amp.autocast(args...)` is deprecated. Please use `torch.amp.autocast('cuda', args...)` instead.
  with torch.cuda.amp.autocast(enabled=False):
Test:  [  0/438]  eta: 0:02:37    time: 0.3602  data: 0.0107  max mem: 8437
Test:  [ 50/438]  eta: 0:02:18    time: 0.3578  data: 0.0111  max mem: 8437
Test:  [100/438]  eta: 0:02:00    time: 0.3589  data: 0.0117  max mem: 8437
Test:  [150/438]  eta: 0:01:44    time: 0.3714  data: 0.0222  max mem: 8437
Test:  [200/438]  eta: 0:01:26    time: 0.3778  data: 0.0275  max mem: 8437
Test:  [250/438]  eta: 0:01:08    time: 0.3598  data: 0.0126  max mem: 8437
Test:  [300/438]  eta: 0:00:50    time: 0.3575  data: 0.0111  max mem: 8437
Test:  [350/438]  eta: 0:00:32    time: 0.3720  data: 0.0229  max mem: 8437
Test:  [400/438]  eta: 0:00:13    time: 0.3731  data: 0.0239  max mem: 8437
Test:  [437/438]  eta: 0:00:00    time: 0.3602  data: 0.0131  max mem: 8437
Test: Total time: 0:02:39 (0.3648 s / it)
(san) acc: 94.06; ap: 97.47; racc: 98.17; facc: 89.95;
/home/yabin/ctta4aid_assets/external/IAPL/models/dct.py:353: FutureWarning: `torch.cuda.amp.autocast(args...)` is deprecated. Please use `torch.amp.autocast('cuda', args...)` instead.
  with torch.cuda.amp.autocast(enabled=False):
Test:  [  0/360]  eta: 0:03:44    time: 0.6249  data: 0.2699  max mem: 8437
Test:  [ 50/360]  eta: 0:04:04    time: 0.8365  data: 0.4836  max mem: 8437
Test:  [100/360]  eta: 0:03:31    time: 0.8867  data: 0.5328  max mem: 8437
Test:  [150/360]  eta: 0:02:54    time: 0.7440  data: 0.3911  max mem: 8437
Test:  [200/360]  eta: 0:02:06    time: 0.6775  data: 0.3247  max mem: 8437
Test:  [250/360]  eta: 0:01:24    time: 0.6741  data: 0.3209  max mem: 8437
Test:  [300/360]  eta: 0:00:45    time: 0.8022  data: 0.4489  max mem: 8437
Test:  [350/360]  eta: 0:00:07    time: 0.5890  data: 0.2360  max mem: 8437
Test:  [359/360]  eta: 0:00:00    time: 0.5952  data: 0.2423  max mem: 8437
Test: Total time: 0:04:25 (0.7384 s / it)
(seeingdark) acc: 90.28; ap: 87.07; racc: 80.56; facc: 100.00;
(0 crn       ) acc: 92.33; ap: 92.48; racc: 84.66; facc: 100.00;
(1 guided    ) acc: 72.50; ap: 95.40; racc: 98.80; facc: 46.20;
(2 imle      ) acc: 92.34; ap: 92.71; racc: 84.68; facc: 100.00;
(3 san       ) acc: 94.06; ap: 97.47; racc: 98.17; facc: 89.95;
(4 seeingdark) acc: 90.28; ap: 87.07; racc: 80.56; facc: 100.00;
(5 mean      ) acc: 88.30; ap: 93.03; racc: 89.37; facc: 87.23;
[rank0]:[W717 15:16:58.396580767 ProcessGroupNCCL.cpp:1647] Warning: WARNING: destroy_process_group() was not called before program exit, which can leak resources. For more info, please see https://pytorch.org/docs/stable/distributed.html#shutdown (function operator())
