world size: 1, rank: 0, local rank: 0
{
  "SHELL": "/bin/bash",
  "PYTHONUNBUFFERED": "1",
  "no_proxy": "localhost,127.0.0.1,10.0.0.0/8,172.16.0.0/12,192.168.0.0/16,100.64.0.0/10",
  "CONDA_EXE": "/home/yabin/miniconda3/bin/conda",
  "_CE_M": "",
  "PWD": "/home/yabin/ctta4aid_assets/external/IAPL",
  "LOGNAME": "yabin",
  "XDG_SESSION_TYPE": "tty",
  "CONDA_PREFIX": "/home/yabin/miniconda3/envs/cl",
  "HOME": "/home/yabin",
  "LANG": "zh_CN.UTF-8",
  "CONDA_PROMPT_MODIFIER": "(cl) ",
  "https_proxy": "http://127.0.0.1:17890",
  "SSH_CONNECTION": "100.70.179.13 64642 100.125.129.111 22",
  "_CONDA_EXE": "/home/yabin/miniconda3/bin/conda",
  "XDG_SESSION_CLASS": "user",
  "_CONDA_ROOT": "/home/yabin/miniconda3",
  "PYTHONPATH": "/home/yabin/ctta4aid-arrow/src",
  "_CE_CONDA": "",
  "USER": "yabin",
  "CONDA_SHLVL": "1",
  "SHLVL": "1",
  "XDG_SESSION_ID": "2567",
  "http_proxy": "http://127.0.0.1:17890",
  "CONDA_PYTHON_EXE": "/home/yabin/miniconda3/bin/python",
  "LC_CTYPE": "C.UTF-8",
  "XDG_RUNTIME_DIR": "/run/user/1000",
  "SSH_CLIENT": "100.70.179.13 64642 22",
  "CONDA_DEFAULT_ENV": "cl",
  "DEBUGINFOD_URLS": "https://debuginfod.ubuntu.com ",
  "LC_ALL": "C.UTF-8",
  "XDG_DATA_DIRS": "/usr/share/gnome:/usr/local/share:/usr/share:/var/lib/snapd/desktop",
  "all_proxy": "socks5://127.0.0.1:17891",
  "PATH": "/home/yabin/miniconda3/envs/cl/bin:/home/yabin/miniconda3/condabin:/usr/local/sbin:/usr/local/bin:/usr/sbin:/usr/bin:/sbin:/bin:/usr/games:/usr/local/games:/snap/bin",
  "DBUS_SESSION_BUS_ADDRESS": "unix:path=/run/user/1000/bus",
  "OLDPWD": "/home/yabin",
  "TORCHELASTIC_SIGNALS_TO_HANDLE": "SIGTERM,SIGINT,SIGHUP,SIGQUIT",
  "RANK": "0",
  "GROUP_RANK": "0",
  "ROLE_RANK": "0",
  "ROLE_NAME": "default",
  "LOCAL_WORLD_SIZE": "1",
  "WORLD_SIZE": "1",
  "GROUP_WORLD_SIZE": "1",
  "ROLE_WORLD_SIZE": "1",
  "MASTER_ADDR": "127.0.0.1",
  "MASTER_PORT": "29701",
  "TORCHELASTIC_RESTART_COUNT": "0",
  "TORCHELASTIC_MAX_RESTARTS": "0",
  "TORCHELASTIC_RUN_ID": "none",
  "TORCHELASTIC_USE_AGENT_STORE": "True",
  "TORCH_NCCL_ASYNC_ERROR_HANDLING": "1",
  "LOCAL_RANK": "0",
  "TORCHELASTIC_ERROR_FILE": "/tmp/torchelastic_t82t6vxj/none_bas0t9_3/attempt_0/0/error.json",
  "TORCHINDUCTOR_CACHE_DIR": "/tmp/torchinductor_yabin",
  "QT_QPA_PLATFORM_PLUGIN_PATH": "/home/yabin/miniconda3/envs/cl/lib/python3.11/site-packages/cv2/qt/plugins",
  "QT_QPA_FONTDIR": "/home/yabin/miniconda3/envs/cl/lib/python3.11/site-packages/cv2/qt/fonts",
  "LD_LIBRARY_PATH": "/home/yabin/miniconda3/envs/cl/lib/python3.11/site-packages/cv2/../../lib64:",
  "KMP_DUPLICATE_LIB_OK": "True",
  "KMP_INIT_AT_FORK": "FALSE"
}
world_size:1 rank:0 local_rank:0
| distributed init (rank 0): env://
Before torch.distributed.barrier()
/home/yabin/miniconda3/envs/cl/lib/python3.11/site-packages/torch/distributed/c10d_logger.py:83: UserWarning: barrier(): using the device under current context. You can specify `device_id` in `init_process_group` to mute this warning.
  return func(*args, **kwargs)
[rank0]:[W720 05:34:43.267031027 ProcessGroupNCCL.cpp:5324] Guessing device ID based on global rank. This can cause a hang if rank to GPU mapping is heterogeneous. You can specify device_id in init_process_group()
End torch.distributed.barrier()
['transformer.resblocks.1.gamma', 'transformer.resblocks.2.gamma', 'transformer.resblocks.3.gamma', 'transformer.resblocks.3.adapter.down_proj.weight', 'transformer.resblocks.3.adapter.down_proj.bias', 'transformer.resblocks.3.adapter.up_proj.weight', 'transformer.resblocks.3.adapter.up_proj.bias', 'transformer.resblocks.4.gamma', 'transformer.resblocks.5.gamma', 'transformer.resblocks.6.gamma', 'transformer.resblocks.7.gamma', 'transformer.resblocks.7.adapter.down_proj.weight', 'transformer.resblocks.7.adapter.down_proj.bias', 'transformer.resblocks.7.adapter.up_proj.weight', 'transformer.resblocks.7.adapter.up_proj.bias', 'transformer.resblocks.8.gamma', 'transformer.resblocks.11.adapter.down_proj.weight', 'transformer.resblocks.11.adapter.down_proj.bias', 'transformer.resblocks.11.adapter.up_proj.weight', 'transformer.resblocks.11.adapter.up_proj.bias', 'transformer.resblocks.15.adapter.down_proj.weight', 'transformer.resblocks.15.adapter.down_proj.bias', 'transformer.resblocks.15.adapter.up_proj.weight', 'transformer.resblocks.15.adapter.up_proj.bias', 'transformer.resblocks.19.adapter.down_proj.weight', 'transformer.resblocks.19.adapter.down_proj.bias', 'transformer.resblocks.19.adapter.up_proj.weight', 'transformer.resblocks.19.adapter.up_proj.bias', 'transformer.resblocks.23.adapter.down_proj.weight', 'transformer.resblocks.23.adapter.down_proj.bias', 'transformer.resblocks.23.adapter.up_proj.weight', 'transformer.resblocks.23.adapter.up_proj.bias']
/home/yabin/ctta4aid_assets/external/IAPL/models/dct.py:353: FutureWarning: `torch.cuda.amp.autocast(args...)` is deprecated. Please use `torch.amp.autocast('cuda', args...)` instead.
  with torch.cuda.amp.autocast(enabled=False):
Epoch: [0]  [   0/9001]  eta: 1:15:30  lr: 0.000050  loss: 1.3770 (1.3770)  loss_adapter: 0.6605 (0.6605)  loss_condition: 0.7165 (0.7165)  loss_adapter_unscaled: 0.6605 (0.6605)  loss_condition_unscaled: 0.7165 (0.7165)  time: 0.5034  data: 0.0417  max mem: 7486
Epoch: [0]  [  50/9001]  eta: 0:41:39  lr: 0.000050  loss: 1.3200 (1.3850)  loss_adapter: 0.6246 (0.6634)  loss_condition: 0.7113 (0.7216)  loss_adapter_unscaled: 0.6246 (0.6634)  loss_condition_unscaled: 0.7113 (0.7216)  time: 0.2758  data: 0.0404  max mem: 7853
Epoch: [0]  [ 100/9001]  eta: 0:41:05  lr: 0.000050  loss: 1.1251 (1.3012)  loss_adapter: 0.4224 (0.5851)  loss_condition: 0.7021 (0.7161)  loss_adapter_unscaled: 0.4224 (0.5851)  loss_condition_unscaled: 0.7021 (0.7161)  time: 0.2752  data: 0.0400  max mem: 7853
Epoch: [0]  [ 150/9001]  eta: 0:40:41  lr: 0.000050  loss: 0.9815 (1.2057)  loss_adapter: 0.2377 (0.4922)  loss_condition: 0.7179 (0.7135)  loss_adapter_unscaled: 0.2377 (0.4922)  loss_condition_unscaled: 0.7179 (0.7135)  time: 0.2737  data: 0.0380  max mem: 7853
Epoch: [0]  [ 200/9001]  eta: 0:40:23  lr: 0.000050  loss: 0.8099 (1.1232)  loss_adapter: 0.1144 (0.4081)  loss_condition: 0.7077 (0.7151)  loss_adapter_unscaled: 0.1144 (0.4081)  loss_condition_unscaled: 0.7077 (0.7151)  time: 0.2743  data: 0.0387  max mem: 7853
Epoch: [0]  [ 250/9001]  eta: 0:40:07  lr: 0.000050  loss: 0.7564 (1.0535)  loss_adapter: 0.0512 (0.3408)  loss_condition: 0.7026 (0.7127)  loss_adapter_unscaled: 0.0512 (0.3408)  loss_condition_unscaled: 0.7026 (0.7127)  time: 0.2742  data: 0.0386  max mem: 7853
Epoch: [0]  [ 300/9001]  eta: 0:39:52  lr: 0.000050  loss: 0.7180 (0.9979)  loss_adapter: 0.0288 (0.2903)  loss_condition: 0.6878 (0.7077)  loss_adapter_unscaled: 0.0288 (0.2903)  loss_condition_unscaled: 0.6878 (0.7077)  time: 0.2755  data: 0.0396  max mem: 7853
Epoch: [0]  [ 350/9001]  eta: 0:39:40  lr: 0.000050  loss: 0.6948 (0.9557)  loss_adapter: 0.0181 (0.2520)  loss_condition: 0.6764 (0.7038)  loss_adapter_unscaled: 0.0181 (0.2520)  loss_condition_unscaled: 0.6764 (0.7038)  time: 0.2737  data: 0.0382  max mem: 7853
Epoch: [0]  [ 400/9001]  eta: 0:39:25  lr: 0.000050  loss: 0.7063 (0.9227)  loss_adapter: 0.0125 (0.2224)  loss_condition: 0.6902 (0.7003)  loss_adapter_unscaled: 0.0125 (0.2224)  loss_condition_unscaled: 0.6902 (0.7003)  time: 0.2741  data: 0.0379  max mem: 7853
Epoch: [0]  [ 450/9001]  eta: 0:39:12  lr: 0.000050  loss: 0.6424 (0.8960)  loss_adapter: 0.0096 (0.1989)  loss_condition: 0.6319 (0.6971)  loss_adapter_unscaled: 0.0096 (0.1989)  loss_condition_unscaled: 0.6319 (0.6971)  time: 0.2769  data: 0.0412  max mem: 7853
Epoch: [0]  [ 500/9001]  eta: 0:39:00  lr: 0.000050  loss: 0.6643 (0.8749)  loss_adapter: 0.0069 (0.1798)  loss_condition: 0.6567 (0.6950)  loss_adapter_unscaled: 0.0069 (0.1798)  loss_condition_unscaled: 0.6567 (0.6950)  time: 0.2779  data: 0.0416  max mem: 7853
Epoch: [0]  [ 550/9001]  eta: 0:38:48  lr: 0.000050  loss: 0.6434 (0.8541)  loss_adapter: 0.0049 (0.1640)  loss_condition: 0.6383 (0.6901)  loss_adapter_unscaled: 0.0049 (0.1640)  loss_condition_unscaled: 0.6383 (0.6901)  time: 0.2771  data: 0.0409  max mem: 7853
Epoch: [0]  [ 600/9001]  eta: 0:38:35  lr: 0.000050  loss: 0.6527 (0.8372)  loss_adapter: 0.0041 (0.1509)  loss_condition: 0.6490 (0.6862)  loss_adapter_unscaled: 0.0041 (0.1509)  loss_condition_unscaled: 0.6490 (0.6862)  time: 0.2746  data: 0.0388  max mem: 7853
Epoch: [0]  [ 650/9001]  eta: 0:38:20  lr: 0.000050  loss: 0.6100 (0.8218)  loss_adapter: 0.0035 (0.1396)  loss_condition: 0.6063 (0.6822)  loss_adapter_unscaled: 0.0035 (0.1396)  loss_condition_unscaled: 0.6063 (0.6822)  time: 0.2746  data: 0.0384  max mem: 7853
Epoch: [0]  [ 700/9001]  eta: 0:38:06  lr: 0.000050  loss: 0.6288 (0.8092)  loss_adapter: 0.0028 (0.1299)  loss_condition: 0.6259 (0.6793)  loss_adapter_unscaled: 0.0028 (0.1299)  loss_condition_unscaled: 0.6259 (0.6793)  time: 0.2755  data: 0.0385  max mem: 7853
Epoch: [0]  [ 750/9001]  eta: 0:37:52  lr: 0.000050  loss: 0.5941 (0.7979)  loss_adapter: 0.0025 (0.1215)  loss_condition: 0.5913 (0.6765)  loss_adapter_unscaled: 0.0025 (0.1215)  loss_condition_unscaled: 0.5913 (0.6765)  time: 0.2738  data: 0.0387  max mem: 7853
Epoch: [0]  [ 800/9001]  eta: 0:37:38  lr: 0.000050  loss: 0.5656 (0.7864)  loss_adapter: 0.0021 (0.1140)  loss_condition: 0.5632 (0.6724)  loss_adapter_unscaled: 0.0021 (0.1140)  loss_condition_unscaled: 0.5632 (0.6724)  time: 0.2751  data: 0.0385  max mem: 7853
Epoch: [0]  [ 850/9001]  eta: 0:37:24  lr: 0.000050  loss: 0.5588 (0.7759)  loss_adapter: 0.0018 (0.1075)  loss_condition: 0.5569 (0.6685)  loss_adapter_unscaled: 0.0018 (0.1075)  loss_condition_unscaled: 0.5569 (0.6685)  time: 0.2751  data: 0.0398  max mem: 7853
Epoch: [0]  [ 900/9001]  eta: 0:37:12  lr: 0.000050  loss: 0.5831 (0.7660)  loss_adapter: 0.0017 (0.1016)  loss_condition: 0.5814 (0.6644)  loss_adapter_unscaled: 0.0017 (0.1016)  loss_condition_unscaled: 0.5814 (0.6644)  time: 0.2795  data: 0.0421  max mem: 7853
Epoch: [0]  [ 950/9001]  eta: 0:36:59  lr: 0.000050  loss: 0.5953 (0.7586)  loss_adapter: 0.0016 (0.0963)  loss_condition: 0.5940 (0.6623)  loss_adapter_unscaled: 0.0016 (0.0963)  loss_condition_unscaled: 0.5940 (0.6623)  time: 0.2800  data: 0.0425  max mem: 7853
Epoch: [0]  [1000/9001]  eta: 0:36:46  lr: 0.000050  loss: 0.5771 (0.7490)  loss_adapter: 0.0013 (0.0916)  loss_condition: 0.5750 (0.6575)  loss_adapter_unscaled: 0.0013 (0.0916)  loss_condition_unscaled: 0.5750 (0.6575)  time: 0.2768  data: 0.0404  max mem: 7853
Epoch: [0]  [1050/9001]  eta: 0:36:32  lr: 0.000050  loss: 0.5619 (0.7411)  loss_adapter: 0.0012 (0.0873)  loss_condition: 0.5609 (0.6538)  loss_adapter_unscaled: 0.0012 (0.0873)  loss_condition_unscaled: 0.5609 (0.6538)  time: 0.2750  data: 0.0394  max mem: 7853
Epoch: [0]  [1100/9001]  eta: 0:36:19  lr: 0.000050  loss: 0.5626 (0.7339)  loss_adapter: 0.0011 (0.0834)  loss_condition: 0.5616 (0.6505)  loss_adapter_unscaled: 0.0011 (0.0834)  loss_condition_unscaled: 0.5616 (0.6505)  time: 0.2766  data: 0.0395  max mem: 7853
Epoch: [0]  [1150/9001]  eta: 0:36:05  lr: 0.000050  loss: 0.5044 (0.7261)  loss_adapter: 0.0009 (0.0798)  loss_condition: 0.5032 (0.6462)  loss_adapter_unscaled: 0.0009 (0.0798)  loss_condition_unscaled: 0.5032 (0.6462)  time: 0.2750  data: 0.0383  max mem: 7853
Epoch: [0]  [1200/9001]  eta: 0:35:51  lr: 0.000050  loss: 0.5478 (0.7205)  loss_adapter: 0.0010 (0.0766)  loss_condition: 0.5469 (0.6440)  loss_adapter_unscaled: 0.0010 (0.0766)  loss_condition_unscaled: 0.5469 (0.6440)  time: 0.2750  data: 0.0385  max mem: 7853
Epoch: [0]  [1250/9001]  eta: 0:35:36  lr: 0.000050  loss: 0.5983 (0.7156)  loss_adapter: 0.0009 (0.0735)  loss_condition: 0.5971 (0.6420)  loss_adapter_unscaled: 0.0009 (0.0735)  loss_condition_unscaled: 0.5971 (0.6420)  time: 0.2754  data: 0.0392  max mem: 7853
Epoch: [0]  [1300/9001]  eta: 0:35:22  lr: 0.000050  loss: 0.4963 (0.7088)  loss_adapter: 0.0008 (0.0707)  loss_condition: 0.4956 (0.6381)  loss_adapter_unscaled: 0.0008 (0.0707)  loss_condition_unscaled: 0.4956 (0.6381)  time: 0.2747  data: 0.0384  max mem: 7853
Epoch: [0]  [1350/9001]  eta: 0:35:09  lr: 0.000050  loss: 0.5245 (0.7036)  loss_adapter: 0.0007 (0.0682)  loss_condition: 0.5237 (0.6355)  loss_adapter_unscaled: 0.0007 (0.0682)  loss_condition_unscaled: 0.5237 (0.6355)  time: 0.2780  data: 0.0418  max mem: 7853
Epoch: [0]  [1400/9001]  eta: 0:34:55  lr: 0.000050  loss: 0.5423 (0.6991)  loss_adapter: 0.0007 (0.0658)  loss_condition: 0.5417 (0.6334)  loss_adapter_unscaled: 0.0007 (0.0658)  loss_condition_unscaled: 0.5417 (0.6334)  time: 0.2766  data: 0.0398  max mem: 7853
Epoch: [0]  [1450/9001]  eta: 0:34:41  lr: 0.000050  loss: 0.5251 (0.6944)  loss_adapter: 0.0006 (0.0635)  loss_condition: 0.5245 (0.6309)  loss_adapter_unscaled: 0.0006 (0.0635)  loss_condition_unscaled: 0.5245 (0.6309)  time: 0.2741  data: 0.0384  max mem: 7853
Epoch: [0]  [1500/9001]  eta: 0:34:27  lr: 0.000050  loss: 0.5103 (0.6896)  loss_adapter: 0.0006 (0.0614)  loss_condition: 0.5096 (0.6282)  loss_adapter_unscaled: 0.0006 (0.0614)  loss_condition_unscaled: 0.5096 (0.6282)  time: 0.2754  data: 0.0385  max mem: 7853
Epoch: [0]  [1550/9001]  eta: 0:34:13  lr: 0.000050  loss: 0.5053 (0.6851)  loss_adapter: 0.0006 (0.0595)  loss_condition: 0.5047 (0.6256)  loss_adapter_unscaled: 0.0006 (0.0595)  loss_condition_unscaled: 0.5047 (0.6256)  time: 0.2754  data: 0.0391  max mem: 7853
Epoch: [0]  [1600/9001]  eta: 0:34:00  lr: 0.000050  loss: 0.4751 (0.6806)  loss_adapter: 0.0005 (0.0576)  loss_condition: 0.4747 (0.6230)  loss_adapter_unscaled: 0.0005 (0.0576)  loss_condition_unscaled: 0.4747 (0.6230)  time: 0.2754  data: 0.0384  max mem: 7853
Epoch: [0]  [1650/9001]  eta: 0:33:46  lr: 0.000050  loss: 0.5407 (0.6759)  loss_adapter: 0.0005 (0.0559)  loss_condition: 0.5401 (0.6200)  loss_adapter_unscaled: 0.0005 (0.0559)  loss_condition_unscaled: 0.5401 (0.6200)  time: 0.2742  data: 0.0380  max mem: 7853
Epoch: [0]  [1700/9001]  eta: 0:33:32  lr: 0.000050  loss: 0.5442 (0.6721)  loss_adapter: 0.0005 (0.0543)  loss_condition: 0.5437 (0.6178)  loss_adapter_unscaled: 0.0005 (0.0543)  loss_condition_unscaled: 0.5437 (0.6178)  time: 0.2759  data: 0.0394  max mem: 7853
Epoch: [0]  [1750/9001]  eta: 0:33:18  lr: 0.000050  loss: 0.5344 (0.6682)  loss_adapter: 0.0005 (0.0528)  loss_condition: 0.5340 (0.6154)  loss_adapter_unscaled: 0.0005 (0.0528)  loss_condition_unscaled: 0.5340 (0.6154)  time: 0.2759  data: 0.0389  max mem: 7853
Epoch: [0]  [1800/9001]  eta: 0:33:04  lr: 0.000050  loss: 0.4822 (0.6646)  loss_adapter: 0.0004 (0.0514)  loss_condition: 0.4818 (0.6132)  loss_adapter_unscaled: 0.0004 (0.0514)  loss_condition_unscaled: 0.4818 (0.6132)  time: 0.2742  data: 0.0386  max mem: 7853
Epoch: [0]  [1850/9001]  eta: 0:32:50  lr: 0.000050  loss: 0.4889 (0.6613)  loss_adapter: 0.0004 (0.0500)  loss_condition: 0.4886 (0.6112)  loss_adapter_unscaled: 0.0004 (0.0500)  loss_condition_unscaled: 0.4886 (0.6112)  time: 0.2752  data: 0.0391  max mem: 7853
Epoch: [0]  [1900/9001]  eta: 0:32:37  lr: 0.000050  loss: 0.4764 (0.6577)  loss_adapter: 0.0004 (0.0487)  loss_condition: 0.4759 (0.6089)  loss_adapter_unscaled: 0.0004 (0.0487)  loss_condition_unscaled: 0.4759 (0.6089)  time: 0.2757  data: 0.0398  max mem: 7853
Epoch: [0]  [1950/9001]  eta: 0:32:23  lr: 0.000050  loss: 0.4487 (0.6545)  loss_adapter: 0.0004 (0.0475)  loss_condition: 0.4483 (0.6070)  loss_adapter_unscaled: 0.0004 (0.0475)  loss_condition_unscaled: 0.4483 (0.6070)  time: 0.2751  data: 0.0384  max mem: 7853
Epoch: [0]  [2000/9001]  eta: 0:32:09  lr: 0.000050  loss: 0.5539 (0.6513)  loss_adapter: 0.0004 (0.0463)  loss_condition: 0.5535 (0.6050)  loss_adapter_unscaled: 0.0004 (0.0463)  loss_condition_unscaled: 0.5535 (0.6050)  time: 0.2743  data: 0.0378  max mem: 7853
Epoch: [0]  [2050/9001]  eta: 0:31:55  lr: 0.000050  loss: 0.5455 (0.6484)  loss_adapter: 0.0004 (0.0453)  loss_condition: 0.5452 (0.6032)  loss_adapter_unscaled: 0.0004 (0.0453)  loss_condition_unscaled: 0.5452 (0.6032)  time: 0.2770  data: 0.0403  max mem: 7853
Epoch: [0]  [2100/9001]  eta: 0:31:41  lr: 0.000050  loss: 0.5521 (0.6450)  loss_adapter: 0.0003 (0.0442)  loss_condition: 0.5517 (0.6008)  loss_adapter_unscaled: 0.0003 (0.0442)  loss_condition_unscaled: 0.5517 (0.6008)  time: 0.2753  data: 0.0389  max mem: 7853
Epoch: [0]  [2150/9001]  eta: 0:31:27  lr: 0.000050  loss: 0.4788 (0.6421)  loss_adapter: 0.0003 (0.0432)  loss_condition: 0.4785 (0.5990)  loss_adapter_unscaled: 0.0003 (0.0432)  loss_condition_unscaled: 0.4785 (0.5990)  time: 0.2743  data: 0.0377  max mem: 7853
Epoch: [0]  [2200/9001]  eta: 0:31:14  lr: 0.000050  loss: 0.4621 (0.6388)  loss_adapter: 0.0003 (0.0422)  loss_condition: 0.4619 (0.5966)  loss_adapter_unscaled: 0.0003 (0.0422)  loss_condition_unscaled: 0.4619 (0.5966)  time: 0.2758  data: 0.0393  max mem: 7853
Epoch: [0]  [2250/9001]  eta: 0:31:00  lr: 0.000050  loss: 0.5266 (0.6359)  loss_adapter: 0.0003 (0.0413)  loss_condition: 0.5263 (0.5947)  loss_adapter_unscaled: 0.0003 (0.0413)  loss_condition_unscaled: 0.5263 (0.5947)  time: 0.2736  data: 0.0380  max mem: 7853
Epoch: [0]  [2300/9001]  eta: 0:30:46  lr: 0.000050  loss: 0.4698 (0.6332)  loss_adapter: 0.0003 (0.0404)  loss_condition: 0.4694 (0.5928)  loss_adapter_unscaled: 0.0003 (0.0404)  loss_condition_unscaled: 0.4694 (0.5928)  time: 0.2755  data: 0.0389  max mem: 7853
Epoch: [0]  [2350/9001]  eta: 0:30:32  lr: 0.000050  loss: 0.4899 (0.6306)  loss_adapter: 0.0003 (0.0395)  loss_condition: 0.4896 (0.5910)  loss_adapter_unscaled: 0.0003 (0.0395)  loss_condition_unscaled: 0.4896 (0.5910)  time: 0.2762  data: 0.0390  max mem: 7853
Epoch: [0]  [2400/9001]  eta: 0:30:18  lr: 0.000050  loss: 0.4876 (0.6280)  loss_adapter: 0.0003 (0.0387)  loss_condition: 0.4873 (0.5893)  loss_adapter_unscaled: 0.0003 (0.0387)  loss_condition_unscaled: 0.4873 (0.5893)  time: 0.2755  data: 0.0390  max mem: 7853
Epoch: [0]  [2450/9001]  eta: 0:30:05  lr: 0.000050  loss: 0.4921 (0.6251)  loss_adapter: 0.0003 (0.0379)  loss_condition: 0.4918 (0.5872)  loss_adapter_unscaled: 0.0003 (0.0379)  loss_condition_unscaled: 0.4918 (0.5872)  time: 0.2756  data: 0.0385  max mem: 7853
Epoch: [0]  [2500/9001]  eta: 0:29:51  lr: 0.000050  loss: 0.5499 (0.6234)  loss_adapter: 0.0003 (0.0372)  loss_condition: 0.5496 (0.5863)  loss_adapter_unscaled: 0.0003 (0.0372)  loss_condition_unscaled: 0.5496 (0.5863)  time: 0.2759  data: 0.0400  max mem: 7853
Epoch: [0]  [2550/9001]  eta: 0:29:37  lr: 0.000050  loss: 0.4935 (0.6204)  loss_adapter: 0.0002 (0.0365)  loss_condition: 0.4933 (0.5840)  loss_adapter_unscaled: 0.0002 (0.0365)  loss_condition_unscaled: 0.4933 (0.5840)  time: 0.2756  data: 0.0384  max mem: 7853
Epoch: [0]  [2600/9001]  eta: 0:29:23  lr: 0.000050  loss: 0.5206 (0.6183)  loss_adapter: 0.0002 (0.0358)  loss_condition: 0.5204 (0.5826)  loss_adapter_unscaled: 0.0002 (0.0358)  loss_condition_unscaled: 0.5204 (0.5826)  time: 0.2739  data: 0.0384  max mem: 7853
Epoch: [0]  [2650/9001]  eta: 0:29:09  lr: 0.000050  loss: 0.4515 (0.6160)  loss_adapter: 0.0002 (0.0351)  loss_condition: 0.4513 (0.5808)  loss_adapter_unscaled: 0.0002 (0.0351)  loss_condition_unscaled: 0.4513 (0.5808)  time: 0.2749  data: 0.0386  max mem: 7853
Epoch: [0]  [2700/9001]  eta: 0:28:55  lr: 0.000050  loss: 0.4551 (0.6138)  loss_adapter: 0.0002 (0.0345)  loss_condition: 0.4549 (0.5794)  loss_adapter_unscaled: 0.0002 (0.0345)  loss_condition_unscaled: 0.4549 (0.5794)  time: 0.2746  data: 0.0382  max mem: 7853
Epoch: [0]  [2750/9001]  eta: 0:28:42  lr: 0.000050  loss: 0.4596 (0.6113)  loss_adapter: 0.0002 (0.0338)  loss_condition: 0.4594 (0.5774)  loss_adapter_unscaled: 0.0002 (0.0338)  loss_condition_unscaled: 0.4594 (0.5774)  time: 0.2781  data: 0.0401  max mem: 7853
Epoch: [0]  [2800/9001]  eta: 0:28:28  lr: 0.000050  loss: 0.4438 (0.6101)  loss_adapter: 0.0002 (0.0332)  loss_condition: 0.4435 (0.5769)  loss_adapter_unscaled: 0.0002 (0.0332)  loss_condition_unscaled: 0.4435 (0.5769)  time: 0.2747  data: 0.0386  max mem: 7853
Epoch: [0]  [2850/9001]  eta: 0:28:14  lr: 0.000050  loss: 0.4551 (0.6082)  loss_adapter: 0.0002 (0.0327)  loss_condition: 0.4548 (0.5756)  loss_adapter_unscaled: 0.0002 (0.0327)  loss_condition_unscaled: 0.4548 (0.5756)  time: 0.2745  data: 0.0387  max mem: 7853
Epoch: [0]  [2900/9001]  eta: 0:28:00  lr: 0.000050  loss: 0.4637 (0.6057)  loss_adapter: 0.0002 (0.0321)  loss_condition: 0.4635 (0.5736)  loss_adapter_unscaled: 0.0002 (0.0321)  loss_condition_unscaled: 0.4635 (0.5736)  time: 0.2750  data: 0.0389  max mem: 7853
Epoch: [0]  [2950/9001]  eta: 0:27:47  lr: 0.000050  loss: 0.4796 (0.6036)  loss_adapter: 0.0002 (0.0316)  loss_condition: 0.4794 (0.5720)  loss_adapter_unscaled: 0.0002 (0.0316)  loss_condition_unscaled: 0.4794 (0.5720)  time: 0.2745  data: 0.0386  max mem: 7853
Epoch: [0]  [3000/9001]  eta: 0:27:33  lr: 0.000050  loss: 0.4655 (0.6018)  loss_adapter: 0.0002 (0.0310)  loss_condition: 0.4653 (0.5708)  loss_adapter_unscaled: 0.0002 (0.0310)  loss_condition_unscaled: 0.4653 (0.5708)  time: 0.2747  data: 0.0382  max mem: 7853
Epoch: [0]  [3050/9001]  eta: 0:27:19  lr: 0.000050  loss: 0.4717 (0.5996)  loss_adapter: 0.0002 (0.0305)  loss_condition: 0.4715 (0.5690)  loss_adapter_unscaled: 0.0002 (0.0305)  loss_condition_unscaled: 0.4715 (0.5690)  time: 0.2757  data: 0.0384  max mem: 7853
Epoch: [0]  [3100/9001]  eta: 0:27:05  lr: 0.000050  loss: 0.4653 (0.5977)  loss_adapter: 0.0002 (0.0300)  loss_condition: 0.4652 (0.5677)  loss_adapter_unscaled: 0.0002 (0.0300)  loss_condition_unscaled: 0.4652 (0.5677)  time: 0.2752  data: 0.0386  max mem: 7853
Epoch: [0]  [3150/9001]  eta: 0:26:51  lr: 0.000050  loss: 0.4051 (0.5958)  loss_adapter: 0.0002 (0.0296)  loss_condition: 0.4050 (0.5662)  loss_adapter_unscaled: 0.0002 (0.0296)  loss_condition_unscaled: 0.4050 (0.5662)  time: 0.2770  data: 0.0398  max mem: 7853
Epoch: [0]  [3200/9001]  eta: 0:26:37  lr: 0.000050  loss: 0.5081 (0.5943)  loss_adapter: 0.0002 (0.0291)  loss_condition: 0.5079 (0.5652)  loss_adapter_unscaled: 0.0002 (0.0291)  loss_condition_unscaled: 0.5079 (0.5652)  time: 0.2744  data: 0.0382  max mem: 7853
Epoch: [0]  [3250/9001]  eta: 0:26:24  lr: 0.000050  loss: 0.4448 (0.5926)  loss_adapter: 0.0002 (0.0287)  loss_condition: 0.4446 (0.5639)  loss_adapter_unscaled: 0.0002 (0.0287)  loss_condition_unscaled: 0.4446 (0.5639)  time: 0.2749  data: 0.0383  max mem: 7853
Epoch: [0]  [3300/9001]  eta: 0:26:10  lr: 0.000050  loss: 0.4887 (0.5913)  loss_adapter: 0.0001 (0.0282)  loss_condition: 0.4885 (0.5631)  loss_adapter_unscaled: 0.0001 (0.0282)  loss_condition_unscaled: 0.4885 (0.5631)  time: 0.2750  data: 0.0386  max mem: 7853
Epoch: [0]  [3350/9001]  eta: 0:25:56  lr: 0.000050  loss: 0.4990 (0.5896)  loss_adapter: 0.0001 (0.0278)  loss_condition: 0.4988 (0.5618)  loss_adapter_unscaled: 0.0001 (0.0278)  loss_condition_unscaled: 0.4988 (0.5618)  time: 0.2742  data: 0.0380  max mem: 7853
Epoch: [0]  [3400/9001]  eta: 0:25:42  lr: 0.000050  loss: 0.5060 (0.5883)  loss_adapter: 0.0001 (0.0274)  loss_condition: 0.5058 (0.5609)  loss_adapter_unscaled: 0.0001 (0.0274)  loss_condition_unscaled: 0.5058 (0.5609)  time: 0.2764  data: 0.0396  max mem: 7853
Epoch: [0]  [3450/9001]  eta: 0:25:28  lr: 0.000050  loss: 0.4744 (0.5865)  loss_adapter: 0.0001 (0.0270)  loss_condition: 0.4743 (0.5595)  loss_adapter_unscaled: 0.0001 (0.0270)  loss_condition_unscaled: 0.4743 (0.5595)  time: 0.2746  data: 0.0383  max mem: 7853
Epoch: [0]  [3500/9001]  eta: 0:25:15  lr: 0.000050  loss: 0.4309 (0.5852)  loss_adapter: 0.0001 (0.0266)  loss_condition: 0.4308 (0.5586)  loss_adapter_unscaled: 0.0001 (0.0266)  loss_condition_unscaled: 0.4308 (0.5586)  time: 0.2746  data: 0.0378  max mem: 7853
Epoch: [0]  [3550/9001]  eta: 0:25:01  lr: 0.000050  loss: 0.5030 (0.5838)  loss_adapter: 0.0001 (0.0263)  loss_condition: 0.5029 (0.5576)  loss_adapter_unscaled: 0.0001 (0.0263)  loss_condition_unscaled: 0.5029 (0.5576)  time: 0.2769  data: 0.0388  max mem: 7853
Epoch: [0]  [3600/9001]  eta: 0:24:47  lr: 0.000050  loss: 0.3832 (0.5821)  loss_adapter: 0.0001 (0.0259)  loss_condition: 0.3831 (0.5562)  loss_adapter_unscaled: 0.0001 (0.0259)  loss_condition_unscaled: 0.3831 (0.5562)  time: 0.2743  data: 0.0378  max mem: 7853
Epoch: [0]  [3650/9001]  eta: 0:24:33  lr: 0.000050  loss: 0.4690 (0.5809)  loss_adapter: 0.0001 (0.0255)  loss_condition: 0.4688 (0.5554)  loss_adapter_unscaled: 0.0001 (0.0255)  loss_condition_unscaled: 0.4688 (0.5554)  time: 0.2749  data: 0.0382  max mem: 7853
Epoch: [0]  [3700/9001]  eta: 0:24:19  lr: 0.000050  loss: 0.4145 (0.5796)  loss_adapter: 0.0001 (0.0252)  loss_condition: 0.4143 (0.5544)  loss_adapter_unscaled: 0.0001 (0.0252)  loss_condition_unscaled: 0.4143 (0.5544)  time: 0.2753  data: 0.0384  max mem: 7853
Epoch: [0]  [3750/9001]  eta: 0:24:06  lr: 0.000050  loss: 0.4317 (0.5781)  loss_adapter: 0.0001 (0.0249)  loss_condition: 0.4316 (0.5532)  loss_adapter_unscaled: 0.0001 (0.0249)  loss_condition_unscaled: 0.4316 (0.5532)  time: 0.2749  data: 0.0380  max mem: 7853
Epoch: [0]  [3800/9001]  eta: 0:23:52  lr: 0.000050  loss: 0.4073 (0.5767)  loss_adapter: 0.0001 (0.0245)  loss_condition: 0.4071 (0.5521)  loss_adapter_unscaled: 0.0001 (0.0245)  loss_condition_unscaled: 0.4071 (0.5521)  time: 0.2761  data: 0.0393  max mem: 7853
Epoch: [0]  [3850/9001]  eta: 0:23:38  lr: 0.000050  loss: 0.4620 (0.5754)  loss_adapter: 0.0001 (0.0242)  loss_condition: 0.4619 (0.5512)  loss_adapter_unscaled: 0.0001 (0.0242)  loss_condition_unscaled: 0.4619 (0.5512)  time: 0.2748  data: 0.0382  max mem: 7853
Epoch: [0]  [3900/9001]  eta: 0:23:24  lr: 0.000050  loss: 0.4728 (0.5742)  loss_adapter: 0.0001 (0.0239)  loss_condition: 0.4726 (0.5502)  loss_adapter_unscaled: 0.0001 (0.0239)  loss_condition_unscaled: 0.4726 (0.5502)  time: 0.2745  data: 0.0381  max mem: 7853
Epoch: [0]  [3950/9001]  eta: 0:23:10  lr: 0.000050  loss: 0.4821 (0.5732)  loss_adapter: 0.0001 (0.0236)  loss_condition: 0.4820 (0.5496)  loss_adapter_unscaled: 0.0001 (0.0236)  loss_condition_unscaled: 0.4820 (0.5496)  time: 0.2741  data: 0.0379  max mem: 7853
Epoch: [0]  [4000/9001]  eta: 0:22:57  lr: 0.000050  loss: 0.4411 (0.5716)  loss_adapter: 0.0001 (0.0233)  loss_condition: 0.4410 (0.5483)  loss_adapter_unscaled: 0.0001 (0.0233)  loss_condition_unscaled: 0.4410 (0.5483)  time: 0.2742  data: 0.0379  max mem: 7853
Epoch: [0]  [4050/9001]  eta: 0:22:43  lr: 0.000050  loss: 0.5053 (0.5704)  loss_adapter: 0.0001 (0.0230)  loss_condition: 0.5052 (0.5474)  loss_adapter_unscaled: 0.0001 (0.0230)  loss_condition_unscaled: 0.5052 (0.5474)  time: 0.2755  data: 0.0395  max mem: 7853
Epoch: [0]  [4100/9001]  eta: 0:22:29  lr: 0.000050  loss: 0.4809 (0.5691)  loss_adapter: 0.0001 (0.0228)  loss_condition: 0.4808 (0.5464)  loss_adapter_unscaled: 0.0001 (0.0228)  loss_condition_unscaled: 0.4808 (0.5464)  time: 0.2756  data: 0.0387  max mem: 7853
Epoch: [0]  [4150/9001]  eta: 0:22:15  lr: 0.000050  loss: 0.4019 (0.5678)  loss_adapter: 0.0001 (0.0225)  loss_condition: 0.4018 (0.5453)  loss_adapter_unscaled: 0.0001 (0.0225)  loss_condition_unscaled: 0.4018 (0.5453)  time: 0.2752  data: 0.0385  max mem: 7853
Epoch: [0]  [4200/9001]  eta: 0:22:02  lr: 0.000050  loss: 0.3942 (0.5665)  loss_adapter: 0.0001 (0.0222)  loss_condition: 0.3941 (0.5443)  loss_adapter_unscaled: 0.0001 (0.0222)  loss_condition_unscaled: 0.3941 (0.5443)  time: 0.2750  data: 0.0391  max mem: 7853
Epoch: [0]  [4250/9001]  eta: 0:21:48  lr: 0.000050  loss: 0.4759 (0.5652)  loss_adapter: 0.0001 (0.0220)  loss_condition: 0.4758 (0.5433)  loss_adapter_unscaled: 0.0001 (0.0220)  loss_condition_unscaled: 0.4758 (0.5433)  time: 0.2750  data: 0.0386  max mem: 7853
Epoch: [0]  [4300/9001]  eta: 0:21:34  lr: 0.000050  loss: 0.4764 (0.5643)  loss_adapter: 0.0001 (0.0217)  loss_condition: 0.4763 (0.5426)  loss_adapter_unscaled: 0.0001 (0.0217)  loss_condition_unscaled: 0.4763 (0.5426)  time: 0.2738  data: 0.0374  max mem: 7853
Epoch: [0]  [4350/9001]  eta: 0:21:20  lr: 0.000050  loss: 0.4421 (0.5628)  loss_adapter: 0.0001 (0.0214)  loss_condition: 0.4420 (0.5414)  loss_adapter_unscaled: 0.0001 (0.0214)  loss_condition_unscaled: 0.4420 (0.5414)  time: 0.2744  data: 0.0379  max mem: 7853
Epoch: [0]  [4400/9001]  eta: 0:21:06  lr: 0.000050  loss: 0.4357 (0.5615)  loss_adapter: 0.0001 (0.0212)  loss_condition: 0.4356 (0.5403)  loss_adapter_unscaled: 0.0001 (0.0212)  loss_condition_unscaled: 0.4356 (0.5403)  time: 0.2746  data: 0.0384  max mem: 7853
Epoch: [0]  [4450/9001]  eta: 0:20:53  lr: 0.000050  loss: 0.4503 (0.5600)  loss_adapter: 0.0001 (0.0210)  loss_condition: 0.4502 (0.5391)  loss_adapter_unscaled: 0.0001 (0.0210)  loss_condition_unscaled: 0.4502 (0.5391)  time: 0.2744  data: 0.0385  max mem: 7853
Epoch: [0]  [4500/9001]  eta: 0:20:39  lr: 0.000050  loss: 0.4277 (0.5589)  loss_adapter: 0.0001 (0.0207)  loss_condition: 0.4277 (0.5381)  loss_adapter_unscaled: 0.0001 (0.0207)  loss_condition_unscaled: 0.4277 (0.5381)  time: 0.2760  data: 0.0392  max mem: 7853
Epoch: [0]  [4550/9001]  eta: 0:20:25  lr: 0.000050  loss: 0.4499 (0.5579)  loss_adapter: 0.0001 (0.0205)  loss_condition: 0.4498 (0.5374)  loss_adapter_unscaled: 0.0001 (0.0205)  loss_condition_unscaled: 0.4498 (0.5374)  time: 0.2752  data: 0.0388  max mem: 7853
Epoch: [0]  [4600/9001]  eta: 0:20:11  lr: 0.000050  loss: 0.3844 (0.5566)  loss_adapter: 0.0001 (0.0203)  loss_condition: 0.3843 (0.5364)  loss_adapter_unscaled: 0.0001 (0.0203)  loss_condition_unscaled: 0.3843 (0.5364)  time: 0.2754  data: 0.0386  max mem: 7853
Epoch: [0]  [4650/9001]  eta: 0:19:58  lr: 0.000050  loss: 0.4535 (0.5556)  loss_adapter: 0.0001 (0.0201)  loss_condition: 0.4534 (0.5355)  loss_adapter_unscaled: 0.0001 (0.0201)  loss_condition_unscaled: 0.4534 (0.5355)  time: 0.2745  data: 0.0385  max mem: 7853
Epoch: [0]  [4700/9001]  eta: 0:19:44  lr: 0.000050  loss: 0.4000 (0.5544)  loss_adapter: 0.0001 (0.0199)  loss_condition: 0.4000 (0.5346)  loss_adapter_unscaled: 0.0001 (0.0199)  loss_condition_unscaled: 0.4000 (0.5346)  time: 0.2760  data: 0.0394  max mem: 7853
Epoch: [0]  [4750/9001]  eta: 0:19:30  lr: 0.000050  loss: 0.4757 (0.5539)  loss_adapter: 0.0001 (0.0196)  loss_condition: 0.4756 (0.5342)  loss_adapter_unscaled: 0.0001 (0.0196)  loss_condition_unscaled: 0.4756 (0.5342)  time: 0.2760  data: 0.0381  max mem: 7853
Epoch: [0]  [4800/9001]  eta: 0:19:16  lr: 0.000050  loss: 0.3574 (0.5526)  loss_adapter: 0.0001 (0.0194)  loss_condition: 0.3573 (0.5331)  loss_adapter_unscaled: 0.0001 (0.0194)  loss_condition_unscaled: 0.3573 (0.5331)  time: 0.2813  data: 0.0435  max mem: 7853
Epoch: [0]  [4850/9001]  eta: 0:19:03  lr: 0.000050  loss: 0.4335 (0.5512)  loss_adapter: 0.0001 (0.0192)  loss_condition: 0.4335 (0.5320)  loss_adapter_unscaled: 0.0001 (0.0192)  loss_condition_unscaled: 0.4335 (0.5320)  time: 0.2745  data: 0.0379  max mem: 7853
Epoch: [0]  [4900/9001]  eta: 0:18:49  lr: 0.000050  loss: 0.4721 (0.5500)  loss_adapter: 0.0001 (0.0191)  loss_condition: 0.4720 (0.5309)  loss_adapter_unscaled: 0.0001 (0.0191)  loss_condition_unscaled: 0.4720 (0.5309)  time: 0.2740  data: 0.0377  max mem: 7853
Epoch: [0]  [4950/9001]  eta: 0:18:35  lr: 0.000050  loss: 0.4289 (0.5488)  loss_adapter: 0.0001 (0.0189)  loss_condition: 0.4289 (0.5299)  loss_adapter_unscaled: 0.0001 (0.0189)  loss_condition_unscaled: 0.4289 (0.5299)  time: 0.2744  data: 0.0380  max mem: 7853
Epoch: [0]  [5000/9001]  eta: 0:18:21  lr: 0.000050  loss: 0.4322 (0.5476)  loss_adapter: 0.0001 (0.0187)  loss_condition: 0.4321 (0.5290)  loss_adapter_unscaled: 0.0001 (0.0187)  loss_condition_unscaled: 0.4321 (0.5290)  time: 0.2743  data: 0.0379  max mem: 7853
Epoch: [0]  [5050/9001]  eta: 0:18:08  lr: 0.000050  loss: 0.3664 (0.5464)  loss_adapter: 0.0001 (0.0185)  loss_condition: 0.3664 (0.5279)  loss_adapter_unscaled: 0.0001 (0.0185)  loss_condition_unscaled: 0.3664 (0.5279)  time: 0.2765  data: 0.0403  max mem: 7853
Epoch: [0]  [5100/9001]  eta: 0:17:54  lr: 0.000050  loss: 0.4557 (0.5454)  loss_adapter: 0.0001 (0.0183)  loss_condition: 0.4556 (0.5271)  loss_adapter_unscaled: 0.0001 (0.0183)  loss_condition_unscaled: 0.4556 (0.5271)  time: 0.2756  data: 0.0387  max mem: 7853
Epoch: [0]  [5150/9001]  eta: 0:17:40  lr: 0.000050  loss: 0.3604 (0.5443)  loss_adapter: 0.0001 (0.0181)  loss_condition: 0.3603 (0.5262)  loss_adapter_unscaled: 0.0001 (0.0181)  loss_condition_unscaled: 0.3603 (0.5262)  time: 0.2747  data: 0.0379  max mem: 7853
Epoch: [0]  [5200/9001]  eta: 0:17:26  lr: 0.000050  loss: 0.4279 (0.5433)  loss_adapter: 0.0000 (0.0180)  loss_condition: 0.4279 (0.5254)  loss_adapter_unscaled: 0.0000 (0.0180)  loss_condition_unscaled: 0.4279 (0.5254)  time: 0.2750  data: 0.0385  max mem: 7853
Epoch: [0]  [5250/9001]  eta: 0:17:12  lr: 0.000050  loss: 0.3790 (0.5423)  loss_adapter: 0.0000 (0.0178)  loss_condition: 0.3790 (0.5245)  loss_adapter_unscaled: 0.0000 (0.0178)  loss_condition_unscaled: 0.3790 (0.5245)  time: 0.2766  data: 0.0393  max mem: 7853
Epoch: [0]  [5300/9001]  eta: 0:16:59  lr: 0.000050  loss: 0.4096 (0.5410)  loss_adapter: 0.0000 (0.0176)  loss_condition: 0.4095 (0.5234)  loss_adapter_unscaled: 0.0000 (0.0176)  loss_condition_unscaled: 0.4095 (0.5234)  time: 0.2752  data: 0.0378  max mem: 7853
Epoch: [0]  [5350/9001]  eta: 0:16:45  lr: 0.000050  loss: 0.3935 (0.5400)  loss_adapter: 0.0000 (0.0175)  loss_condition: 0.3934 (0.5226)  loss_adapter_unscaled: 0.0000 (0.0175)  loss_condition_unscaled: 0.3934 (0.5226)  time: 0.2746  data: 0.0381  max mem: 7853
Epoch: [0]  [5400/9001]  eta: 0:16:31  lr: 0.000050  loss: 0.4111 (0.5386)  loss_adapter: 0.0000 (0.0173)  loss_condition: 0.4111 (0.5213)  loss_adapter_unscaled: 0.0000 (0.0173)  loss_condition_unscaled: 0.4111 (0.5213)  time: 0.2738  data: 0.0372  max mem: 7853
Epoch: [0]  [5450/9001]  eta: 0:16:17  lr: 0.000050  loss: 0.4769 (0.5379)  loss_adapter: 0.0000 (0.0171)  loss_condition: 0.4769 (0.5208)  loss_adapter_unscaled: 0.0000 (0.0171)  loss_condition_unscaled: 0.4769 (0.5208)  time: 0.2749  data: 0.0375  max mem: 7853
Epoch: [0]  [5500/9001]  eta: 0:16:04  lr: 0.000050  loss: 0.4235 (0.5369)  loss_adapter: 0.0000 (0.0170)  loss_condition: 0.4234 (0.5199)  loss_adapter_unscaled: 0.0000 (0.0170)  loss_condition_unscaled: 0.4234 (0.5199)  time: 0.2741  data: 0.0376  max mem: 7853
Epoch: [0]  [5550/9001]  eta: 0:15:50  lr: 0.000050  loss: 0.4218 (0.5362)  loss_adapter: 0.0000 (0.0169)  loss_condition: 0.4218 (0.5193)  loss_adapter_unscaled: 0.0000 (0.0169)  loss_condition_unscaled: 0.4218 (0.5193)  time: 0.2749  data: 0.0376  max mem: 7853
Epoch: [0]  [5600/9001]  eta: 0:15:36  lr: 0.000050  loss: 0.4005 (0.5351)  loss_adapter: 0.0001 (0.0167)  loss_condition: 0.4004 (0.5183)  loss_adapter_unscaled: 0.0001 (0.0167)  loss_condition_unscaled: 0.4004 (0.5183)  time: 0.2745  data: 0.0377  max mem: 7853
Epoch: [0]  [5650/9001]  eta: 0:15:22  lr: 0.000050  loss: 0.3971 (0.5340)  loss_adapter: 0.0001 (0.0166)  loss_condition: 0.3970 (0.5174)  loss_adapter_unscaled: 0.0001 (0.0166)  loss_condition_unscaled: 0.3970 (0.5174)  time: 0.2760  data: 0.0385  max mem: 7853
Epoch: [0]  [5700/9001]  eta: 0:15:09  lr: 0.000050  loss: 0.4639 (0.5332)  loss_adapter: 0.0001 (0.0164)  loss_condition: 0.4638 (0.5168)  loss_adapter_unscaled: 0.0001 (0.0164)  loss_condition_unscaled: 0.4638 (0.5168)  time: 0.2744  data: 0.0380  max mem: 7853
Epoch: [0]  [5750/9001]  eta: 0:14:55  lr: 0.000050  loss: 0.3431 (0.5324)  loss_adapter: 0.0000 (0.0163)  loss_condition: 0.3430 (0.5161)  loss_adapter_unscaled: 0.0000 (0.0163)  loss_condition_unscaled: 0.3430 (0.5161)  time: 0.2751  data: 0.0384  max mem: 7853
Epoch: [0]  [5800/9001]  eta: 0:14:41  lr: 0.000050  loss: 0.3762 (0.5316)  loss_adapter: 0.0000 (0.0162)  loss_condition: 0.3761 (0.5155)  loss_adapter_unscaled: 0.0000 (0.0162)  loss_condition_unscaled: 0.3761 (0.5155)  time: 0.2737  data: 0.0374  max mem: 7853
Epoch: [0]  [5850/9001]  eta: 0:14:27  lr: 0.000050  loss: 0.3672 (0.5307)  loss_adapter: 0.0000 (0.0160)  loss_condition: 0.3671 (0.5147)  loss_adapter_unscaled: 0.0000 (0.0160)  loss_condition_unscaled: 0.3671 (0.5147)  time: 0.2742  data: 0.0374  max mem: 7853
Epoch: [0]  [5900/9001]  eta: 0:14:13  lr: 0.000050  loss: 0.4486 (0.5300)  loss_adapter: 0.0000 (0.0159)  loss_condition: 0.4485 (0.5141)  loss_adapter_unscaled: 0.0000 (0.0159)  loss_condition_unscaled: 0.4485 (0.5141)  time: 0.2749  data: 0.0378  max mem: 7853
Epoch: [0]  [5950/9001]  eta: 0:14:00  lr: 0.000050  loss: 0.3866 (0.5291)  loss_adapter: 0.0000 (0.0157)  loss_condition: 0.3865 (0.5134)  loss_adapter_unscaled: 0.0000 (0.0157)  loss_condition_unscaled: 0.3865 (0.5134)  time: 0.2761  data: 0.0391  max mem: 7853
Epoch: [0]  [6000/9001]  eta: 0:13:46  lr: 0.000050  loss: 0.4151 (0.5281)  loss_adapter: 0.0000 (0.0156)  loss_condition: 0.4150 (0.5125)  loss_adapter_unscaled: 0.0000 (0.0156)  loss_condition_unscaled: 0.4150 (0.5125)  time: 0.2764  data: 0.0395  max mem: 7853
Epoch: [0]  [6050/9001]  eta: 0:13:32  lr: 0.000050  loss: 0.3703 (0.5270)  loss_adapter: 0.0000 (0.0155)  loss_condition: 0.3703 (0.5115)  loss_adapter_unscaled: 0.0000 (0.0155)  loss_condition_unscaled: 0.3703 (0.5115)  time: 0.2752  data: 0.0382  max mem: 7853
Epoch: [0]  [6100/9001]  eta: 0:13:18  lr: 0.000050  loss: 0.3722 (0.5262)  loss_adapter: 0.0000 (0.0154)  loss_condition: 0.3722 (0.5108)  loss_adapter_unscaled: 0.0000 (0.0154)  loss_condition_unscaled: 0.3722 (0.5108)  time: 0.2741  data: 0.0374  max mem: 7853
Epoch: [0]  [6150/9001]  eta: 0:13:04  lr: 0.000050  loss: 0.4167 (0.5255)  loss_adapter: 0.0001 (0.0153)  loss_condition: 0.4167 (0.5102)  loss_adapter_unscaled: 0.0001 (0.0153)  loss_condition_unscaled: 0.4167 (0.5102)  time: 0.2739  data: 0.0370  max mem: 7853
Epoch: [0]  [6200/9001]  eta: 0:12:51  lr: 0.000050  loss: 0.4304 (0.5247)  loss_adapter: 0.0000 (0.0152)  loss_condition: 0.4303 (0.5095)  loss_adapter_unscaled: 0.0000 (0.0152)  loss_condition_unscaled: 0.4303 (0.5095)  time: 0.2766  data: 0.0399  max mem: 7853
Epoch: [0]  [6250/9001]  eta: 0:12:37  lr: 0.000050  loss: 0.3946 (0.5238)  loss_adapter: 0.0000 (0.0151)  loss_condition: 0.3946 (0.5087)  loss_adapter_unscaled: 0.0000 (0.0151)  loss_condition_unscaled: 0.3946 (0.5087)  time: 0.2754  data: 0.0381  max mem: 7853
Epoch: [0]  [6300/9001]  eta: 0:12:23  lr: 0.000050  loss: 0.3488 (0.5230)  loss_adapter: 0.0000 (0.0149)  loss_condition: 0.3488 (0.5080)  loss_adapter_unscaled: 0.0000 (0.0149)  loss_condition_unscaled: 0.3488 (0.5080)  time: 0.2743  data: 0.0372  max mem: 7853
Epoch: [0]  [6350/9001]  eta: 0:12:09  lr: 0.000050  loss: 0.4096 (0.5221)  loss_adapter: 0.0000 (0.0148)  loss_condition: 0.4095 (0.5073)  loss_adapter_unscaled: 0.0000 (0.0148)  loss_condition_unscaled: 0.4095 (0.5073)  time: 0.2744  data: 0.0375  max mem: 7853
Epoch: [0]  [6400/9001]  eta: 0:11:56  lr: 0.000050  loss: 0.4630 (0.5215)  loss_adapter: 0.0000 (0.0147)  loss_condition: 0.4630 (0.5068)  loss_adapter_unscaled: 0.0000 (0.0147)  loss_condition_unscaled: 0.4630 (0.5068)  time: 0.2745  data: 0.0379  max mem: 7853
Epoch: [0]  [6450/9001]  eta: 0:11:42  lr: 0.000050  loss: 0.3851 (0.5207)  loss_adapter: 0.0000 (0.0146)  loss_condition: 0.3851 (0.5061)  loss_adapter_unscaled: 0.0000 (0.0146)  loss_condition_unscaled: 0.3851 (0.5061)  time: 0.2789  data: 0.0413  max mem: 7853
Epoch: [0]  [6500/9001]  eta: 0:11:28  lr: 0.000050  loss: 0.3752 (0.5198)  loss_adapter: 0.0000 (0.0145)  loss_condition: 0.3752 (0.5053)  loss_adapter_unscaled: 0.0000 (0.0145)  loss_condition_unscaled: 0.3752 (0.5053)  time: 0.2732  data: 0.0369  max mem: 7853
Epoch: [0]  [6550/9001]  eta: 0:11:14  lr: 0.000050  loss: 0.4423 (0.5192)  loss_adapter: 0.0000 (0.0144)  loss_condition: 0.4422 (0.5048)  loss_adapter_unscaled: 0.0000 (0.0144)  loss_condition_unscaled: 0.4422 (0.5048)  time: 0.2739  data: 0.0373  max mem: 7853
Epoch: [0]  [6600/9001]  eta: 0:11:00  lr: 0.000050  loss: 0.3993 (0.5184)  loss_adapter: 0.0000 (0.0143)  loss_condition: 0.3993 (0.5041)  loss_adapter_unscaled: 0.0000 (0.0143)  loss_condition_unscaled: 0.3993 (0.5041)  time: 0.2755  data: 0.0385  max mem: 7853
Epoch: [0]  [6650/9001]  eta: 0:10:47  lr: 0.000050  loss: 0.4584 (0.5178)  loss_adapter: 0.0000 (0.0142)  loss_condition: 0.4584 (0.5037)  loss_adapter_unscaled: 0.0000 (0.0142)  loss_condition_unscaled: 0.4584 (0.5037)  time: 0.2766  data: 0.0397  max mem: 7853
Epoch: [0]  [6700/9001]  eta: 0:10:33  lr: 0.000050  loss: 0.3788 (0.5170)  loss_adapter: 0.0000 (0.0141)  loss_condition: 0.3787 (0.5029)  loss_adapter_unscaled: 0.0000 (0.0141)  loss_condition_unscaled: 0.3787 (0.5029)  time: 0.2743  data: 0.0375  max mem: 7853
Epoch: [0]  [6750/9001]  eta: 0:10:19  lr: 0.000050  loss: 0.3554 (0.5161)  loss_adapter: 0.0000 (0.0139)  loss_condition: 0.3553 (0.5021)  loss_adapter_unscaled: 0.0000 (0.0139)  loss_condition_unscaled: 0.3553 (0.5021)  time: 0.2774  data: 0.0391  max mem: 7853
Epoch: [0]  [6800/9001]  eta: 0:10:05  lr: 0.000050  loss: 0.3996 (0.5155)  loss_adapter: 0.0000 (0.0138)  loss_condition: 0.3996 (0.5016)  loss_adapter_unscaled: 0.0000 (0.0138)  loss_condition_unscaled: 0.3996 (0.5016)  time: 0.2756  data: 0.0380  max mem: 7853
Epoch: [0]  [6850/9001]  eta: 0:09:52  lr: 0.000050  loss: 0.4206 (0.5147)  loss_adapter: 0.0000 (0.0137)  loss_condition: 0.4206 (0.5010)  loss_adapter_unscaled: 0.0000 (0.0137)  loss_condition_unscaled: 0.4206 (0.5010)  time: 0.2732  data: 0.0373  max mem: 7853
Epoch: [0]  [6900/9001]  eta: 0:09:38  lr: 0.000050  loss: 0.4216 (0.5141)  loss_adapter: 0.0000 (0.0136)  loss_condition: 0.4216 (0.5004)  loss_adapter_unscaled: 0.0000 (0.0136)  loss_condition_unscaled: 0.4216 (0.5004)  time: 0.2759  data: 0.0390  max mem: 7853
Epoch: [0]  [6950/9001]  eta: 0:09:24  lr: 0.000050  loss: 0.3030 (0.5129)  loss_adapter: 0.0000 (0.0135)  loss_condition: 0.3030 (0.4994)  loss_adapter_unscaled: 0.0000 (0.0135)  loss_condition_unscaled: 0.3030 (0.4994)  time: 0.2761  data: 0.0389  max mem: 7853
Epoch: [0]  [7000/9001]  eta: 0:09:10  lr: 0.000050  loss: 0.3354 (0.5118)  loss_adapter: 0.0000 (0.0135)  loss_condition: 0.3354 (0.4984)  loss_adapter_unscaled: 0.0000 (0.0135)  loss_condition_unscaled: 0.3354 (0.4984)  time: 0.2745  data: 0.0381  max mem: 7853
Epoch: [0]  [7050/9001]  eta: 0:08:57  lr: 0.000050  loss: 0.4918 (0.5112)  loss_adapter: 0.0000 (0.0134)  loss_condition: 0.4918 (0.4979)  loss_adapter_unscaled: 0.0000 (0.0134)  loss_condition_unscaled: 0.4918 (0.4979)  time: 0.2806  data: 0.0423  max mem: 7853
Epoch: [0]  [7100/9001]  eta: 0:08:43  lr: 0.000050  loss: 0.3724 (0.5105)  loss_adapter: 0.0000 (0.0133)  loss_condition: 0.3723 (0.4972)  loss_adapter_unscaled: 0.0000 (0.0133)  loss_condition_unscaled: 0.3723 (0.4972)  time: 0.2741  data: 0.0369  max mem: 7853
Epoch: [0]  [7150/9001]  eta: 0:08:29  lr: 0.000050  loss: 0.4047 (0.5099)  loss_adapter: 0.0000 (0.0132)  loss_condition: 0.4046 (0.4967)  loss_adapter_unscaled: 0.0000 (0.0132)  loss_condition_unscaled: 0.4046 (0.4967)  time: 0.2755  data: 0.0393  max mem: 7853
Epoch: [0]  [7200/9001]  eta: 0:08:15  lr: 0.000050  loss: 0.4446 (0.5092)  loss_adapter: 0.0000 (0.0131)  loss_condition: 0.4445 (0.4962)  loss_adapter_unscaled: 0.0000 (0.0131)  loss_condition_unscaled: 0.4445 (0.4962)  time: 0.2748  data: 0.0382  max mem: 7853
Epoch: [0]  [7250/9001]  eta: 0:08:02  lr: 0.000050  loss: 0.4117 (0.5086)  loss_adapter: 0.0000 (0.0130)  loss_condition: 0.4116 (0.4956)  loss_adapter_unscaled: 0.0000 (0.0130)  loss_condition_unscaled: 0.4116 (0.4956)  time: 0.2739  data: 0.0370  max mem: 7853
Epoch: [0]  [7300/9001]  eta: 0:07:48  lr: 0.000050  loss: 0.3239 (0.5079)  loss_adapter: 0.0000 (0.0129)  loss_condition: 0.3239 (0.4950)  loss_adapter_unscaled: 0.0000 (0.0129)  loss_condition_unscaled: 0.3239 (0.4950)  time: 0.2746  data: 0.0376  max mem: 7853
Epoch: [0]  [7350/9001]  eta: 0:07:34  lr: 0.000050  loss: 0.3648 (0.5071)  loss_adapter: 0.0000 (0.0128)  loss_condition: 0.3648 (0.4943)  loss_adapter_unscaled: 0.0000 (0.0128)  loss_condition_unscaled: 0.3648 (0.4943)  time: 0.2755  data: 0.0386  max mem: 7853
Epoch: [0]  [7400/9001]  eta: 0:07:20  lr: 0.000050  loss: 0.3156 (0.5063)  loss_adapter: 0.0000 (0.0127)  loss_condition: 0.3156 (0.4936)  loss_adapter_unscaled: 0.0000 (0.0127)  loss_condition_unscaled: 0.3156 (0.4936)  time: 0.2762  data: 0.0396  max mem: 7853
Epoch: [0]  [7450/9001]  eta: 0:07:06  lr: 0.000050  loss: 0.3531 (0.5056)  loss_adapter: 0.0000 (0.0126)  loss_condition: 0.3531 (0.4929)  loss_adapter_unscaled: 0.0000 (0.0126)  loss_condition_unscaled: 0.3531 (0.4929)  time: 0.2747  data: 0.0380  max mem: 7853
Epoch: [0]  [7500/9001]  eta: 0:06:53  lr: 0.000050  loss: 0.3424 (0.5048)  loss_adapter: 0.0000 (0.0126)  loss_condition: 0.3424 (0.4922)  loss_adapter_unscaled: 0.0000 (0.0126)  loss_condition_unscaled: 0.3424 (0.4922)  time: 0.2748  data: 0.0378  max mem: 7853
Epoch: [0]  [7550/9001]  eta: 0:06:39  lr: 0.000050  loss: 0.4011 (0.5041)  loss_adapter: 0.0000 (0.0125)  loss_condition: 0.4010 (0.4917)  loss_adapter_unscaled: 0.0000 (0.0125)  loss_condition_unscaled: 0.4010 (0.4917)  time: 0.2743  data: 0.0374  max mem: 7853
Epoch: [0]  [7600/9001]  eta: 0:06:25  lr: 0.000050  loss: 0.3915 (0.5036)  loss_adapter: 0.0000 (0.0124)  loss_condition: 0.3915 (0.4912)  loss_adapter_unscaled: 0.0000 (0.0124)  loss_condition_unscaled: 0.3915 (0.4912)  time: 0.2745  data: 0.0376  max mem: 7853
Epoch: [0]  [7650/9001]  eta: 0:06:11  lr: 0.000050  loss: 0.3619 (0.5030)  loss_adapter: 0.0000 (0.0123)  loss_condition: 0.3619 (0.4906)  loss_adapter_unscaled: 0.0000 (0.0123)  loss_condition_unscaled: 0.3619 (0.4906)  time: 0.2745  data: 0.0367  max mem: 7853
Epoch: [0]  [7700/9001]  eta: 0:05:58  lr: 0.000050  loss: 0.4360 (0.5024)  loss_adapter: 0.0000 (0.0122)  loss_condition: 0.4360 (0.4901)  loss_adapter_unscaled: 0.0000 (0.0122)  loss_condition_unscaled: 0.4360 (0.4901)  time: 0.2741  data: 0.0378  max mem: 7853
Epoch: [0]  [7750/9001]  eta: 0:05:44  lr: 0.000050  loss: 0.4010 (0.5018)  loss_adapter: 0.0000 (0.0122)  loss_condition: 0.4010 (0.4897)  loss_adapter_unscaled: 0.0000 (0.0122)  loss_condition_unscaled: 0.4010 (0.4897)  time: 0.2747  data: 0.0376  max mem: 7853
Epoch: [0]  [7800/9001]  eta: 0:05:30  lr: 0.000050  loss: 0.3470 (0.5010)  loss_adapter: 0.0000 (0.0121)  loss_condition: 0.3470 (0.4889)  loss_adapter_unscaled: 0.0000 (0.0121)  loss_condition_unscaled: 0.3470 (0.4889)  time: 0.2776  data: 0.0400  max mem: 7853
Epoch: [0]  [7850/9001]  eta: 0:05:16  lr: 0.000050  loss: 0.3832 (0.5003)  loss_adapter: 0.0000 (0.0120)  loss_condition: 0.3831 (0.4883)  loss_adapter_unscaled: 0.0000 (0.0120)  loss_condition_unscaled: 0.3831 (0.4883)  time: 0.2756  data: 0.0389  max mem: 7853
Epoch: [0]  [7900/9001]  eta: 0:05:03  lr: 0.000050  loss: 0.3290 (0.4993)  loss_adapter: 0.0000 (0.0119)  loss_condition: 0.3290 (0.4874)  loss_adapter_unscaled: 0.0000 (0.0119)  loss_condition_unscaled: 0.3290 (0.4874)  time: 0.2777  data: 0.0405  max mem: 7853
Epoch: [0]  [7950/9001]  eta: 0:04:49  lr: 0.000050  loss: 0.3720 (0.4988)  loss_adapter: 0.0000 (0.0118)  loss_condition: 0.3720 (0.4869)  loss_adapter_unscaled: 0.0000 (0.0118)  loss_condition_unscaled: 0.3720 (0.4869)  time: 0.2736  data: 0.0371  max mem: 7853
Epoch: [0]  [8000/9001]  eta: 0:04:35  lr: 0.000050  loss: 0.3897 (0.4982)  loss_adapter: 0.0000 (0.0118)  loss_condition: 0.3897 (0.4864)  loss_adapter_unscaled: 0.0000 (0.0118)  loss_condition_unscaled: 0.3897 (0.4864)  time: 0.2741  data: 0.0373  max mem: 7853
Epoch: [0]  [8050/9001]  eta: 0:04:21  lr: 0.000050  loss: 0.3311 (0.4974)  loss_adapter: 0.0000 (0.0117)  loss_condition: 0.3311 (0.4857)  loss_adapter_unscaled: 0.0000 (0.0117)  loss_condition_unscaled: 0.3311 (0.4857)  time: 0.2752  data: 0.0381  max mem: 7853
Epoch: [0]  [8100/9001]  eta: 0:04:08  lr: 0.000050  loss: 0.3645 (0.4968)  loss_adapter: 0.0000 (0.0116)  loss_condition: 0.3645 (0.4852)  loss_adapter_unscaled: 0.0000 (0.0116)  loss_condition_unscaled: 0.3645 (0.4852)  time: 0.2811  data: 0.0437  max mem: 7853
Epoch: [0]  [8150/9001]  eta: 0:03:54  lr: 0.000050  loss: 0.3103 (0.4961)  loss_adapter: 0.0000 (0.0116)  loss_condition: 0.3102 (0.4845)  loss_adapter_unscaled: 0.0000 (0.0116)  loss_condition_unscaled: 0.3102 (0.4845)  time: 0.2778  data: 0.0398  max mem: 7853
Epoch: [0]  [8200/9001]  eta: 0:03:40  lr: 0.000050  loss: 0.2899 (0.4953)  loss_adapter: 0.0000 (0.0115)  loss_condition: 0.2899 (0.4838)  loss_adapter_unscaled: 0.0000 (0.0115)  loss_condition_unscaled: 0.2899 (0.4838)  time: 0.2737  data: 0.0366  max mem: 7853
Epoch: [0]  [8250/9001]  eta: 0:03:26  lr: 0.000050  loss: 0.3907 (0.4947)  loss_adapter: 0.0000 (0.0114)  loss_condition: 0.3907 (0.4833)  loss_adapter_unscaled: 0.0000 (0.0114)  loss_condition_unscaled: 0.3907 (0.4833)  time: 0.2746  data: 0.0372  max mem: 7853
Epoch: [0]  [8300/9001]  eta: 0:03:12  lr: 0.000050  loss: 0.4052 (0.4942)  loss_adapter: 0.0000 (0.0114)  loss_condition: 0.4052 (0.4828)  loss_adapter_unscaled: 0.0000 (0.0114)  loss_condition_unscaled: 0.4052 (0.4828)  time: 0.2761  data: 0.0387  max mem: 7853
Epoch: [0]  [8350/9001]  eta: 0:02:59  lr: 0.000050  loss: 0.4283 (0.4938)  loss_adapter: 0.0000 (0.0113)  loss_condition: 0.4282 (0.4825)  loss_adapter_unscaled: 0.0000 (0.0113)  loss_condition_unscaled: 0.4282 (0.4825)  time: 0.2748  data: 0.0382  max mem: 7853
Epoch: [0]  [8400/9001]  eta: 0:02:45  lr: 0.000050  loss: 0.4201 (0.4932)  loss_adapter: 0.0000 (0.0112)  loss_condition: 0.4200 (0.4820)  loss_adapter_unscaled: 0.0000 (0.0112)  loss_condition_unscaled: 0.4200 (0.4820)  time: 0.2745  data: 0.0370  max mem: 7853
Epoch: [0]  [8450/9001]  eta: 0:02:31  lr: 0.000050  loss: 0.4124 (0.4926)  loss_adapter: 0.0000 (0.0111)  loss_condition: 0.4124 (0.4815)  loss_adapter_unscaled: 0.0000 (0.0111)  loss_condition_unscaled: 0.4124 (0.4815)  time: 0.2734  data: 0.0363  max mem: 7853
Epoch: [0]  [8500/9001]  eta: 0:02:17  lr: 0.000050  loss: 0.3234 (0.4917)  loss_adapter: 0.0000 (0.0111)  loss_condition: 0.3234 (0.4807)  loss_adapter_unscaled: 0.0000 (0.0111)  loss_condition_unscaled: 0.3234 (0.4807)  time: 0.2744  data: 0.0377  max mem: 7853
Epoch: [0]  [8550/9001]  eta: 0:02:04  lr: 0.000050  loss: 0.3545 (0.4912)  loss_adapter: 0.0000 (0.0110)  loss_condition: 0.3545 (0.4802)  loss_adapter_unscaled: 0.0000 (0.0110)  loss_condition_unscaled: 0.3545 (0.4802)  time: 0.2759  data: 0.0393  max mem: 7853
Epoch: [0]  [8600/9001]  eta: 0:01:50  lr: 0.000050  loss: 0.3634 (0.4905)  loss_adapter: 0.0000 (0.0110)  loss_condition: 0.3634 (0.4795)  loss_adapter_unscaled: 0.0000 (0.0110)  loss_condition_unscaled: 0.3634 (0.4795)  time: 0.2734  data: 0.0362  max mem: 7853
Epoch: [0]  [8650/9001]  eta: 0:01:36  lr: 0.000050  loss: 0.3863 (0.4898)  loss_adapter: 0.0000 (0.0109)  loss_condition: 0.3863 (0.4789)  loss_adapter_unscaled: 0.0000 (0.0109)  loss_condition_unscaled: 0.3863 (0.4789)  time: 0.2732  data: 0.0373  max mem: 7853
Epoch: [0]  [8700/9001]  eta: 0:01:22  lr: 0.000050  loss: 0.3503 (0.4893)  loss_adapter: 0.0000 (0.0108)  loss_condition: 0.3503 (0.4785)  loss_adapter_unscaled: 0.0000 (0.0108)  loss_condition_unscaled: 0.3503 (0.4785)  time: 0.2730  data: 0.0367  max mem: 7853
Epoch: [0]  [8750/9001]  eta: 0:01:09  lr: 0.000050  loss: 0.3295 (0.4888)  loss_adapter: 0.0000 (0.0108)  loss_condition: 0.3295 (0.4780)  loss_adapter_unscaled: 0.0000 (0.0108)  loss_condition_unscaled: 0.3295 (0.4780)  time: 0.2749  data: 0.0380  max mem: 7853
Epoch: [0]  [8800/9001]  eta: 0:00:55  lr: 0.000050  loss: 0.3619 (0.4881)  loss_adapter: 0.0000 (0.0107)  loss_condition: 0.3618 (0.4774)  loss_adapter_unscaled: 0.0000 (0.0107)  loss_condition_unscaled: 0.3618 (0.4774)  time: 0.2736  data: 0.0373  max mem: 7853
Epoch: [0]  [8850/9001]  eta: 0:00:41  lr: 0.000050  loss: 0.3880 (0.4875)  loss_adapter: 0.0000 (0.0106)  loss_condition: 0.3880 (0.4769)  loss_adapter_unscaled: 0.0000 (0.0106)  loss_condition_unscaled: 0.3880 (0.4769)  time: 0.2745  data: 0.0376  max mem: 7853
Epoch: [0]  [8900/9001]  eta: 0:00:27  lr: 0.000050  loss: 0.3691 (0.4868)  loss_adapter: 0.0000 (0.0106)  loss_condition: 0.3691 (0.4763)  loss_adapter_unscaled: 0.0000 (0.0106)  loss_condition_unscaled: 0.3691 (0.4763)  time: 0.2733  data: 0.0365  max mem: 7853
Epoch: [0]  [8950/9001]  eta: 0:00:14  lr: 0.000050  loss: 0.4303 (0.4863)  loss_adapter: 0.0000 (0.0105)  loss_condition: 0.4303 (0.4758)  loss_adapter_unscaled: 0.0000 (0.0105)  loss_condition_unscaled: 0.4303 (0.4758)  time: 0.2739  data: 0.0369  max mem: 7853
Epoch: [0]  [9000/9001]  eta: 0:00:00  lr: 0.000050  loss: 0.3958 (0.4856)  loss_adapter: 0.0000 (0.0105)  loss_condition: 0.3957 (0.4752)  loss_adapter_unscaled: 0.0000 (0.0105)  loss_condition_unscaled: 0.3957 (0.4752)  time: 0.2732  data: 0.0364  max mem: 7853
Epoch: [0] Total time: 0:41:17 (0.2752 s / it)
Averaged stats: lr: 0.000050  loss: 0.3958 (0.4856)  loss_adapter: 0.0000 (0.0105)  loss_condition: 0.3957 (0.4752)  loss_adapter_unscaled: 0.0000 (0.0105)  loss_condition_unscaled: 0.3957 (0.4752)
Epoch training time 0:41:18
Test:  [  0/399]  eta: 0:02:21    time: 0.3558  data: 0.1595  max mem: 7853
Test:  [ 50/399]  eta: 0:01:46    time: 0.3010  data: 0.1148  max mem: 7853
Test:  [100/399]  eta: 0:01:30    time: 0.3041  data: 0.1168  max mem: 7853
Test:  [150/399]  eta: 0:01:15    time: 0.3138  data: 0.1286  max mem: 7853
Test:  [200/399]  eta: 0:01:00    time: 0.3102  data: 0.1247  max mem: 7853
Test:  [250/399]  eta: 0:00:45    time: 0.2956  data: 0.1103  max mem: 7853
Test:  [300/399]  eta: 0:00:29    time: 0.2930  data: 0.1072  max mem: 7853
Test:  [350/399]  eta: 0:00:14    time: 0.2932  data: 0.1079  max mem: 7853
Test:  [398/399]  eta: 0:00:00    time: 0.2922  data: 0.1078  max mem: 7853
Test: Total time: 0:01:59 (0.3001 s / it)
(crn) acc: 99.47; ap: 99.98; racc: 99.03; facc: 99.91;
/home/yabin/ctta4aid_assets/external/IAPL/models/dct.py:353: FutureWarning: `torch.cuda.amp.autocast(args...)` is deprecated. Please use `torch.amp.autocast('cuda', args...)` instead.
  with torch.cuda.amp.autocast(enabled=False):
Test:  [ 0/83]  eta: 0:00:20    time: 0.2463  data: 0.0645  max mem: 7853
Test:  [50/83]  eta: 0:00:08    time: 0.2576  data: 0.0723  max mem: 7853
Test:  [82/83]  eta: 0:00:00    time: 0.2536  data: 0.0721  max mem: 7853
Test: Total time: 0:00:21 (0.2558 s / it)
(cyclegan) acc: 99.21; ap: 100.00; racc: 98.41; facc: 100.00;
/home/yabin/ctta4aid_assets/external/IAPL/models/dct.py:353: FutureWarning: `torch.cuda.amp.autocast(args...)` is deprecated. Please use `torch.amp.autocast('cuda', args...)` instead.
  with torch.cuda.amp.autocast(enabled=False):
Test:  [ 0/63]  eta: 0:00:13    time: 0.2100  data: 0.0263  max mem: 7853
Test:  [50/63]  eta: 0:00:03    time: 0.2596  data: 0.0727  max mem: 7853
Test:  [62/63]  eta: 0:00:00    time: 0.2545  data: 0.0724  max mem: 7853
Test: Total time: 0:00:14 (0.2373 s / it)
(dalle) acc: 96.90; ap: 99.46; racc: 99.70; facc: 94.10;
/home/yabin/ctta4aid_assets/external/IAPL/models/dct.py:353: FutureWarning: `torch.cuda.amp.autocast(args...)` is deprecated. Please use `torch.amp.autocast('cuda', args...)` instead.
  with torch.cuda.amp.autocast(enabled=False):
Test:  [  0/125]  eta: 0:00:33    time: 0.2669  data: 0.0717  max mem: 7853
Test:  [ 50/125]  eta: 0:00:19    time: 0.2566  data: 0.0708  max mem: 7853
Test:  [100/125]  eta: 0:00:06    time: 0.2579  data: 0.0715  max mem: 7853
Test:  [124/125]  eta: 0:00:00    time: 0.2573  data: 0.0718  max mem: 7853
Test: Total time: 0:00:32 (0.2575 s / it)
(biggan) acc: 99.28; ap: 99.97; racc: 99.45; facc: 99.10;
/home/yabin/ctta4aid_assets/external/IAPL/models/dct.py:353: FutureWarning: `torch.cuda.amp.autocast(args...)` is deprecated. Please use `torch.amp.autocast('cuda', args...)` instead.
  with torch.cuda.amp.autocast(enabled=False):
Test:  [  0/169]  eta: 0:00:43    time: 0.2562  data: 0.0733  max mem: 7853
Test:  [ 50/169]  eta: 0:00:30    time: 0.2620  data: 0.0757  max mem: 7853
Test:  [100/169]  eta: 0:00:17    time: 0.2547  data: 0.0682  max mem: 7853
Test:  [150/169]  eta: 0:00:04    time: 0.2545  data: 0.0692  max mem: 7853
Test:  [168/169]  eta: 0:00:00    time: 0.2552  data: 0.0704  max mem: 7853
Test: Total time: 0:00:43 (0.2565 s / it)
(deepfake) acc: 63.90; ap: 93.72; racc: 100.00; facc: 27.69;
/home/yabin/ctta4aid_assets/external/IAPL/models/dct.py:353: FutureWarning: `torch.cuda.amp.autocast(args...)` is deprecated. Please use `torch.amp.autocast('cuda', args...)` instead.
  with torch.cuda.amp.autocast(enabled=False):
Test:  [  0/313]  eta: 0:01:18    time: 0.2493  data: 0.0662  max mem: 7853
Test:  [ 50/313]  eta: 0:01:07    time: 0.2570  data: 0.0709  max mem: 7853
Test:  [100/313]  eta: 0:00:55    time: 0.2654  data: 0.0792  max mem: 7853
Test:  [150/313]  eta: 0:00:42    time: 0.2546  data: 0.0689  max mem: 7853
Test:  [200/313]  eta: 0:00:29    time: 0.2690  data: 0.0823  max mem: 7853
Test:  [250/313]  eta: 0:00:16    time: 0.2606  data: 0.0756  max mem: 7853
Test:  [300/313]  eta: 0:00:03    time: 0.2617  data: 0.0748  max mem: 7853
Test:  [312/313]  eta: 0:00:00    time: 0.2527  data: 0.0710  max mem: 7853
Test: Total time: 0:01:21 (0.2603 s / it)
(gaugan) acc: 99.75; ap: 100.00; racc: 99.56; facc: 99.94;
/home/yabin/ctta4aid_assets/external/IAPL/models/dct.py:353: FutureWarning: `torch.cuda.amp.autocast(args...)` is deprecated. Please use `torch.amp.autocast('cuda', args...)` instead.
  with torch.cuda.amp.autocast(enabled=False):
Test:  [ 0/63]  eta: 0:00:13    time: 0.2182  data: 0.0290  max mem: 7853
Test:  [50/63]  eta: 0:00:02    time: 0.2501  data: 0.0640  max mem: 7853
Test:  [62/63]  eta: 0:00:00    time: 0.2431  data: 0.0612  max mem: 7853
Test: Total time: 0:00:14 (0.2319 s / it)
(glide_50_27) acc: 85.30; ap: 97.07; racc: 99.70; facc: 70.90;
/home/yabin/ctta4aid_assets/external/IAPL/models/dct.py:353: FutureWarning: `torch.cuda.amp.autocast(args...)` is deprecated. Please use `torch.amp.autocast('cuda', args...)` instead.
  with torch.cuda.amp.autocast(enabled=False):
Test:  [ 0/63]  eta: 0:00:13    time: 0.2130  data: 0.0274  max mem: 7853
Test:  [50/63]  eta: 0:00:02    time: 0.2434  data: 0.0574  max mem: 7853
Test:  [62/63]  eta: 0:00:00    time: 0.2370  data: 0.0560  max mem: 7853
Test: Total time: 0:00:14 (0.2257 s / it)
(glide_100_10) acc: 84.75; ap: 96.87; racc: 99.70; facc: 69.80;
/home/yabin/ctta4aid_assets/external/IAPL/models/dct.py:353: FutureWarning: `torch.cuda.amp.autocast(args...)` is deprecated. Please use `torch.amp.autocast('cuda', args...)` instead.
  with torch.cuda.amp.autocast(enabled=False):
Test:  [ 0/63]  eta: 0:00:12    time: 0.2017  data: 0.0182  max mem: 7853
Test:  [50/63]  eta: 0:00:03    time: 0.3229  data: 0.1386  max mem: 7853
Test:  [62/63]  eta: 0:00:00    time: 0.2735  data: 0.0927  max mem: 7853
Test: Total time: 0:00:18 (0.2932 s / it)
(glide_100_27) acc: 84.20; ap: 96.47; racc: 99.70; facc: 68.70;
/home/yabin/ctta4aid_assets/external/IAPL/models/dct.py:353: FutureWarning: `torch.cuda.amp.autocast(args...)` is deprecated. Please use `torch.amp.autocast('cuda', args...)` instead.
  with torch.cuda.amp.autocast(enabled=False):
Test:  [ 0/63]  eta: 0:00:17    time: 0.2741  data: 0.0783  max mem: 7853
Test:  [50/63]  eta: 0:00:03    time: 0.2508  data: 0.0652  max mem: 7853
Test:  [62/63]  eta: 0:00:00    time: 0.2448  data: 0.0629  max mem: 7853
Test: Total time: 0:00:16 (0.2566 s / it)
(guided) acc: 64.65; ap: 84.76; racc: 99.00; facc: 30.30;
/home/yabin/ctta4aid_assets/external/IAPL/models/dct.py:353: FutureWarning: `torch.cuda.amp.autocast(args...)` is deprecated. Please use `torch.amp.autocast('cuda', args...)` instead.
  with torch.cuda.amp.autocast(enabled=False):
Test:  [  0/399]  eta: 0:02:07    time: 0.3204  data: 0.1317  max mem: 7853
Test:  [ 50/399]  eta: 0:01:45    time: 0.2998  data: 0.1143  max mem: 7853
Test:  [100/399]  eta: 0:01:31    time: 0.3030  data: 0.1172  max mem: 7853
Test:  [150/399]  eta: 0:01:15    time: 0.2998  data: 0.1147  max mem: 7853
Test:  [200/399]  eta: 0:01:00    time: 0.3011  data: 0.1147  max mem: 7853
Test:  [250/399]  eta: 0:00:45    time: 0.2977  data: 0.1119  max mem: 7853
Test:  [300/399]  eta: 0:00:29    time: 0.2972  data: 0.1106  max mem: 7853
Test:  [350/399]  eta: 0:00:14    time: 0.3028  data: 0.1169  max mem: 7853
Test:  [398/399]  eta: 0:00:00    time: 0.2925  data: 0.1092  max mem: 7853
Test: Total time: 0:02:00 (0.3014 s / it)
(imle) acc: 99.51; ap: 100.00; racc: 99.03; facc: 100.00;
/home/yabin/ctta4aid_assets/external/IAPL/models/dct.py:353: FutureWarning: `torch.cuda.amp.autocast(args...)` is deprecated. Please use `torch.amp.autocast('cuda', args...)` instead.
  with torch.cuda.amp.autocast(enabled=False):
Test:  [ 0/63]  eta: 0:00:13    time: 0.2132  data: 0.0273  max mem: 7853
Test:  [50/63]  eta: 0:00:02    time: 0.2582  data: 0.0718  max mem: 7853
Test:  [62/63]  eta: 0:00:00    time: 0.2441  data: 0.0634  max mem: 7853
Test: Total time: 0:00:14 (0.2301 s / it)
(ldm_100) acc: 97.35; ap: 99.46; racc: 99.70; facc: 95.00;
/home/yabin/ctta4aid_assets/external/IAPL/models/dct.py:353: FutureWarning: `torch.cuda.amp.autocast(args...)` is deprecated. Please use `torch.amp.autocast('cuda', args...)` instead.
  with torch.cuda.amp.autocast(enabled=False):
Test:  [ 0/63]  eta: 0:00:13    time: 0.2111  data: 0.0196  max mem: 7853
Test:  [50/63]  eta: 0:00:02    time: 0.2470  data: 0.0611  max mem: 7853
Test:  [62/63]  eta: 0:00:00    time: 0.2420  data: 0.0606  max mem: 7853
Test: Total time: 0:00:14 (0.2276 s / it)
(ldm_200) acc: 97.40; ap: 99.64; racc: 99.70; facc: 95.10;
/home/yabin/ctta4aid_assets/external/IAPL/models/dct.py:353: FutureWarning: `torch.cuda.amp.autocast(args...)` is deprecated. Please use `torch.amp.autocast('cuda', args...)` instead.
  with torch.cuda.amp.autocast(enabled=False):
Test:  [ 0/63]  eta: 0:00:13    time: 0.2159  data: 0.0281  max mem: 7853
Test:  [50/63]  eta: 0:00:02    time: 0.2448  data: 0.0591  max mem: 7853
Test:  [62/63]  eta: 0:00:00    time: 0.2377  data: 0.0565  max mem: 7853
Test: Total time: 0:00:14 (0.2257 s / it)
(ldm_200_cfg) acc: 89.10; ap: 97.75; racc: 99.70; facc: 78.50;
/home/yabin/ctta4aid_assets/external/IAPL/models/dct.py:353: FutureWarning: `torch.cuda.amp.autocast(args...)` is deprecated. Please use `torch.amp.autocast('cuda', args...)` instead.
  with torch.cuda.amp.autocast(enabled=False):
Test:  [  0/250]  eta: 0:01:02    time: 0.2508  data: 0.0538  max mem: 7853
Test:  [ 50/250]  eta: 0:00:49    time: 0.2504  data: 0.0655  max mem: 7853
Test:  [100/250]  eta: 0:00:37    time: 0.2528  data: 0.0673  max mem: 7853
Test:  [150/250]  eta: 0:00:25    time: 0.2529  data: 0.0675  max mem: 7853
Test:  [200/250]  eta: 0:00:12    time: 0.2559  data: 0.0701  max mem: 7853
Test:  [249/250]  eta: 0:00:00    time: 0.2472  data: 0.0618  max mem: 7853
Test: Total time: 0:01:02 (0.2520 s / it)
(progan) acc: 99.89; ap: 100.00; racc: 100.00; facc: 99.78;
/home/yabin/ctta4aid_assets/external/IAPL/models/dct.py:353: FutureWarning: `torch.cuda.amp.autocast(args...)` is deprecated. Please use `torch.amp.autocast('cuda', args...)` instead.
  with torch.cuda.amp.autocast(enabled=False):
Test:  [ 0/14]  eta: 0:00:04    time: 0.3314  data: 0.1482  max mem: 7853
Test:  [13/14]  eta: 0:00:00    time: 0.4927  data: 0.3130  max mem: 7853
Test: Total time: 0:00:06 (0.4927 s / it)
(san) acc: 59.82; ap: 78.36; racc: 100.00; facc: 19.63;
/home/yabin/ctta4aid_assets/external/IAPL/models/dct.py:353: FutureWarning: `torch.cuda.amp.autocast(args...)` is deprecated. Please use `torch.amp.autocast('cuda', args...)` instead.
  with torch.cuda.amp.autocast(enabled=False):
Test:  [ 0/12]  eta: 0:02:16    time: 11.3866  data: 11.2050  max mem: 7853
Test:  [11/12]  eta: 0:00:10    time: 10.2630  data: 10.0909  max mem: 7853
Test: Total time: 0:02:03 (10.2630 s / it)
(seeingdark) acc: 95.28; ap: 98.09; racc: 100.00; facc: 90.56;
/home/yabin/ctta4aid_assets/external/IAPL/models/dct.py:353: FutureWarning: `torch.cuda.amp.autocast(args...)` is deprecated. Please use `torch.amp.autocast('cuda', args...)` instead.
  with torch.cuda.amp.autocast(enabled=False):
Test:  [  0/125]  eta: 0:00:29    time: 0.2382  data: 0.0579  max mem: 7853
Test:  [ 50/125]  eta: 0:00:18    time: 0.2466  data: 0.0614  max mem: 7853
Test:  [100/125]  eta: 0:00:06    time: 0.2614  data: 0.0760  max mem: 7853
Test:  [124/125]  eta: 0:00:00    time: 0.2631  data: 0.0787  max mem: 7853
Test: Total time: 0:00:31 (0.2532 s / it)
(stargan) acc: 99.95; ap: 100.00; racc: 99.90; facc: 100.00;
/home/yabin/ctta4aid_assets/external/IAPL/models/dct.py:353: FutureWarning: `torch.cuda.amp.autocast(args...)` is deprecated. Please use `torch.amp.autocast('cuda', args...)` instead.
  with torch.cuda.amp.autocast(enabled=False):
Test:  [  0/375]  eta: 0:01:39    time: 0.2644  data: 0.0770  max mem: 7853
Test:  [ 50/375]  eta: 0:01:21    time: 0.2456  data: 0.0608  max mem: 7853
Test:  [100/375]  eta: 0:01:08    time: 0.2503  data: 0.0663  max mem: 7853
Test:  [150/375]  eta: 0:01:00    time: 0.3460  data: 0.1612  max mem: 7853
Test:  [200/375]  eta: 0:00:50    time: 0.3645  data: 0.1813  max mem: 7853
Test:  [250/375]  eta: 0:00:38    time: 0.3589  data: 0.1751  max mem: 7853
Test:  [300/375]  eta: 0:00:22    time: 0.2504  data: 0.0648  max mem: 7853
Test:  [350/375]  eta: 0:00:07    time: 0.2503  data: 0.0662  max mem: 7853
Test:  [374/375]  eta: 0:00:00    time: 0.2469  data: 0.0668  max mem: 7853
Test: Total time: 0:01:47 (0.2870 s / it)
(stylegan) acc: 88.62; ap: 97.25; racc: 100.00; facc: 77.23;
(0 crn       ) acc: 99.47; ap: 99.98; racc: 99.03; facc: 99.91;
(1 cyclegan  ) acc: 99.21; ap: 100.00; racc: 98.41; facc: 100.00;
(2 dalle     ) acc: 96.90; ap: 99.46; racc: 99.70; facc: 94.10;
(3 biggan    ) acc: 99.28; ap: 99.97; racc: 99.45; facc: 99.10;
(4 deepfake  ) acc: 63.90; ap: 93.72; racc: 100.00; facc: 27.69;
(5 gaugan    ) acc: 99.75; ap: 100.00; racc: 99.56; facc: 99.94;
(6 glide_50_27) acc: 85.30; ap: 97.07; racc: 99.70; facc: 70.90;
(7 glide_100_10) acc: 84.75; ap: 96.87; racc: 99.70; facc: 69.80;
(8 glide_100_27) acc: 84.20; ap: 96.47; racc: 99.70; facc: 68.70;
(9 guided    ) acc: 64.65; ap: 84.76; racc: 99.00; facc: 30.30;
(10 imle      ) acc: 99.51; ap: 100.00; racc: 99.03; facc: 100.00;
(11 ldm_100   ) acc: 97.35; ap: 99.46; racc: 99.70; facc: 95.00;
(12 ldm_200   ) acc: 97.40; ap: 99.64; racc: 99.70; facc: 95.10;
(13 ldm_200_cfg) acc: 89.10; ap: 97.75; racc: 99.70; facc: 78.50;
(14 progan    ) acc: 99.89; ap: 100.00; racc: 100.00; facc: 99.78;
(15 san       ) acc: 59.82; ap: 78.36; racc: 100.00; facc: 19.63;
(16 seeingdark) acc: 95.28; ap: 98.09; racc: 100.00; facc: 90.56;
(17 stargan   ) acc: 99.95; ap: 100.00; racc: 99.90; facc: 100.00;
(18 stylegan  ) acc: 88.62; ap: 97.25; racc: 100.00; facc: 77.23;
(19 mean      ) acc: 89.70; ap: 96.78; racc: 99.59; facc: 79.80;
[rank0]:[W720 06:30:49.930558807 ProcessGroupNCCL.cpp:1647] Warning: WARNING: destroy_process_group() was not called before program exit, which can leak resources. For more info, please see https://pytorch.org/docs/stable/distributed.html#shutdown (function operator())
