world size: 1, rank: 0, local rank: 0
{
  "SHELL": "/bin/bash",
  "PYTHONUNBUFFERED": "1",
  "CONDA_EXE": "/home/yabin/miniconda3/bin/conda",
  "_CE_M": "",
  "IAPL_TRAIN_OUTPUT_ROOT": "/home/yabin/ctta4aid-arrow/outputs/iapl_official/p3_genimage_train/seed100_attempt2_filtered",
  "MASTER_PORT": "29712",
  "PWD": "/home/yabin/ctta4aid_assets/external/IAPL-p3-train",
  "LOGNAME": "yabin",
  "XDG_SESSION_TYPE": "tty",
  "CONDA_PREFIX": "/home/yabin/miniconda3/envs/cl",
  "IAPL_DATASET_PATH": "hf_arrow:///home/yabin/ctta4aid_assets/data/genimage_official_arrow_20260722/SDv14_train_filtered|/home/yabin/ctta4aid_assets/data/genimage_official_arrow_20260722/GenImage_test",
  "HOME": "/home/yabin",
  "LANG": "zh_CN.UTF-8",
  "CONDA_PROMPT_MODIFIER": "(cl) ",
  "SSH_CONNECTION": "100.70.179.13 57877 100.69.251.94 22",
  "IAPL_MODEL_NAME": "genimage_sd14_seed100_filtered",
  "CUDA_VISIBLE_DEVICES": "0",
  "_CONDA_EXE": "/home/yabin/miniconda3/bin/conda",
  "XDG_SESSION_CLASS": "user",
  "_CONDA_ROOT": "/home/yabin/miniconda3",
  "PYTHONPATH": "/home/yabin/ctta4aid-arrow/src",
  "_CE_CONDA": "",
  "USER": "yabin",
  "CONDA_SHLVL": "1",
  "SHLVL": "1",
  "XDG_SESSION_ID": "12684",
  "CONDA_PYTHON_EXE": "/home/yabin/miniconda3/bin/python",
  "LC_CTYPE": "C.UTF-8",
  "XDG_RUNTIME_DIR": "/run/user/1000",
  "SSH_CLIENT": "100.70.179.13 57877 22",
  "CONDA_DEFAULT_ENV": "cl",
  "DEBUGINFOD_URLS": "https://debuginfod.ubuntu.com ",
  "IAPL_REPO_PATH": "/home/yabin/ctta4aid_assets/external/IAPL-p3-train",
  "LC_ALL": "C.UTF-8",
  "XDG_DATA_DIRS": "/usr/share/gnome:/usr/local/share:/usr/share:/var/lib/snapd/desktop",
  "PATH": "/home/yabin/miniconda3/envs/cl/bin:/home/yabin/miniconda3/condabin:/usr/local/sbin:/usr/local/bin:/usr/sbin:/usr/bin:/sbin:/bin:/usr/games:/usr/local/games:/snap/bin",
  "DBUS_SESSION_BUS_ADDRESS": "unix:path=/run/user/1000/bus",
  "OLDPWD": "/home/yabin/ctta4aid-arrow",
  "TORCHELASTIC_SIGNALS_TO_HANDLE": "SIGTERM,SIGINT,SIGHUP,SIGQUIT",
  "RANK": "0",
  "GROUP_RANK": "0",
  "ROLE_RANK": "0",
  "ROLE_NAME": "default",
  "LOCAL_WORLD_SIZE": "1",
  "WORLD_SIZE": "1",
  "GROUP_WORLD_SIZE": "1",
  "ROLE_WORLD_SIZE": "1",
  "MASTER_ADDR": "127.0.0.1",
  "TORCHELASTIC_RESTART_COUNT": "0",
  "TORCHELASTIC_MAX_RESTARTS": "0",
  "TORCHELASTIC_RUN_ID": "none",
  "TORCHELASTIC_USE_AGENT_STORE": "True",
  "TORCH_NCCL_ASYNC_ERROR_HANDLING": "1",
  "LOCAL_RANK": "0",
  "TORCHELASTIC_ERROR_FILE": "/tmp/torchelastic_ffs6_sgo/none_fafsz4bm/attempt_0/0/error.json",
  "TORCHINDUCTOR_CACHE_DIR": "/tmp/torchinductor_yabin",
  "QT_QPA_PLATFORM_PLUGIN_PATH": "/home/yabin/miniconda3/envs/cl/lib/python3.11/site-packages/cv2/qt/plugins",
  "QT_QPA_FONTDIR": "/home/yabin/miniconda3/envs/cl/lib/python3.11/site-packages/cv2/qt/fonts",
  "LD_LIBRARY_PATH": "/home/yabin/miniconda3/envs/cl/lib/python3.11/site-packages/cv2/../../lib64:",
  "KMP_DUPLICATE_LIB_OK": "True",
  "KMP_INIT_AT_FORK": "FALSE"
}
world_size:1 rank:0 local_rank:0
| distributed init (rank 0): env://
Before torch.distributed.barrier()
/home/yabin/miniconda3/envs/cl/lib/python3.11/site-packages/torch/distributed/c10d_logger.py:83: UserWarning: barrier(): using the device under current context. You can specify `device_id` in `init_process_group` to mute this warning.
  return func(*args, **kwargs)
[rank0]:[W724 10:54:36.829600851 ProcessGroupNCCL.cpp:5324] Guessing device ID based on global rank. This can cause a hang if rank to GPU mapping is heterogeneous. You can specify device_id in init_process_group()
End torch.distributed.barrier()
['transformer.resblocks.1.gamma', 'transformer.resblocks.2.gamma', 'transformer.resblocks.3.gamma', 'transformer.resblocks.3.adapter.down_proj.weight', 'transformer.resblocks.3.adapter.down_proj.bias', 'transformer.resblocks.3.adapter.up_proj.weight', 'transformer.resblocks.3.adapter.up_proj.bias', 'transformer.resblocks.4.gamma', 'transformer.resblocks.5.gamma', 'transformer.resblocks.6.gamma', 'transformer.resblocks.7.gamma', 'transformer.resblocks.7.adapter.down_proj.weight', 'transformer.resblocks.7.adapter.down_proj.bias', 'transformer.resblocks.7.adapter.up_proj.weight', 'transformer.resblocks.7.adapter.up_proj.bias', 'transformer.resblocks.8.gamma', 'transformer.resblocks.11.adapter.down_proj.weight', 'transformer.resblocks.11.adapter.down_proj.bias', 'transformer.resblocks.11.adapter.up_proj.weight', 'transformer.resblocks.11.adapter.up_proj.bias', 'transformer.resblocks.15.adapter.down_proj.weight', 'transformer.resblocks.15.adapter.down_proj.bias', 'transformer.resblocks.15.adapter.up_proj.weight', 'transformer.resblocks.15.adapter.up_proj.bias', 'transformer.resblocks.19.adapter.down_proj.weight', 'transformer.resblocks.19.adapter.down_proj.bias', 'transformer.resblocks.19.adapter.up_proj.weight', 'transformer.resblocks.19.adapter.up_proj.bias', 'transformer.resblocks.23.adapter.down_proj.weight', 'transformer.resblocks.23.adapter.down_proj.bias', 'transformer.resblocks.23.adapter.up_proj.weight', 'transformer.resblocks.23.adapter.up_proj.bias']
/home/yabin/ctta4aid_assets/external/IAPL-p3-train/models/dct.py:353: FutureWarning: `torch.cuda.amp.autocast(args...)` is deprecated. Please use `torch.amp.autocast('cuda', args...)` instead.
  with torch.cuda.amp.autocast(enabled=False):
Epoch: [0]  [    0/10124]  eta: 3:16:22  lr: 0.000050  loss: 1.4512 (1.4512)  loss_adapter: 0.7394 (0.7394)  loss_condition: 0.7118 (0.7118)  loss_adapter_unscaled: 0.7394 (0.7394)  loss_condition_unscaled: 0.7118 (0.7118)  time: 1.1638  data: 0.1957  max mem: 13540
Epoch: [0]  [   50/10124]  eta: 1:40:58  lr: 0.000050  loss: 1.2390 (1.2810)  loss_adapter: 0.6560 (0.6769)  loss_condition: 0.5700 (0.6041)  loss_adapter_unscaled: 0.6560 (0.6769)  loss_condition_unscaled: 0.5700 (0.6041)  time: 0.5862  data: 0.1374  max mem: 13847
Epoch: [0]  [  100/10124]  eta: 1:39:03  lr: 0.000050  loss: 1.0929 (1.2223)  loss_adapter: 0.5421 (0.6287)  loss_condition: 0.5617 (0.5935)  loss_adapter_unscaled: 0.5421 (0.6287)  loss_condition_unscaled: 0.5617 (0.5935)  time: 0.5881  data: 0.1383  max mem: 13847
Epoch: [0]  [  150/10124]  eta: 1:38:26  lr: 0.000050  loss: 0.9169 (1.1449)  loss_adapter: 0.3677 (0.5640)  loss_condition: 0.5190 (0.5809)  loss_adapter_unscaled: 0.3677 (0.5640)  loss_condition_unscaled: 0.5190 (0.5809)  time: 0.5972  data: 0.1479  max mem: 13847
Epoch: [0]  [  200/10124]  eta: 1:38:20  lr: 0.000050  loss: 0.7548 (1.0609)  loss_adapter: 0.2425 (0.4926)  loss_condition: 0.5157 (0.5683)  loss_adapter_unscaled: 0.2425 (0.4926)  loss_condition_unscaled: 0.5157 (0.5683)  time: 0.6060  data: 0.1564  max mem: 13847
Epoch: [0]  [  250/10124]  eta: 1:37:46  lr: 0.000050  loss: 0.6997 (0.9989)  loss_adapter: 0.2060 (0.4378)  loss_condition: 0.4874 (0.5611)  loss_adapter_unscaled: 0.2060 (0.4378)  loss_condition_unscaled: 0.4874 (0.5611)  time: 0.6026  data: 0.1521  max mem: 13847
Epoch: [0]  [  300/10124]  eta: 1:37:11  lr: 0.000050  loss: 0.6780 (0.9512)  loss_adapter: 0.2020 (0.3996)  loss_condition: 0.4772 (0.5516)  loss_adapter_unscaled: 0.2020 (0.3996)  loss_condition_unscaled: 0.4772 (0.5516)  time: 0.5937  data: 0.1429  max mem: 13847
Epoch: [0]  [  350/10124]  eta: 1:36:54  lr: 0.000050  loss: 0.6590 (0.9161)  loss_adapter: 0.2029 (0.3721)  loss_condition: 0.4455 (0.5440)  loss_adapter_unscaled: 0.2029 (0.3721)  loss_condition_unscaled: 0.4455 (0.5440)  time: 0.5995  data: 0.1498  max mem: 13847
Epoch: [0]  [  400/10124]  eta: 1:36:05  lr: 0.000050  loss: 0.6858 (0.8912)  loss_adapter: 0.2013 (0.3511)  loss_condition: 0.4851 (0.5401)  loss_adapter_unscaled: 0.2013 (0.3511)  loss_condition_unscaled: 0.4851 (0.5401)  time: 0.5822  data: 0.1313  max mem: 13847
Epoch: [0]  [  450/10124]  eta: 1:35:29  lr: 0.000050  loss: 0.6788 (0.8701)  loss_adapter: 0.2011 (0.3348)  loss_condition: 0.4778 (0.5352)  loss_adapter_unscaled: 0.2011 (0.3348)  loss_condition_unscaled: 0.4778 (0.5352)  time: 0.5857  data: 0.1341  max mem: 13847
Epoch: [0]  [  500/10124]  eta: 1:34:51  lr: 0.000050  loss: 0.6583 (0.8518)  loss_adapter: 0.2010 (0.3217)  loss_condition: 0.4537 (0.5301)  loss_adapter_unscaled: 0.2010 (0.3217)  loss_condition_unscaled: 0.4537 (0.5301)  time: 0.5820  data: 0.1313  max mem: 13847
Epoch: [0]  [  550/10124]  eta: 1:34:24  lr: 0.000050  loss: 0.6405 (0.8340)  loss_adapter: 0.2006 (0.3108)  loss_condition: 0.4363 (0.5232)  loss_adapter_unscaled: 0.2006 (0.3108)  loss_condition_unscaled: 0.4363 (0.5232)  time: 0.6051  data: 0.1545  max mem: 13847
Epoch: [0]  [  600/10124]  eta: 1:33:51  lr: 0.000050  loss: 0.6411 (0.8197)  loss_adapter: 0.2013 (0.3017)  loss_condition: 0.4340 (0.5179)  loss_adapter_unscaled: 0.2013 (0.3017)  loss_condition_unscaled: 0.4340 (0.5179)  time: 0.5926  data: 0.1416  max mem: 13847
Epoch: [0]  [  650/10124]  eta: 1:33:15  lr: 0.000050  loss: 0.6524 (0.8075)  loss_adapter: 0.2006 (0.2941)  loss_condition: 0.4520 (0.5134)  loss_adapter_unscaled: 0.2006 (0.2941)  loss_condition_unscaled: 0.4520 (0.5134)  time: 0.5827  data: 0.1313  max mem: 13847
Epoch: [0]  [  700/10124]  eta: 1:32:47  lr: 0.000050  loss: 0.6455 (0.7964)  loss_adapter: 0.2004 (0.2875)  loss_condition: 0.4439 (0.5089)  loss_adapter_unscaled: 0.2004 (0.2875)  loss_condition_unscaled: 0.4439 (0.5089)  time: 0.6043  data: 0.1537  max mem: 13847
Epoch: [0]  [  750/10124]  eta: 1:32:22  lr: 0.000050  loss: 0.6046 (0.7862)  loss_adapter: 0.2004 (0.2819)  loss_condition: 0.4040 (0.5043)  loss_adapter_unscaled: 0.2004 (0.2819)  loss_condition_unscaled: 0.4040 (0.5043)  time: 0.6006  data: 0.1476  max mem: 13847
Epoch: [0]  [  800/10124]  eta: 1:31:55  lr: 0.000050  loss: 0.6040 (0.7763)  loss_adapter: 0.2000 (0.2768)  loss_condition: 0.4035 (0.4995)  loss_adapter_unscaled: 0.2000 (0.2768)  loss_condition_unscaled: 0.4035 (0.4995)  time: 0.5868  data: 0.1346  max mem: 13847
Epoch: [0]  [  850/10124]  eta: 1:31:28  lr: 0.000050  loss: 0.6213 (0.7686)  loss_adapter: 0.2001 (0.2725)  loss_condition: 0.4158 (0.4961)  loss_adapter_unscaled: 0.2001 (0.2725)  loss_condition_unscaled: 0.4158 (0.4961)  time: 0.5860  data: 0.1346  max mem: 13847
Epoch: [0]  [  900/10124]  eta: 1:31:00  lr: 0.000050  loss: 0.6202 (0.7603)  loss_adapter: 0.2003 (0.2685)  loss_condition: 0.4200 (0.4918)  loss_adapter_unscaled: 0.2003 (0.2685)  loss_condition_unscaled: 0.4200 (0.4918)  time: 0.5855  data: 0.1346  max mem: 13847
Epoch: [0]  [  950/10124]  eta: 1:30:35  lr: 0.000050  loss: 0.6268 (0.7535)  loss_adapter: 0.2001 (0.2651)  loss_condition: 0.4263 (0.4885)  loss_adapter_unscaled: 0.2001 (0.2651)  loss_condition_unscaled: 0.4263 (0.4885)  time: 0.6035  data: 0.1517  max mem: 13847
Epoch: [0]  [ 1000/10124]  eta: 1:30:05  lr: 0.000050  loss: 0.6018 (0.7472)  loss_adapter: 0.1999 (0.2619)  loss_condition: 0.4019 (0.4853)  loss_adapter_unscaled: 0.1999 (0.2619)  loss_condition_unscaled: 0.4019 (0.4853)  time: 0.5791  data: 0.1272  max mem: 13847
Epoch: [0]  [ 1050/10124]  eta: 1:29:31  lr: 0.000050  loss: 0.6203 (0.7415)  loss_adapter: 0.2001 (0.2590)  loss_condition: 0.4204 (0.4825)  loss_adapter_unscaled: 0.2001 (0.2590)  loss_condition_unscaled: 0.4204 (0.4825)  time: 0.5823  data: 0.1304  max mem: 13847
Epoch: [0]  [ 1100/10124]  eta: 1:29:01  lr: 0.000050  loss: 0.5952 (0.7354)  loss_adapter: 0.1998 (0.2563)  loss_condition: 0.3947 (0.4791)  loss_adapter_unscaled: 0.1998 (0.2563)  loss_condition_unscaled: 0.3947 (0.4791)  time: 0.5857  data: 0.1338  max mem: 13847
Epoch: [0]  [ 1150/10124]  eta: 1:28:37  lr: 0.000050  loss: 0.5827 (0.7302)  loss_adapter: 0.1999 (0.2539)  loss_condition: 0.3827 (0.4762)  loss_adapter_unscaled: 0.1999 (0.2539)  loss_condition_unscaled: 0.3827 (0.4762)  time: 0.6148  data: 0.1624  max mem: 13847
Epoch: [0]  [ 1200/10124]  eta: 1:28:09  lr: 0.000050  loss: 0.5939 (0.7250)  loss_adapter: 0.1999 (0.2518)  loss_condition: 0.3929 (0.4733)  loss_adapter_unscaled: 0.1999 (0.2518)  loss_condition_unscaled: 0.3929 (0.4733)  time: 0.6018  data: 0.1503  max mem: 13847
Epoch: [0]  [ 1250/10124]  eta: 1:27:38  lr: 0.000050  loss: 0.5686 (0.7198)  loss_adapter: 0.1998 (0.2498)  loss_condition: 0.3681 (0.4700)  loss_adapter_unscaled: 0.1998 (0.2498)  loss_condition_unscaled: 0.3681 (0.4700)  time: 0.5973  data: 0.1442  max mem: 13847
Epoch: [0]  [ 1300/10124]  eta: 1:27:11  lr: 0.000050  loss: 0.6160 (0.7153)  loss_adapter: 0.1998 (0.2479)  loss_condition: 0.4043 (0.4673)  loss_adapter_unscaled: 0.1998 (0.2479)  loss_condition_unscaled: 0.4043 (0.4673)  time: 0.5935  data: 0.1412  max mem: 13847
Epoch: [0]  [ 1350/10124]  eta: 1:26:38  lr: 0.000050  loss: 0.5918 (0.7104)  loss_adapter: 0.1996 (0.2462)  loss_condition: 0.3922 (0.4642)  loss_adapter_unscaled: 0.1996 (0.2462)  loss_condition_unscaled: 0.3922 (0.4642)  time: 0.5826  data: 0.1300  max mem: 13847
Epoch: [0]  [ 1400/10124]  eta: 1:26:12  lr: 0.000050  loss: 0.5860 (0.7060)  loss_adapter: 0.1999 (0.2446)  loss_condition: 0.3861 (0.4615)  loss_adapter_unscaled: 0.1999 (0.2446)  loss_condition_unscaled: 0.3861 (0.4615)  time: 0.5991  data: 0.1473  max mem: 13847
Epoch: [0]  [ 1450/10124]  eta: 1:25:43  lr: 0.000050  loss: 0.5962 (0.7019)  loss_adapter: 0.1996 (0.2430)  loss_condition: 0.3965 (0.4589)  loss_adapter_unscaled: 0.1996 (0.2430)  loss_condition_unscaled: 0.3965 (0.4589)  time: 0.5883  data: 0.1354  max mem: 13847
Epoch: [0]  [ 1500/10124]  eta: 1:25:14  lr: 0.000050  loss: 0.5515 (0.6977)  loss_adapter: 0.1996 (0.2416)  loss_condition: 0.3522 (0.4561)  loss_adapter_unscaled: 0.1996 (0.2416)  loss_condition_unscaled: 0.3522 (0.4561)  time: 0.6033  data: 0.1515  max mem: 13847
Epoch: [0]  [ 1550/10124]  eta: 1:24:44  lr: 0.000050  loss: 0.5801 (0.6938)  loss_adapter: 0.1995 (0.2403)  loss_condition: 0.3794 (0.4535)  loss_adapter_unscaled: 0.1995 (0.2403)  loss_condition_unscaled: 0.3794 (0.4535)  time: 0.5941  data: 0.1412  max mem: 13847
Epoch: [0]  [ 1600/10124]  eta: 1:24:13  lr: 0.000050  loss: 0.5645 (0.6898)  loss_adapter: 0.1994 (0.2390)  loss_condition: 0.3652 (0.4508)  loss_adapter_unscaled: 0.1994 (0.2390)  loss_condition_unscaled: 0.3652 (0.4508)  time: 0.5837  data: 0.1323  max mem: 13847
Epoch: [0]  [ 1650/10124]  eta: 1:23:42  lr: 0.000050  loss: 0.5484 (0.6861)  loss_adapter: 0.1994 (0.2378)  loss_condition: 0.3489 (0.4482)  loss_adapter_unscaled: 0.1994 (0.2378)  loss_condition_unscaled: 0.3489 (0.4482)  time: 0.5956  data: 0.1429  max mem: 13847
Epoch: [0]  [ 1700/10124]  eta: 1:23:12  lr: 0.000050  loss: 0.5695 (0.6828)  loss_adapter: 0.1997 (0.2368)  loss_condition: 0.3694 (0.4460)  loss_adapter_unscaled: 0.1997 (0.2368)  loss_condition_unscaled: 0.3694 (0.4460)  time: 0.5811  data: 0.1284  max mem: 13847
Epoch: [0]  [ 1750/10124]  eta: 1:22:42  lr: 0.000050  loss: 0.5341 (0.6792)  loss_adapter: 0.1994 (0.2358)  loss_condition: 0.3315 (0.4435)  loss_adapter_unscaled: 0.1994 (0.2358)  loss_condition_unscaled: 0.3315 (0.4435)  time: 0.6019  data: 0.1501  max mem: 13847
Epoch: [0]  [ 1800/10124]  eta: 1:22:13  lr: 0.000050  loss: 0.5431 (0.6757)  loss_adapter: 0.1996 (0.2348)  loss_condition: 0.3439 (0.4410)  loss_adapter_unscaled: 0.1996 (0.2348)  loss_condition_unscaled: 0.3439 (0.4410)  time: 0.5985  data: 0.1455  max mem: 13847
Epoch: [0]  [ 1850/10124]  eta: 1:21:43  lr: 0.000050  loss: 0.5357 (0.6722)  loss_adapter: 0.1994 (0.2339)  loss_condition: 0.3235 (0.4383)  loss_adapter_unscaled: 0.1994 (0.2339)  loss_condition_unscaled: 0.3235 (0.4383)  time: 0.5900  data: 0.1376  max mem: 13847
Epoch: [0]  [ 1900/10124]  eta: 1:21:13  lr: 0.000050  loss: 0.5425 (0.6690)  loss_adapter: 0.1995 (0.2330)  loss_condition: 0.3360 (0.4360)  loss_adapter_unscaled: 0.1995 (0.2330)  loss_condition_unscaled: 0.3360 (0.4360)  time: 0.5820  data: 0.1299  max mem: 13847
Epoch: [0]  [ 1950/10124]  eta: 1:20:46  lr: 0.000050  loss: 0.5153 (0.6660)  loss_adapter: 0.1993 (0.2322)  loss_condition: 0.3141 (0.4338)  loss_adapter_unscaled: 0.1993 (0.2322)  loss_condition_unscaled: 0.3141 (0.4338)  time: 0.6080  data: 0.1557  max mem: 13847
Epoch: [0]  [ 2000/10124]  eta: 1:20:18  lr: 0.000050  loss: 0.5635 (0.6637)  loss_adapter: 0.1994 (0.2314)  loss_condition: 0.3640 (0.4322)  loss_adapter_unscaled: 0.1994 (0.2314)  loss_condition_unscaled: 0.3640 (0.4322)  time: 0.5892  data: 0.1375  max mem: 13847
Epoch: [0]  [ 2050/10124]  eta: 1:19:50  lr: 0.000050  loss: 0.5751 (0.6610)  loss_adapter: 0.1994 (0.2307)  loss_condition: 0.3761 (0.4303)  loss_adapter_unscaled: 0.1994 (0.2307)  loss_condition_unscaled: 0.3761 (0.4303)  time: 0.6033  data: 0.1505  max mem: 13847
Epoch: [0]  [ 2100/10124]  eta: 1:19:20  lr: 0.000050  loss: 0.5184 (0.6580)  loss_adapter: 0.1991 (0.2299)  loss_condition: 0.3180 (0.4281)  loss_adapter_unscaled: 0.1991 (0.2299)  loss_condition_unscaled: 0.3180 (0.4281)  time: 0.5898  data: 0.1372  max mem: 13847
Epoch: [0]  [ 2150/10124]  eta: 1:18:52  lr: 0.000050  loss: 0.5252 (0.6551)  loss_adapter: 0.1993 (0.2292)  loss_condition: 0.3259 (0.4259)  loss_adapter_unscaled: 0.1993 (0.2292)  loss_condition_unscaled: 0.3259 (0.4259)  time: 0.6007  data: 0.1466  max mem: 13847
Epoch: [0]  [ 2200/10124]  eta: 1:18:23  lr: 0.000050  loss: 0.4990 (0.6523)  loss_adapter: 0.1994 (0.2286)  loss_condition: 0.2992 (0.4237)  loss_adapter_unscaled: 0.1994 (0.2286)  loss_condition_unscaled: 0.2992 (0.4237)  time: 0.6018  data: 0.1498  max mem: 13847
Epoch: [0]  [ 2250/10124]  eta: 1:17:57  lr: 0.000050  loss: 0.5315 (0.6498)  loss_adapter: 0.1991 (0.2279)  loss_condition: 0.3324 (0.4218)  loss_adapter_unscaled: 0.1991 (0.2279)  loss_condition_unscaled: 0.3324 (0.4218)  time: 0.6212  data: 0.1691  max mem: 13847
Epoch: [0]  [ 2300/10124]  eta: 1:17:30  lr: 0.000050  loss: 0.5167 (0.6472)  loss_adapter: 0.1992 (0.2273)  loss_condition: 0.3176 (0.4199)  loss_adapter_unscaled: 0.1992 (0.2273)  loss_condition_unscaled: 0.3176 (0.4199)  time: 0.6221  data: 0.1700  max mem: 13847
Epoch: [0]  [ 2350/10124]  eta: 1:17:01  lr: 0.000050  loss: 0.5163 (0.6451)  loss_adapter: 0.1993 (0.2268)  loss_condition: 0.3172 (0.4184)  loss_adapter_unscaled: 0.1993 (0.2268)  loss_condition_unscaled: 0.3172 (0.4184)  time: 0.6040  data: 0.1517  max mem: 13847
Epoch: [0]  [ 2400/10124]  eta: 1:16:31  lr: 0.000050  loss: 0.5285 (0.6430)  loss_adapter: 0.1991 (0.2262)  loss_condition: 0.3293 (0.4168)  loss_adapter_unscaled: 0.1991 (0.2262)  loss_condition_unscaled: 0.3293 (0.4168)  time: 0.5955  data: 0.1437  max mem: 13847
Epoch: [0]  [ 2450/10124]  eta: 1:16:01  lr: 0.000050  loss: 0.5652 (0.6409)  loss_adapter: 0.1991 (0.2257)  loss_condition: 0.3663 (0.4153)  loss_adapter_unscaled: 0.1991 (0.2257)  loss_condition_unscaled: 0.3663 (0.4153)  time: 0.6026  data: 0.1502  max mem: 13847
Epoch: [0]  [ 2500/10124]  eta: 1:15:32  lr: 0.000050  loss: 0.5252 (0.6389)  loss_adapter: 0.1990 (0.2251)  loss_condition: 0.3263 (0.4138)  loss_adapter_unscaled: 0.1990 (0.2251)  loss_condition_unscaled: 0.3263 (0.4138)  time: 0.6034  data: 0.1514  max mem: 13847
Epoch: [0]  [ 2550/10124]  eta: 1:15:02  lr: 0.000050  loss: 0.5193 (0.6368)  loss_adapter: 0.1990 (0.2246)  loss_condition: 0.3205 (0.4122)  loss_adapter_unscaled: 0.1990 (0.2246)  loss_condition_unscaled: 0.3205 (0.4122)  time: 0.5860  data: 0.1337  max mem: 13847
Epoch: [0]  [ 2600/10124]  eta: 1:14:34  lr: 0.000050  loss: 0.5047 (0.6350)  loss_adapter: 0.1991 (0.2241)  loss_condition: 0.3056 (0.4108)  loss_adapter_unscaled: 0.1991 (0.2241)  loss_condition_unscaled: 0.3056 (0.4108)  time: 0.6051  data: 0.1527  max mem: 13847
Epoch: [0]  [ 2650/10124]  eta: 1:14:06  lr: 0.000050  loss: 0.5147 (0.6329)  loss_adapter: 0.1990 (0.2237)  loss_condition: 0.3081 (0.4092)  loss_adapter_unscaled: 0.1990 (0.2237)  loss_condition_unscaled: 0.3081 (0.4092)  time: 0.6114  data: 0.1599  max mem: 13847
Epoch: [0]  [ 2700/10124]  eta: 1:13:38  lr: 0.000050  loss: 0.5589 (0.6315)  loss_adapter: 0.1992 (0.2233)  loss_condition: 0.3589 (0.4082)  loss_adapter_unscaled: 0.1992 (0.2233)  loss_condition_unscaled: 0.3589 (0.4082)  time: 0.6069  data: 0.1544  max mem: 13847
Epoch: [0]  [ 2750/10124]  eta: 1:13:11  lr: 0.000050  loss: 0.5013 (0.6296)  loss_adapter: 0.1990 (0.2228)  loss_condition: 0.3024 (0.4068)  loss_adapter_unscaled: 0.1990 (0.2228)  loss_condition_unscaled: 0.3024 (0.4068)  time: 0.6013  data: 0.1500  max mem: 13847
Epoch: [0]  [ 2800/10124]  eta: 1:12:43  lr: 0.000050  loss: 0.5158 (0.6279)  loss_adapter: 0.1990 (0.2224)  loss_condition: 0.3170 (0.4055)  loss_adapter_unscaled: 0.1990 (0.2224)  loss_condition_unscaled: 0.3170 (0.4055)  time: 0.6168  data: 0.1645  max mem: 13847
Epoch: [0]  [ 2850/10124]  eta: 1:12:14  lr: 0.000050  loss: 0.5322 (0.6262)  loss_adapter: 0.1989 (0.2220)  loss_condition: 0.3331 (0.4041)  loss_adapter_unscaled: 0.1989 (0.2220)  loss_condition_unscaled: 0.3331 (0.4041)  time: 0.5922  data: 0.1403  max mem: 13847
Epoch: [0]  [ 2900/10124]  eta: 1:11:45  lr: 0.000050  loss: 0.5477 (0.6246)  loss_adapter: 0.1990 (0.2216)  loss_condition: 0.3483 (0.4030)  loss_adapter_unscaled: 0.1990 (0.2216)  loss_condition_unscaled: 0.3483 (0.4030)  time: 0.5927  data: 0.1404  max mem: 13847
Epoch: [0]  [ 2950/10124]  eta: 1:11:15  lr: 0.000050  loss: 0.5100 (0.6229)  loss_adapter: 0.1991 (0.2212)  loss_condition: 0.3099 (0.4017)  loss_adapter_unscaled: 0.1991 (0.2212)  loss_condition_unscaled: 0.3099 (0.4017)  time: 0.6049  data: 0.1535  max mem: 13847
Epoch: [0]  [ 3000/10124]  eta: 1:10:46  lr: 0.000050  loss: 0.5298 (0.6213)  loss_adapter: 0.1990 (0.2209)  loss_condition: 0.3309 (0.4004)  loss_adapter_unscaled: 0.1990 (0.2209)  loss_condition_unscaled: 0.3309 (0.4004)  time: 0.6157  data: 0.1640  max mem: 13847
Epoch: [0]  [ 3050/10124]  eta: 1:10:17  lr: 0.000050  loss: 0.5033 (0.6194)  loss_adapter: 0.1990 (0.2205)  loss_condition: 0.3039 (0.3989)  loss_adapter_unscaled: 0.1990 (0.2205)  loss_condition_unscaled: 0.3039 (0.3989)  time: 0.5902  data: 0.1386  max mem: 13847
Epoch: [0]  [ 3100/10124]  eta: 1:09:48  lr: 0.000050  loss: 0.5203 (0.6179)  loss_adapter: 0.1991 (0.2203)  loss_condition: 0.3213 (0.3976)  loss_adapter_unscaled: 0.1991 (0.2203)  loss_condition_unscaled: 0.3213 (0.3976)  time: 0.6037  data: 0.1513  max mem: 13847
Epoch: [0]  [ 3150/10124]  eta: 1:09:20  lr: 0.000050  loss: 0.5238 (0.6161)  loss_adapter: 0.1990 (0.2199)  loss_condition: 0.3248 (0.3961)  loss_adapter_unscaled: 0.1990 (0.2199)  loss_condition_unscaled: 0.3248 (0.3961)  time: 0.6223  data: 0.1701  max mem: 13847
Epoch: [0]  [ 3200/10124]  eta: 1:08:52  lr: 0.000050  loss: 0.5028 (0.6145)  loss_adapter: 0.1989 (0.2196)  loss_condition: 0.3039 (0.3949)  loss_adapter_unscaled: 0.1989 (0.2196)  loss_condition_unscaled: 0.3039 (0.3949)  time: 0.6066  data: 0.1541  max mem: 13847
Epoch: [0]  [ 3250/10124]  eta: 1:08:22  lr: 0.000050  loss: 0.4932 (0.6129)  loss_adapter: 0.1989 (0.2193)  loss_condition: 0.2943 (0.3936)  loss_adapter_unscaled: 0.1989 (0.2193)  loss_condition_unscaled: 0.2943 (0.3936)  time: 0.5924  data: 0.1402  max mem: 13847
Epoch: [0]  [ 3300/10124]  eta: 1:07:53  lr: 0.000050  loss: 0.5209 (0.6115)  loss_adapter: 0.1990 (0.2190)  loss_condition: 0.3220 (0.3925)  loss_adapter_unscaled: 0.1990 (0.2190)  loss_condition_unscaled: 0.3220 (0.3925)  time: 0.5988  data: 0.1469  max mem: 13847
Epoch: [0]  [ 3350/10124]  eta: 1:07:23  lr: 0.000050  loss: 0.5007 (0.6099)  loss_adapter: 0.1990 (0.2187)  loss_condition: 0.3019 (0.3912)  loss_adapter_unscaled: 0.1990 (0.2187)  loss_condition_unscaled: 0.3019 (0.3912)  time: 0.5955  data: 0.1415  max mem: 13847
Epoch: [0]  [ 3400/10124]  eta: 1:06:55  lr: 0.000050  loss: 0.4756 (0.6084)  loss_adapter: 0.1989 (0.2184)  loss_condition: 0.2768 (0.3900)  loss_adapter_unscaled: 0.1989 (0.2184)  loss_condition_unscaled: 0.2768 (0.3900)  time: 0.6072  data: 0.1555  max mem: 13847
Epoch: [0]  [ 3450/10124]  eta: 1:06:26  lr: 0.000050  loss: 0.4753 (0.6069)  loss_adapter: 0.1991 (0.2181)  loss_condition: 0.2758 (0.3888)  loss_adapter_unscaled: 0.1991 (0.2181)  loss_condition_unscaled: 0.2758 (0.3888)  time: 0.6007  data: 0.1491  max mem: 13847
Epoch: [0]  [ 3500/10124]  eta: 1:05:56  lr: 0.000050  loss: 0.5011 (0.6055)  loss_adapter: 0.1990 (0.2179)  loss_condition: 0.3018 (0.3877)  loss_adapter_unscaled: 0.1990 (0.2179)  loss_condition_unscaled: 0.3018 (0.3877)  time: 0.5900  data: 0.1364  max mem: 13847
Epoch: [0]  [ 3550/10124]  eta: 1:05:27  lr: 0.000050  loss: 0.4913 (0.6042)  loss_adapter: 0.1988 (0.2176)  loss_condition: 0.2918 (0.3866)  loss_adapter_unscaled: 0.1988 (0.2176)  loss_condition_unscaled: 0.2918 (0.3866)  time: 0.6046  data: 0.1519  max mem: 13847
Epoch: [0]  [ 3600/10124]  eta: 1:04:57  lr: 0.000050  loss: 0.4942 (0.6028)  loss_adapter: 0.1989 (0.2174)  loss_condition: 0.2953 (0.3854)  loss_adapter_unscaled: 0.1989 (0.2174)  loss_condition_unscaled: 0.2953 (0.3854)  time: 0.6102  data: 0.1579  max mem: 13847
Epoch: [0]  [ 3650/10124]  eta: 1:04:27  lr: 0.000050  loss: 0.4971 (0.6015)  loss_adapter: 0.1990 (0.2171)  loss_condition: 0.2954 (0.3844)  loss_adapter_unscaled: 0.1990 (0.2171)  loss_condition_unscaled: 0.2954 (0.3844)  time: 0.6089  data: 0.1569  max mem: 13847
Epoch: [0]  [ 3700/10124]  eta: 1:03:58  lr: 0.000050  loss: 0.5057 (0.6003)  loss_adapter: 0.1988 (0.2169)  loss_condition: 0.3069 (0.3834)  loss_adapter_unscaled: 0.1988 (0.2169)  loss_condition_unscaled: 0.3069 (0.3834)  time: 0.5954  data: 0.1423  max mem: 13847
Epoch: [0]  [ 3750/10124]  eta: 1:03:29  lr: 0.000050  loss: 0.4796 (0.5990)  loss_adapter: 0.1988 (0.2167)  loss_condition: 0.2808 (0.3823)  loss_adapter_unscaled: 0.1988 (0.2167)  loss_condition_unscaled: 0.2808 (0.3823)  time: 0.6101  data: 0.1571  max mem: 13847
Epoch: [0]  [ 3800/10124]  eta: 1:02:59  lr: 0.000050  loss: 0.4827 (0.5976)  loss_adapter: 0.1989 (0.2164)  loss_condition: 0.2839 (0.3812)  loss_adapter_unscaled: 0.1989 (0.2164)  loss_condition_unscaled: 0.2839 (0.3812)  time: 0.5958  data: 0.1437  max mem: 13847
Epoch: [0]  [ 3850/10124]  eta: 1:02:30  lr: 0.000050  loss: 0.4739 (0.5964)  loss_adapter: 0.1989 (0.2162)  loss_condition: 0.2749 (0.3802)  loss_adapter_unscaled: 0.1989 (0.2162)  loss_condition_unscaled: 0.2749 (0.3802)  time: 0.6006  data: 0.1479  max mem: 13847
Epoch: [0]  [ 3900/10124]  eta: 1:02:00  lr: 0.000050  loss: 0.4964 (0.5953)  loss_adapter: 0.1989 (0.2160)  loss_condition: 0.2938 (0.3793)  loss_adapter_unscaled: 0.1989 (0.2160)  loss_condition_unscaled: 0.2938 (0.3793)  time: 0.6013  data: 0.1481  max mem: 13847
Epoch: [0]  [ 3950/10124]  eta: 1:01:30  lr: 0.000050  loss: 0.5330 (0.5943)  loss_adapter: 0.1988 (0.2158)  loss_condition: 0.3342 (0.3785)  loss_adapter_unscaled: 0.1988 (0.2158)  loss_condition_unscaled: 0.3342 (0.3785)  time: 0.5999  data: 0.1473  max mem: 13847
Epoch: [0]  [ 4000/10124]  eta: 1:01:00  lr: 0.000050  loss: 0.4652 (0.5930)  loss_adapter: 0.1988 (0.2156)  loss_condition: 0.2665 (0.3774)  loss_adapter_unscaled: 0.1988 (0.2156)  loss_condition_unscaled: 0.2665 (0.3774)  time: 0.5851  data: 0.1324  max mem: 13847
Epoch: [0]  [ 4050/10124]  eta: 1:00:31  lr: 0.000050  loss: 0.4752 (0.5919)  loss_adapter: 0.1988 (0.2154)  loss_condition: 0.2765 (0.3765)  loss_adapter_unscaled: 0.1988 (0.2154)  loss_condition_unscaled: 0.2765 (0.3765)  time: 0.6129  data: 0.1606  max mem: 13847
Epoch: [0]  [ 4100/10124]  eta: 1:00:01  lr: 0.000050  loss: 0.5123 (0.5909)  loss_adapter: 0.1988 (0.2152)  loss_condition: 0.3135 (0.3757)  loss_adapter_unscaled: 0.1988 (0.2152)  loss_condition_unscaled: 0.3135 (0.3757)  time: 0.5955  data: 0.1431  max mem: 13847
Epoch: [0]  [ 4150/10124]  eta: 0:59:32  lr: 0.000050  loss: 0.4768 (0.5897)  loss_adapter: 0.1989 (0.2150)  loss_condition: 0.2782 (0.3747)  loss_adapter_unscaled: 0.1989 (0.2150)  loss_condition_unscaled: 0.2782 (0.3747)  time: 0.6007  data: 0.1480  max mem: 13847
Epoch: [0]  [ 4200/10124]  eta: 0:59:03  lr: 0.000050  loss: 0.4786 (0.5886)  loss_adapter: 0.1988 (0.2148)  loss_condition: 0.2798 (0.3738)  loss_adapter_unscaled: 0.1988 (0.2148)  loss_condition_unscaled: 0.2798 (0.3738)  time: 0.5990  data: 0.1464  max mem: 13847
Epoch: [0]  [ 4250/10124]  eta: 0:58:33  lr: 0.000050  loss: 0.5077 (0.5876)  loss_adapter: 0.1988 (0.2146)  loss_condition: 0.3089 (0.3729)  loss_adapter_unscaled: 0.1988 (0.2146)  loss_condition_unscaled: 0.3089 (0.3729)  time: 0.6039  data: 0.1521  max mem: 13847
Epoch: [0]  [ 4300/10124]  eta: 0:58:03  lr: 0.000050  loss: 0.4549 (0.5863)  loss_adapter: 0.1988 (0.2145)  loss_condition: 0.2562 (0.3718)  loss_adapter_unscaled: 0.1988 (0.2145)  loss_condition_unscaled: 0.2562 (0.3718)  time: 0.5841  data: 0.1316  max mem: 13847
Epoch: [0]  [ 4350/10124]  eta: 0:57:33  lr: 0.000050  loss: 0.5129 (0.5853)  loss_adapter: 0.1988 (0.2143)  loss_condition: 0.3142 (0.3710)  loss_adapter_unscaled: 0.1988 (0.2143)  loss_condition_unscaled: 0.3142 (0.3710)  time: 0.5874  data: 0.1357  max mem: 13847
Epoch: [0]  [ 4400/10124]  eta: 0:57:02  lr: 0.000050  loss: 0.4990 (0.5843)  loss_adapter: 0.1988 (0.2141)  loss_condition: 0.3003 (0.3702)  loss_adapter_unscaled: 0.1988 (0.2141)  loss_condition_unscaled: 0.3003 (0.3702)  time: 0.5891  data: 0.1371  max mem: 13847
Epoch: [0]  [ 4450/10124]  eta: 0:56:32  lr: 0.000050  loss: 0.4844 (0.5833)  loss_adapter: 0.1989 (0.2140)  loss_condition: 0.2856 (0.3693)  loss_adapter_unscaled: 0.1989 (0.2140)  loss_condition_unscaled: 0.2856 (0.3693)  time: 0.5913  data: 0.1390  max mem: 13847
Epoch: [0]  [ 4500/10124]  eta: 0:56:01  lr: 0.000050  loss: 0.4811 (0.5823)  loss_adapter: 0.1988 (0.2138)  loss_condition: 0.2713 (0.3685)  loss_adapter_unscaled: 0.1988 (0.2138)  loss_condition_unscaled: 0.2713 (0.3685)  time: 0.5949  data: 0.1421  max mem: 13847
Epoch: [0]  [ 4550/10124]  eta: 0:55:31  lr: 0.000050  loss: 0.4938 (0.5813)  loss_adapter: 0.1988 (0.2136)  loss_condition: 0.2951 (0.3677)  loss_adapter_unscaled: 0.1988 (0.2136)  loss_condition_unscaled: 0.2951 (0.3677)  time: 0.5872  data: 0.1344  max mem: 13847
Epoch: [0]  [ 4600/10124]  eta: 0:55:02  lr: 0.000050  loss: 0.4713 (0.5804)  loss_adapter: 0.1988 (0.2135)  loss_condition: 0.2709 (0.3669)  loss_adapter_unscaled: 0.1988 (0.2135)  loss_condition_unscaled: 0.2709 (0.3669)  time: 0.6086  data: 0.1559  max mem: 13847
Epoch: [0]  [ 4650/10124]  eta: 0:54:33  lr: 0.000050  loss: 0.4624 (0.5794)  loss_adapter: 0.1988 (0.2133)  loss_condition: 0.2637 (0.3660)  loss_adapter_unscaled: 0.1988 (0.2133)  loss_condition_unscaled: 0.2637 (0.3660)  time: 0.6147  data: 0.1624  max mem: 13847
Epoch: [0]  [ 4700/10124]  eta: 0:54:04  lr: 0.000050  loss: 0.4845 (0.5784)  loss_adapter: 0.1988 (0.2132)  loss_condition: 0.2857 (0.3653)  loss_adapter_unscaled: 0.1988 (0.2132)  loss_condition_unscaled: 0.2857 (0.3653)  time: 0.6116  data: 0.1584  max mem: 13847
Epoch: [0]  [ 4750/10124]  eta: 0:53:35  lr: 0.000050  loss: 0.4715 (0.5776)  loss_adapter: 0.1987 (0.2130)  loss_condition: 0.2728 (0.3645)  loss_adapter_unscaled: 0.1987 (0.2130)  loss_condition_unscaled: 0.2728 (0.3645)  time: 0.6174  data: 0.1652  max mem: 13847
Epoch: [0]  [ 4800/10124]  eta: 0:53:06  lr: 0.000050  loss: 0.4821 (0.5766)  loss_adapter: 0.1987 (0.2129)  loss_condition: 0.2833 (0.3638)  loss_adapter_unscaled: 0.1987 (0.2129)  loss_condition_unscaled: 0.2833 (0.3638)  time: 0.6156  data: 0.1640  max mem: 13847
Epoch: [0]  [ 4850/10124]  eta: 0:52:37  lr: 0.000050  loss: 0.4621 (0.5758)  loss_adapter: 0.1987 (0.2127)  loss_condition: 0.2634 (0.3631)  loss_adapter_unscaled: 0.1987 (0.2127)  loss_condition_unscaled: 0.2634 (0.3631)  time: 0.6165  data: 0.1646  max mem: 13847
Epoch: [0]  [ 4900/10124]  eta: 0:52:08  lr: 0.000050  loss: 0.4848 (0.5749)  loss_adapter: 0.1988 (0.2126)  loss_condition: 0.2817 (0.3623)  loss_adapter_unscaled: 0.1988 (0.2126)  loss_condition_unscaled: 0.2817 (0.3623)  time: 0.6121  data: 0.1599  max mem: 13847
Epoch: [0]  [ 4950/10124]  eta: 0:51:39  lr: 0.000050  loss: 0.4711 (0.5742)  loss_adapter: 0.1988 (0.2125)  loss_condition: 0.2723 (0.3617)  loss_adapter_unscaled: 0.1988 (0.2125)  loss_condition_unscaled: 0.2723 (0.3617)  time: 0.6118  data: 0.1598  max mem: 13847
Epoch: [0]  [ 5000/10124]  eta: 0:51:10  lr: 0.000050  loss: 0.4835 (0.5733)  loss_adapter: 0.1987 (0.2123)  loss_condition: 0.2848 (0.3610)  loss_adapter_unscaled: 0.1987 (0.2123)  loss_condition_unscaled: 0.2848 (0.3610)  time: 0.6132  data: 0.1612  max mem: 13847
Epoch: [0]  [ 5050/10124]  eta: 0:50:40  lr: 0.000050  loss: 0.4596 (0.5725)  loss_adapter: 0.1987 (0.2122)  loss_condition: 0.2610 (0.3603)  loss_adapter_unscaled: 0.1987 (0.2122)  loss_condition_unscaled: 0.2610 (0.3603)  time: 0.6144  data: 0.1626  max mem: 13847
Epoch: [0]  [ 5100/10124]  eta: 0:50:11  lr: 0.000050  loss: 0.4871 (0.5717)  loss_adapter: 0.1987 (0.2121)  loss_condition: 0.2885 (0.3596)  loss_adapter_unscaled: 0.1987 (0.2121)  loss_condition_unscaled: 0.2885 (0.3596)  time: 0.6059  data: 0.1536  max mem: 13847
Epoch: [0]  [ 5150/10124]  eta: 0:49:41  lr: 0.000050  loss: 0.4744 (0.5710)  loss_adapter: 0.1987 (0.2120)  loss_condition: 0.2757 (0.3590)  loss_adapter_unscaled: 0.1987 (0.2120)  loss_condition_unscaled: 0.2757 (0.3590)  time: 0.5971  data: 0.1446  max mem: 13847
Epoch: [0]  [ 5200/10124]  eta: 0:49:11  lr: 0.000050  loss: 0.4639 (0.5703)  loss_adapter: 0.1987 (0.2118)  loss_condition: 0.2653 (0.3585)  loss_adapter_unscaled: 0.1987 (0.2118)  loss_condition_unscaled: 0.2653 (0.3585)  time: 0.6105  data: 0.1584  max mem: 13847
Epoch: [0]  [ 5250/10124]  eta: 0:48:42  lr: 0.000050  loss: 0.4763 (0.5694)  loss_adapter: 0.1987 (0.2117)  loss_condition: 0.2776 (0.3576)  loss_adapter_unscaled: 0.1987 (0.2117)  loss_condition_unscaled: 0.2776 (0.3576)  time: 0.6079  data: 0.1553  max mem: 13847
Epoch: [0]  [ 5300/10124]  eta: 0:48:12  lr: 0.000050  loss: 0.4660 (0.5685)  loss_adapter: 0.1987 (0.2116)  loss_condition: 0.2673 (0.3569)  loss_adapter_unscaled: 0.1987 (0.2116)  loss_condition_unscaled: 0.2673 (0.3569)  time: 0.5930  data: 0.1395  max mem: 13847
Epoch: [0]  [ 5350/10124]  eta: 0:47:42  lr: 0.000050  loss: 0.4523 (0.5677)  loss_adapter: 0.1987 (0.2115)  loss_condition: 0.2537 (0.3562)  loss_adapter_unscaled: 0.1987 (0.2115)  loss_condition_unscaled: 0.2537 (0.3562)  time: 0.5900  data: 0.1381  max mem: 13847
Epoch: [0]  [ 5400/10124]  eta: 0:47:12  lr: 0.000050  loss: 0.4834 (0.5669)  loss_adapter: 0.1987 (0.2113)  loss_condition: 0.2847 (0.3556)  loss_adapter_unscaled: 0.1987 (0.2113)  loss_condition_unscaled: 0.2847 (0.3556)  time: 0.5889  data: 0.1359  max mem: 13847
Epoch: [0]  [ 5450/10124]  eta: 0:46:42  lr: 0.000050  loss: 0.4883 (0.5662)  loss_adapter: 0.1987 (0.2112)  loss_condition: 0.2895 (0.3550)  loss_adapter_unscaled: 0.1987 (0.2112)  loss_condition_unscaled: 0.2895 (0.3550)  time: 0.6041  data: 0.1519  max mem: 13847
Epoch: [0]  [ 5500/10124]  eta: 0:46:12  lr: 0.000050  loss: 0.4874 (0.5656)  loss_adapter: 0.1987 (0.2111)  loss_condition: 0.2887 (0.3545)  loss_adapter_unscaled: 0.1987 (0.2111)  loss_condition_unscaled: 0.2887 (0.3545)  time: 0.6024  data: 0.1501  max mem: 13847
Epoch: [0]  [ 5550/10124]  eta: 0:45:42  lr: 0.000050  loss: 0.4626 (0.5648)  loss_adapter: 0.1987 (0.2110)  loss_condition: 0.2555 (0.3538)  loss_adapter_unscaled: 0.1987 (0.2110)  loss_condition_unscaled: 0.2555 (0.3538)  time: 0.6035  data: 0.1502  max mem: 13847
Epoch: [0]  [ 5600/10124]  eta: 0:45:12  lr: 0.000050  loss: 0.4829 (0.5640)  loss_adapter: 0.1988 (0.2109)  loss_condition: 0.2842 (0.3531)  loss_adapter_unscaled: 0.1988 (0.2109)  loss_condition_unscaled: 0.2842 (0.3531)  time: 0.5838  data: 0.1316  max mem: 13847
Epoch: [0]  [ 5650/10124]  eta: 0:44:42  lr: 0.000050  loss: 0.4616 (0.5634)  loss_adapter: 0.1987 (0.2108)  loss_condition: 0.2630 (0.3526)  loss_adapter_unscaled: 0.1987 (0.2108)  loss_condition_unscaled: 0.2630 (0.3526)  time: 0.6109  data: 0.1586  max mem: 13847
Epoch: [0]  [ 5700/10124]  eta: 0:44:12  lr: 0.000050  loss: 0.4589 (0.5626)  loss_adapter: 0.1987 (0.2107)  loss_condition: 0.2600 (0.3519)  loss_adapter_unscaled: 0.1987 (0.2107)  loss_condition_unscaled: 0.2600 (0.3519)  time: 0.6001  data: 0.1488  max mem: 13847
Epoch: [0]  [ 5750/10124]  eta: 0:43:43  lr: 0.000050  loss: 0.4811 (0.5620)  loss_adapter: 0.1987 (0.2106)  loss_condition: 0.2824 (0.3514)  loss_adapter_unscaled: 0.1987 (0.2106)  loss_condition_unscaled: 0.2824 (0.3514)  time: 0.6145  data: 0.1618  max mem: 13847
Epoch: [0]  [ 5800/10124]  eta: 0:43:13  lr: 0.000050  loss: 0.4697 (0.5612)  loss_adapter: 0.1987 (0.2105)  loss_condition: 0.2680 (0.3507)  loss_adapter_unscaled: 0.1987 (0.2105)  loss_condition_unscaled: 0.2680 (0.3507)  time: 0.6137  data: 0.1618  max mem: 13847
Epoch: [0]  [ 5850/10124]  eta: 0:42:43  lr: 0.000050  loss: 0.5013 (0.5606)  loss_adapter: 0.1987 (0.2104)  loss_condition: 0.3027 (0.3502)  loss_adapter_unscaled: 0.1987 (0.2104)  loss_condition_unscaled: 0.3027 (0.3502)  time: 0.6000  data: 0.1479  max mem: 13847
Epoch: [0]  [ 5900/10124]  eta: 0:42:13  lr: 0.000050  loss: 0.4443 (0.5599)  loss_adapter: 0.1987 (0.2103)  loss_condition: 0.2456 (0.3496)  loss_adapter_unscaled: 0.1987 (0.2103)  loss_condition_unscaled: 0.2456 (0.3496)  time: 0.5917  data: 0.1387  max mem: 13847
Epoch: [0]  [ 5950/10124]  eta: 0:41:43  lr: 0.000050  loss: 0.4626 (0.5591)  loss_adapter: 0.1987 (0.2102)  loss_condition: 0.2639 (0.3489)  loss_adapter_unscaled: 0.1987 (0.2102)  loss_condition_unscaled: 0.2639 (0.3489)  time: 0.6007  data: 0.1490  max mem: 13847
Epoch: [0]  [ 6000/10124]  eta: 0:41:13  lr: 0.000050  loss: 0.4613 (0.5585)  loss_adapter: 0.1987 (0.2101)  loss_condition: 0.2626 (0.3483)  loss_adapter_unscaled: 0.1987 (0.2101)  loss_condition_unscaled: 0.2626 (0.3483)  time: 0.5957  data: 0.1428  max mem: 13847
Epoch: [0]  [ 6050/10124]  eta: 0:40:43  lr: 0.000050  loss: 0.4609 (0.5577)  loss_adapter: 0.1987 (0.2100)  loss_condition: 0.2612 (0.3477)  loss_adapter_unscaled: 0.1987 (0.2100)  loss_condition_unscaled: 0.2612 (0.3477)  time: 0.5943  data: 0.1416  max mem: 13847
Epoch: [0]  [ 6100/10124]  eta: 0:40:13  lr: 0.000050  loss: 0.4644 (0.5571)  loss_adapter: 0.1987 (0.2099)  loss_condition: 0.2657 (0.3471)  loss_adapter_unscaled: 0.1987 (0.2099)  loss_condition_unscaled: 0.2657 (0.3471)  time: 0.6194  data: 0.1668  max mem: 13847
Epoch: [0]  [ 6150/10124]  eta: 0:39:43  lr: 0.000050  loss: 0.4884 (0.5565)  loss_adapter: 0.1987 (0.2098)  loss_condition: 0.2880 (0.3467)  loss_adapter_unscaled: 0.1987 (0.2098)  loss_condition_unscaled: 0.2880 (0.3467)  time: 0.5890  data: 0.1363  max mem: 13847
Epoch: [0]  [ 6200/10124]  eta: 0:39:13  lr: 0.000050  loss: 0.4636 (0.5558)  loss_adapter: 0.1987 (0.2098)  loss_condition: 0.2649 (0.3461)  loss_adapter_unscaled: 0.1987 (0.2098)  loss_condition_unscaled: 0.2649 (0.3461)  time: 0.5843  data: 0.1318  max mem: 13847
Epoch: [0]  [ 6250/10124]  eta: 0:38:43  lr: 0.000050  loss: 0.4427 (0.5552)  loss_adapter: 0.1987 (0.2097)  loss_condition: 0.2438 (0.3455)  loss_adapter_unscaled: 0.1987 (0.2097)  loss_condition_unscaled: 0.2438 (0.3455)  time: 0.6125  data: 0.1604  max mem: 13847
Epoch: [0]  [ 6300/10124]  eta: 0:38:13  lr: 0.000050  loss: 0.4656 (0.5545)  loss_adapter: 0.1986 (0.2096)  loss_condition: 0.2669 (0.3449)  loss_adapter_unscaled: 0.1986 (0.2096)  loss_condition_unscaled: 0.2669 (0.3449)  time: 0.5923  data: 0.1401  max mem: 13847
Epoch: [0]  [ 6350/10124]  eta: 0:37:43  lr: 0.000050  loss: 0.4423 (0.5538)  loss_adapter: 0.1987 (0.2095)  loss_condition: 0.2437 (0.3443)  loss_adapter_unscaled: 0.1987 (0.2095)  loss_condition_unscaled: 0.2437 (0.3443)  time: 0.5835  data: 0.1310  max mem: 13847
Epoch: [0]  [ 6400/10124]  eta: 0:37:13  lr: 0.000050  loss: 0.4584 (0.5533)  loss_adapter: 0.1987 (0.2094)  loss_condition: 0.2598 (0.3438)  loss_adapter_unscaled: 0.1987 (0.2094)  loss_condition_unscaled: 0.2598 (0.3438)  time: 0.5855  data: 0.1327  max mem: 13847
Epoch: [0]  [ 6450/10124]  eta: 0:36:43  lr: 0.000050  loss: 0.4838 (0.5526)  loss_adapter: 0.1986 (0.2093)  loss_condition: 0.2852 (0.3433)  loss_adapter_unscaled: 0.1986 (0.2093)  loss_condition_unscaled: 0.2852 (0.3433)  time: 0.5929  data: 0.1406  max mem: 13847
Epoch: [0]  [ 6500/10124]  eta: 0:36:13  lr: 0.000050  loss: 0.4712 (0.5521)  loss_adapter: 0.1987 (0.2093)  loss_condition: 0.2726 (0.3428)  loss_adapter_unscaled: 0.1987 (0.2093)  loss_condition_unscaled: 0.2726 (0.3428)  time: 0.5908  data: 0.1390  max mem: 13847
Epoch: [0]  [ 6550/10124]  eta: 0:35:43  lr: 0.000050  loss: 0.4652 (0.5515)  loss_adapter: 0.1987 (0.2092)  loss_condition: 0.2594 (0.3423)  loss_adapter_unscaled: 0.1987 (0.2092)  loss_condition_unscaled: 0.2594 (0.3423)  time: 0.6007  data: 0.1482  max mem: 13847
Epoch: [0]  [ 6600/10124]  eta: 0:35:13  lr: 0.000050  loss: 0.4752 (0.5510)  loss_adapter: 0.1986 (0.2091)  loss_condition: 0.2765 (0.3419)  loss_adapter_unscaled: 0.1986 (0.2091)  loss_condition_unscaled: 0.2765 (0.3419)  time: 0.5955  data: 0.1438  max mem: 13847
Epoch: [0]  [ 6650/10124]  eta: 0:34:43  lr: 0.000050  loss: 0.4498 (0.5504)  loss_adapter: 0.1986 (0.2090)  loss_condition: 0.2512 (0.3413)  loss_adapter_unscaled: 0.1986 (0.2090)  loss_condition_unscaled: 0.2512 (0.3413)  time: 0.6121  data: 0.1585  max mem: 13847
Epoch: [0]  [ 6700/10124]  eta: 0:34:13  lr: 0.000050  loss: 0.4446 (0.5498)  loss_adapter: 0.1987 (0.2090)  loss_condition: 0.2459 (0.3409)  loss_adapter_unscaled: 0.1987 (0.2090)  loss_condition_unscaled: 0.2459 (0.3409)  time: 0.6123  data: 0.1607  max mem: 13847
Epoch: [0]  [ 6750/10124]  eta: 0:33:43  lr: 0.000050  loss: 0.4686 (0.5493)  loss_adapter: 0.1986 (0.2089)  loss_condition: 0.2700 (0.3404)  loss_adapter_unscaled: 0.1986 (0.2089)  loss_condition_unscaled: 0.2700 (0.3404)  time: 0.6019  data: 0.1490  max mem: 13847
Epoch: [0]  [ 6800/10124]  eta: 0:33:14  lr: 0.000050  loss: 0.4525 (0.5487)  loss_adapter: 0.1987 (0.2088)  loss_condition: 0.2538 (0.3399)  loss_adapter_unscaled: 0.1987 (0.2088)  loss_condition_unscaled: 0.2538 (0.3399)  time: 0.6052  data: 0.1532  max mem: 13847
Epoch: [0]  [ 6850/10124]  eta: 0:32:43  lr: 0.000050  loss: 0.4724 (0.5482)  loss_adapter: 0.1987 (0.2087)  loss_condition: 0.2738 (0.3394)  loss_adapter_unscaled: 0.1987 (0.2087)  loss_condition_unscaled: 0.2738 (0.3394)  time: 0.5980  data: 0.1468  max mem: 13847
Epoch: [0]  [ 6900/10124]  eta: 0:32:13  lr: 0.000050  loss: 0.4834 (0.5476)  loss_adapter: 0.1986 (0.2087)  loss_condition: 0.2847 (0.3390)  loss_adapter_unscaled: 0.1986 (0.2087)  loss_condition_unscaled: 0.2847 (0.3390)  time: 0.6000  data: 0.1492  max mem: 13847
Epoch: [0]  [ 6950/10124]  eta: 0:31:43  lr: 0.000050  loss: 0.4561 (0.5470)  loss_adapter: 0.1986 (0.2086)  loss_condition: 0.2574 (0.3384)  loss_adapter_unscaled: 0.1986 (0.2086)  loss_condition_unscaled: 0.2574 (0.3384)  time: 0.5946  data: 0.1420  max mem: 13847
Epoch: [0]  [ 7000/10124]  eta: 0:31:14  lr: 0.000050  loss: 0.4838 (0.5465)  loss_adapter: 0.1986 (0.2085)  loss_condition: 0.2852 (0.3380)  loss_adapter_unscaled: 0.1986 (0.2085)  loss_condition_unscaled: 0.2852 (0.3380)  time: 0.6186  data: 0.1663  max mem: 13847
Epoch: [0]  [ 7050/10124]  eta: 0:30:44  lr: 0.000050  loss: 0.4531 (0.5459)  loss_adapter: 0.1986 (0.2084)  loss_condition: 0.2545 (0.3375)  loss_adapter_unscaled: 0.1986 (0.2084)  loss_condition_unscaled: 0.2545 (0.3375)  time: 0.5928  data: 0.1406  max mem: 13847
Epoch: [0]  [ 7100/10124]  eta: 0:30:14  lr: 0.000050  loss: 0.4495 (0.5454)  loss_adapter: 0.1986 (0.2084)  loss_condition: 0.2509 (0.3370)  loss_adapter_unscaled: 0.1986 (0.2084)  loss_condition_unscaled: 0.2509 (0.3370)  time: 0.5877  data: 0.1356  max mem: 13847
Epoch: [0]  [ 7150/10124]  eta: 0:29:44  lr: 0.000050  loss: 0.4533 (0.5449)  loss_adapter: 0.1986 (0.2083)  loss_condition: 0.2546 (0.3366)  loss_adapter_unscaled: 0.1986 (0.2083)  loss_condition_unscaled: 0.2546 (0.3366)  time: 0.5873  data: 0.1345  max mem: 13847
Epoch: [0]  [ 7200/10124]  eta: 0:29:14  lr: 0.000050  loss: 0.4656 (0.5443)  loss_adapter: 0.1986 (0.2082)  loss_condition: 0.2670 (0.3361)  loss_adapter_unscaled: 0.1986 (0.2082)  loss_condition_unscaled: 0.2670 (0.3361)  time: 0.6063  data: 0.1532  max mem: 13847
Epoch: [0]  [ 7250/10124]  eta: 0:28:44  lr: 0.000050  loss: 0.4547 (0.5438)  loss_adapter: 0.1986 (0.2082)  loss_condition: 0.2561 (0.3356)  loss_adapter_unscaled: 0.1986 (0.2082)  loss_condition_unscaled: 0.2561 (0.3356)  time: 0.5986  data: 0.1468  max mem: 13847
Epoch: [0]  [ 7300/10124]  eta: 0:28:14  lr: 0.000050  loss: 0.4613 (0.5433)  loss_adapter: 0.1986 (0.2081)  loss_condition: 0.2627 (0.3352)  loss_adapter_unscaled: 0.1986 (0.2081)  loss_condition_unscaled: 0.2627 (0.3352)  time: 0.6051  data: 0.1527  max mem: 13847
Epoch: [0]  [ 7350/10124]  eta: 0:27:44  lr: 0.000050  loss: 0.4566 (0.5428)  loss_adapter: 0.1986 (0.2081)  loss_condition: 0.2580 (0.3347)  loss_adapter_unscaled: 0.1986 (0.2081)  loss_condition_unscaled: 0.2580 (0.3347)  time: 0.6092  data: 0.1571  max mem: 13847
Epoch: [0]  [ 7400/10124]  eta: 0:27:14  lr: 0.000050  loss: 0.4392 (0.5423)  loss_adapter: 0.1986 (0.2080)  loss_condition: 0.2406 (0.3343)  loss_adapter_unscaled: 0.1986 (0.2080)  loss_condition_unscaled: 0.2406 (0.3343)  time: 0.6009  data: 0.1481  max mem: 13847
Epoch: [0]  [ 7450/10124]  eta: 0:26:44  lr: 0.000050  loss: 0.4404 (0.5418)  loss_adapter: 0.1986 (0.2079)  loss_condition: 0.2418 (0.3338)  loss_adapter_unscaled: 0.1986 (0.2079)  loss_condition_unscaled: 0.2418 (0.3338)  time: 0.5886  data: 0.1367  max mem: 13847
Epoch: [0]  [ 7500/10124]  eta: 0:26:14  lr: 0.000050  loss: 0.4658 (0.5413)  loss_adapter: 0.1986 (0.2079)  loss_condition: 0.2671 (0.3334)  loss_adapter_unscaled: 0.1986 (0.2079)  loss_condition_unscaled: 0.2671 (0.3334)  time: 0.6078  data: 0.1562  max mem: 13847
Epoch: [0]  [ 7550/10124]  eta: 0:25:44  lr: 0.000050  loss: 0.4680 (0.5409)  loss_adapter: 0.1986 (0.2078)  loss_condition: 0.2693 (0.3331)  loss_adapter_unscaled: 0.1986 (0.2078)  loss_condition_unscaled: 0.2693 (0.3331)  time: 0.6097  data: 0.1575  max mem: 13847
Epoch: [0]  [ 7600/10124]  eta: 0:25:14  lr: 0.000050  loss: 0.4399 (0.5403)  loss_adapter: 0.1986 (0.2078)  loss_condition: 0.2413 (0.3326)  loss_adapter_unscaled: 0.1986 (0.2078)  loss_condition_unscaled: 0.2413 (0.3326)  time: 0.5880  data: 0.1355  max mem: 13847
Epoch: [0]  [ 7650/10124]  eta: 0:24:44  lr: 0.000050  loss: 0.4532 (0.5398)  loss_adapter: 0.1986 (0.2077)  loss_condition: 0.2546 (0.3321)  loss_adapter_unscaled: 0.1986 (0.2077)  loss_condition_unscaled: 0.2546 (0.3321)  time: 0.5837  data: 0.1317  max mem: 13847
Epoch: [0]  [ 7700/10124]  eta: 0:24:14  lr: 0.000050  loss: 0.4512 (0.5394)  loss_adapter: 0.1986 (0.2077)  loss_condition: 0.2525 (0.3317)  loss_adapter_unscaled: 0.1986 (0.2077)  loss_condition_unscaled: 0.2525 (0.3317)  time: 0.5985  data: 0.1460  max mem: 13847
Epoch: [0]  [ 7750/10124]  eta: 0:23:43  lr: 0.000050  loss: 0.4320 (0.5388)  loss_adapter: 0.1987 (0.2076)  loss_condition: 0.2334 (0.3312)  loss_adapter_unscaled: 0.1987 (0.2076)  loss_condition_unscaled: 0.2334 (0.3312)  time: 0.5900  data: 0.1378  max mem: 13847
Epoch: [0]  [ 7800/10124]  eta: 0:23:13  lr: 0.000050  loss: 0.4542 (0.5384)  loss_adapter: 0.1986 (0.2075)  loss_condition: 0.2555 (0.3308)  loss_adapter_unscaled: 0.1986 (0.2075)  loss_condition_unscaled: 0.2555 (0.3308)  time: 0.5917  data: 0.1394  max mem: 13847
Epoch: [0]  [ 7850/10124]  eta: 0:22:43  lr: 0.000050  loss: 0.4527 (0.5379)  loss_adapter: 0.1986 (0.2075)  loss_condition: 0.2541 (0.3304)  loss_adapter_unscaled: 0.1986 (0.2075)  loss_condition_unscaled: 0.2541 (0.3304)  time: 0.6135  data: 0.1602  max mem: 13847
Epoch: [0]  [ 7900/10124]  eta: 0:22:13  lr: 0.000050  loss: 0.4680 (0.5374)  loss_adapter: 0.1987 (0.2074)  loss_condition: 0.2693 (0.3300)  loss_adapter_unscaled: 0.1987 (0.2074)  loss_condition_unscaled: 0.2693 (0.3300)  time: 0.5905  data: 0.1384  max mem: 13847
Epoch: [0]  [ 7950/10124]  eta: 0:21:43  lr: 0.000050  loss: 0.4584 (0.5370)  loss_adapter: 0.1986 (0.2074)  loss_condition: 0.2598 (0.3297)  loss_adapter_unscaled: 0.1986 (0.2074)  loss_condition_unscaled: 0.2598 (0.3297)  time: 0.6097  data: 0.1574  max mem: 13847
Epoch: [0]  [ 8000/10124]  eta: 0:21:13  lr: 0.000050  loss: 0.4368 (0.5366)  loss_adapter: 0.1986 (0.2073)  loss_condition: 0.2381 (0.3292)  loss_adapter_unscaled: 0.1986 (0.2073)  loss_condition_unscaled: 0.2381 (0.3292)  time: 0.6029  data: 0.1514  max mem: 13847
Epoch: [0]  [ 8050/10124]  eta: 0:20:43  lr: 0.000050  loss: 0.4464 (0.5360)  loss_adapter: 0.1986 (0.2073)  loss_condition: 0.2478 (0.3287)  loss_adapter_unscaled: 0.1986 (0.2073)  loss_condition_unscaled: 0.2478 (0.3287)  time: 0.5877  data: 0.1359  max mem: 13847
Epoch: [0]  [ 8100/10124]  eta: 0:20:13  lr: 0.000050  loss: 0.4688 (0.5356)  loss_adapter: 0.1986 (0.2072)  loss_condition: 0.2616 (0.3284)  loss_adapter_unscaled: 0.1986 (0.2072)  loss_condition_unscaled: 0.2616 (0.3284)  time: 0.6004  data: 0.1476  max mem: 13847
Epoch: [0]  [ 8150/10124]  eta: 0:19:43  lr: 0.000050  loss: 0.4469 (0.5352)  loss_adapter: 0.1986 (0.2072)  loss_condition: 0.2483 (0.3280)  loss_adapter_unscaled: 0.1986 (0.2072)  loss_condition_unscaled: 0.2483 (0.3280)  time: 0.5988  data: 0.1460  max mem: 13847
Epoch: [0]  [ 8200/10124]  eta: 0:19:13  lr: 0.000050  loss: 0.4520 (0.5348)  loss_adapter: 0.1986 (0.2071)  loss_condition: 0.2534 (0.3277)  loss_adapter_unscaled: 0.1986 (0.2071)  loss_condition_unscaled: 0.2534 (0.3277)  time: 0.6094  data: 0.1576  max mem: 13847
Epoch: [0]  [ 8250/10124]  eta: 0:18:43  lr: 0.000050  loss: 0.4563 (0.5344)  loss_adapter: 0.1986 (0.2071)  loss_condition: 0.2576 (0.3273)  loss_adapter_unscaled: 0.1986 (0.2071)  loss_condition_unscaled: 0.2576 (0.3273)  time: 0.6091  data: 0.1568  max mem: 13847
Epoch: [0]  [ 8300/10124]  eta: 0:18:13  lr: 0.000050  loss: 0.4455 (0.5339)  loss_adapter: 0.1986 (0.2070)  loss_condition: 0.2469 (0.3269)  loss_adapter_unscaled: 0.1986 (0.2070)  loss_condition_unscaled: 0.2469 (0.3269)  time: 0.5874  data: 0.1348  max mem: 13847
Epoch: [0]  [ 8350/10124]  eta: 0:17:43  lr: 0.000050  loss: 0.4540 (0.5334)  loss_adapter: 0.1986 (0.2070)  loss_condition: 0.2554 (0.3264)  loss_adapter_unscaled: 0.1986 (0.2070)  loss_condition_unscaled: 0.2554 (0.3264)  time: 0.5933  data: 0.1417  max mem: 13847
Epoch: [0]  [ 8400/10124]  eta: 0:17:13  lr: 0.000050  loss: 0.4528 (0.5330)  loss_adapter: 0.1986 (0.2069)  loss_condition: 0.2542 (0.3261)  loss_adapter_unscaled: 0.1986 (0.2069)  loss_condition_unscaled: 0.2542 (0.3261)  time: 0.6042  data: 0.1519  max mem: 13847
Epoch: [0]  [ 8450/10124]  eta: 0:16:43  lr: 0.000050  loss: 0.4678 (0.5326)  loss_adapter: 0.1986 (0.2069)  loss_condition: 0.2692 (0.3257)  loss_adapter_unscaled: 0.1986 (0.2069)  loss_condition_unscaled: 0.2692 (0.3257)  time: 0.6066  data: 0.1542  max mem: 13847
Epoch: [0]  [ 8500/10124]  eta: 0:16:13  lr: 0.000050  loss: 0.4325 (0.5322)  loss_adapter: 0.1986 (0.2069)  loss_condition: 0.2340 (0.3254)  loss_adapter_unscaled: 0.1986 (0.2069)  loss_condition_unscaled: 0.2340 (0.3254)  time: 0.5951  data: 0.1434  max mem: 13847
Epoch: [0]  [ 8550/10124]  eta: 0:15:43  lr: 0.000050  loss: 0.4418 (0.5318)  loss_adapter: 0.1986 (0.2068)  loss_condition: 0.2431 (0.3250)  loss_adapter_unscaled: 0.1986 (0.2068)  loss_condition_unscaled: 0.2431 (0.3250)  time: 0.6054  data: 0.1531  max mem: 13847
Epoch: [0]  [ 8600/10124]  eta: 0:15:13  lr: 0.000050  loss: 0.4442 (0.5314)  loss_adapter: 0.1986 (0.2068)  loss_condition: 0.2456 (0.3246)  loss_adapter_unscaled: 0.1986 (0.2068)  loss_condition_unscaled: 0.2456 (0.3246)  time: 0.6078  data: 0.1549  max mem: 13847
Epoch: [0]  [ 8650/10124]  eta: 0:14:43  lr: 0.000050  loss: 0.4517 (0.5309)  loss_adapter: 0.1986 (0.2067)  loss_condition: 0.2531 (0.3242)  loss_adapter_unscaled: 0.1986 (0.2067)  loss_condition_unscaled: 0.2531 (0.3242)  time: 0.6013  data: 0.1488  max mem: 13847
Epoch: [0]  [ 8700/10124]  eta: 0:14:13  lr: 0.000050  loss: 0.4511 (0.5305)  loss_adapter: 0.1986 (0.2067)  loss_condition: 0.2525 (0.3239)  loss_adapter_unscaled: 0.1986 (0.2067)  loss_condition_unscaled: 0.2525 (0.3239)  time: 0.5910  data: 0.1386  max mem: 13847
Epoch: [0]  [ 8750/10124]  eta: 0:13:43  lr: 0.000050  loss: 0.4429 (0.5301)  loss_adapter: 0.1986 (0.2066)  loss_condition: 0.2443 (0.3235)  loss_adapter_unscaled: 0.1986 (0.2066)  loss_condition_unscaled: 0.2443 (0.3235)  time: 0.6111  data: 0.1580  max mem: 13847
Epoch: [0]  [ 8800/10124]  eta: 0:13:14  lr: 0.000050  loss: 0.4400 (0.5297)  loss_adapter: 0.1986 (0.2066)  loss_condition: 0.2414 (0.3231)  loss_adapter_unscaled: 0.1986 (0.2066)  loss_condition_unscaled: 0.2414 (0.3231)  time: 0.5894  data: 0.1370  max mem: 13847
Epoch: [0]  [ 8850/10124]  eta: 0:12:44  lr: 0.000050  loss: 0.4376 (0.5293)  loss_adapter: 0.1986 (0.2065)  loss_condition: 0.2389 (0.3228)  loss_adapter_unscaled: 0.1986 (0.2065)  loss_condition_unscaled: 0.2389 (0.3228)  time: 0.5951  data: 0.1426  max mem: 13847
Epoch: [0]  [ 8900/10124]  eta: 0:12:13  lr: 0.000050  loss: 0.4456 (0.5289)  loss_adapter: 0.1986 (0.2065)  loss_condition: 0.2470 (0.3224)  loss_adapter_unscaled: 0.1986 (0.2065)  loss_condition_unscaled: 0.2470 (0.3224)  time: 0.5987  data: 0.1467  max mem: 13847
Epoch: [0]  [ 8950/10124]  eta: 0:11:44  lr: 0.000050  loss: 0.4402 (0.5285)  loss_adapter: 0.1986 (0.2064)  loss_condition: 0.2416 (0.3220)  loss_adapter_unscaled: 0.1986 (0.2064)  loss_condition_unscaled: 0.2416 (0.3220)  time: 0.6079  data: 0.1555  max mem: 13847
Epoch: [0]  [ 9000/10124]  eta: 0:11:13  lr: 0.000050  loss: 0.4555 (0.5281)  loss_adapter: 0.1986 (0.2064)  loss_condition: 0.2570 (0.3217)  loss_adapter_unscaled: 0.1986 (0.2064)  loss_condition_unscaled: 0.2570 (0.3217)  time: 0.6021  data: 0.1499  max mem: 13847
Epoch: [0]  [ 9050/10124]  eta: 0:10:43  lr: 0.000050  loss: 0.4525 (0.5278)  loss_adapter: 0.1986 (0.2064)  loss_condition: 0.2539 (0.3214)  loss_adapter_unscaled: 0.1986 (0.2064)  loss_condition_unscaled: 0.2539 (0.3214)  time: 0.5932  data: 0.1411  max mem: 13847
Epoch: [0]  [ 9100/10124]  eta: 0:10:14  lr: 0.000050  loss: 0.4614 (0.5273)  loss_adapter: 0.1986 (0.2063)  loss_condition: 0.2628 (0.3210)  loss_adapter_unscaled: 0.1986 (0.2063)  loss_condition_unscaled: 0.2628 (0.3210)  time: 0.6072  data: 0.1543  max mem: 13847
Epoch: [0]  [ 9150/10124]  eta: 0:09:44  lr: 0.000050  loss: 0.4315 (0.5269)  loss_adapter: 0.1986 (0.2063)  loss_condition: 0.2330 (0.3207)  loss_adapter_unscaled: 0.1986 (0.2063)  loss_condition_unscaled: 0.2330 (0.3207)  time: 0.6104  data: 0.1586  max mem: 13847
Epoch: [0]  [ 9200/10124]  eta: 0:09:14  lr: 0.000050  loss: 0.4631 (0.5266)  loss_adapter: 0.1986 (0.2062)  loss_condition: 0.2644 (0.3203)  loss_adapter_unscaled: 0.1986 (0.2062)  loss_condition_unscaled: 0.2644 (0.3203)  time: 0.5989  data: 0.1471  max mem: 13847
Epoch: [0]  [ 9250/10124]  eta: 0:08:44  lr: 0.000050  loss: 0.4443 (0.5261)  loss_adapter: 0.1986 (0.2062)  loss_condition: 0.2450 (0.3199)  loss_adapter_unscaled: 0.1986 (0.2062)  loss_condition_unscaled: 0.2450 (0.3199)  time: 0.5987  data: 0.1467  max mem: 13847
Epoch: [0]  [ 9300/10124]  eta: 0:08:14  lr: 0.000050  loss: 0.4612 (0.5259)  loss_adapter: 0.1986 (0.2062)  loss_condition: 0.2627 (0.3197)  loss_adapter_unscaled: 0.1986 (0.2062)  loss_condition_unscaled: 0.2627 (0.3197)  time: 0.6046  data: 0.1519  max mem: 13847
Epoch: [0]  [ 9350/10124]  eta: 0:07:44  lr: 0.000050  loss: 0.4584 (0.5255)  loss_adapter: 0.1987 (0.2061)  loss_condition: 0.2597 (0.3194)  loss_adapter_unscaled: 0.1987 (0.2061)  loss_condition_unscaled: 0.2597 (0.3194)  time: 0.5844  data: 0.1325  max mem: 13847
Epoch: [0]  [ 9400/10124]  eta: 0:07:14  lr: 0.000050  loss: 0.4581 (0.5252)  loss_adapter: 0.1986 (0.2061)  loss_condition: 0.2594 (0.3191)  loss_adapter_unscaled: 0.1986 (0.2061)  loss_condition_unscaled: 0.2594 (0.3191)  time: 0.6094  data: 0.1563  max mem: 13847
Epoch: [0]  [ 9450/10124]  eta: 0:06:44  lr: 0.000050  loss: 0.4505 (0.5248)  loss_adapter: 0.1986 (0.2060)  loss_condition: 0.2519 (0.3188)  loss_adapter_unscaled: 0.1986 (0.2060)  loss_condition_unscaled: 0.2519 (0.3188)  time: 0.5875  data: 0.1348  max mem: 13847
Epoch: [0]  [ 9500/10124]  eta: 0:06:14  lr: 0.000050  loss: 0.4505 (0.5245)  loss_adapter: 0.1986 (0.2060)  loss_condition: 0.2519 (0.3185)  loss_adapter_unscaled: 0.1986 (0.2060)  loss_condition_unscaled: 0.2519 (0.3185)  time: 0.6157  data: 0.1641  max mem: 13847
Epoch: [0]  [ 9550/10124]  eta: 0:05:44  lr: 0.000050  loss: 0.4341 (0.5241)  loss_adapter: 0.1986 (0.2060)  loss_condition: 0.2328 (0.3181)  loss_adapter_unscaled: 0.1986 (0.2060)  loss_condition_unscaled: 0.2328 (0.3181)  time: 0.5881  data: 0.1350  max mem: 13847
Epoch: [0]  [ 9600/10124]  eta: 0:05:14  lr: 0.000050  loss: 0.4551 (0.5237)  loss_adapter: 0.1986 (0.2059)  loss_condition: 0.2565 (0.3178)  loss_adapter_unscaled: 0.1986 (0.2059)  loss_condition_unscaled: 0.2565 (0.3178)  time: 0.6155  data: 0.1633  max mem: 13847
Epoch: [0]  [ 9650/10124]  eta: 0:04:44  lr: 0.000050  loss: 0.4285 (0.5234)  loss_adapter: 0.1986 (0.2059)  loss_condition: 0.2299 (0.3175)  loss_adapter_unscaled: 0.1986 (0.2059)  loss_condition_unscaled: 0.2299 (0.3175)  time: 0.6029  data: 0.1510  max mem: 13847
Epoch: [0]  [ 9700/10124]  eta: 0:04:14  lr: 0.000050  loss: 0.4490 (0.5231)  loss_adapter: 0.1986 (0.2059)  loss_condition: 0.2504 (0.3173)  loss_adapter_unscaled: 0.1986 (0.2059)  loss_condition_unscaled: 0.2504 (0.3173)  time: 0.5941  data: 0.1419  max mem: 13847
Epoch: [0]  [ 9750/10124]  eta: 0:03:44  lr: 0.000050  loss: 0.4531 (0.5228)  loss_adapter: 0.1986 (0.2058)  loss_condition: 0.2545 (0.3170)  loss_adapter_unscaled: 0.1986 (0.2058)  loss_condition_unscaled: 0.2545 (0.3170)  time: 0.6099  data: 0.1574  max mem: 13847
Epoch: [0]  [ 9800/10124]  eta: 0:03:14  lr: 0.000050  loss: 0.4513 (0.5225)  loss_adapter: 0.1986 (0.2058)  loss_condition: 0.2527 (0.3167)  loss_adapter_unscaled: 0.1986 (0.2058)  loss_condition_unscaled: 0.2527 (0.3167)  time: 0.5942  data: 0.1414  max mem: 13847
Epoch: [0]  [ 9850/10124]  eta: 0:02:44  lr: 0.000050  loss: 0.4420 (0.5222)  loss_adapter: 0.1986 (0.2057)  loss_condition: 0.2434 (0.3164)  loss_adapter_unscaled: 0.1986 (0.2057)  loss_condition_unscaled: 0.2434 (0.3164)  time: 0.6076  data: 0.1558  max mem: 13847
Epoch: [0]  [ 9900/10124]  eta: 0:02:14  lr: 0.000050  loss: 0.4256 (0.5218)  loss_adapter: 0.1986 (0.2057)  loss_condition: 0.2271 (0.3161)  loss_adapter_unscaled: 0.1986 (0.2057)  loss_condition_unscaled: 0.2271 (0.3161)  time: 0.6054  data: 0.1533  max mem: 13847
Epoch: [0]  [ 9950/10124]  eta: 0:01:44  lr: 0.000050  loss: 0.4403 (0.5214)  loss_adapter: 0.1986 (0.2057)  loss_condition: 0.2417 (0.3157)  loss_adapter_unscaled: 0.1986 (0.2057)  loss_condition_unscaled: 0.2417 (0.3157)  time: 0.5922  data: 0.1402  max mem: 13847
Epoch: [0]  [10000/10124]  eta: 0:01:14  lr: 0.000050  loss: 0.4419 (0.5211)  loss_adapter: 0.1986 (0.2056)  loss_condition: 0.2434 (0.3154)  loss_adapter_unscaled: 0.1986 (0.2056)  loss_condition_unscaled: 0.2434 (0.3154)  time: 0.5910  data: 0.1387  max mem: 13847
Epoch: [0]  [10050/10124]  eta: 0:00:44  lr: 0.000050  loss: 0.4575 (0.5207)  loss_adapter: 0.1986 (0.2056)  loss_condition: 0.2589 (0.3151)  loss_adapter_unscaled: 0.1986 (0.2056)  loss_condition_unscaled: 0.2589 (0.3151)  time: 0.5979  data: 0.1452  max mem: 13847
Epoch: [0]  [10100/10124]  eta: 0:00:14  lr: 0.000050  loss: 0.4426 (0.5204)  loss_adapter: 0.1986 (0.2056)  loss_condition: 0.2440 (0.3148)  loss_adapter_unscaled: 0.1986 (0.2056)  loss_condition_unscaled: 0.2440 (0.3148)  time: 0.5928  data: 0.1405  max mem: 13847
Epoch: [0]  [10123/10124]  eta: 0:00:00  lr: 0.000050  loss: 0.4372 (0.5203)  loss_adapter: 0.1986 (0.2056)  loss_condition: 0.2387 (0.3147)  loss_adapter_unscaled: 0.1986 (0.2056)  loss_condition_unscaled: 0.2387 (0.3147)  time: 0.6045  data: 0.1515  max mem: 13847
Epoch: [0] Total time: 1:41:12 (0.5998 s / it)
/home/yabin/miniconda3/envs/cl/lib/python3.11/site-packages/torch/distributed/c10d_logger.py:83: UserWarning: barrier(): using the device under current context. You can specify `device_id` in `init_process_group` to mute this warning.
  return func(*args, **kwargs)
Averaged stats: lr: 0.000050  loss: 0.4372 (0.5203)  loss_adapter: 0.1986 (0.2056)  loss_condition: 0.2387 (0.3147)  loss_adapter_unscaled: 0.1986 (0.2056)  loss_condition_unscaled: 0.2387 (0.3147)
Epoch training time 1:41:13
Test:  [  0/375]  eta: 0:02:14    time: 0.3589  data: 0.0740  max mem: 13847
Test:  [ 50/375]  eta: 0:01:21    time: 0.2492  data: 0.0618  max mem: 13847
Test:  [100/375]  eta: 0:01:08    time: 0.2450  data: 0.0576  max mem: 13847
Test:  [150/375]  eta: 0:00:56    time: 0.2483  data: 0.0608  max mem: 13847
Test:  [200/375]  eta: 0:00:43    time: 0.2375  data: 0.0501  max mem: 13847
Test:  [250/375]  eta: 0:00:30    time: 0.2393  data: 0.0519  max mem: 13847
Test:  [300/375]  eta: 0:00:18    time: 0.2322  data: 0.0446  max mem: 13847
Test:  [350/375]  eta: 0:00:06    time: 0.2447  data: 0.0571  max mem: 13847
Test:  [374/375]  eta: 0:00:00    time: 0.2385  data: 0.0511  max mem: 13847
Test: Total time: 0:01:31 (0.2448 s / it)
(ADM) acc: 61.35; ap: 95.05; racc: 99.95; facc: 22.75;
/home/yabin/ctta4aid_assets/external/IAPL-p3-train/models/dct.py:353: FutureWarning: `torch.cuda.amp.autocast(args...)` is deprecated. Please use `torch.amp.autocast('cuda', args...)` instead.
  with torch.cuda.amp.autocast(enabled=False):
Test:  [  0/375]  eta: 0:01:22    time: 0.2206  data: 0.0316  max mem: 13847
Test:  [ 50/375]  eta: 0:01:08    time: 0.2100  data: 0.0218  max mem: 13847
Test:  [100/375]  eta: 0:00:58    time: 0.2151  data: 0.0268  max mem: 13847
Test:  [150/375]  eta: 0:00:47    time: 0.2098  data: 0.0214  max mem: 13847
Test:  [200/375]  eta: 0:00:37    time: 0.2291  data: 0.0418  max mem: 13847
Test:  [250/375]  eta: 0:00:27    time: 0.2382  data: 0.0509  max mem: 13847
Test:  [300/375]  eta: 0:00:16    time: 0.2342  data: 0.0473  max mem: 13847
Test:  [350/375]  eta: 0:00:05    time: 0.2601  data: 0.0729  max mem: 13847
Test:  [374/375]  eta: 0:00:00    time: 0.2433  data: 0.0563  max mem: 13847
Test: Total time: 0:01:25 (0.2291 s / it)
(BigGAN) acc: 60.27; ap: 97.79; racc: 99.98; facc: 20.55;
/home/yabin/ctta4aid_assets/external/IAPL-p3-train/models/dct.py:353: FutureWarning: `torch.cuda.amp.autocast(args...)` is deprecated. Please use `torch.amp.autocast('cuda', args...)` instead.
  with torch.cuda.amp.autocast(enabled=False):
Test:  [  0/375]  eta: 0:01:27    time: 0.2323  data: 0.0460  max mem: 13847
Test:  [ 50/375]  eta: 0:01:16    time: 0.2368  data: 0.0500  max mem: 13847
Test:  [100/375]  eta: 0:01:04    time: 0.2312  data: 0.0444  max mem: 13847
Test:  [150/375]  eta: 0:00:52    time: 0.2360  data: 0.0491  max mem: 13847
Test:  [200/375]  eta: 0:00:41    time: 0.2401  data: 0.0528  max mem: 13847
Test:  [250/375]  eta: 0:00:29    time: 0.2616  data: 0.0746  max mem: 13847
Test:  [300/375]  eta: 0:00:17    time: 0.2340  data: 0.0468  max mem: 13847
Test:  [350/375]  eta: 0:00:06    time: 0.2633  data: 0.0761  max mem: 13847
Test:  [374/375]  eta: 0:00:00    time: 0.2591  data: 0.0720  max mem: 13847
Test: Total time: 0:01:30 (0.2420 s / it)
(glide) acc: 81.03; ap: 99.17; racc: 99.98; facc: 62.07;
/home/yabin/ctta4aid_assets/external/IAPL-p3-train/models/dct.py:353: FutureWarning: `torch.cuda.amp.autocast(args...)` is deprecated. Please use `torch.amp.autocast('cuda', args...)` instead.
  with torch.cuda.amp.autocast(enabled=False):
Test:  [  0/375]  eta: 0:06:00    time: 0.9611  data: 0.7750  max mem: 13847
Test:  [ 50/375]  eta: 0:04:06    time: 0.7532  data: 0.5676  max mem: 13847
Test:  [100/375]  eta: 0:03:28    time: 0.7636  data: 0.5784  max mem: 13847
Test:  [150/375]  eta: 0:02:50    time: 0.7745  data: 0.5894  max mem: 13847
Test:  [200/375]  eta: 0:02:06    time: 0.4064  data: 0.2208  max mem: 13847
Test:  [250/375]  eta: 0:01:18    time: 0.2372  data: 0.0511  max mem: 13847
Test:  [300/375]  eta: 0:00:41    time: 0.2340  data: 0.0477  max mem: 13847
Test:  [350/375]  eta: 0:00:12    time: 0.2343  data: 0.0476  max mem: 13847
Test:  [374/375]  eta: 0:00:00    time: 0.2364  data: 0.0498  max mem: 13847
Test: Total time: 0:03:05 (0.4956 s / it)
(Midjourney) acc: 74.80; ap: 98.99; racc: 99.98; facc: 49.62;
/home/yabin/ctta4aid_assets/external/IAPL-p3-train/models/dct.py:353: FutureWarning: `torch.cuda.amp.autocast(args...)` is deprecated. Please use `torch.amp.autocast('cuda', args...)` instead.
  with torch.cuda.amp.autocast(enabled=False):
Test:  [  0/375]  eta: 0:02:21    time: 0.3777  data: 0.1916  max mem: 13847
Test:  [ 50/375]  eta: 0:02:06    time: 0.3696  data: 0.1834  max mem: 13847
Test:  [100/375]  eta: 0:01:43    time: 0.3636  data: 0.1774  max mem: 13847
Test:  [150/375]  eta: 0:01:25    time: 0.3937  data: 0.2076  max mem: 13847
Test:  [200/375]  eta: 0:01:04    time: 0.2784  data: 0.0920  max mem: 13847
Test:  [250/375]  eta: 0:00:42    time: 0.2334  data: 0.0469  max mem: 13847
Test:  [300/375]  eta: 0:00:24    time: 0.2374  data: 0.0507  max mem: 13847
Test:  [350/375]  eta: 0:00:07    time: 0.2343  data: 0.0473  max mem: 13847
Test:  [374/375]  eta: 0:00:00    time: 0.2465  data: 0.0596  max mem: 13847
Test: Total time: 0:01:55 (0.3075 s / it)
(stable_diffusion_v_1_4) acc: 100.00; ap: 100.00; racc: 100.00; facc: 100.00;
/home/yabin/ctta4aid_assets/external/IAPL-p3-train/models/dct.py:353: FutureWarning: `torch.cuda.amp.autocast(args...)` is deprecated. Please use `torch.amp.autocast('cuda', args...)` instead.
  with torch.cuda.amp.autocast(enabled=False):
Test:  [  0/500]  eta: 0:03:01    time: 0.3624  data: 0.1763  max mem: 13847
Test:  [ 50/500]  eta: 0:03:00    time: 0.4014  data: 0.2147  max mem: 13847
Test:  [100/500]  eta: 0:02:36    time: 0.3789  data: 0.1924  max mem: 13847
Test:  [150/500]  eta: 0:02:14    time: 0.3704  data: 0.1840  max mem: 13847
Test:  [200/500]  eta: 0:01:53    time: 0.3676  data: 0.1812  max mem: 13847
Test:  [250/500]  eta: 0:01:34    time: 0.3669  data: 0.1805  max mem: 13847
Test:  [300/500]  eta: 0:01:10    time: 0.2326  data: 0.0457  max mem: 13847
Test:  [350/500]  eta: 0:00:50    time: 0.2362  data: 0.0495  max mem: 13847
Test:  [400/500]  eta: 0:00:32    time: 0.2369  data: 0.0502  max mem: 13847
Test:  [450/500]  eta: 0:00:15    time: 0.2490  data: 0.0618  max mem: 13847
Test:  [499/500]  eta: 0:00:00    time: 0.2428  data: 0.0557  max mem: 13847
Test: Total time: 0:02:35 (0.3102 s / it)
(stable_diffusion_v_1_5) acc: 99.92; ap: 99.94; racc: 99.95; facc: 99.89;
/home/yabin/ctta4aid_assets/external/IAPL-p3-train/models/dct.py:353: FutureWarning: `torch.cuda.amp.autocast(args...)` is deprecated. Please use `torch.amp.autocast('cuda', args...)` instead.
  with torch.cuda.amp.autocast(enabled=False):
Test:  [  0/375]  eta: 0:01:30    time: 0.2410  data: 0.0544  max mem: 13847
Test:  [ 50/375]  eta: 0:01:19    time: 0.2383  data: 0.0513  max mem: 13847
Test:  [100/375]  eta: 0:01:06    time: 0.2377  data: 0.0504  max mem: 13847
Test:  [150/375]  eta: 0:00:54    time: 0.2389  data: 0.0515  max mem: 13847
Test:  [200/375]  eta: 0:00:42    time: 0.2359  data: 0.0483  max mem: 13847
Test:  [250/375]  eta: 0:00:30    time: 0.2631  data: 0.0756  max mem: 13847
Test:  [300/375]  eta: 0:00:18    time: 0.2341  data: 0.0466  max mem: 13847
Test:  [350/375]  eta: 0:00:06    time: 0.2364  data: 0.0488  max mem: 13847
Test:  [374/375]  eta: 0:00:00    time: 0.2365  data: 0.0491  max mem: 13847
Test: Total time: 0:01:30 (0.2421 s / it)
(VQDM) acc: 95.10; ap: 99.92; racc: 99.97; facc: 90.23;
/home/yabin/ctta4aid_assets/external/IAPL-p3-train/models/dct.py:353: FutureWarning: `torch.cuda.amp.autocast(args...)` is deprecated. Please use `torch.amp.autocast('cuda', args...)` instead.
  with torch.cuda.amp.autocast(enabled=False):
Test:  [  0/375]  eta: 0:02:20    time: 0.3740  data: 0.1874  max mem: 13847
Test:  [ 50/375]  eta: 0:01:59    time: 0.3649  data: 0.1778  max mem: 13847
Test:  [100/375]  eta: 0:01:43    time: 0.3773  data: 0.1908  max mem: 13847
Test:  [150/375]  eta: 0:01:24    time: 0.3807  data: 0.1941  max mem: 13847
Test:  [200/375]  eta: 0:01:03    time: 0.2797  data: 0.0929  max mem: 13847
Test:  [250/375]  eta: 0:00:42    time: 0.2609  data: 0.0738  max mem: 13847
Test:  [300/375]  eta: 0:00:24    time: 0.2390  data: 0.0522  max mem: 13847
Test:  [350/375]  eta: 0:00:07    time: 0.2342  data: 0.0469  max mem: 13847
Test:  [374/375]  eta: 0:00:00    time: 0.2337  data: 0.0467  max mem: 13847
Test: Total time: 0:01:55 (0.3078 s / it)
(wukong) acc: 99.78; ap: 100.00; racc: 100.00; facc: 99.57;
(0 ADM       ) acc: 61.35; ap: 95.05; racc: 99.95; facc: 22.75;
(1 BigGAN    ) acc: 60.27; ap: 97.79; racc: 99.98; facc: 20.55;
(2 glide     ) acc: 81.03; ap: 99.17; racc: 99.98; facc: 62.07;
(3 Midjourney) acc: 74.80; ap: 98.99; racc: 99.98; facc: 49.62;
(4 stable_diffusion_v_1_4) acc: 100.00; ap: 100.00; racc: 100.00; facc: 100.00;
(5 stable_diffusion_v_1_5) acc: 99.92; ap: 99.94; racc: 99.95; facc: 99.89;
(6 VQDM      ) acc: 95.10; ap: 99.92; racc: 99.97; facc: 90.23;
(7 wukong    ) acc: 99.78; ap: 100.00; racc: 100.00; facc: 99.57;
(8 mean      ) acc: 84.03; ap: 98.86; racc: 99.98; facc: 68.08;
[rank0]:[W724 12:51:36.861576014 ProcessGroupNCCL.cpp:1647] Warning: WARNING: destroy_process_group() was not called before program exit, which can leak resources. For more info, please see https://pytorch.org/docs/stable/distributed.html#shutdown (function operator())
