rows=10000/323997 failures=0 rows_per_second=192.76
rows=20000/323997 failures=0 rows_per_second=191.99
rows=30000/323997 failures=0 rows_per_second=193.95
rows=40000/323997 failures=0 rows_per_second=193.79
rows=50000/323997 failures=0 rows_per_second=193.25
rows=60000/323997 failures=0 rows_per_second=193.38
rows=70000/323997 failures=0 rows_per_second=192.94
rows=80000/323997 failures=0 rows_per_second=194.15
rows=90000/323997 failures=0 rows_per_second=194.16
rows=100000/323997 failures=0 rows_per_second=191.11
rows=110000/323997 failures=0 rows_per_second=190.85
rows=120000/323997 failures=0 rows_per_second=189.64
rows=130000/323997 failures=0 rows_per_second=188.71
rows=140000/323997 failures=0 rows_per_second=186.60
rows=150000/323997 failures=0 rows_per_second=185.92
rows=160000/323997 failures=0 rows_per_second=186.40
rows=170000/323997 failures=0 rows_per_second=193.54
rows=180000/323997 failures=0 rows_per_second=202.19
rows=190000/323997 failures=0 rows_per_second=211.00
rows=200000/323997 failures=0 rows_per_second=219.78
rows=210000/323997 failures=0 rows_per_second=228.10
rows=220000/323997 failures=0 rows_per_second=236.11
rows=230000/323997 failures=0 rows_per_second=243.98
rows=240000/323997 failures=0 rows_per_second=251.72
rows=250000/323997 failures=0 rows_per_second=259.44
rows=260000/323997 failures=0 rows_per_second=266.83
rows=270000/323997 failures=0 rows_per_second=274.14
rows=280000/323997 failures=0 rows_per_second=281.23
rows=290000/323997 failures=0 rows_per_second=288.38
rows=300000/323997 failures=0 rows_per_second=295.29
rows=310000/323997 failures=0 rows_per_second=301.94
rows=320000/323997 failures=0 rows_per_second=308.02
{
  "format": "ctta4aid_hf_arrow_image_audit_v1",
  "root": "/home/yabin/ctta4aid_assets/data/genimage_official_arrow_20260722/SDv14_train_filtered",
  "generator": "SDv14",
  "split": "train",
  "rows": 323997,
  "valid_rows": 323997,
  "invalid_rows": 0,
  "formats": {
    "JPEG": 162000,
    "PNG": 161997
  },
  "elapsed_seconds": 1044.1972173349932,
  "rows_per_second": 310.28333979562524,
  "failures": []
}
