world size: 1, rank: 0, local rank: 0
{
  "SHELL": "/bin/bash",
  "PYTHONUNBUFFERED": "1",
  "CONDA_EXE": "/home/yabin/miniconda3/bin/conda",
  "_CE_M": "",
  "IAPL_TRAIN_OUTPUT_ROOT": "/home/yabin/ctta4aid-arrow/outputs/iapl_official/p3_genimage_train/seed102_filtered",
  "MASTER_PORT": "29714",
  "PWD": "/home/yabin/ctta4aid_assets/external/IAPL-p3-train",
  "LOGNAME": "yabin",
  "XDG_SESSION_TYPE": "tty",
  "CONDA_PREFIX": "/home/yabin/miniconda3/envs/cl",
  "IAPL_DATASET_PATH": "hf_arrow:///home/yabin/ctta4aid_assets/data/genimage_official_arrow_20260722/SDv14_train_filtered|/home/yabin/ctta4aid_assets/data/genimage_official_arrow_20260722/GenImage_test",
  "HOME": "/home/yabin",
  "LANG": "zh_CN.UTF-8",
  "CONDA_PROMPT_MODIFIER": "(cl) ",
  "SSH_CONNECTION": "100.70.179.13 57985 100.69.251.94 22",
  "IAPL_MODEL_NAME": "genimage_sd14_seed102_filtered",
  "CUDA_VISIBLE_DEVICES": "0",
  "_CONDA_EXE": "/home/yabin/miniconda3/bin/conda",
  "XDG_SESSION_CLASS": "user",
  "_CONDA_ROOT": "/home/yabin/miniconda3",
  "PYTHONPATH": "/home/yabin/ctta4aid-arrow/src",
  "_CE_CONDA": "",
  "USER": "yabin",
  "CONDA_SHLVL": "1",
  "SHLVL": "0",
  "XDG_SESSION_ID": "12765",
  "CONDA_PYTHON_EXE": "/home/yabin/miniconda3/bin/python",
  "LC_CTYPE": "C.UTF-8",
  "XDG_RUNTIME_DIR": "/run/user/1000",
  "SSH_CLIENT": "100.70.179.13 57985 22",
  "CONDA_DEFAULT_ENV": "cl",
  "DEBUGINFOD_URLS": "https://debuginfod.ubuntu.com ",
  "IAPL_REPO_PATH": "/home/yabin/ctta4aid_assets/external/IAPL-p3-train",
  "LC_ALL": "C.UTF-8",
  "XDG_DATA_DIRS": "/usr/share/gnome:/usr/local/share:/usr/share:/var/lib/snapd/desktop",
  "PATH": "/home/yabin/miniconda3/envs/cl/bin:/home/yabin/miniconda3/condabin:/usr/local/sbin:/usr/local/bin:/usr/sbin:/usr/bin:/sbin:/bin:/usr/games:/usr/local/games:/snap/bin",
  "DBUS_SESSION_BUS_ADDRESS": "unix:path=/run/user/1000/bus",
  "OLDPWD": "/home/yabin/ctta4aid-arrow",
  "TORCHELASTIC_SIGNALS_TO_HANDLE": "SIGTERM,SIGINT,SIGHUP,SIGQUIT",
  "RANK": "0",
  "GROUP_RANK": "0",
  "ROLE_RANK": "0",
  "ROLE_NAME": "default",
  "LOCAL_WORLD_SIZE": "1",
  "WORLD_SIZE": "1",
  "GROUP_WORLD_SIZE": "1",
  "ROLE_WORLD_SIZE": "1",
  "MASTER_ADDR": "127.0.0.1",
  "TORCHELASTIC_RESTART_COUNT": "0",
  "TORCHELASTIC_MAX_RESTARTS": "0",
  "TORCHELASTIC_RUN_ID": "none",
  "TORCHELASTIC_USE_AGENT_STORE": "True",
  "TORCH_NCCL_ASYNC_ERROR_HANDLING": "1",
  "LOCAL_RANK": "0",
  "TORCHELASTIC_ERROR_FILE": "/tmp/torchelastic_swpyolvt/none_51j1pin6/attempt_0/0/error.json",
  "TORCHINDUCTOR_CACHE_DIR": "/tmp/torchinductor_yabin",
  "QT_QPA_PLATFORM_PLUGIN_PATH": "/home/yabin/miniconda3/envs/cl/lib/python3.11/site-packages/cv2/qt/plugins",
  "QT_QPA_FONTDIR": "/home/yabin/miniconda3/envs/cl/lib/python3.11/site-packages/cv2/qt/fonts",
  "LD_LIBRARY_PATH": "/home/yabin/miniconda3/envs/cl/lib/python3.11/site-packages/cv2/../../lib64:",
  "KMP_DUPLICATE_LIB_OK": "True",
  "KMP_INIT_AT_FORK": "FALSE"
}
world_size:1 rank:0 local_rank:0
| distributed init (rank 0): env://
Before torch.distributed.barrier()
/home/yabin/miniconda3/envs/cl/lib/python3.11/site-packages/torch/distributed/c10d_logger.py:83: UserWarning: barrier(): using the device under current context. You can specify `device_id` in `init_process_group` to mute this warning.
  return func(*args, **kwargs)
[rank0]:[W724 15:08:33.690723312 ProcessGroupNCCL.cpp:5324] Guessing device ID based on global rank. This can cause a hang if rank to GPU mapping is heterogeneous. You can specify device_id in init_process_group()
End torch.distributed.barrier()
['transformer.resblocks.1.gamma', 'transformer.resblocks.2.gamma', 'transformer.resblocks.3.gamma', 'transformer.resblocks.3.adapter.down_proj.weight', 'transformer.resblocks.3.adapter.down_proj.bias', 'transformer.resblocks.3.adapter.up_proj.weight', 'transformer.resblocks.3.adapter.up_proj.bias', 'transformer.resblocks.4.gamma', 'transformer.resblocks.5.gamma', 'transformer.resblocks.6.gamma', 'transformer.resblocks.7.gamma', 'transformer.resblocks.7.adapter.down_proj.weight', 'transformer.resblocks.7.adapter.down_proj.bias', 'transformer.resblocks.7.adapter.up_proj.weight', 'transformer.resblocks.7.adapter.up_proj.bias', 'transformer.resblocks.8.gamma', 'transformer.resblocks.11.adapter.down_proj.weight', 'transformer.resblocks.11.adapter.down_proj.bias', 'transformer.resblocks.11.adapter.up_proj.weight', 'transformer.resblocks.11.adapter.up_proj.bias', 'transformer.resblocks.15.adapter.down_proj.weight', 'transformer.resblocks.15.adapter.down_proj.bias', 'transformer.resblocks.15.adapter.up_proj.weight', 'transformer.resblocks.15.adapter.up_proj.bias', 'transformer.resblocks.19.adapter.down_proj.weight', 'transformer.resblocks.19.adapter.down_proj.bias', 'transformer.resblocks.19.adapter.up_proj.weight', 'transformer.resblocks.19.adapter.up_proj.bias', 'transformer.resblocks.23.adapter.down_proj.weight', 'transformer.resblocks.23.adapter.down_proj.bias', 'transformer.resblocks.23.adapter.up_proj.weight', 'transformer.resblocks.23.adapter.up_proj.bias']
/home/yabin/ctta4aid_assets/external/IAPL-p3-train/models/dct.py:353: FutureWarning: `torch.cuda.amp.autocast(args...)` is deprecated. Please use `torch.amp.autocast('cuda', args...)` instead.
  with torch.cuda.amp.autocast(enabled=False):
Epoch: [0]  [    0/10124]  eta: 2:51:12  lr: 0.000050  loss: 1.4691 (1.4691)  loss_adapter: 0.7101 (0.7101)  loss_condition: 0.7589 (0.7589)  loss_adapter_unscaled: 0.7101 (0.7101)  loss_condition_unscaled: 0.7589 (0.7589)  time: 1.0147  data: 0.1960  max mem: 13540
Epoch: [0]  [   50/10124]  eta: 1:40:45  lr: 0.000050  loss: 1.2634 (1.3019)  loss_adapter: 0.6740 (0.6909)  loss_condition: 0.5911 (0.6110)  loss_adapter_unscaled: 0.6740 (0.6909)  loss_condition_unscaled: 0.5911 (0.6110)  time: 0.5911  data: 0.1438  max mem: 13847
Epoch: [0]  [  100/10124]  eta: 1:40:20  lr: 0.000050  loss: 1.0937 (1.2299)  loss_adapter: 0.5440 (0.6434)  loss_condition: 0.5547 (0.5864)  loss_adapter_unscaled: 0.5440 (0.6434)  loss_condition_unscaled: 0.5547 (0.5864)  time: 0.6107  data: 0.1611  max mem: 13847
Epoch: [0]  [  150/10124]  eta: 1:39:20  lr: 0.000050  loss: 0.8965 (1.1430)  loss_adapter: 0.3548 (0.5683)  loss_condition: 0.5431 (0.5747)  loss_adapter_unscaled: 0.3548 (0.5683)  loss_condition_unscaled: 0.5431 (0.5747)  time: 0.6053  data: 0.1570  max mem: 13847
Epoch: [0]  [  200/10124]  eta: 1:38:44  lr: 0.000050  loss: 0.7566 (1.0571)  loss_adapter: 0.2367 (0.4923)  loss_condition: 0.5283 (0.5648)  loss_adapter_unscaled: 0.2367 (0.4923)  loss_condition_unscaled: 0.5283 (0.5648)  time: 0.6025  data: 0.1527  max mem: 13847
Epoch: [0]  [  250/10124]  eta: 1:38:21  lr: 0.000050  loss: 0.7234 (0.9952)  loss_adapter: 0.2062 (0.4383)  loss_condition: 0.5014 (0.5569)  loss_adapter_unscaled: 0.2062 (0.4383)  loss_condition_unscaled: 0.5014 (0.5569)  time: 0.6022  data: 0.1503  max mem: 13847
Epoch: [0]  [  300/10124]  eta: 1:38:03  lr: 0.000050  loss: 0.7138 (0.9488)  loss_adapter: 0.2022 (0.3998)  loss_condition: 0.5089 (0.5489)  loss_adapter_unscaled: 0.2022 (0.3998)  loss_condition_unscaled: 0.5089 (0.5489)  time: 0.5948  data: 0.1440  max mem: 13847
Epoch: [0]  [  350/10124]  eta: 1:37:35  lr: 0.000050  loss: 0.6749 (0.9134)  loss_adapter: 0.2022 (0.3729)  loss_condition: 0.4634 (0.5406)  loss_adapter_unscaled: 0.2022 (0.3729)  loss_condition_unscaled: 0.4634 (0.5406)  time: 0.5874  data: 0.1355  max mem: 13847
Epoch: [0]  [  400/10124]  eta: 1:37:07  lr: 0.000050  loss: 0.6769 (0.8860)  loss_adapter: 0.2018 (0.3518)  loss_condition: 0.4769 (0.5342)  loss_adapter_unscaled: 0.2018 (0.3518)  loss_condition_unscaled: 0.4769 (0.5342)  time: 0.5863  data: 0.1359  max mem: 13847
Epoch: [0]  [  450/10124]  eta: 1:36:42  lr: 0.000050  loss: 0.6798 (0.8646)  loss_adapter: 0.2011 (0.3355)  loss_condition: 0.4794 (0.5291)  loss_adapter_unscaled: 0.2011 (0.3355)  loss_condition_unscaled: 0.4794 (0.5291)  time: 0.5989  data: 0.1479  max mem: 13847
Epoch: [0]  [  500/10124]  eta: 1:36:08  lr: 0.000050  loss: 0.6842 (0.8468)  loss_adapter: 0.2007 (0.3224)  loss_condition: 0.4777 (0.5243)  loss_adapter_unscaled: 0.2007 (0.3224)  loss_condition_unscaled: 0.4777 (0.5243)  time: 0.6019  data: 0.1510  max mem: 13847
Epoch: [0]  [  550/10124]  eta: 1:35:39  lr: 0.000050  loss: 0.6514 (0.8298)  loss_adapter: 0.2008 (0.3117)  loss_condition: 0.4502 (0.5181)  loss_adapter_unscaled: 0.2008 (0.3117)  loss_condition_unscaled: 0.4502 (0.5181)  time: 0.5993  data: 0.1486  max mem: 13847
Epoch: [0]  [  600/10124]  eta: 1:35:02  lr: 0.000050  loss: 0.6531 (0.8159)  loss_adapter: 0.2008 (0.3025)  loss_condition: 0.4526 (0.5134)  loss_adapter_unscaled: 0.2008 (0.3025)  loss_condition_unscaled: 0.4526 (0.5134)  time: 0.5886  data: 0.1377  max mem: 13847
Epoch: [0]  [  650/10124]  eta: 1:34:31  lr: 0.000050  loss: 0.6479 (0.8035)  loss_adapter: 0.2011 (0.2949)  loss_condition: 0.4450 (0.5085)  loss_adapter_unscaled: 0.2011 (0.2949)  loss_condition_unscaled: 0.4450 (0.5085)  time: 0.5990  data: 0.1479  max mem: 13847
Epoch: [0]  [  700/10124]  eta: 1:34:03  lr: 0.000050  loss: 0.6013 (0.7918)  loss_adapter: 0.2008 (0.2884)  loss_condition: 0.4008 (0.5034)  loss_adapter_unscaled: 0.2008 (0.2884)  loss_condition_unscaled: 0.4008 (0.5034)  time: 0.6007  data: 0.1488  max mem: 13847
Epoch: [0]  [  750/10124]  eta: 1:33:37  lr: 0.000050  loss: 0.6271 (0.7816)  loss_adapter: 0.2001 (0.2827)  loss_condition: 0.4272 (0.4989)  loss_adapter_unscaled: 0.2001 (0.2827)  loss_condition_unscaled: 0.4272 (0.4989)  time: 0.5944  data: 0.1427  max mem: 13847
Epoch: [0]  [  800/10124]  eta: 1:33:09  lr: 0.000050  loss: 0.5879 (0.7719)  loss_adapter: 0.2005 (0.2778)  loss_condition: 0.3883 (0.4940)  loss_adapter_unscaled: 0.2005 (0.2778)  loss_condition_unscaled: 0.3883 (0.4940)  time: 0.6051  data: 0.1531  max mem: 13847
Epoch: [0]  [  850/10124]  eta: 1:32:40  lr: 0.000050  loss: 0.6416 (0.7631)  loss_adapter: 0.2002 (0.2734)  loss_condition: 0.4419 (0.4898)  loss_adapter_unscaled: 0.2002 (0.2734)  loss_condition_unscaled: 0.4419 (0.4898)  time: 0.5911  data: 0.1379  max mem: 13847
Epoch: [0]  [  900/10124]  eta: 1:32:16  lr: 0.000050  loss: 0.6148 (0.7549)  loss_adapter: 0.2002 (0.2694)  loss_condition: 0.4141 (0.4855)  loss_adapter_unscaled: 0.2002 (0.2694)  loss_condition_unscaled: 0.4141 (0.4855)  time: 0.6094  data: 0.1574  max mem: 13847
Epoch: [0]  [  950/10124]  eta: 1:31:48  lr: 0.000050  loss: 0.5946 (0.7473)  loss_adapter: 0.2001 (0.2659)  loss_condition: 0.3927 (0.4814)  loss_adapter_unscaled: 0.2001 (0.2659)  loss_condition_unscaled: 0.3927 (0.4814)  time: 0.6036  data: 0.1508  max mem: 13847
Epoch: [0]  [ 1000/10124]  eta: 1:31:17  lr: 0.000050  loss: 0.6145 (0.7419)  loss_adapter: 0.2001 (0.2627)  loss_condition: 0.4147 (0.4792)  loss_adapter_unscaled: 0.2001 (0.2627)  loss_condition_unscaled: 0.4147 (0.4792)  time: 0.5908  data: 0.1394  max mem: 13847
Epoch: [0]  [ 1050/10124]  eta: 1:30:47  lr: 0.000050  loss: 0.5863 (0.7352)  loss_adapter: 0.1999 (0.2599)  loss_condition: 0.3864 (0.4753)  loss_adapter_unscaled: 0.1999 (0.2599)  loss_condition_unscaled: 0.3864 (0.4753)  time: 0.5960  data: 0.1438  max mem: 13847
Epoch: [0]  [ 1100/10124]  eta: 1:30:16  lr: 0.000050  loss: 0.5929 (0.7293)  loss_adapter: 0.1997 (0.2572)  loss_condition: 0.3928 (0.4721)  loss_adapter_unscaled: 0.1997 (0.2572)  loss_condition_unscaled: 0.3928 (0.4721)  time: 0.5836  data: 0.1317  max mem: 13847
Epoch: [0]  [ 1150/10124]  eta: 1:29:47  lr: 0.000050  loss: 0.6451 (0.7251)  loss_adapter: 0.2002 (0.2548)  loss_condition: 0.4205 (0.4702)  loss_adapter_unscaled: 0.2002 (0.2548)  loss_condition_unscaled: 0.4205 (0.4702)  time: 0.6039  data: 0.1522  max mem: 13847
Epoch: [0]  [ 1200/10124]  eta: 1:29:19  lr: 0.000050  loss: 0.5796 (0.7197)  loss_adapter: 0.1997 (0.2526)  loss_condition: 0.3791 (0.4670)  loss_adapter_unscaled: 0.1997 (0.2526)  loss_condition_unscaled: 0.3791 (0.4670)  time: 0.5961  data: 0.1450  max mem: 13847
Epoch: [0]  [ 1250/10124]  eta: 1:28:51  lr: 0.000050  loss: 0.5769 (0.7148)  loss_adapter: 0.1998 (0.2506)  loss_condition: 0.3769 (0.4642)  loss_adapter_unscaled: 0.1998 (0.2506)  loss_condition_unscaled: 0.3769 (0.4642)  time: 0.5977  data: 0.1464  max mem: 13847
Epoch: [0]  [ 1300/10124]  eta: 1:28:23  lr: 0.000050  loss: 0.5570 (0.7104)  loss_adapter: 0.1996 (0.2487)  loss_condition: 0.3567 (0.4617)  loss_adapter_unscaled: 0.1996 (0.2487)  loss_condition_unscaled: 0.3567 (0.4617)  time: 0.6235  data: 0.1715  max mem: 13847
Epoch: [0]  [ 1350/10124]  eta: 1:27:54  lr: 0.000050  loss: 0.5958 (0.7058)  loss_adapter: 0.1997 (0.2469)  loss_condition: 0.3851 (0.4589)  loss_adapter_unscaled: 0.1997 (0.2469)  loss_condition_unscaled: 0.3851 (0.4589)  time: 0.6151  data: 0.1637  max mem: 13847
Epoch: [0]  [ 1400/10124]  eta: 1:27:27  lr: 0.000050  loss: 0.5934 (0.7018)  loss_adapter: 0.1997 (0.2453)  loss_condition: 0.3937 (0.4566)  loss_adapter_unscaled: 0.1997 (0.2453)  loss_condition_unscaled: 0.3937 (0.4566)  time: 0.5942  data: 0.1433  max mem: 13847
Epoch: [0]  [ 1450/10124]  eta: 1:26:57  lr: 0.000050  loss: 0.5830 (0.6976)  loss_adapter: 0.1996 (0.2438)  loss_condition: 0.3831 (0.4538)  loss_adapter_unscaled: 0.1996 (0.2438)  loss_condition_unscaled: 0.3831 (0.4538)  time: 0.6193  data: 0.1669  max mem: 13847
Epoch: [0]  [ 1500/10124]  eta: 1:26:26  lr: 0.000050  loss: 0.5619 (0.6934)  loss_adapter: 0.1996 (0.2424)  loss_condition: 0.3626 (0.4510)  loss_adapter_unscaled: 0.1996 (0.2424)  loss_condition_unscaled: 0.3626 (0.4510)  time: 0.5923  data: 0.1406  max mem: 13847
Epoch: [0]  [ 1550/10124]  eta: 1:25:55  lr: 0.000050  loss: 0.5366 (0.6895)  loss_adapter: 0.1997 (0.2410)  loss_condition: 0.3372 (0.4485)  loss_adapter_unscaled: 0.1997 (0.2410)  loss_condition_unscaled: 0.3372 (0.4485)  time: 0.5903  data: 0.1373  max mem: 13847
Epoch: [0]  [ 1600/10124]  eta: 1:25:24  lr: 0.000050  loss: 0.5839 (0.6858)  loss_adapter: 0.1994 (0.2398)  loss_condition: 0.3844 (0.4460)  loss_adapter_unscaled: 0.1994 (0.2398)  loss_condition_unscaled: 0.3844 (0.4460)  time: 0.5886  data: 0.1370  max mem: 13847
Epoch: [0]  [ 1650/10124]  eta: 1:24:53  lr: 0.000050  loss: 0.5664 (0.6825)  loss_adapter: 0.1995 (0.2386)  loss_condition: 0.3673 (0.4440)  loss_adapter_unscaled: 0.1995 (0.2386)  loss_condition_unscaled: 0.3673 (0.4440)  time: 0.5870  data: 0.1354  max mem: 13847
Epoch: [0]  [ 1700/10124]  eta: 1:24:20  lr: 0.000050  loss: 0.5445 (0.6793)  loss_adapter: 0.1996 (0.2375)  loss_condition: 0.3448 (0.4418)  loss_adapter_unscaled: 0.1996 (0.2375)  loss_condition_unscaled: 0.3448 (0.4418)  time: 0.5883  data: 0.1366  max mem: 13847
Epoch: [0]  [ 1750/10124]  eta: 1:23:51  lr: 0.000050  loss: 0.5464 (0.6760)  loss_adapter: 0.1994 (0.2364)  loss_condition: 0.3470 (0.4396)  loss_adapter_unscaled: 0.1994 (0.2364)  loss_condition_unscaled: 0.3470 (0.4396)  time: 0.6099  data: 0.1576  max mem: 13847
Epoch: [0]  [ 1800/10124]  eta: 1:23:22  lr: 0.000050  loss: 0.5405 (0.6725)  loss_adapter: 0.1995 (0.2355)  loss_condition: 0.3410 (0.4371)  loss_adapter_unscaled: 0.1995 (0.2355)  loss_condition_unscaled: 0.3410 (0.4371)  time: 0.6054  data: 0.1526  max mem: 13847
Epoch: [0]  [ 1850/10124]  eta: 1:22:53  lr: 0.000050  loss: 0.5358 (0.6693)  loss_adapter: 0.1994 (0.2345)  loss_condition: 0.3363 (0.4348)  loss_adapter_unscaled: 0.1994 (0.2345)  loss_condition_unscaled: 0.3363 (0.4348)  time: 0.5992  data: 0.1472  max mem: 13847
Epoch: [0]  [ 1900/10124]  eta: 1:22:23  lr: 0.000050  loss: 0.5352 (0.6663)  loss_adapter: 0.1994 (0.2336)  loss_condition: 0.3352 (0.4327)  loss_adapter_unscaled: 0.1994 (0.2336)  loss_condition_unscaled: 0.3352 (0.4327)  time: 0.6045  data: 0.1526  max mem: 13847
Epoch: [0]  [ 1950/10124]  eta: 1:21:54  lr: 0.000050  loss: 0.5560 (0.6636)  loss_adapter: 0.1994 (0.2328)  loss_condition: 0.3560 (0.4309)  loss_adapter_unscaled: 0.1994 (0.2328)  loss_condition_unscaled: 0.3560 (0.4309)  time: 0.6010  data: 0.1476  max mem: 13847
Epoch: [0]  [ 2000/10124]  eta: 1:21:25  lr: 0.000050  loss: 0.5800 (0.6614)  loss_adapter: 0.1993 (0.2320)  loss_condition: 0.3806 (0.4295)  loss_adapter_unscaled: 0.1993 (0.2320)  loss_condition_unscaled: 0.3806 (0.4295)  time: 0.5990  data: 0.1469  max mem: 13847
Epoch: [0]  [ 2050/10124]  eta: 1:20:56  lr: 0.000050  loss: 0.5550 (0.6589)  loss_adapter: 0.1993 (0.2312)  loss_condition: 0.3552 (0.4277)  loss_adapter_unscaled: 0.1993 (0.2312)  loss_condition_unscaled: 0.3552 (0.4277)  time: 0.6040  data: 0.1520  max mem: 13847
Epoch: [0]  [ 2100/10124]  eta: 1:20:25  lr: 0.000050  loss: 0.5236 (0.6557)  loss_adapter: 0.1993 (0.2304)  loss_condition: 0.3227 (0.4252)  loss_adapter_unscaled: 0.1993 (0.2304)  loss_condition_unscaled: 0.3227 (0.4252)  time: 0.6050  data: 0.1526  max mem: 13847
Epoch: [0]  [ 2150/10124]  eta: 1:19:55  lr: 0.000050  loss: 0.5268 (0.6528)  loss_adapter: 0.1993 (0.2298)  loss_condition: 0.3277 (0.4231)  loss_adapter_unscaled: 0.1993 (0.2298)  loss_condition_unscaled: 0.3277 (0.4231)  time: 0.6022  data: 0.1504  max mem: 13847
Epoch: [0]  [ 2200/10124]  eta: 1:19:23  lr: 0.000050  loss: 0.5265 (0.6504)  loss_adapter: 0.1993 (0.2291)  loss_condition: 0.3271 (0.4213)  loss_adapter_unscaled: 0.1993 (0.2291)  loss_condition_unscaled: 0.3271 (0.4213)  time: 0.5842  data: 0.1321  max mem: 13847
Epoch: [0]  [ 2250/10124]  eta: 1:18:54  lr: 0.000050  loss: 0.5105 (0.6480)  loss_adapter: 0.1993 (0.2285)  loss_condition: 0.3108 (0.4195)  loss_adapter_unscaled: 0.1993 (0.2285)  loss_condition_unscaled: 0.3108 (0.4195)  time: 0.6018  data: 0.1504  max mem: 13847
Epoch: [0]  [ 2300/10124]  eta: 1:18:24  lr: 0.000050  loss: 0.5113 (0.6457)  loss_adapter: 0.1992 (0.2278)  loss_condition: 0.3121 (0.4179)  loss_adapter_unscaled: 0.1992 (0.2278)  loss_condition_unscaled: 0.3121 (0.4179)  time: 0.6124  data: 0.1603  max mem: 13847
Epoch: [0]  [ 2350/10124]  eta: 1:17:51  lr: 0.000050  loss: 0.5185 (0.6431)  loss_adapter: 0.1992 (0.2273)  loss_condition: 0.3150 (0.4159)  loss_adapter_unscaled: 0.1992 (0.2273)  loss_condition_unscaled: 0.3150 (0.4159)  time: 0.5829  data: 0.1306  max mem: 13847
Epoch: [0]  [ 2400/10124]  eta: 1:17:20  lr: 0.000050  loss: 0.5225 (0.6409)  loss_adapter: 0.1992 (0.2267)  loss_condition: 0.3234 (0.4142)  loss_adapter_unscaled: 0.1992 (0.2267)  loss_condition_unscaled: 0.3234 (0.4142)  time: 0.6011  data: 0.1497  max mem: 13847
Epoch: [0]  [ 2450/10124]  eta: 1:16:50  lr: 0.000050  loss: 0.5398 (0.6387)  loss_adapter: 0.1992 (0.2261)  loss_condition: 0.3407 (0.4125)  loss_adapter_unscaled: 0.1992 (0.2261)  loss_condition_unscaled: 0.3407 (0.4125)  time: 0.6090  data: 0.1553  max mem: 13847
Epoch: [0]  [ 2500/10124]  eta: 1:16:19  lr: 0.000050  loss: 0.5260 (0.6366)  loss_adapter: 0.1991 (0.2256)  loss_condition: 0.3270 (0.4110)  loss_adapter_unscaled: 0.1991 (0.2256)  loss_condition_unscaled: 0.3270 (0.4110)  time: 0.6023  data: 0.1494  max mem: 13847
Epoch: [0]  [ 2550/10124]  eta: 1:15:50  lr: 0.000050  loss: 0.4810 (0.6342)  loss_adapter: 0.1991 (0.2251)  loss_condition: 0.2820 (0.4091)  loss_adapter_unscaled: 0.1991 (0.2251)  loss_condition_unscaled: 0.2820 (0.4091)  time: 0.6097  data: 0.1577  max mem: 13847
Epoch: [0]  [ 2600/10124]  eta: 1:15:19  lr: 0.000050  loss: 0.5399 (0.6325)  loss_adapter: 0.1991 (0.2246)  loss_condition: 0.3408 (0.4078)  loss_adapter_unscaled: 0.1991 (0.2246)  loss_condition_unscaled: 0.3408 (0.4078)  time: 0.5845  data: 0.1331  max mem: 13847
Epoch: [0]  [ 2650/10124]  eta: 1:14:49  lr: 0.000050  loss: 0.5267 (0.6307)  loss_adapter: 0.1991 (0.2242)  loss_condition: 0.3279 (0.4065)  loss_adapter_unscaled: 0.1991 (0.2242)  loss_condition_unscaled: 0.3279 (0.4065)  time: 0.6056  data: 0.1541  max mem: 13847
Epoch: [0]  [ 2700/10124]  eta: 1:14:18  lr: 0.000050  loss: 0.5122 (0.6287)  loss_adapter: 0.1991 (0.2237)  loss_condition: 0.3114 (0.4050)  loss_adapter_unscaled: 0.1991 (0.2237)  loss_condition_unscaled: 0.3114 (0.4050)  time: 0.5952  data: 0.1438  max mem: 13847
Epoch: [0]  [ 2750/10124]  eta: 1:13:48  lr: 0.000050  loss: 0.5061 (0.6266)  loss_adapter: 0.1990 (0.2233)  loss_condition: 0.3072 (0.4033)  loss_adapter_unscaled: 0.1990 (0.2233)  loss_condition_unscaled: 0.3072 (0.4033)  time: 0.5974  data: 0.1463  max mem: 13847
Epoch: [0]  [ 2800/10124]  eta: 1:13:18  lr: 0.000050  loss: 0.5077 (0.6247)  loss_adapter: 0.1991 (0.2228)  loss_condition: 0.3083 (0.4018)  loss_adapter_unscaled: 0.1991 (0.2228)  loss_condition_unscaled: 0.3083 (0.4018)  time: 0.6029  data: 0.1504  max mem: 13847
Epoch: [0]  [ 2850/10124]  eta: 1:12:46  lr: 0.000050  loss: 0.5468 (0.6233)  loss_adapter: 0.1991 (0.2224)  loss_condition: 0.3477 (0.4009)  loss_adapter_unscaled: 0.1991 (0.2224)  loss_condition_unscaled: 0.3477 (0.4009)  time: 0.5917  data: 0.1388  max mem: 13847
Epoch: [0]  [ 2900/10124]  eta: 1:12:17  lr: 0.000050  loss: 0.5253 (0.6217)  loss_adapter: 0.1989 (0.2220)  loss_condition: 0.3263 (0.3997)  loss_adapter_unscaled: 0.1989 (0.2220)  loss_condition_unscaled: 0.3263 (0.3997)  time: 0.6057  data: 0.1535  max mem: 13847
Epoch: [0]  [ 2950/10124]  eta: 1:11:45  lr: 0.000050  loss: 0.4944 (0.6198)  loss_adapter: 0.1991 (0.2216)  loss_condition: 0.2953 (0.3981)  loss_adapter_unscaled: 0.1991 (0.2216)  loss_condition_unscaled: 0.2953 (0.3981)  time: 0.5812  data: 0.1293  max mem: 13847
Epoch: [0]  [ 3000/10124]  eta: 1:11:15  lr: 0.000050  loss: 0.5103 (0.6179)  loss_adapter: 0.1990 (0.2213)  loss_condition: 0.3101 (0.3966)  loss_adapter_unscaled: 0.1990 (0.2213)  loss_condition_unscaled: 0.3101 (0.3966)  time: 0.6024  data: 0.1480  max mem: 13847
Epoch: [0]  [ 3050/10124]  eta: 1:10:45  lr: 0.000050  loss: 0.5350 (0.6163)  loss_adapter: 0.1990 (0.2209)  loss_condition: 0.3360 (0.3954)  loss_adapter_unscaled: 0.1990 (0.2209)  loss_condition_unscaled: 0.3360 (0.3954)  time: 0.6173  data: 0.1652  max mem: 13847
Epoch: [0]  [ 3100/10124]  eta: 1:10:16  lr: 0.000050  loss: 0.4962 (0.6147)  loss_adapter: 0.1990 (0.2206)  loss_condition: 0.2973 (0.3941)  loss_adapter_unscaled: 0.1990 (0.2206)  loss_condition_unscaled: 0.2973 (0.3941)  time: 0.5932  data: 0.1403  max mem: 13847
Epoch: [0]  [ 3150/10124]  eta: 1:09:46  lr: 0.000050  loss: 0.5176 (0.6132)  loss_adapter: 0.1989 (0.2202)  loss_condition: 0.3183 (0.3929)  loss_adapter_unscaled: 0.1989 (0.2202)  loss_condition_unscaled: 0.3183 (0.3929)  time: 0.6004  data: 0.1481  max mem: 13847
Epoch: [0]  [ 3200/10124]  eta: 1:09:18  lr: 0.000050  loss: 0.4837 (0.6117)  loss_adapter: 0.1989 (0.2199)  loss_condition: 0.2849 (0.3918)  loss_adapter_unscaled: 0.1989 (0.2199)  loss_condition_unscaled: 0.2849 (0.3918)  time: 0.6117  data: 0.1596  max mem: 13847
Epoch: [0]  [ 3250/10124]  eta: 1:08:47  lr: 0.000050  loss: 0.5036 (0.6102)  loss_adapter: 0.1989 (0.2196)  loss_condition: 0.3047 (0.3905)  loss_adapter_unscaled: 0.1989 (0.2196)  loss_condition_unscaled: 0.3047 (0.3905)  time: 0.5958  data: 0.1437  max mem: 13847
Epoch: [0]  [ 3300/10124]  eta: 1:08:16  lr: 0.000050  loss: 0.5168 (0.6087)  loss_adapter: 0.1990 (0.2193)  loss_condition: 0.3180 (0.3894)  loss_adapter_unscaled: 0.1990 (0.2193)  loss_condition_unscaled: 0.3180 (0.3894)  time: 0.6146  data: 0.1618  max mem: 13847
Epoch: [0]  [ 3350/10124]  eta: 1:07:45  lr: 0.000050  loss: 0.4859 (0.6072)  loss_adapter: 0.1990 (0.2190)  loss_condition: 0.2870 (0.3881)  loss_adapter_unscaled: 0.1990 (0.2190)  loss_condition_unscaled: 0.2870 (0.3881)  time: 0.5917  data: 0.1383  max mem: 13847
Epoch: [0]  [ 3400/10124]  eta: 1:07:15  lr: 0.000050  loss: 0.5139 (0.6059)  loss_adapter: 0.1989 (0.2188)  loss_condition: 0.3146 (0.3871)  loss_adapter_unscaled: 0.1989 (0.2188)  loss_condition_unscaled: 0.3146 (0.3871)  time: 0.5983  data: 0.1462  max mem: 13847
Epoch: [0]  [ 3450/10124]  eta: 1:06:46  lr: 0.000050  loss: 0.5021 (0.6045)  loss_adapter: 0.1990 (0.2185)  loss_condition: 0.3032 (0.3860)  loss_adapter_unscaled: 0.1990 (0.2185)  loss_condition_unscaled: 0.3032 (0.3860)  time: 0.5951  data: 0.1434  max mem: 13847
Epoch: [0]  [ 3500/10124]  eta: 1:06:17  lr: 0.000050  loss: 0.4854 (0.6031)  loss_adapter: 0.1989 (0.2182)  loss_condition: 0.2864 (0.3849)  loss_adapter_unscaled: 0.1989 (0.2182)  loss_condition_unscaled: 0.2864 (0.3849)  time: 0.6102  data: 0.1573  max mem: 13847
Epoch: [0]  [ 3550/10124]  eta: 1:05:47  lr: 0.000050  loss: 0.4979 (0.6018)  loss_adapter: 0.1990 (0.2180)  loss_condition: 0.2989 (0.3838)  loss_adapter_unscaled: 0.1990 (0.2180)  loss_condition_unscaled: 0.2989 (0.3838)  time: 0.6059  data: 0.1546  max mem: 13847
Epoch: [0]  [ 3600/10124]  eta: 1:05:17  lr: 0.000050  loss: 0.4768 (0.6004)  loss_adapter: 0.1989 (0.2177)  loss_condition: 0.2779 (0.3827)  loss_adapter_unscaled: 0.1989 (0.2177)  loss_condition_unscaled: 0.2779 (0.3827)  time: 0.6150  data: 0.1625  max mem: 13847
Epoch: [0]  [ 3650/10124]  eta: 1:04:47  lr: 0.000050  loss: 0.4931 (0.5989)  loss_adapter: 0.1989 (0.2175)  loss_condition: 0.2940 (0.3814)  loss_adapter_unscaled: 0.1989 (0.2175)  loss_condition_unscaled: 0.2940 (0.3814)  time: 0.5976  data: 0.1456  max mem: 13847
Epoch: [0]  [ 3700/10124]  eta: 1:04:17  lr: 0.000050  loss: 0.4991 (0.5977)  loss_adapter: 0.1989 (0.2172)  loss_condition: 0.3003 (0.3804)  loss_adapter_unscaled: 0.1989 (0.2172)  loss_condition_unscaled: 0.3003 (0.3804)  time: 0.5998  data: 0.1463  max mem: 13847
Epoch: [0]  [ 3750/10124]  eta: 1:03:47  lr: 0.000050  loss: 0.4854 (0.5965)  loss_adapter: 0.1990 (0.2170)  loss_condition: 0.2863 (0.3795)  loss_adapter_unscaled: 0.1990 (0.2170)  loss_condition_unscaled: 0.2863 (0.3795)  time: 0.5895  data: 0.1370  max mem: 13847
Epoch: [0]  [ 3800/10124]  eta: 1:03:17  lr: 0.000050  loss: 0.4966 (0.5951)  loss_adapter: 0.1989 (0.2168)  loss_condition: 0.2969 (0.3783)  loss_adapter_unscaled: 0.1989 (0.2168)  loss_condition_unscaled: 0.2969 (0.3783)  time: 0.5946  data: 0.1424  max mem: 13847
Epoch: [0]  [ 3850/10124]  eta: 1:02:46  lr: 0.000050  loss: 0.4931 (0.5939)  loss_adapter: 0.1989 (0.2165)  loss_condition: 0.2943 (0.3773)  loss_adapter_unscaled: 0.1989 (0.2165)  loss_condition_unscaled: 0.2943 (0.3773)  time: 0.5905  data: 0.1389  max mem: 13847
Epoch: [0]  [ 3900/10124]  eta: 1:02:16  lr: 0.000050  loss: 0.4873 (0.5927)  loss_adapter: 0.1989 (0.2163)  loss_condition: 0.2884 (0.3763)  loss_adapter_unscaled: 0.1989 (0.2163)  loss_condition_unscaled: 0.2884 (0.3763)  time: 0.5927  data: 0.1398  max mem: 13847
Epoch: [0]  [ 3950/10124]  eta: 1:01:44  lr: 0.000050  loss: 0.5166 (0.5917)  loss_adapter: 0.1989 (0.2161)  loss_condition: 0.3177 (0.3755)  loss_adapter_unscaled: 0.1989 (0.2161)  loss_condition_unscaled: 0.3177 (0.3755)  time: 0.5825  data: 0.1306  max mem: 13847
Epoch: [0]  [ 4000/10124]  eta: 1:01:15  lr: 0.000050  loss: 0.4514 (0.5904)  loss_adapter: 0.1989 (0.2159)  loss_condition: 0.2524 (0.3745)  loss_adapter_unscaled: 0.1989 (0.2159)  loss_condition_unscaled: 0.2524 (0.3745)  time: 0.6126  data: 0.1601  max mem: 13847
Epoch: [0]  [ 4050/10124]  eta: 1:00:45  lr: 0.000050  loss: 0.4859 (0.5894)  loss_adapter: 0.1989 (0.2157)  loss_condition: 0.2868 (0.3737)  loss_adapter_unscaled: 0.1989 (0.2157)  loss_condition_unscaled: 0.2868 (0.3737)  time: 0.5974  data: 0.1447  max mem: 13847
Epoch: [0]  [ 4100/10124]  eta: 1:00:16  lr: 0.000050  loss: 0.4898 (0.5885)  loss_adapter: 0.1989 (0.2156)  loss_condition: 0.2898 (0.3729)  loss_adapter_unscaled: 0.1989 (0.2156)  loss_condition_unscaled: 0.2898 (0.3729)  time: 0.5898  data: 0.1380  max mem: 13847
Epoch: [0]  [ 4150/10124]  eta: 0:59:46  lr: 0.000050  loss: 0.4988 (0.5874)  loss_adapter: 0.1989 (0.2154)  loss_condition: 0.3001 (0.3721)  loss_adapter_unscaled: 0.1989 (0.2154)  loss_condition_unscaled: 0.3001 (0.3721)  time: 0.6091  data: 0.1557  max mem: 13847
Epoch: [0]  [ 4200/10124]  eta: 0:59:17  lr: 0.000050  loss: 0.4618 (0.5863)  loss_adapter: 0.1989 (0.2152)  loss_condition: 0.2629 (0.3711)  loss_adapter_unscaled: 0.1989 (0.2152)  loss_condition_unscaled: 0.2629 (0.3711)  time: 0.6006  data: 0.1485  max mem: 13847
Epoch: [0]  [ 4250/10124]  eta: 0:58:47  lr: 0.000050  loss: 0.4919 (0.5852)  loss_adapter: 0.1989 (0.2150)  loss_condition: 0.2930 (0.3702)  loss_adapter_unscaled: 0.1989 (0.2150)  loss_condition_unscaled: 0.2930 (0.3702)  time: 0.6140  data: 0.1615  max mem: 13847
Epoch: [0]  [ 4300/10124]  eta: 0:58:17  lr: 0.000050  loss: 0.4755 (0.5842)  loss_adapter: 0.1988 (0.2148)  loss_condition: 0.2765 (0.3694)  loss_adapter_unscaled: 0.1988 (0.2148)  loss_condition_unscaled: 0.2765 (0.3694)  time: 0.5809  data: 0.1286  max mem: 13847
Epoch: [0]  [ 4350/10124]  eta: 0:57:46  lr: 0.000050  loss: 0.4493 (0.5830)  loss_adapter: 0.1988 (0.2146)  loss_condition: 0.2502 (0.3684)  loss_adapter_unscaled: 0.1988 (0.2146)  loss_condition_unscaled: 0.2502 (0.3684)  time: 0.5825  data: 0.1301  max mem: 13847
Epoch: [0]  [ 4400/10124]  eta: 0:57:16  lr: 0.000050  loss: 0.4935 (0.5821)  loss_adapter: 0.1988 (0.2144)  loss_condition: 0.2947 (0.3676)  loss_adapter_unscaled: 0.1988 (0.2144)  loss_condition_unscaled: 0.2947 (0.3676)  time: 0.5994  data: 0.1458  max mem: 13847
Epoch: [0]  [ 4450/10124]  eta: 0:56:46  lr: 0.000050  loss: 0.4928 (0.5811)  loss_adapter: 0.1988 (0.2143)  loss_condition: 0.2940 (0.3668)  loss_adapter_unscaled: 0.1988 (0.2143)  loss_condition_unscaled: 0.2940 (0.3668)  time: 0.6011  data: 0.1487  max mem: 13847
Epoch: [0]  [ 4500/10124]  eta: 0:56:16  lr: 0.000050  loss: 0.4612 (0.5800)  loss_adapter: 0.1988 (0.2141)  loss_condition: 0.2624 (0.3660)  loss_adapter_unscaled: 0.1988 (0.2141)  loss_condition_unscaled: 0.2624 (0.3660)  time: 0.6088  data: 0.1562  max mem: 13847
Epoch: [0]  [ 4550/10124]  eta: 0:55:46  lr: 0.000050  loss: 0.4758 (0.5791)  loss_adapter: 0.1988 (0.2139)  loss_condition: 0.2771 (0.3651)  loss_adapter_unscaled: 0.1988 (0.2139)  loss_condition_unscaled: 0.2771 (0.3651)  time: 0.5954  data: 0.1430  max mem: 13847
Epoch: [0]  [ 4600/10124]  eta: 0:55:17  lr: 0.000050  loss: 0.4811 (0.5780)  loss_adapter: 0.1987 (0.2138)  loss_condition: 0.2824 (0.3643)  loss_adapter_unscaled: 0.1987 (0.2138)  loss_condition_unscaled: 0.2824 (0.3643)  time: 0.6153  data: 0.1633  max mem: 13847
Epoch: [0]  [ 4650/10124]  eta: 0:54:46  lr: 0.000050  loss: 0.4627 (0.5769)  loss_adapter: 0.1988 (0.2136)  loss_condition: 0.2637 (0.3633)  loss_adapter_unscaled: 0.1988 (0.2136)  loss_condition_unscaled: 0.2637 (0.3633)  time: 0.6003  data: 0.1477  max mem: 13847
Epoch: [0]  [ 4700/10124]  eta: 0:54:16  lr: 0.000050  loss: 0.4674 (0.5759)  loss_adapter: 0.1988 (0.2135)  loss_condition: 0.2683 (0.3625)  loss_adapter_unscaled: 0.1988 (0.2135)  loss_condition_unscaled: 0.2683 (0.3625)  time: 0.5857  data: 0.1328  max mem: 13847
Epoch: [0]  [ 4750/10124]  eta: 0:53:46  lr: 0.000050  loss: 0.4690 (0.5750)  loss_adapter: 0.1988 (0.2133)  loss_condition: 0.2702 (0.3616)  loss_adapter_unscaled: 0.1988 (0.2133)  loss_condition_unscaled: 0.2702 (0.3616)  time: 0.5861  data: 0.1332  max mem: 13847
Epoch: [0]  [ 4800/10124]  eta: 0:53:15  lr: 0.000050  loss: 0.5074 (0.5741)  loss_adapter: 0.1988 (0.2132)  loss_condition: 0.3086 (0.3610)  loss_adapter_unscaled: 0.1988 (0.2132)  loss_condition_unscaled: 0.3086 (0.3610)  time: 0.5924  data: 0.1398  max mem: 13847
Epoch: [0]  [ 4850/10124]  eta: 0:52:45  lr: 0.000050  loss: 0.4790 (0.5733)  loss_adapter: 0.1987 (0.2130)  loss_condition: 0.2802 (0.3603)  loss_adapter_unscaled: 0.1987 (0.2130)  loss_condition_unscaled: 0.2802 (0.3603)  time: 0.5987  data: 0.1456  max mem: 13847
Epoch: [0]  [ 4900/10124]  eta: 0:52:15  lr: 0.000050  loss: 0.4558 (0.5725)  loss_adapter: 0.1988 (0.2129)  loss_condition: 0.2568 (0.3596)  loss_adapter_unscaled: 0.1988 (0.2129)  loss_condition_unscaled: 0.2568 (0.3596)  time: 0.6080  data: 0.1557  max mem: 13847
Epoch: [0]  [ 4950/10124]  eta: 0:51:45  lr: 0.000050  loss: 0.4875 (0.5718)  loss_adapter: 0.1988 (0.2127)  loss_condition: 0.2887 (0.3590)  loss_adapter_unscaled: 0.1988 (0.2127)  loss_condition_unscaled: 0.2887 (0.3590)  time: 0.5868  data: 0.1347  max mem: 13847
Epoch: [0]  [ 5000/10124]  eta: 0:51:15  lr: 0.000050  loss: 0.4989 (0.5710)  loss_adapter: 0.1987 (0.2126)  loss_condition: 0.3001 (0.3584)  loss_adapter_unscaled: 0.1987 (0.2126)  loss_condition_unscaled: 0.3001 (0.3584)  time: 0.5959  data: 0.1440  max mem: 13847
Epoch: [0]  [ 5050/10124]  eta: 0:50:45  lr: 0.000050  loss: 0.4523 (0.5701)  loss_adapter: 0.1987 (0.2125)  loss_condition: 0.2535 (0.3576)  loss_adapter_unscaled: 0.1987 (0.2125)  loss_condition_unscaled: 0.2535 (0.3576)  time: 0.6020  data: 0.1497  max mem: 13847
Epoch: [0]  [ 5100/10124]  eta: 0:50:15  lr: 0.000050  loss: 0.4966 (0.5693)  loss_adapter: 0.1987 (0.2123)  loss_condition: 0.2979 (0.3570)  loss_adapter_unscaled: 0.1987 (0.2123)  loss_condition_unscaled: 0.2979 (0.3570)  time: 0.5841  data: 0.1320  max mem: 13847
Epoch: [0]  [ 5150/10124]  eta: 0:49:45  lr: 0.000050  loss: 0.4955 (0.5685)  loss_adapter: 0.1987 (0.2122)  loss_condition: 0.2968 (0.3563)  loss_adapter_unscaled: 0.1987 (0.2122)  loss_condition_unscaled: 0.2968 (0.3563)  time: 0.5916  data: 0.1401  max mem: 13847
Epoch: [0]  [ 5200/10124]  eta: 0:49:15  lr: 0.000050  loss: 0.4807 (0.5678)  loss_adapter: 0.1987 (0.2121)  loss_condition: 0.2819 (0.3557)  loss_adapter_unscaled: 0.1987 (0.2121)  loss_condition_unscaled: 0.2819 (0.3557)  time: 0.5991  data: 0.1477  max mem: 13847
Epoch: [0]  [ 5250/10124]  eta: 0:48:44  lr: 0.000050  loss: 0.4763 (0.5669)  loss_adapter: 0.1987 (0.2119)  loss_condition: 0.2776 (0.3550)  loss_adapter_unscaled: 0.1987 (0.2119)  loss_condition_unscaled: 0.2776 (0.3550)  time: 0.5898  data: 0.1376  max mem: 13847
Epoch: [0]  [ 5300/10124]  eta: 0:48:14  lr: 0.000050  loss: 0.4575 (0.5660)  loss_adapter: 0.1987 (0.2118)  loss_condition: 0.2587 (0.3542)  loss_adapter_unscaled: 0.1987 (0.2118)  loss_condition_unscaled: 0.2587 (0.3542)  time: 0.5994  data: 0.1474  max mem: 13847
Epoch: [0]  [ 5350/10124]  eta: 0:47:44  lr: 0.000050  loss: 0.4564 (0.5652)  loss_adapter: 0.1987 (0.2117)  loss_condition: 0.2578 (0.3535)  loss_adapter_unscaled: 0.1987 (0.2117)  loss_condition_unscaled: 0.2578 (0.3535)  time: 0.5896  data: 0.1373  max mem: 13847
Epoch: [0]  [ 5400/10124]  eta: 0:47:14  lr: 0.000050  loss: 0.4676 (0.5644)  loss_adapter: 0.1987 (0.2116)  loss_condition: 0.2689 (0.3529)  loss_adapter_unscaled: 0.1987 (0.2116)  loss_condition_unscaled: 0.2689 (0.3529)  time: 0.5979  data: 0.1461  max mem: 13847
Epoch: [0]  [ 5450/10124]  eta: 0:46:45  lr: 0.000050  loss: 0.4751 (0.5637)  loss_adapter: 0.1987 (0.2115)  loss_condition: 0.2763 (0.3522)  loss_adapter_unscaled: 0.1987 (0.2115)  loss_condition_unscaled: 0.2763 (0.3522)  time: 0.6079  data: 0.1549  max mem: 13847
Epoch: [0]  [ 5500/10124]  eta: 0:46:14  lr: 0.000050  loss: 0.4853 (0.5630)  loss_adapter: 0.1987 (0.2113)  loss_condition: 0.2866 (0.3517)  loss_adapter_unscaled: 0.1987 (0.2113)  loss_condition_unscaled: 0.2866 (0.3517)  time: 0.5942  data: 0.1421  max mem: 13847
Epoch: [0]  [ 5550/10124]  eta: 0:45:44  lr: 0.000050  loss: 0.4557 (0.5623)  loss_adapter: 0.1987 (0.2112)  loss_condition: 0.2569 (0.3511)  loss_adapter_unscaled: 0.1987 (0.2112)  loss_condition_unscaled: 0.2569 (0.3511)  time: 0.5893  data: 0.1380  max mem: 13847
Epoch: [0]  [ 5600/10124]  eta: 0:45:14  lr: 0.000050  loss: 0.4646 (0.5616)  loss_adapter: 0.1987 (0.2111)  loss_condition: 0.2650 (0.3505)  loss_adapter_unscaled: 0.1987 (0.2111)  loss_condition_unscaled: 0.2650 (0.3505)  time: 0.5930  data: 0.1411  max mem: 13847
Epoch: [0]  [ 5650/10124]  eta: 0:44:44  lr: 0.000050  loss: 0.4624 (0.5609)  loss_adapter: 0.1987 (0.2110)  loss_condition: 0.2637 (0.3499)  loss_adapter_unscaled: 0.1987 (0.2110)  loss_condition_unscaled: 0.2637 (0.3499)  time: 0.5949  data: 0.1419  max mem: 13847
Epoch: [0]  [ 5700/10124]  eta: 0:44:14  lr: 0.000050  loss: 0.4408 (0.5601)  loss_adapter: 0.1988 (0.2109)  loss_condition: 0.2420 (0.3492)  loss_adapter_unscaled: 0.1988 (0.2109)  loss_condition_unscaled: 0.2420 (0.3492)  time: 0.5928  data: 0.1413  max mem: 13847
Epoch: [0]  [ 5750/10124]  eta: 0:43:44  lr: 0.000050  loss: 0.4533 (0.5593)  loss_adapter: 0.1987 (0.2108)  loss_condition: 0.2545 (0.3485)  loss_adapter_unscaled: 0.1987 (0.2108)  loss_condition_unscaled: 0.2545 (0.3485)  time: 0.5957  data: 0.1442  max mem: 13847
Epoch: [0]  [ 5800/10124]  eta: 0:43:14  lr: 0.000050  loss: 0.4608 (0.5586)  loss_adapter: 0.1987 (0.2107)  loss_condition: 0.2620 (0.3478)  loss_adapter_unscaled: 0.1987 (0.2107)  loss_condition_unscaled: 0.2620 (0.3478)  time: 0.6004  data: 0.1483  max mem: 13847
Epoch: [0]  [ 5850/10124]  eta: 0:42:44  lr: 0.000050  loss: 0.4994 (0.5580)  loss_adapter: 0.1987 (0.2106)  loss_condition: 0.3007 (0.3474)  loss_adapter_unscaled: 0.1987 (0.2106)  loss_condition_unscaled: 0.3007 (0.3474)  time: 0.6083  data: 0.1556  max mem: 13847
Epoch: [0]  [ 5900/10124]  eta: 0:42:15  lr: 0.000050  loss: 0.4629 (0.5573)  loss_adapter: 0.1987 (0.2105)  loss_condition: 0.2615 (0.3468)  loss_adapter_unscaled: 0.1987 (0.2105)  loss_condition_unscaled: 0.2615 (0.3468)  time: 0.6114  data: 0.1590  max mem: 13847
Epoch: [0]  [ 5950/10124]  eta: 0:41:45  lr: 0.000050  loss: 0.4922 (0.5567)  loss_adapter: 0.1987 (0.2104)  loss_condition: 0.2936 (0.3462)  loss_adapter_unscaled: 0.1987 (0.2104)  loss_condition_unscaled: 0.2936 (0.3462)  time: 0.6039  data: 0.1518  max mem: 13847
Epoch: [0]  [ 6000/10124]  eta: 0:41:15  lr: 0.000050  loss: 0.4664 (0.5559)  loss_adapter: 0.1987 (0.2103)  loss_condition: 0.2677 (0.3456)  loss_adapter_unscaled: 0.1987 (0.2103)  loss_condition_unscaled: 0.2677 (0.3456)  time: 0.5970  data: 0.1450  max mem: 13847
Epoch: [0]  [ 6050/10124]  eta: 0:40:45  lr: 0.000050  loss: 0.4519 (0.5552)  loss_adapter: 0.1987 (0.2103)  loss_condition: 0.2532 (0.3450)  loss_adapter_unscaled: 0.1987 (0.2103)  loss_condition_unscaled: 0.2532 (0.3450)  time: 0.5937  data: 0.1409  max mem: 13847
Epoch: [0]  [ 6100/10124]  eta: 0:40:15  lr: 0.000050  loss: 0.4855 (0.5546)  loss_adapter: 0.1987 (0.2102)  loss_condition: 0.2868 (0.3445)  loss_adapter_unscaled: 0.1987 (0.2102)  loss_condition_unscaled: 0.2868 (0.3445)  time: 0.5969  data: 0.1440  max mem: 13847
Epoch: [0]  [ 6150/10124]  eta: 0:39:44  lr: 0.000050  loss: 0.4602 (0.5540)  loss_adapter: 0.1987 (0.2101)  loss_condition: 0.2615 (0.3439)  loss_adapter_unscaled: 0.1987 (0.2101)  loss_condition_unscaled: 0.2615 (0.3439)  time: 0.5774  data: 0.1250  max mem: 13847
Epoch: [0]  [ 6200/10124]  eta: 0:39:14  lr: 0.000050  loss: 0.4420 (0.5532)  loss_adapter: 0.1987 (0.2100)  loss_condition: 0.2433 (0.3432)  loss_adapter_unscaled: 0.1987 (0.2100)  loss_condition_unscaled: 0.2433 (0.3432)  time: 0.5893  data: 0.1374  max mem: 13847
Epoch: [0]  [ 6250/10124]  eta: 0:38:43  lr: 0.000050  loss: 0.4670 (0.5527)  loss_adapter: 0.1987 (0.2099)  loss_condition: 0.2683 (0.3428)  loss_adapter_unscaled: 0.1987 (0.2099)  loss_condition_unscaled: 0.2683 (0.3428)  time: 0.5862  data: 0.1340  max mem: 13847
Epoch: [0]  [ 6300/10124]  eta: 0:38:14  lr: 0.000050  loss: 0.4568 (0.5520)  loss_adapter: 0.1987 (0.2098)  loss_condition: 0.2578 (0.3422)  loss_adapter_unscaled: 0.1987 (0.2098)  loss_condition_unscaled: 0.2578 (0.3422)  time: 0.6062  data: 0.1537  max mem: 13847
Epoch: [0]  [ 6350/10124]  eta: 0:37:43  lr: 0.000050  loss: 0.4709 (0.5513)  loss_adapter: 0.1987 (0.2097)  loss_condition: 0.2722 (0.3416)  loss_adapter_unscaled: 0.1987 (0.2097)  loss_condition_unscaled: 0.2722 (0.3416)  time: 0.6008  data: 0.1481  max mem: 13847
Epoch: [0]  [ 6400/10124]  eta: 0:37:13  lr: 0.000050  loss: 0.4756 (0.5508)  loss_adapter: 0.1987 (0.2096)  loss_condition: 0.2769 (0.3411)  loss_adapter_unscaled: 0.1987 (0.2096)  loss_condition_unscaled: 0.2769 (0.3411)  time: 0.5977  data: 0.1453  max mem: 13847
Epoch: [0]  [ 6450/10124]  eta: 0:36:43  lr: 0.000050  loss: 0.4535 (0.5500)  loss_adapter: 0.1987 (0.2096)  loss_condition: 0.2549 (0.3405)  loss_adapter_unscaled: 0.1987 (0.2096)  loss_condition_unscaled: 0.2549 (0.3405)  time: 0.5957  data: 0.1440  max mem: 13847
Epoch: [0]  [ 6500/10124]  eta: 0:36:13  lr: 0.000050  loss: 0.4666 (0.5495)  loss_adapter: 0.1987 (0.2095)  loss_condition: 0.2679 (0.3400)  loss_adapter_unscaled: 0.1987 (0.2095)  loss_condition_unscaled: 0.2679 (0.3400)  time: 0.6048  data: 0.1521  max mem: 13847
Epoch: [0]  [ 6550/10124]  eta: 0:35:43  lr: 0.000050  loss: 0.4487 (0.5489)  loss_adapter: 0.1987 (0.2094)  loss_condition: 0.2501 (0.3395)  loss_adapter_unscaled: 0.1987 (0.2094)  loss_condition_unscaled: 0.2501 (0.3395)  time: 0.5894  data: 0.1370  max mem: 13847
Epoch: [0]  [ 6600/10124]  eta: 0:35:13  lr: 0.000050  loss: 0.4624 (0.5484)  loss_adapter: 0.1987 (0.2093)  loss_condition: 0.2632 (0.3390)  loss_adapter_unscaled: 0.1987 (0.2093)  loss_condition_unscaled: 0.2632 (0.3390)  time: 0.6061  data: 0.1544  max mem: 13847
Epoch: [0]  [ 6650/10124]  eta: 0:34:43  lr: 0.000050  loss: 0.4553 (0.5477)  loss_adapter: 0.1987 (0.2093)  loss_condition: 0.2566 (0.3385)  loss_adapter_unscaled: 0.1987 (0.2093)  loss_condition_unscaled: 0.2566 (0.3385)  time: 0.5954  data: 0.1433  max mem: 13847
Epoch: [0]  [ 6700/10124]  eta: 0:34:12  lr: 0.000050  loss: 0.4420 (0.5472)  loss_adapter: 0.1986 (0.2092)  loss_condition: 0.2433 (0.3380)  loss_adapter_unscaled: 0.1986 (0.2092)  loss_condition_unscaled: 0.2433 (0.3380)  time: 0.5980  data: 0.1463  max mem: 13847
Epoch: [0]  [ 6750/10124]  eta: 0:33:42  lr: 0.000050  loss: 0.4595 (0.5466)  loss_adapter: 0.1987 (0.2091)  loss_condition: 0.2607 (0.3375)  loss_adapter_unscaled: 0.1987 (0.2091)  loss_condition_unscaled: 0.2607 (0.3375)  time: 0.5883  data: 0.1359  max mem: 13847
Epoch: [0]  [ 6800/10124]  eta: 0:33:12  lr: 0.000050  loss: 0.4646 (0.5460)  loss_adapter: 0.1987 (0.2090)  loss_condition: 0.2551 (0.3369)  loss_adapter_unscaled: 0.1987 (0.2090)  loss_condition_unscaled: 0.2551 (0.3369)  time: 0.5985  data: 0.1471  max mem: 13847
Epoch: [0]  [ 6850/10124]  eta: 0:32:42  lr: 0.000050  loss: 0.4662 (0.5455)  loss_adapter: 0.1987 (0.2090)  loss_condition: 0.2675 (0.3365)  loss_adapter_unscaled: 0.1987 (0.2090)  loss_condition_unscaled: 0.2675 (0.3365)  time: 0.6120  data: 0.1586  max mem: 13847
Epoch: [0]  [ 6900/10124]  eta: 0:32:12  lr: 0.000050  loss: 0.4546 (0.5449)  loss_adapter: 0.1986 (0.2089)  loss_condition: 0.2558 (0.3360)  loss_adapter_unscaled: 0.1986 (0.2089)  loss_condition_unscaled: 0.2558 (0.3360)  time: 0.6049  data: 0.1531  max mem: 13847
Epoch: [0]  [ 6950/10124]  eta: 0:31:42  lr: 0.000050  loss: 0.4471 (0.5443)  loss_adapter: 0.1986 (0.2088)  loss_condition: 0.2485 (0.3355)  loss_adapter_unscaled: 0.1986 (0.2088)  loss_condition_unscaled: 0.2485 (0.3355)  time: 0.5910  data: 0.1388  max mem: 13847
Epoch: [0]  [ 7000/10124]  eta: 0:31:12  lr: 0.000050  loss: 0.4606 (0.5438)  loss_adapter: 0.1986 (0.2087)  loss_condition: 0.2619 (0.3351)  loss_adapter_unscaled: 0.1986 (0.2087)  loss_condition_unscaled: 0.2619 (0.3351)  time: 0.5946  data: 0.1413  max mem: 13847
Epoch: [0]  [ 7050/10124]  eta: 0:30:42  lr: 0.000050  loss: 0.4466 (0.5433)  loss_adapter: 0.1986 (0.2087)  loss_condition: 0.2479 (0.3346)  loss_adapter_unscaled: 0.1986 (0.2087)  loss_condition_unscaled: 0.2479 (0.3346)  time: 0.5790  data: 0.1265  max mem: 13847
Epoch: [0]  [ 7100/10124]  eta: 0:30:12  lr: 0.000050  loss: 0.4479 (0.5427)  loss_adapter: 0.1986 (0.2086)  loss_condition: 0.2493 (0.3341)  loss_adapter_unscaled: 0.1986 (0.2086)  loss_condition_unscaled: 0.2493 (0.3341)  time: 0.5784  data: 0.1258  max mem: 13847
Epoch: [0]  [ 7150/10124]  eta: 0:29:42  lr: 0.000050  loss: 0.4807 (0.5422)  loss_adapter: 0.1986 (0.2085)  loss_condition: 0.2821 (0.3337)  loss_adapter_unscaled: 0.1986 (0.2085)  loss_condition_unscaled: 0.2821 (0.3337)  time: 0.5939  data: 0.1417  max mem: 13847
Epoch: [0]  [ 7200/10124]  eta: 0:29:12  lr: 0.000050  loss: 0.4528 (0.5416)  loss_adapter: 0.1986 (0.2085)  loss_condition: 0.2541 (0.3332)  loss_adapter_unscaled: 0.1986 (0.2085)  loss_condition_unscaled: 0.2541 (0.3332)  time: 0.6009  data: 0.1484  max mem: 13847
Epoch: [0]  [ 7250/10124]  eta: 0:28:42  lr: 0.000050  loss: 0.4534 (0.5411)  loss_adapter: 0.1986 (0.2084)  loss_condition: 0.2548 (0.3327)  loss_adapter_unscaled: 0.1986 (0.2084)  loss_condition_unscaled: 0.2548 (0.3327)  time: 0.6060  data: 0.1532  max mem: 13847
Epoch: [0]  [ 7300/10124]  eta: 0:28:11  lr: 0.000050  loss: 0.4556 (0.5406)  loss_adapter: 0.1986 (0.2083)  loss_condition: 0.2570 (0.3323)  loss_adapter_unscaled: 0.1986 (0.2083)  loss_condition_unscaled: 0.2570 (0.3323)  time: 0.5847  data: 0.1326  max mem: 13847
Epoch: [0]  [ 7350/10124]  eta: 0:27:41  lr: 0.000050  loss: 0.4585 (0.5402)  loss_adapter: 0.1986 (0.2083)  loss_condition: 0.2599 (0.3319)  loss_adapter_unscaled: 0.1986 (0.2083)  loss_condition_unscaled: 0.2599 (0.3319)  time: 0.6064  data: 0.1539  max mem: 13847
Epoch: [0]  [ 7400/10124]  eta: 0:27:11  lr: 0.000050  loss: 0.4493 (0.5396)  loss_adapter: 0.1986 (0.2082)  loss_condition: 0.2507 (0.3314)  loss_adapter_unscaled: 0.1986 (0.2082)  loss_condition_unscaled: 0.2507 (0.3314)  time: 0.6137  data: 0.1611  max mem: 13847
Epoch: [0]  [ 7450/10124]  eta: 0:26:42  lr: 0.000050  loss: 0.4836 (0.5391)  loss_adapter: 0.1986 (0.2082)  loss_condition: 0.2702 (0.3310)  loss_adapter_unscaled: 0.1986 (0.2082)  loss_condition_unscaled: 0.2702 (0.3310)  time: 0.5891  data: 0.1363  max mem: 13847
Epoch: [0]  [ 7500/10124]  eta: 0:26:12  lr: 0.000050  loss: 0.4322 (0.5386)  loss_adapter: 0.1987 (0.2081)  loss_condition: 0.2335 (0.3305)  loss_adapter_unscaled: 0.1987 (0.2081)  loss_condition_unscaled: 0.2335 (0.3305)  time: 0.5949  data: 0.1426  max mem: 13847
Epoch: [0]  [ 7550/10124]  eta: 0:25:42  lr: 0.000050  loss: 0.4571 (0.5381)  loss_adapter: 0.1986 (0.2080)  loss_condition: 0.2584 (0.3300)  loss_adapter_unscaled: 0.1986 (0.2080)  loss_condition_unscaled: 0.2584 (0.3300)  time: 0.6013  data: 0.1495  max mem: 13847
Epoch: [0]  [ 7600/10124]  eta: 0:25:12  lr: 0.000050  loss: 0.4604 (0.5376)  loss_adapter: 0.1986 (0.2080)  loss_condition: 0.2617 (0.3297)  loss_adapter_unscaled: 0.1986 (0.2080)  loss_condition_unscaled: 0.2617 (0.3297)  time: 0.5832  data: 0.1311  max mem: 13847
Epoch: [0]  [ 7650/10124]  eta: 0:24:42  lr: 0.000050  loss: 0.4537 (0.5372)  loss_adapter: 0.1986 (0.2079)  loss_condition: 0.2551 (0.3293)  loss_adapter_unscaled: 0.1986 (0.2079)  loss_condition_unscaled: 0.2551 (0.3293)  time: 0.5939  data: 0.1408  max mem: 13847
Epoch: [0]  [ 7700/10124]  eta: 0:24:12  lr: 0.000050  loss: 0.4523 (0.5368)  loss_adapter: 0.1986 (0.2079)  loss_condition: 0.2537 (0.3289)  loss_adapter_unscaled: 0.1986 (0.2079)  loss_condition_unscaled: 0.2537 (0.3289)  time: 0.5930  data: 0.1408  max mem: 13847
Epoch: [0]  [ 7750/10124]  eta: 0:23:42  lr: 0.000050  loss: 0.4431 (0.5363)  loss_adapter: 0.1986 (0.2078)  loss_condition: 0.2445 (0.3285)  loss_adapter_unscaled: 0.1986 (0.2078)  loss_condition_unscaled: 0.2445 (0.3285)  time: 0.5871  data: 0.1343  max mem: 13847
Epoch: [0]  [ 7800/10124]  eta: 0:23:12  lr: 0.000050  loss: 0.4571 (0.5358)  loss_adapter: 0.1986 (0.2077)  loss_condition: 0.2585 (0.3280)  loss_adapter_unscaled: 0.1986 (0.2077)  loss_condition_unscaled: 0.2585 (0.3280)  time: 0.6078  data: 0.1559  max mem: 13847
Epoch: [0]  [ 7850/10124]  eta: 0:22:42  lr: 0.000050  loss: 0.4522 (0.5353)  loss_adapter: 0.1986 (0.2077)  loss_condition: 0.2536 (0.3276)  loss_adapter_unscaled: 0.1986 (0.2077)  loss_condition_unscaled: 0.2536 (0.3276)  time: 0.5941  data: 0.1412  max mem: 13847
Epoch: [0]  [ 7900/10124]  eta: 0:22:12  lr: 0.000050  loss: 0.4363 (0.5348)  loss_adapter: 0.1986 (0.2076)  loss_condition: 0.2377 (0.3272)  loss_adapter_unscaled: 0.1986 (0.2076)  loss_condition_unscaled: 0.2377 (0.3272)  time: 0.6142  data: 0.1621  max mem: 13847
Epoch: [0]  [ 7950/10124]  eta: 0:21:42  lr: 0.000050  loss: 0.4613 (0.5345)  loss_adapter: 0.1986 (0.2076)  loss_condition: 0.2628 (0.3269)  loss_adapter_unscaled: 0.1986 (0.2076)  loss_condition_unscaled: 0.2628 (0.3269)  time: 0.5922  data: 0.1397  max mem: 13847
Epoch: [0]  [ 8000/10124]  eta: 0:21:12  lr: 0.000050  loss: 0.4356 (0.5340)  loss_adapter: 0.1986 (0.2075)  loss_condition: 0.2370 (0.3265)  loss_adapter_unscaled: 0.1986 (0.2075)  loss_condition_unscaled: 0.2370 (0.3265)  time: 0.5995  data: 0.1472  max mem: 13847
Epoch: [0]  [ 8050/10124]  eta: 0:20:42  lr: 0.000050  loss: 0.4552 (0.5335)  loss_adapter: 0.1986 (0.2075)  loss_condition: 0.2566 (0.3261)  loss_adapter_unscaled: 0.1986 (0.2075)  loss_condition_unscaled: 0.2566 (0.3261)  time: 0.5979  data: 0.1456  max mem: 13847
Epoch: [0]  [ 8100/10124]  eta: 0:20:12  lr: 0.000050  loss: 0.4486 (0.5331)  loss_adapter: 0.1986 (0.2074)  loss_condition: 0.2500 (0.3257)  loss_adapter_unscaled: 0.1986 (0.2074)  loss_condition_unscaled: 0.2500 (0.3257)  time: 0.6143  data: 0.1622  max mem: 13847
Epoch: [0]  [ 8150/10124]  eta: 0:19:42  lr: 0.000050  loss: 0.4280 (0.5327)  loss_adapter: 0.1986 (0.2074)  loss_condition: 0.2294 (0.3253)  loss_adapter_unscaled: 0.1986 (0.2074)  loss_condition_unscaled: 0.2294 (0.3253)  time: 0.5938  data: 0.1416  max mem: 13847
Epoch: [0]  [ 8200/10124]  eta: 0:19:12  lr: 0.000050  loss: 0.4473 (0.5323)  loss_adapter: 0.1986 (0.2073)  loss_condition: 0.2487 (0.3249)  loss_adapter_unscaled: 0.1986 (0.2073)  loss_condition_unscaled: 0.2487 (0.3249)  time: 0.5967  data: 0.1445  max mem: 13847
Epoch: [0]  [ 8250/10124]  eta: 0:18:42  lr: 0.000050  loss: 0.4480 (0.5318)  loss_adapter: 0.1986 (0.2073)  loss_condition: 0.2494 (0.3245)  loss_adapter_unscaled: 0.1986 (0.2073)  loss_condition_unscaled: 0.2494 (0.3245)  time: 0.5977  data: 0.1445  max mem: 13847
Epoch: [0]  [ 8300/10124]  eta: 0:18:12  lr: 0.000050  loss: 0.4392 (0.5314)  loss_adapter: 0.1986 (0.2072)  loss_condition: 0.2406 (0.3242)  loss_adapter_unscaled: 0.1986 (0.2072)  loss_condition_unscaled: 0.2406 (0.3242)  time: 0.5972  data: 0.1452  max mem: 13847
Epoch: [0]  [ 8350/10124]  eta: 0:17:42  lr: 0.000050  loss: 0.4643 (0.5311)  loss_adapter: 0.1986 (0.2072)  loss_condition: 0.2655 (0.3239)  loss_adapter_unscaled: 0.1986 (0.2072)  loss_condition_unscaled: 0.2655 (0.3239)  time: 0.5931  data: 0.1407  max mem: 13847
Epoch: [0]  [ 8400/10124]  eta: 0:17:12  lr: 0.000050  loss: 0.4656 (0.5307)  loss_adapter: 0.1986 (0.2071)  loss_condition: 0.2670 (0.3236)  loss_adapter_unscaled: 0.1986 (0.2071)  loss_condition_unscaled: 0.2670 (0.3236)  time: 0.6025  data: 0.1504  max mem: 13847
Epoch: [0]  [ 8450/10124]  eta: 0:16:42  lr: 0.000050  loss: 0.4522 (0.5303)  loss_adapter: 0.1986 (0.2071)  loss_condition: 0.2536 (0.3233)  loss_adapter_unscaled: 0.1986 (0.2071)  loss_condition_unscaled: 0.2536 (0.3233)  time: 0.5960  data: 0.1448  max mem: 13847
Epoch: [0]  [ 8500/10124]  eta: 0:16:12  lr: 0.000050  loss: 0.4282 (0.5299)  loss_adapter: 0.1986 (0.2070)  loss_condition: 0.2297 (0.3229)  loss_adapter_unscaled: 0.1986 (0.2070)  loss_condition_unscaled: 0.2297 (0.3229)  time: 0.5945  data: 0.1431  max mem: 13847
Epoch: [0]  [ 8550/10124]  eta: 0:15:42  lr: 0.000050  loss: 0.4468 (0.5296)  loss_adapter: 0.1986 (0.2070)  loss_condition: 0.2482 (0.3226)  loss_adapter_unscaled: 0.1986 (0.2070)  loss_condition_unscaled: 0.2482 (0.3226)  time: 0.6088  data: 0.1570  max mem: 13847
Epoch: [0]  [ 8600/10124]  eta: 0:15:12  lr: 0.000050  loss: 0.4477 (0.5292)  loss_adapter: 0.1986 (0.2069)  loss_condition: 0.2491 (0.3222)  loss_adapter_unscaled: 0.1986 (0.2069)  loss_condition_unscaled: 0.2491 (0.3222)  time: 0.5908  data: 0.1391  max mem: 13847
Epoch: [0]  [ 8650/10124]  eta: 0:14:42  lr: 0.000050  loss: 0.4404 (0.5287)  loss_adapter: 0.1986 (0.2069)  loss_condition: 0.2418 (0.3218)  loss_adapter_unscaled: 0.1986 (0.2069)  loss_condition_unscaled: 0.2418 (0.3218)  time: 0.6145  data: 0.1627  max mem: 13847
Epoch: [0]  [ 8700/10124]  eta: 0:14:12  lr: 0.000050  loss: 0.4443 (0.5284)  loss_adapter: 0.1986 (0.2068)  loss_condition: 0.2455 (0.3215)  loss_adapter_unscaled: 0.1986 (0.2068)  loss_condition_unscaled: 0.2455 (0.3215)  time: 0.5863  data: 0.1337  max mem: 13847
Epoch: [0]  [ 8750/10124]  eta: 0:13:43  lr: 0.000050  loss: 0.4277 (0.5279)  loss_adapter: 0.1986 (0.2068)  loss_condition: 0.2291 (0.3211)  loss_adapter_unscaled: 0.1986 (0.2068)  loss_condition_unscaled: 0.2291 (0.3211)  time: 0.6055  data: 0.1538  max mem: 13847
Epoch: [0]  [ 8800/10124]  eta: 0:13:13  lr: 0.000050  loss: 0.4500 (0.5275)  loss_adapter: 0.1986 (0.2067)  loss_condition: 0.2514 (0.3208)  loss_adapter_unscaled: 0.1986 (0.2067)  loss_condition_unscaled: 0.2514 (0.3208)  time: 0.5988  data: 0.1473  max mem: 13847
Epoch: [0]  [ 8850/10124]  eta: 0:12:43  lr: 0.000050  loss: 0.4346 (0.5271)  loss_adapter: 0.1986 (0.2067)  loss_condition: 0.2360 (0.3204)  loss_adapter_unscaled: 0.1986 (0.2067)  loss_condition_unscaled: 0.2360 (0.3204)  time: 0.6024  data: 0.1499  max mem: 13847
Epoch: [0]  [ 8900/10124]  eta: 0:12:13  lr: 0.000050  loss: 0.4466 (0.5267)  loss_adapter: 0.1986 (0.2067)  loss_condition: 0.2478 (0.3201)  loss_adapter_unscaled: 0.1986 (0.2067)  loss_condition_unscaled: 0.2478 (0.3201)  time: 0.5987  data: 0.1462  max mem: 13847
Epoch: [0]  [ 8950/10124]  eta: 0:11:43  lr: 0.000050  loss: 0.4397 (0.5263)  loss_adapter: 0.1986 (0.2066)  loss_condition: 0.2411 (0.3197)  loss_adapter_unscaled: 0.1986 (0.2066)  loss_condition_unscaled: 0.2411 (0.3197)  time: 0.6084  data: 0.1563  max mem: 13847
Epoch: [0]  [ 9000/10124]  eta: 0:11:13  lr: 0.000050  loss: 0.4553 (0.5259)  loss_adapter: 0.1986 (0.2066)  loss_condition: 0.2567 (0.3194)  loss_adapter_unscaled: 0.1986 (0.2066)  loss_condition_unscaled: 0.2567 (0.3194)  time: 0.6091  data: 0.1566  max mem: 13847
Epoch: [0]  [ 9050/10124]  eta: 0:10:43  lr: 0.000050  loss: 0.4317 (0.5256)  loss_adapter: 0.1986 (0.2065)  loss_condition: 0.2331 (0.3190)  loss_adapter_unscaled: 0.1986 (0.2065)  loss_condition_unscaled: 0.2331 (0.3190)  time: 0.6165  data: 0.1640  max mem: 13847
Epoch: [0]  [ 9100/10124]  eta: 0:10:13  lr: 0.000050  loss: 0.4459 (0.5252)  loss_adapter: 0.1986 (0.2065)  loss_condition: 0.2473 (0.3187)  loss_adapter_unscaled: 0.1986 (0.2065)  loss_condition_unscaled: 0.2473 (0.3187)  time: 0.6129  data: 0.1605  max mem: 13847
Epoch: [0]  [ 9150/10124]  eta: 0:09:43  lr: 0.000050  loss: 0.4433 (0.5249)  loss_adapter: 0.1986 (0.2065)  loss_condition: 0.2447 (0.3184)  loss_adapter_unscaled: 0.1986 (0.2065)  loss_condition_unscaled: 0.2447 (0.3184)  time: 0.6126  data: 0.1600  max mem: 13847
Epoch: [0]  [ 9200/10124]  eta: 0:09:13  lr: 0.000050  loss: 0.4543 (0.5245)  loss_adapter: 0.1986 (0.2064)  loss_condition: 0.2556 (0.3181)  loss_adapter_unscaled: 0.1986 (0.2064)  loss_condition_unscaled: 0.2556 (0.3181)  time: 0.6132  data: 0.1613  max mem: 13847
Epoch: [0]  [ 9250/10124]  eta: 0:08:43  lr: 0.000050  loss: 0.4414 (0.5241)  loss_adapter: 0.1986 (0.2064)  loss_condition: 0.2428 (0.3177)  loss_adapter_unscaled: 0.1986 (0.2064)  loss_condition_unscaled: 0.2428 (0.3177)  time: 0.6092  data: 0.1566  max mem: 13847
Epoch: [0]  [ 9300/10124]  eta: 0:08:13  lr: 0.000050  loss: 0.4561 (0.5238)  loss_adapter: 0.1986 (0.2063)  loss_condition: 0.2575 (0.3174)  loss_adapter_unscaled: 0.1986 (0.2063)  loss_condition_unscaled: 0.2575 (0.3174)  time: 0.5913  data: 0.1378  max mem: 13847
Epoch: [0]  [ 9350/10124]  eta: 0:07:43  lr: 0.000050  loss: 0.4532 (0.5234)  loss_adapter: 0.1987 (0.2063)  loss_condition: 0.2510 (0.3171)  loss_adapter_unscaled: 0.1987 (0.2063)  loss_condition_unscaled: 0.2510 (0.3171)  time: 0.5981  data: 0.1458  max mem: 13847
Epoch: [0]  [ 9400/10124]  eta: 0:07:14  lr: 0.000050  loss: 0.4517 (0.5231)  loss_adapter: 0.1986 (0.2063)  loss_condition: 0.2531 (0.3169)  loss_adapter_unscaled: 0.1986 (0.2063)  loss_condition_unscaled: 0.2531 (0.3169)  time: 0.6012  data: 0.1493  max mem: 13847
Epoch: [0]  [ 9450/10124]  eta: 0:06:44  lr: 0.000050  loss: 0.4546 (0.5228)  loss_adapter: 0.1986 (0.2062)  loss_condition: 0.2560 (0.3166)  loss_adapter_unscaled: 0.1986 (0.2062)  loss_condition_unscaled: 0.2560 (0.3166)  time: 0.5952  data: 0.1431  max mem: 13847
Epoch: [0]  [ 9500/10124]  eta: 0:06:14  lr: 0.000050  loss: 0.4312 (0.5224)  loss_adapter: 0.1986 (0.2062)  loss_condition: 0.2326 (0.3162)  loss_adapter_unscaled: 0.1986 (0.2062)  loss_condition_unscaled: 0.2326 (0.3162)  time: 0.6013  data: 0.1485  max mem: 13847
Epoch: [0]  [ 9550/10124]  eta: 0:05:44  lr: 0.000050  loss: 0.4533 (0.5221)  loss_adapter: 0.1986 (0.2061)  loss_condition: 0.2547 (0.3159)  loss_adapter_unscaled: 0.1986 (0.2061)  loss_condition_unscaled: 0.2547 (0.3159)  time: 0.5970  data: 0.1441  max mem: 13847
Epoch: [0]  [ 9600/10124]  eta: 0:05:14  lr: 0.000050  loss: 0.4429 (0.5217)  loss_adapter: 0.1986 (0.2061)  loss_condition: 0.2443 (0.3156)  loss_adapter_unscaled: 0.1986 (0.2061)  loss_condition_unscaled: 0.2443 (0.3156)  time: 0.6060  data: 0.1542  max mem: 13847
Epoch: [0]  [ 9650/10124]  eta: 0:04:44  lr: 0.000050  loss: 0.4398 (0.5214)  loss_adapter: 0.1986 (0.2061)  loss_condition: 0.2412 (0.3154)  loss_adapter_unscaled: 0.1986 (0.2061)  loss_condition_unscaled: 0.2412 (0.3154)  time: 0.6003  data: 0.1475  max mem: 13847
Epoch: [0]  [ 9700/10124]  eta: 0:04:14  lr: 0.000050  loss: 0.4405 (0.5211)  loss_adapter: 0.1986 (0.2060)  loss_condition: 0.2420 (0.3151)  loss_adapter_unscaled: 0.1986 (0.2060)  loss_condition_unscaled: 0.2420 (0.3151)  time: 0.6031  data: 0.1501  max mem: 13847
Epoch: [0]  [ 9750/10124]  eta: 0:03:44  lr: 0.000050  loss: 0.4529 (0.5208)  loss_adapter: 0.1986 (0.2060)  loss_condition: 0.2543 (0.3148)  loss_adapter_unscaled: 0.1986 (0.2060)  loss_condition_unscaled: 0.2543 (0.3148)  time: 0.6036  data: 0.1508  max mem: 13847
Epoch: [0]  [ 9800/10124]  eta: 0:03:14  lr: 0.000050  loss: 0.4522 (0.5205)  loss_adapter: 0.1986 (0.2059)  loss_condition: 0.2536 (0.3146)  loss_adapter_unscaled: 0.1986 (0.2059)  loss_condition_unscaled: 0.2536 (0.3146)  time: 0.5887  data: 0.1366  max mem: 13847
Epoch: [0]  [ 9850/10124]  eta: 0:02:44  lr: 0.000050  loss: 0.4524 (0.5202)  loss_adapter: 0.1986 (0.2059)  loss_condition: 0.2538 (0.3143)  loss_adapter_unscaled: 0.1986 (0.2059)  loss_condition_unscaled: 0.2538 (0.3143)  time: 0.5946  data: 0.1417  max mem: 13847
Epoch: [0]  [ 9900/10124]  eta: 0:02:14  lr: 0.000050  loss: 0.4505 (0.5199)  loss_adapter: 0.1986 (0.2059)  loss_condition: 0.2519 (0.3140)  loss_adapter_unscaled: 0.1986 (0.2059)  loss_condition_unscaled: 0.2519 (0.3140)  time: 0.5943  data: 0.1420  max mem: 13847
Epoch: [0]  [ 9950/10124]  eta: 0:01:44  lr: 0.000050  loss: 0.4439 (0.5195)  loss_adapter: 0.1986 (0.2058)  loss_condition: 0.2453 (0.3137)  loss_adapter_unscaled: 0.1986 (0.2058)  loss_condition_unscaled: 0.2453 (0.3137)  time: 0.5849  data: 0.1330  max mem: 13847
Epoch: [0]  [10000/10124]  eta: 0:01:14  lr: 0.000050  loss: 0.4279 (0.5192)  loss_adapter: 0.1986 (0.2058)  loss_condition: 0.2294 (0.3133)  loss_adapter_unscaled: 0.1986 (0.2058)  loss_condition_unscaled: 0.2294 (0.3133)  time: 0.5953  data: 0.1439  max mem: 13847
Epoch: [0]  [10050/10124]  eta: 0:00:44  lr: 0.000050  loss: 0.4512 (0.5188)  loss_adapter: 0.1986 (0.2058)  loss_condition: 0.2526 (0.3131)  loss_adapter_unscaled: 0.1986 (0.2058)  loss_condition_unscaled: 0.2526 (0.3131)  time: 0.6059  data: 0.1539  max mem: 13847
Epoch: [0]  [10100/10124]  eta: 0:00:14  lr: 0.000050  loss: 0.4437 (0.5185)  loss_adapter: 0.1986 (0.2057)  loss_condition: 0.2452 (0.3128)  loss_adapter_unscaled: 0.1986 (0.2057)  loss_condition_unscaled: 0.2452 (0.3128)  time: 0.6135  data: 0.1611  max mem: 13847
Epoch: [0]  [10123/10124]  eta: 0:00:00  lr: 0.000050  loss: 0.4572 (0.5184)  loss_adapter: 0.1986 (0.2057)  loss_condition: 0.2586 (0.3127)  loss_adapter_unscaled: 0.1986 (0.2057)  loss_condition_unscaled: 0.2586 (0.3127)  time: 0.5874  data: 0.1362  max mem: 13847
Epoch: [0] Total time: 1:41:09 (0.5995 s / it)
/home/yabin/miniconda3/envs/cl/lib/python3.11/site-packages/torch/distributed/c10d_logger.py:83: UserWarning: barrier(): using the device under current context. You can specify `device_id` in `init_process_group` to mute this warning.
  return func(*args, **kwargs)
Averaged stats: lr: 0.000050  loss: 0.4572 (0.5184)  loss_adapter: 0.1986 (0.2057)  loss_condition: 0.2586 (0.3127)  loss_adapter_unscaled: 0.1986 (0.2057)  loss_condition_unscaled: 0.2586 (0.3127)
Epoch training time 1:41:10
Test:  [  0/375]  eta: 0:02:18    time: 0.3692  data: 0.0733  max mem: 13847
Test:  [ 50/375]  eta: 0:01:21    time: 0.2486  data: 0.0614  max mem: 13847
Test:  [100/375]  eta: 0:01:08    time: 0.2456  data: 0.0583  max mem: 13847
Test:  [150/375]  eta: 0:00:56    time: 0.2515  data: 0.0639  max mem: 13847
Test:  [200/375]  eta: 0:00:43    time: 0.2375  data: 0.0501  max mem: 13847
Test:  [250/375]  eta: 0:00:30    time: 0.2358  data: 0.0483  max mem: 13847
Test:  [300/375]  eta: 0:00:18    time: 0.2311  data: 0.0438  max mem: 13847
Test:  [350/375]  eta: 0:00:06    time: 0.2565  data: 0.0689  max mem: 13847
Test:  [374/375]  eta: 0:00:00    time: 0.2361  data: 0.0486  max mem: 13847
Test: Total time: 0:01:31 (0.2443 s / it)
(ADM) acc: 66.47; ap: 97.85; racc: 99.97; facc: 32.97;
/home/yabin/ctta4aid_assets/external/IAPL-p3-train/models/dct.py:353: FutureWarning: `torch.cuda.amp.autocast(args...)` is deprecated. Please use `torch.amp.autocast('cuda', args...)` instead.
  with torch.cuda.amp.autocast(enabled=False):
Test:  [  0/375]  eta: 0:01:22    time: 0.2189  data: 0.0317  max mem: 13847
Test:  [ 50/375]  eta: 0:01:08    time: 0.2099  data: 0.0217  max mem: 13847
Test:  [100/375]  eta: 0:00:57    time: 0.2097  data: 0.0215  max mem: 13847
Test:  [150/375]  eta: 0:00:47    time: 0.2097  data: 0.0215  max mem: 13847
Test:  [200/375]  eta: 0:00:37    time: 0.2296  data: 0.0420  max mem: 13847
Test:  [250/375]  eta: 0:00:27    time: 0.2333  data: 0.0463  max mem: 13847
Test:  [300/375]  eta: 0:00:16    time: 0.2344  data: 0.0470  max mem: 13847
Test:  [350/375]  eta: 0:00:05    time: 0.2351  data: 0.0480  max mem: 13847
Test:  [374/375]  eta: 0:00:00    time: 0.2375  data: 0.0505  max mem: 13847
Test: Total time: 0:01:23 (0.2225 s / it)
(BigGAN) acc: 51.81; ap: 96.69; racc: 99.98; facc: 3.63;
/home/yabin/ctta4aid_assets/external/IAPL-p3-train/models/dct.py:353: FutureWarning: `torch.cuda.amp.autocast(args...)` is deprecated. Please use `torch.amp.autocast('cuda', args...)` instead.
  with torch.cuda.amp.autocast(enabled=False):
Test:  [  0/375]  eta: 0:01:27    time: 0.2328  data: 0.0466  max mem: 13847
Test:  [ 50/375]  eta: 0:01:16    time: 0.2358  data: 0.0488  max mem: 13847
Test:  [100/375]  eta: 0:01:04    time: 0.2317  data: 0.0451  max mem: 13847
Test:  [150/375]  eta: 0:00:52    time: 0.2315  data: 0.0447  max mem: 13847
Test:  [200/375]  eta: 0:00:40    time: 0.2319  data: 0.0447  max mem: 13847
Test:  [250/375]  eta: 0:00:29    time: 0.2342  data: 0.0473  max mem: 13847
Test:  [300/375]  eta: 0:00:17    time: 0.2340  data: 0.0468  max mem: 13847
Test:  [350/375]  eta: 0:00:05    time: 0.2371  data: 0.0500  max mem: 13847
Test:  [374/375]  eta: 0:00:00    time: 0.2322  data: 0.0451  max mem: 13847
Test: Total time: 0:01:27 (0.2337 s / it)
(glide) acc: 67.54; ap: 99.57; racc: 99.93; facc: 35.15;
/home/yabin/ctta4aid_assets/external/IAPL-p3-train/models/dct.py:353: FutureWarning: `torch.cuda.amp.autocast(args...)` is deprecated. Please use `torch.amp.autocast('cuda', args...)` instead.
  with torch.cuda.amp.autocast(enabled=False):
Test:  [  0/375]  eta: 0:04:55    time: 0.7871  data: 0.6007  max mem: 13847
Test:  [ 50/375]  eta: 0:04:10    time: 0.8040  data: 0.6181  max mem: 13847
Test:  [100/375]  eta: 0:03:33    time: 0.7960  data: 0.6107  max mem: 13847
Test:  [150/375]  eta: 0:02:54    time: 0.7666  data: 0.5815  max mem: 13847
Test:  [200/375]  eta: 0:02:08    time: 0.4062  data: 0.2209  max mem: 13847
Test:  [250/375]  eta: 0:01:19    time: 0.2383  data: 0.0522  max mem: 13847
Test:  [300/375]  eta: 0:00:42    time: 0.2595  data: 0.0729  max mem: 13847
Test:  [350/375]  eta: 0:00:13    time: 0.2346  data: 0.0479  max mem: 13847
Test:  [374/375]  eta: 0:00:00    time: 0.2523  data: 0.0655  max mem: 13847
Test: Total time: 0:03:10 (0.5073 s / it)
(Midjourney) acc: 79.67; ap: 99.07; racc: 99.92; facc: 59.43;
/home/yabin/ctta4aid_assets/external/IAPL-p3-train/models/dct.py:353: FutureWarning: `torch.cuda.amp.autocast(args...)` is deprecated. Please use `torch.amp.autocast('cuda', args...)` instead.
  with torch.cuda.amp.autocast(enabled=False):
Test:  [  0/375]  eta: 0:02:17    time: 0.3672  data: 0.1813  max mem: 13847
Test:  [ 50/375]  eta: 0:02:09    time: 0.4116  data: 0.2255  max mem: 13847
Test:  [100/375]  eta: 0:01:49    time: 0.3788  data: 0.1929  max mem: 13847
Test:  [150/375]  eta: 0:01:26    time: 0.3574  data: 0.1714  max mem: 13847
Test:  [200/375]  eta: 0:01:06    time: 0.3069  data: 0.1203  max mem: 13847
Test:  [250/375]  eta: 0:00:44    time: 0.2413  data: 0.0549  max mem: 13847
Test:  [300/375]  eta: 0:00:25    time: 0.2356  data: 0.0487  max mem: 13847
Test:  [350/375]  eta: 0:00:07    time: 0.2343  data: 0.0473  max mem: 13847
Test:  [374/375]  eta: 0:00:00    time: 0.2402  data: 0.0532  max mem: 13847
Test: Total time: 0:01:58 (0.3147 s / it)
(stable_diffusion_v_1_4) acc: 99.99; ap: 100.00; racc: 99.98; facc: 100.00;
/home/yabin/ctta4aid_assets/external/IAPL-p3-train/models/dct.py:353: FutureWarning: `torch.cuda.amp.autocast(args...)` is deprecated. Please use `torch.amp.autocast('cuda', args...)` instead.
  with torch.cuda.amp.autocast(enabled=False):
Test:  [  0/500]  eta: 0:03:01    time: 0.3630  data: 0.1762  max mem: 13847
Test:  [ 50/500]  eta: 0:02:49    time: 0.3800  data: 0.1936  max mem: 13847
Test:  [100/500]  eta: 0:02:32    time: 0.3822  data: 0.1958  max mem: 13847
Test:  [150/500]  eta: 0:02:13    time: 0.3933  data: 0.2071  max mem: 13847
Test:  [200/500]  eta: 0:01:55    time: 0.3912  data: 0.2052  max mem: 13847
Test:  [250/500]  eta: 0:01:35    time: 0.3577  data: 0.1717  max mem: 13847
Test:  [300/500]  eta: 0:01:11    time: 0.2359  data: 0.0494  max mem: 13847
Test:  [350/500]  eta: 0:00:50    time: 0.2362  data: 0.0493  max mem: 13847
Test:  [400/500]  eta: 0:00:32    time: 0.2348  data: 0.0475  max mem: 13847
Test:  [450/500]  eta: 0:00:15    time: 0.2608  data: 0.0738  max mem: 13847
Test:  [499/500]  eta: 0:00:00    time: 0.2344  data: 0.0473  max mem: 13847
Test: Total time: 0:02:35 (0.3102 s / it)
(stable_diffusion_v_1_5) acc: 99.91; ap: 100.00; racc: 99.92; facc: 99.89;
/home/yabin/ctta4aid_assets/external/IAPL-p3-train/models/dct.py:353: FutureWarning: `torch.cuda.amp.autocast(args...)` is deprecated. Please use `torch.amp.autocast('cuda', args...)` instead.
  with torch.cuda.amp.autocast(enabled=False):
Test:  [  0/375]  eta: 0:01:30    time: 0.2415  data: 0.0546  max mem: 13847
Test:  [ 50/375]  eta: 0:01:17    time: 0.2388  data: 0.0517  max mem: 13847
Test:  [100/375]  eta: 0:01:05    time: 0.2375  data: 0.0504  max mem: 13847
Test:  [150/375]  eta: 0:00:54    time: 0.2517  data: 0.0642  max mem: 13847
Test:  [200/375]  eta: 0:00:42    time: 0.2345  data: 0.0474  max mem: 13847
Test:  [250/375]  eta: 0:00:30    time: 0.2338  data: 0.0467  max mem: 13847
Test:  [300/375]  eta: 0:00:18    time: 0.2341  data: 0.0464  max mem: 13847
Test:  [350/375]  eta: 0:00:05    time: 0.2361  data: 0.0487  max mem: 13847
Test:  [374/375]  eta: 0:00:00    time: 0.2500  data: 0.0626  max mem: 13847
Test: Total time: 0:01:29 (0.2400 s / it)
(VQDM) acc: 96.92; ap: 99.97; racc: 99.97; facc: 93.87;
/home/yabin/ctta4aid_assets/external/IAPL-p3-train/models/dct.py:353: FutureWarning: `torch.cuda.amp.autocast(args...)` is deprecated. Please use `torch.amp.autocast('cuda', args...)` instead.
  with torch.cuda.amp.autocast(enabled=False):
Test:  [  0/375]  eta: 0:02:33    time: 0.4087  data: 0.2217  max mem: 13847
Test:  [ 50/375]  eta: 0:02:06    time: 0.4040  data: 0.2173  max mem: 13847
Test:  [100/375]  eta: 0:01:44    time: 0.3604  data: 0.1737  max mem: 13847
Test:  [150/375]  eta: 0:01:23    time: 0.3691  data: 0.1824  max mem: 13847
Test:  [200/375]  eta: 0:01:04    time: 0.2893  data: 0.1026  max mem: 13847
Test:  [250/375]  eta: 0:00:42    time: 0.2473  data: 0.0604  max mem: 13847
Test:  [300/375]  eta: 0:00:24    time: 0.2343  data: 0.0476  max mem: 13847
Test:  [350/375]  eta: 0:00:07    time: 0.2438  data: 0.0562  max mem: 13847
Test:  [374/375]  eta: 0:00:00    time: 0.2324  data: 0.0450  max mem: 13847
Test: Total time: 0:01:55 (0.3076 s / it)
(wukong) acc: 99.90; ap: 100.00; racc: 99.98; facc: 99.82;
(0 ADM       ) acc: 66.47; ap: 97.85; racc: 99.97; facc: 32.97;
(1 BigGAN    ) acc: 51.81; ap: 96.69; racc: 99.98; facc: 3.63;
(2 glide     ) acc: 67.54; ap: 99.57; racc: 99.93; facc: 35.15;
(3 Midjourney) acc: 79.67; ap: 99.07; racc: 99.92; facc: 59.43;
(4 stable_diffusion_v_1_4) acc: 99.99; ap: 100.00; racc: 99.98; facc: 100.00;
(5 stable_diffusion_v_1_5) acc: 99.91; ap: 100.00; racc: 99.92; facc: 99.89;
(6 VQDM      ) acc: 96.92; ap: 99.97; racc: 99.97; facc: 93.87;
(7 wukong    ) acc: 99.90; ap: 100.00; racc: 99.98; facc: 99.82;
(8 mean      ) acc: 82.78; ap: 99.14; racc: 99.96; facc: 65.59;
[rank0]:[W724 17:05:28.895383352 ProcessGroupNCCL.cpp:1647] Warning: WARNING: destroy_process_group() was not called before program exit, which can leak resources. For more info, please see https://pytorch.org/docs/stable/distributed.html#shutdown (function operator())
