Traceback (most recent call last):
  File "/home/yabin/ctta4aid_assets/external/IAPL/main.py", line 15, in <module>
    from models import build_model
  File "/home/yabin/ctta4aid_assets/external/IAPL/models/__init__.py", line 1, in <module>
    from .clip_models import CLIPModel
  File "/home/yabin/ctta4aid_assets/external/IAPL/models/clip_models.py", line 12, in <module>
    from pytorch_wavelets import DWTForward, DWTInverse
ModuleNotFoundError: No module named 'pytorch_wavelets'
E0720 05:35:08.262000 1822137 site-packages/torch/distributed/elastic/multiprocessing/api.py:882] failed (exitcode: 1) local_rank: 0 (pid: 1822207) of binary: /home/home/yabin/miniconda3/envs/cl/bin/python
Traceback (most recent call last):
  File "<frozen runpy>", line 198, in _run_module_as_main
  File "<frozen runpy>", line 88, in _run_code
  File "/home/home/yabin/miniconda3/envs/cl/lib/python3.12/site-packages/torch/distributed/run.py", line 940, in <module>
    main()
  File "/home/home/yabin/miniconda3/envs/cl/lib/python3.12/site-packages/torch/distributed/elastic/multiprocessing/errors/__init__.py", line 357, in wrapper
    return f(*args, **kwargs)
           ^^^^^^^^^^^^^^^^^^
  File "/home/home/yabin/miniconda3/envs/cl/lib/python3.12/site-packages/torch/distributed/run.py", line 936, in main
    run(args)
  File "/home/home/yabin/miniconda3/envs/cl/lib/python3.12/site-packages/torch/distributed/run.py", line 927, in run
    elastic_launch(
  File "/home/home/yabin/miniconda3/envs/cl/lib/python3.12/site-packages/torch/distributed/launcher/api.py", line 156, in __call__
    return launch_agent(self._config, self._entrypoint, list(args))
           ^^^^^^^^^^^^^^^^^^^^^^^^^^^^^^^^^^^^^^^^^^^^^^^^^^^^^^^^
  File "/home/home/yabin/miniconda3/envs/cl/lib/python3.12/site-packages/torch/distributed/launcher/api.py", line 293, in launch_agent
    raise ChildFailedError(
torch.distributed.elastic.multiprocessing.errors.ChildFailedError: 
============================================================
main.py FAILED
------------------------------------------------------------
Failures:
  <NO_OTHER_FAILURES>
------------------------------------------------------------
Root Cause (first observed failure):
[0]:
  time      : 2026-07-20_05:35:08
  host      : ubuntu
  rank      : 0 (local_rank: 0)
  exitcode  : 1 (pid: 1822207)
  error_file: <N/A>
  traceback : To enable traceback see: https://pytorch.org/docs/stable/elastic/errors.html
============================================================
