/home/home/yabin/miniconda3/envs/cl/lib/python3.12/site-packages/pytorch_wavelets/dtcwt/coeffs.py:7: UserWarning: pkg_resources is deprecated as an API. See https://setuptools.pypa.io/en/latest/pkg_resources.html. The pkg_resources package is slated for removal as early as 2025-11-30. Refrain from using this package or pin to Setuptools<81.
  from pkg_resources import resource_stream
world size: 1, rank: 0, local rank: 0
{
  "SHELL": "/bin/bash",
  "PYTHONUNBUFFERED": "1",
  "CONDA_EXE": "/home/home/yabin/miniconda3/bin/conda",
  "_CE_M": "",
  "LC_ADDRESS": "zh_CN.UTF-8",
  "LC_NAME": "zh_CN.UTF-8",
  "LC_MONETARY": "zh_CN.UTF-8",
  "PWD": "/home/yabin/ctta4aid_assets/external/IAPL",
  "LOGNAME": "yabin",
  "XDG_SESSION_TYPE": "tty",
  "CONDA_PREFIX": "/home/home/yabin/miniconda3/envs/cl",
  "MOTD_SHOWN": "pam",
  "HOME": "/home/home/yabin",
  "LC_PAPER": "zh_CN.UTF-8",
  "LANG": "en_US.UTF-8",
  "CONDA_PROMPT_MODIFIER": "(cl) ",
  "SSH_CONNECTION": "100.70.179.13 52514 100.86.243.3 22",
  "_CONDA_EXE": "/home/home/yabin/miniconda3/bin/conda",
  "XDG_SESSION_CLASS": "user",
  "_CONDA_ROOT": "/home/home/yabin/miniconda3",
  "PYTHONPATH": "/home/yabin/ctta4aid-arrow/src",
  "LC_IDENTIFICATION": "zh_CN.UTF-8",
  "_CE_CONDA": "",
  "USER": "yabin",
  "CONDA_SHLVL": "1",
  "SHLVL": "1",
  "LC_TELEPHONE": "zh_CN.UTF-8",
  "LC_MEASUREMENT": "zh_CN.UTF-8",
  "XDG_SESSION_ID": "8707",
  "CONDA_PYTHON_EXE": "/home/home/yabin/miniconda3/bin/python",
  "LC_CTYPE": "C.UTF-8",
  "XDG_RUNTIME_DIR": "/run/user/1008",
  "SSH_CLIENT": "100.70.179.13 52514 22",
  "CONDA_DEFAULT_ENV": "cl",
  "LC_TIME": "zh_CN.UTF-8",
  "LC_ALL": "C.UTF-8",
  "XDG_DATA_DIRS": "/usr/share/gnome:/usr/local/share:/usr/share:/var/lib/snapd/desktop",
  "PATH": "/home/home/yabin/miniconda3/envs/cl/bin:/home/home/yabin/miniconda3/condabin:/usr/local/sbin:/usr/local/bin:/usr/sbin:/usr/bin:/sbin:/bin:/usr/games:/usr/local/games:/snap/bin",
  "DBUS_SESSION_BUS_ADDRESS": "unix:path=/run/user/1008/bus",
  "LC_NUMERIC": "zh_CN.UTF-8",
  "OLDPWD": "/home/home/yabin",
  "LOCAL_RANK": "0",
  "RANK": "0",
  "GROUP_RANK": "0",
  "ROLE_RANK": "0",
  "ROLE_NAME": "default",
  "LOCAL_WORLD_SIZE": "1",
  "WORLD_SIZE": "1",
  "GROUP_WORLD_SIZE": "1",
  "ROLE_WORLD_SIZE": "1",
  "MASTER_ADDR": "127.0.0.1",
  "MASTER_PORT": "29701",
  "TORCHELASTIC_RESTART_COUNT": "0",
  "TORCHELASTIC_MAX_RESTARTS": "0",
  "TORCHELASTIC_RUN_ID": "none",
  "TORCHELASTIC_USE_AGENT_STORE": "True",
  "TORCH_NCCL_ASYNC_ERROR_HANDLING": "1",
  "TORCHELASTIC_ERROR_FILE": "/tmp/torchelastic_qqcln0r7/none_wvjdnur4/attempt_0/0/error.json",
  "LD_LIBRARY_PATH": "/home/home/yabin/miniconda3/envs/cl/lib/python3.12/site-packages/cv2/../../lib64:",
  "KMP_DUPLICATE_LIB_OK": "True",
  "KMP_INIT_AT_FORK": "FALSE"
}
world_size:1 rank:0 local_rank:0
| distributed init (rank 0): env://
Before torch.distributed.barrier()
/home/home/yabin/miniconda3/envs/cl/lib/python3.12/site-packages/torch/distributed/distributed_c10d.py:4876: UserWarning: barrier(): using the device under current context. You can specify `device_id` in `init_process_group` to mute this warning.
  warnings.warn(  # warn only once
[rank0]:[W720 17:12:46.506179436 ProcessGroupNCCL.cpp:5072] Guessing device ID based on global rank. This can cause a hang if rank to GPU mapping is heterogeneous. You can specify device_id in init_process_group()
End torch.distributed.barrier()
['transformer.resblocks.1.gamma', 'transformer.resblocks.2.gamma', 'transformer.resblocks.3.gamma', 'transformer.resblocks.3.adapter.down_proj.weight', 'transformer.resblocks.3.adapter.down_proj.bias', 'transformer.resblocks.3.adapter.up_proj.weight', 'transformer.resblocks.3.adapter.up_proj.bias', 'transformer.resblocks.4.gamma', 'transformer.resblocks.5.gamma', 'transformer.resblocks.6.gamma', 'transformer.resblocks.7.gamma', 'transformer.resblocks.7.adapter.down_proj.weight', 'transformer.resblocks.7.adapter.down_proj.bias', 'transformer.resblocks.7.adapter.up_proj.weight', 'transformer.resblocks.7.adapter.up_proj.bias', 'transformer.resblocks.8.gamma', 'transformer.resblocks.11.adapter.down_proj.weight', 'transformer.resblocks.11.adapter.down_proj.bias', 'transformer.resblocks.11.adapter.up_proj.weight', 'transformer.resblocks.11.adapter.up_proj.bias', 'transformer.resblocks.15.adapter.down_proj.weight', 'transformer.resblocks.15.adapter.down_proj.bias', 'transformer.resblocks.15.adapter.up_proj.weight', 'transformer.resblocks.15.adapter.up_proj.bias', 'transformer.resblocks.19.adapter.down_proj.weight', 'transformer.resblocks.19.adapter.down_proj.bias', 'transformer.resblocks.19.adapter.up_proj.weight', 'transformer.resblocks.19.adapter.up_proj.bias', 'transformer.resblocks.23.adapter.down_proj.weight', 'transformer.resblocks.23.adapter.down_proj.bias', 'transformer.resblocks.23.adapter.up_proj.weight', 'transformer.resblocks.23.adapter.up_proj.bias']
/home/yabin/ctta4aid_assets/external/IAPL/models/dct.py:353: FutureWarning: `torch.cuda.amp.autocast(args...)` is deprecated. Please use `torch.amp.autocast('cuda', args...)` instead.
  with torch.cuda.amp.autocast(enabled=False):
Epoch: [0]  [   0/9001]  eta: 2 days, 5:49:47  lr: 0.000050  loss: 1.4267 (1.4267)  loss_adapter: 0.6559 (0.6559)  loss_condition: 0.7708 (0.7708)  loss_adapter_unscaled: 0.6559 (0.6559)  loss_condition_unscaled: 0.7708 (0.7708)  time: 21.5295  data: 0.4893  max mem: 7487
Epoch: [0]  [  50/9001]  eta: 2:58:19  lr: 0.000050  loss: 1.3136 (1.3875)  loss_adapter: 0.6158 (0.6606)  loss_condition: 0.6931 (0.7270)  loss_adapter_unscaled: 0.6158 (0.6606)  loss_condition_unscaled: 0.6931 (0.7270)  time: 0.7762  data: 0.0934  max mem: 7852
Epoch: [0]  [ 100/9001]  eta: 2:28:54  lr: 0.000050  loss: 1.1764 (1.3053)  loss_adapter: 0.4452 (0.5824)  loss_condition: 0.7251 (0.7229)  loss_adapter_unscaled: 0.4452 (0.5824)  loss_condition_unscaled: 0.7251 (0.7229)  time: 0.7895  data: 0.0965  max mem: 7852
Epoch: [0]  [ 150/9001]  eta: 2:18:09  lr: 0.000050  loss: 0.9549 (1.2050)  loss_adapter: 0.2316 (0.4869)  loss_condition: 0.7117 (0.7181)  loss_adapter_unscaled: 0.2316 (0.4869)  loss_condition_unscaled: 0.7117 (0.7181)  time: 0.7792  data: 0.0887  max mem: 7852
Epoch: [0]  [ 200/9001]  eta: 2:12:40  lr: 0.000050  loss: 0.7759 (1.1125)  loss_adapter: 0.0976 (0.3991)  loss_condition: 0.6775 (0.7133)  loss_adapter_unscaled: 0.0976 (0.3991)  loss_condition_unscaled: 0.6775 (0.7133)  time: 0.8031  data: 0.0798  max mem: 7852
Epoch: [0]  [ 250/9001]  eta: 2:08:30  lr: 0.000050  loss: 0.7283 (1.0409)  loss_adapter: 0.0370 (0.3304)  loss_condition: 0.6962 (0.7105)  loss_adapter_unscaled: 0.0370 (0.3304)  loss_condition_unscaled: 0.6962 (0.7105)  time: 0.8022  data: 0.0882  max mem: 7852
Epoch: [0]  [ 300/9001]  eta: 2:05:35  lr: 0.000050  loss: 0.7053 (0.9863)  loss_adapter: 0.0205 (0.2799)  loss_condition: 0.6868 (0.7064)  loss_adapter_unscaled: 0.0205 (0.2799)  loss_condition_unscaled: 0.6868 (0.7064)  time: 0.8021  data: 0.0836  max mem: 7852
Epoch: [0]  [ 350/9001]  eta: 2:03:17  lr: 0.000050  loss: 0.6988 (0.9454)  loss_adapter: 0.0130 (0.2422)  loss_condition: 0.6844 (0.7032)  loss_adapter_unscaled: 0.0130 (0.2422)  loss_condition_unscaled: 0.6844 (0.7032)  time: 0.8076  data: 0.0914  max mem: 7852
Epoch: [0]  [ 400/9001]  eta: 2:01:29  lr: 0.000050  loss: 0.6992 (0.9140)  loss_adapter: 0.0092 (0.2133)  loss_condition: 0.6910 (0.7007)  loss_adapter_unscaled: 0.0092 (0.2133)  loss_condition_unscaled: 0.6910 (0.7007)  time: 0.8105  data: 0.0916  max mem: 7852
Epoch: [0]  [ 450/9001]  eta: 1:59:53  lr: 0.000050  loss: 0.6778 (0.8895)  loss_adapter: 0.0062 (0.1905)  loss_condition: 0.6695 (0.6990)  loss_adapter_unscaled: 0.0062 (0.1905)  loss_condition_unscaled: 0.6695 (0.6990)  time: 0.7942  data: 0.0795  max mem: 7852
Epoch: [0]  [ 500/9001]  eta: 1:58:28  lr: 0.000050  loss: 0.6735 (0.8689)  loss_adapter: 0.0048 (0.1720)  loss_condition: 0.6689 (0.6969)  loss_adapter_unscaled: 0.0048 (0.1720)  loss_condition_unscaled: 0.6689 (0.6969)  time: 0.8035  data: 0.0910  max mem: 7852
Epoch: [0]  [ 550/9001]  eta: 1:57:14  lr: 0.000050  loss: 0.6386 (0.8485)  loss_adapter: 0.0034 (0.1568)  loss_condition: 0.6351 (0.6917)  loss_adapter_unscaled: 0.0034 (0.1568)  loss_condition_unscaled: 0.6351 (0.6917)  time: 0.7803  data: 0.0902  max mem: 7852
Epoch: [0]  [ 600/9001]  eta: 1:56:04  lr: 0.000050  loss: 0.6173 (0.8315)  loss_adapter: 0.0030 (0.1440)  loss_condition: 0.6149 (0.6875)  loss_adapter_unscaled: 0.0030 (0.1440)  loss_condition_unscaled: 0.6149 (0.6875)  time: 0.7709  data: 0.0905  max mem: 7852
Epoch: [0]  [ 650/9001]  eta: 1:54:41  lr: 0.000050  loss: 0.6431 (0.8173)  loss_adapter: 0.0024 (0.1332)  loss_condition: 0.6407 (0.6841)  loss_adapter_unscaled: 0.0024 (0.1332)  loss_condition_unscaled: 0.6407 (0.6841)  time: 0.7621  data: 0.0994  max mem: 7852
Epoch: [0]  [ 700/9001]  eta: 1:53:21  lr: 0.000050  loss: 0.6690 (0.8048)  loss_adapter: 0.0020 (0.1238)  loss_condition: 0.6674 (0.6809)  loss_adapter_unscaled: 0.0020 (0.1238)  loss_condition_unscaled: 0.6674 (0.6809)  time: 0.7701  data: 0.1042  max mem: 7852
Epoch: [0]  [ 750/9001]  eta: 1:52:03  lr: 0.000050  loss: 0.5966 (0.7934)  loss_adapter: 0.0018 (0.1157)  loss_condition: 0.5945 (0.6777)  loss_adapter_unscaled: 0.0018 (0.1157)  loss_condition_unscaled: 0.5945 (0.6777)  time: 0.7567  data: 0.0946  max mem: 7852
Epoch: [0]  [ 800/9001]  eta: 1:50:51  lr: 0.000050  loss: 0.5771 (0.7814)  loss_adapter: 0.0015 (0.1086)  loss_condition: 0.5749 (0.6728)  loss_adapter_unscaled: 0.0015 (0.1086)  loss_condition_unscaled: 0.5749 (0.6728)  time: 0.7570  data: 0.0949  max mem: 7852
Epoch: [0]  [ 850/9001]  eta: 1:49:47  lr: 0.000050  loss: 0.6061 (0.7717)  loss_adapter: 0.0013 (0.1023)  loss_condition: 0.6048 (0.6694)  loss_adapter_unscaled: 0.0013 (0.1023)  loss_condition_unscaled: 0.6048 (0.6694)  time: 0.7557  data: 0.0940  max mem: 7852
Epoch: [0]  [ 900/9001]  eta: 1:48:45  lr: 0.000050  loss: 0.5802 (0.7633)  loss_adapter: 0.0012 (0.0967)  loss_condition: 0.5787 (0.6666)  loss_adapter_unscaled: 0.0012 (0.0967)  loss_condition_unscaled: 0.5787 (0.6666)  time: 0.7664  data: 0.0965  max mem: 7852
Epoch: [0]  [ 950/9001]  eta: 1:47:41  lr: 0.000050  loss: 0.5977 (0.7554)  loss_adapter: 0.0011 (0.0917)  loss_condition: 0.5966 (0.6637)  loss_adapter_unscaled: 0.0011 (0.0917)  loss_condition_unscaled: 0.5966 (0.6637)  time: 0.7445  data: 0.0951  max mem: 7852
Epoch: [0]  [1000/9001]  eta: 1:46:41  lr: 0.000050  loss: 0.5758 (0.7473)  loss_adapter: 0.0009 (0.0871)  loss_condition: 0.5748 (0.6602)  loss_adapter_unscaled: 0.0009 (0.0871)  loss_condition_unscaled: 0.5748 (0.6602)  time: 0.7569  data: 0.0939  max mem: 7852
Epoch: [0]  [1050/9001]  eta: 1:45:42  lr: 0.000050  loss: 0.5478 (0.7393)  loss_adapter: 0.0009 (0.0831)  loss_condition: 0.5469 (0.6563)  loss_adapter_unscaled: 0.0009 (0.0831)  loss_condition_unscaled: 0.5469 (0.6563)  time: 0.7541  data: 0.0945  max mem: 7852
Epoch: [0]  [1100/9001]  eta: 1:44:46  lr: 0.000050  loss: 0.5561 (0.7317)  loss_adapter: 0.0008 (0.0793)  loss_condition: 0.5553 (0.6523)  loss_adapter_unscaled: 0.0008 (0.0793)  loss_condition_unscaled: 0.5553 (0.6523)  time: 0.7476  data: 0.0951  max mem: 7852
Epoch: [0]  [1150/9001]  eta: 1:43:57  lr: 0.000050  loss: 0.5275 (0.7242)  loss_adapter: 0.0007 (0.0759)  loss_condition: 0.5267 (0.6483)  loss_adapter_unscaled: 0.0007 (0.0759)  loss_condition_unscaled: 0.5267 (0.6483)  time: 0.7809  data: 0.0706  max mem: 7852
Epoch: [0]  [1200/9001]  eta: 1:43:14  lr: 0.000050  loss: 0.5875 (0.7181)  loss_adapter: 0.0007 (0.0728)  loss_condition: 0.5868 (0.6453)  loss_adapter_unscaled: 0.0007 (0.0728)  loss_condition_unscaled: 0.5868 (0.6453)  time: 0.7785  data: 0.0668  max mem: 7852
Epoch: [0]  [1250/9001]  eta: 1:42:31  lr: 0.000050  loss: 0.5927 (0.7136)  loss_adapter: 0.0006 (0.0699)  loss_condition: 0.5920 (0.6437)  loss_adapter_unscaled: 0.0006 (0.0699)  loss_condition_unscaled: 0.5920 (0.6437)  time: 0.7812  data: 0.0688  max mem: 7852
Epoch: [0]  [1300/9001]  eta: 1:41:49  lr: 0.000050  loss: 0.5355 (0.7076)  loss_adapter: 0.0006 (0.0672)  loss_condition: 0.5350 (0.6404)  loss_adapter_unscaled: 0.0006 (0.0672)  loss_condition_unscaled: 0.5350 (0.6404)  time: 0.7849  data: 0.0772  max mem: 7852
Epoch: [0]  [1350/9001]  eta: 1:41:06  lr: 0.000050  loss: 0.4788 (0.7014)  loss_adapter: 0.0005 (0.0648)  loss_condition: 0.4783 (0.6366)  loss_adapter_unscaled: 0.0005 (0.0648)  loss_condition_unscaled: 0.4783 (0.6366)  time: 0.7867  data: 0.0772  max mem: 7852
Epoch: [0]  [1400/9001]  eta: 1:40:23  lr: 0.000050  loss: 0.5727 (0.6976)  loss_adapter: 0.0005 (0.0625)  loss_condition: 0.5722 (0.6351)  loss_adapter_unscaled: 0.0005 (0.0625)  loss_condition_unscaled: 0.5722 (0.6351)  time: 0.7769  data: 0.0729  max mem: 7852
Epoch: [0]  [1450/9001]  eta: 1:39:42  lr: 0.000050  loss: 0.5110 (0.6924)  loss_adapter: 0.0005 (0.0603)  loss_condition: 0.5106 (0.6321)  loss_adapter_unscaled: 0.0005 (0.0603)  loss_condition_unscaled: 0.5106 (0.6321)  time: 0.7837  data: 0.0771  max mem: 7852
Epoch: [0]  [1500/9001]  eta: 1:39:00  lr: 0.000050  loss: 0.5198 (0.6878)  loss_adapter: 0.0004 (0.0583)  loss_condition: 0.5194 (0.6294)  loss_adapter_unscaled: 0.0004 (0.0583)  loss_condition_unscaled: 0.5194 (0.6294)  time: 0.7784  data: 0.0741  max mem: 7852
Epoch: [0]  [1550/9001]  eta: 1:38:17  lr: 0.000050  loss: 0.5105 (0.6828)  loss_adapter: 0.0004 (0.0565)  loss_condition: 0.5100 (0.6263)  loss_adapter_unscaled: 0.0004 (0.0565)  loss_condition_unscaled: 0.5100 (0.6263)  time: 0.7823  data: 0.0652  max mem: 7852
Epoch: [0]  [1600/9001]  eta: 1:37:31  lr: 0.000050  loss: 0.5232 (0.6781)  loss_adapter: 0.0004 (0.0547)  loss_condition: 0.5227 (0.6234)  loss_adapter_unscaled: 0.0004 (0.0547)  loss_condition_unscaled: 0.5227 (0.6234)  time: 0.7488  data: 0.0878  max mem: 7852
Epoch: [0]  [1650/9001]  eta: 1:36:44  lr: 0.000050  loss: 0.5053 (0.6736)  loss_adapter: 0.0004 (0.0531)  loss_condition: 0.5050 (0.6206)  loss_adapter_unscaled: 0.0004 (0.0531)  loss_condition_unscaled: 0.5050 (0.6206)  time: 0.7528  data: 0.0917  max mem: 7852
Epoch: [0]  [1700/9001]  eta: 1:36:04  lr: 0.000050  loss: 0.5187 (0.6690)  loss_adapter: 0.0003 (0.0515)  loss_condition: 0.5183 (0.6175)  loss_adapter_unscaled: 0.0003 (0.0515)  loss_condition_unscaled: 0.5183 (0.6175)  time: 0.7893  data: 0.0795  max mem: 7852
Epoch: [0]  [1750/9001]  eta: 1:35:24  lr: 0.000050  loss: 0.5220 (0.6666)  loss_adapter: 0.0003 (0.0501)  loss_condition: 0.5217 (0.6165)  loss_adapter_unscaled: 0.0003 (0.0501)  loss_condition_unscaled: 0.5217 (0.6165)  time: 0.7830  data: 0.0662  max mem: 7852
Epoch: [0]  [1800/9001]  eta: 1:34:43  lr: 0.000050  loss: 0.4844 (0.6634)  loss_adapter: 0.0003 (0.0487)  loss_condition: 0.4841 (0.6147)  loss_adapter_unscaled: 0.0003 (0.0487)  loss_condition_unscaled: 0.4841 (0.6147)  time: 0.7811  data: 0.0779  max mem: 7852
Epoch: [0]  [1850/9001]  eta: 1:34:02  lr: 0.000050  loss: 0.5297 (0.6603)  loss_adapter: 0.0003 (0.0474)  loss_condition: 0.5294 (0.6130)  loss_adapter_unscaled: 0.0003 (0.0474)  loss_condition_unscaled: 0.5294 (0.6130)  time: 0.7834  data: 0.0724  max mem: 7852
Epoch: [0]  [1900/9001]  eta: 1:33:21  lr: 0.000050  loss: 0.4723 (0.6566)  loss_adapter: 0.0003 (0.0461)  loss_condition: 0.4721 (0.6104)  loss_adapter_unscaled: 0.0003 (0.0461)  loss_condition_unscaled: 0.4721 (0.6104)  time: 0.7819  data: 0.0676  max mem: 7852
Epoch: [0]  [1950/9001]  eta: 1:32:41  lr: 0.000050  loss: 0.4968 (0.6539)  loss_adapter: 0.0003 (0.0450)  loss_condition: 0.4965 (0.6090)  loss_adapter_unscaled: 0.0003 (0.0450)  loss_condition_unscaled: 0.4965 (0.6090)  time: 0.7767  data: 0.0682  max mem: 7852
Epoch: [0]  [2000/9001]  eta: 1:32:01  lr: 0.000050  loss: 0.5134 (0.6506)  loss_adapter: 0.0002 (0.0439)  loss_condition: 0.5131 (0.6067)  loss_adapter_unscaled: 0.0002 (0.0439)  loss_condition_unscaled: 0.5131 (0.6067)  time: 0.7876  data: 0.0754  max mem: 7852
Epoch: [0]  [2050/9001]  eta: 1:31:20  lr: 0.000050  loss: 0.4935 (0.6479)  loss_adapter: 0.0002 (0.0428)  loss_condition: 0.4932 (0.6051)  loss_adapter_unscaled: 0.0002 (0.0428)  loss_condition_unscaled: 0.4932 (0.6051)  time: 0.7798  data: 0.0755  max mem: 7852
Epoch: [0]  [2100/9001]  eta: 1:30:40  lr: 0.000050  loss: 0.5224 (0.6446)  loss_adapter: 0.0002 (0.0418)  loss_condition: 0.5222 (0.6028)  loss_adapter_unscaled: 0.0002 (0.0418)  loss_condition_unscaled: 0.5222 (0.6028)  time: 0.7797  data: 0.0659  max mem: 7852
Epoch: [0]  [2150/9001]  eta: 1:29:59  lr: 0.000050  loss: 0.4594 (0.6412)  loss_adapter: 0.0002 (0.0408)  loss_condition: 0.4592 (0.6004)  loss_adapter_unscaled: 0.0002 (0.0408)  loss_condition_unscaled: 0.4592 (0.6004)  time: 0.7722  data: 0.0685  max mem: 7852
Epoch: [0]  [2200/9001]  eta: 1:29:19  lr: 0.000050  loss: 0.5021 (0.6387)  loss_adapter: 0.0002 (0.0399)  loss_condition: 0.5018 (0.5988)  loss_adapter_unscaled: 0.0002 (0.0399)  loss_condition_unscaled: 0.5018 (0.5988)  time: 0.7818  data: 0.0665  max mem: 7852
Epoch: [0]  [2250/9001]  eta: 1:28:37  lr: 0.000050  loss: 0.5503 (0.6357)  loss_adapter: 0.0002 (0.0390)  loss_condition: 0.5501 (0.5967)  loss_adapter_unscaled: 0.0002 (0.0390)  loss_condition_unscaled: 0.5501 (0.5967)  time: 0.7708  data: 0.0681  max mem: 7852
Epoch: [0]  [2300/9001]  eta: 1:27:55  lr: 0.000050  loss: 0.4345 (0.6327)  loss_adapter: 0.0002 (0.0382)  loss_condition: 0.4343 (0.5946)  loss_adapter_unscaled: 0.0002 (0.0382)  loss_condition_unscaled: 0.4343 (0.5946)  time: 0.7697  data: 0.0676  max mem: 7852
Epoch: [0]  [2350/9001]  eta: 1:27:09  lr: 0.000050  loss: 0.4639 (0.6304)  loss_adapter: 0.0002 (0.0374)  loss_condition: 0.4637 (0.5931)  loss_adapter_unscaled: 0.0002 (0.0374)  loss_condition_unscaled: 0.4637 (0.5931)  time: 0.7716  data: 0.0683  max mem: 7852
Epoch: [0]  [2400/9001]  eta: 1:26:28  lr: 0.000050  loss: 0.4877 (0.6279)  loss_adapter: 0.0002 (0.0366)  loss_condition: 0.4875 (0.5913)  loss_adapter_unscaled: 0.0002 (0.0366)  loss_condition_unscaled: 0.4875 (0.5913)  time: 0.7719  data: 0.0701  max mem: 7852
Epoch: [0]  [2450/9001]  eta: 1:25:44  lr: 0.000050  loss: 0.4624 (0.6257)  loss_adapter: 0.0003 (0.0360)  loss_condition: 0.4604 (0.5897)  loss_adapter_unscaled: 0.0003 (0.0360)  loss_condition_unscaled: 0.4604 (0.5897)  time: 0.7795  data: 0.0735  max mem: 7852
Epoch: [0]  [2500/9001]  eta: 1:24:48  lr: 0.000050  loss: 0.5105 (0.6241)  loss_adapter: 0.0003 (0.0353)  loss_condition: 0.5102 (0.5888)  loss_adapter_unscaled: 0.0003 (0.0353)  loss_condition_unscaled: 0.5102 (0.5888)  time: 0.5871  data: 0.0760  max mem: 7852
Epoch: [0]  [2550/9001]  eta: 1:23:47  lr: 0.000050  loss: 0.4597 (0.6213)  loss_adapter: 0.0003 (0.0348)  loss_condition: 0.4594 (0.5865)  loss_adapter_unscaled: 0.0003 (0.0348)  loss_condition_unscaled: 0.4594 (0.5865)  time: 0.6386  data: 0.0786  max mem: 7852
Epoch: [0]  [2600/9001]  eta: 1:23:04  lr: 0.000050  loss: 0.5175 (0.6193)  loss_adapter: 0.0003 (0.0341)  loss_condition: 0.5172 (0.5852)  loss_adapter_unscaled: 0.0003 (0.0341)  loss_condition_unscaled: 0.5172 (0.5852)  time: 0.7760  data: 0.0695  max mem: 7852
Epoch: [0]  [2650/9001]  eta: 1:22:25  lr: 0.000050  loss: 0.4519 (0.6170)  loss_adapter: 0.0003 (0.0335)  loss_condition: 0.4516 (0.5836)  loss_adapter_unscaled: 0.0003 (0.0335)  loss_condition_unscaled: 0.4516 (0.5836)  time: 0.7747  data: 0.0736  max mem: 7852
Epoch: [0]  [2700/9001]  eta: 1:21:30  lr: 0.000050  loss: 0.4591 (0.6152)  loss_adapter: 0.0003 (0.0329)  loss_condition: 0.4588 (0.5823)  loss_adapter_unscaled: 0.0003 (0.0329)  loss_condition_unscaled: 0.4588 (0.5823)  time: 0.6701  data: 0.0816  max mem: 7852
Epoch: [0]  [2750/9001]  eta: 1:20:34  lr: 0.000050  loss: 0.5100 (0.6132)  loss_adapter: 0.0003 (0.0323)  loss_condition: 0.5098 (0.5810)  loss_adapter_unscaled: 0.0003 (0.0323)  loss_condition_unscaled: 0.5098 (0.5810)  time: 0.5993  data: 0.0820  max mem: 7852
Epoch: [0]  [2800/9001]  eta: 1:19:38  lr: 0.000050  loss: 0.4521 (0.6114)  loss_adapter: 0.0003 (0.0317)  loss_condition: 0.4518 (0.5797)  loss_adapter_unscaled: 0.0003 (0.0317)  loss_condition_unscaled: 0.4518 (0.5797)  time: 0.6021  data: 0.0830  max mem: 7852
Epoch: [0]  [2850/9001]  eta: 1:18:57  lr: 0.000050  loss: 0.5270 (0.6098)  loss_adapter: 0.0002 (0.0311)  loss_condition: 0.5267 (0.5786)  loss_adapter_unscaled: 0.0002 (0.0311)  loss_condition_unscaled: 0.5267 (0.5786)  time: 0.7865  data: 0.0771  max mem: 7852
Epoch: [0]  [2900/9001]  eta: 1:18:16  lr: 0.000050  loss: 0.4819 (0.6078)  loss_adapter: 0.0002 (0.0306)  loss_condition: 0.4816 (0.5772)  loss_adapter_unscaled: 0.0002 (0.0306)  loss_condition_unscaled: 0.4816 (0.5772)  time: 0.7620  data: 0.0776  max mem: 7852
Epoch: [0]  [2950/9001]  eta: 1:17:37  lr: 0.000050  loss: 0.4993 (0.6055)  loss_adapter: 0.0002 (0.0301)  loss_condition: 0.4991 (0.5754)  loss_adapter_unscaled: 0.0002 (0.0301)  loss_condition_unscaled: 0.4991 (0.5754)  time: 0.7893  data: 0.0782  max mem: 7852
Epoch: [0]  [3000/9001]  eta: 1:16:52  lr: 0.000050  loss: 0.4453 (0.6039)  loss_adapter: 0.0002 (0.0296)  loss_condition: 0.4450 (0.5743)  loss_adapter_unscaled: 0.0002 (0.0296)  loss_condition_unscaled: 0.4450 (0.5743)  time: 0.6400  data: 0.0861  max mem: 7852
Epoch: [0]  [3050/9001]  eta: 1:16:08  lr: 0.000050  loss: 0.4288 (0.6015)  loss_adapter: 0.0002 (0.0291)  loss_condition: 0.4286 (0.5724)  loss_adapter_unscaled: 0.0002 (0.0291)  loss_condition_unscaled: 0.4286 (0.5724)  time: 0.7543  data: 0.0901  max mem: 7852
Epoch: [0]  [3100/9001]  eta: 1:15:31  lr: 0.000050  loss: 0.4766 (0.5999)  loss_adapter: 0.0002 (0.0287)  loss_condition: 0.4765 (0.5713)  loss_adapter_unscaled: 0.0002 (0.0287)  loss_condition_unscaled: 0.4765 (0.5713)  time: 0.7940  data: 0.0865  max mem: 7852
Epoch: [0]  [3150/9001]  eta: 1:14:54  lr: 0.000050  loss: 0.4028 (0.5980)  loss_adapter: 0.0002 (0.0282)  loss_condition: 0.4027 (0.5698)  loss_adapter_unscaled: 0.0002 (0.0282)  loss_condition_unscaled: 0.4027 (0.5698)  time: 0.7952  data: 0.0780  max mem: 7852
Epoch: [0]  [3200/9001]  eta: 1:14:17  lr: 0.000050  loss: 0.4838 (0.5964)  loss_adapter: 0.0002 (0.0278)  loss_condition: 0.4836 (0.5686)  loss_adapter_unscaled: 0.0002 (0.0278)  loss_condition_unscaled: 0.4836 (0.5686)  time: 0.7933  data: 0.0779  max mem: 7852
Epoch: [0]  [3250/9001]  eta: 1:13:40  lr: 0.000050  loss: 0.5145 (0.5948)  loss_adapter: 0.0002 (0.0273)  loss_condition: 0.5143 (0.5674)  loss_adapter_unscaled: 0.0002 (0.0273)  loss_condition_unscaled: 0.5143 (0.5674)  time: 0.7967  data: 0.0855  max mem: 7852
Epoch: [0]  [3300/9001]  eta: 1:13:02  lr: 0.000050  loss: 0.5744 (0.5932)  loss_adapter: 0.0002 (0.0269)  loss_condition: 0.5743 (0.5663)  loss_adapter_unscaled: 0.0002 (0.0269)  loss_condition_unscaled: 0.5743 (0.5663)  time: 0.7962  data: 0.0862  max mem: 7852
Epoch: [0]  [3350/9001]  eta: 1:12:25  lr: 0.000050  loss: 0.4959 (0.5915)  loss_adapter: 0.0002 (0.0265)  loss_condition: 0.4957 (0.5650)  loss_adapter_unscaled: 0.0002 (0.0265)  loss_condition_unscaled: 0.4957 (0.5650)  time: 0.7950  data: 0.0852  max mem: 7852
Epoch: [0]  [3400/9001]  eta: 1:11:48  lr: 0.000050  loss: 0.5356 (0.5906)  loss_adapter: 0.0001 (0.0261)  loss_condition: 0.5355 (0.5645)  loss_adapter_unscaled: 0.0001 (0.0261)  loss_condition_unscaled: 0.5355 (0.5645)  time: 0.7593  data: 0.0846  max mem: 7852
Epoch: [0]  [3450/9001]  eta: 1:11:10  lr: 0.000050  loss: 0.4600 (0.5887)  loss_adapter: 0.0001 (0.0258)  loss_condition: 0.4599 (0.5629)  loss_adapter_unscaled: 0.0001 (0.0258)  loss_condition_unscaled: 0.4599 (0.5629)  time: 0.7511  data: 0.0872  max mem: 7852
Epoch: [0]  [3500/9001]  eta: 1:10:33  lr: 0.000050  loss: 0.4658 (0.5872)  loss_adapter: 0.0001 (0.0254)  loss_condition: 0.4656 (0.5618)  loss_adapter_unscaled: 0.0001 (0.0254)  loss_condition_unscaled: 0.4656 (0.5618)  time: 0.7604  data: 0.0881  max mem: 7852
Epoch: [0]  [3550/9001]  eta: 1:09:56  lr: 0.000050  loss: 0.5007 (0.5858)  loss_adapter: 0.0001 (0.0250)  loss_condition: 0.5006 (0.5607)  loss_adapter_unscaled: 0.0001 (0.0250)  loss_condition_unscaled: 0.5006 (0.5607)  time: 0.7892  data: 0.0851  max mem: 7852
Epoch: [0]  [3600/9001]  eta: 1:09:19  lr: 0.000050  loss: 0.4898 (0.5844)  loss_adapter: 0.0001 (0.0247)  loss_condition: 0.4896 (0.5598)  loss_adapter_unscaled: 0.0001 (0.0247)  loss_condition_unscaled: 0.4896 (0.5598)  time: 0.7944  data: 0.0820  max mem: 7852
Epoch: [0]  [3650/9001]  eta: 1:08:40  lr: 0.000050  loss: 0.3992 (0.5830)  loss_adapter: 0.0001 (0.0244)  loss_condition: 0.3991 (0.5586)  loss_adapter_unscaled: 0.0001 (0.0244)  loss_condition_unscaled: 0.3991 (0.5586)  time: 0.7770  data: 0.0744  max mem: 7852
Epoch: [0]  [3700/9001]  eta: 1:08:03  lr: 0.000050  loss: 0.4171 (0.5815)  loss_adapter: 0.0001 (0.0240)  loss_condition: 0.4170 (0.5574)  loss_adapter_unscaled: 0.0001 (0.0240)  loss_condition_unscaled: 0.4170 (0.5574)  time: 0.7915  data: 0.0841  max mem: 7852
Epoch: [0]  [3750/9001]  eta: 1:07:25  lr: 0.000050  loss: 0.4711 (0.5800)  loss_adapter: 0.0001 (0.0237)  loss_condition: 0.4710 (0.5562)  loss_adapter_unscaled: 0.0001 (0.0237)  loss_condition_unscaled: 0.4710 (0.5562)  time: 0.7987  data: 0.0815  max mem: 7852
Epoch: [0]  [3800/9001]  eta: 1:06:48  lr: 0.000050  loss: 0.4780 (0.5785)  loss_adapter: 0.0001 (0.0234)  loss_condition: 0.4779 (0.5551)  loss_adapter_unscaled: 0.0001 (0.0234)  loss_condition_unscaled: 0.4779 (0.5551)  time: 0.7974  data: 0.0845  max mem: 7852
Epoch: [0]  [3850/9001]  eta: 1:06:10  lr: 0.000050  loss: 0.4747 (0.5771)  loss_adapter: 0.0001 (0.0231)  loss_condition: 0.4746 (0.5540)  loss_adapter_unscaled: 0.0001 (0.0231)  loss_condition_unscaled: 0.4746 (0.5540)  time: 0.7629  data: 0.0799  max mem: 7852
Epoch: [0]  [3900/9001]  eta: 1:05:32  lr: 0.000050  loss: 0.4980 (0.5759)  loss_adapter: 0.0001 (0.0228)  loss_condition: 0.4979 (0.5531)  loss_adapter_unscaled: 0.0001 (0.0228)  loss_condition_unscaled: 0.4979 (0.5531)  time: 0.7632  data: 0.0784  max mem: 7852
Epoch: [0]  [3950/9001]  eta: 1:04:54  lr: 0.000050  loss: 0.4657 (0.5746)  loss_adapter: 0.0001 (0.0225)  loss_condition: 0.4656 (0.5521)  loss_adapter_unscaled: 0.0001 (0.0225)  loss_condition_unscaled: 0.4656 (0.5521)  time: 0.7553  data: 0.0788  max mem: 7852
Epoch: [0]  [4000/9001]  eta: 1:04:17  lr: 0.000050  loss: 0.4629 (0.5733)  loss_adapter: 0.0001 (0.0222)  loss_condition: 0.4628 (0.5511)  loss_adapter_unscaled: 0.0001 (0.0222)  loss_condition_unscaled: 0.4628 (0.5511)  time: 0.7940  data: 0.0789  max mem: 7852
Epoch: [0]  [4050/9001]  eta: 1:03:39  lr: 0.000050  loss: 0.4863 (0.5721)  loss_adapter: 0.0001 (0.0220)  loss_condition: 0.4862 (0.5501)  loss_adapter_unscaled: 0.0001 (0.0220)  loss_condition_unscaled: 0.4862 (0.5501)  time: 0.7931  data: 0.0877  max mem: 7852
Epoch: [0]  [4100/9001]  eta: 1:02:59  lr: 0.000050  loss: 0.4658 (0.5709)  loss_adapter: 0.0001 (0.0217)  loss_condition: 0.4657 (0.5492)  loss_adapter_unscaled: 0.0001 (0.0217)  loss_condition_unscaled: 0.4657 (0.5492)  time: 0.7463  data: 0.0937  max mem: 7852
Epoch: [0]  [4150/9001]  eta: 1:02:11  lr: 0.000050  loss: 0.4665 (0.5697)  loss_adapter: 0.0001 (0.0214)  loss_condition: 0.4664 (0.5483)  loss_adapter_unscaled: 0.0001 (0.0214)  loss_condition_unscaled: 0.4664 (0.5483)  time: 0.5846  data: 0.0845  max mem: 7852
Epoch: [0]  [4200/9001]  eta: 1:01:22  lr: 0.000050  loss: 0.4008 (0.5682)  loss_adapter: 0.0001 (0.0212)  loss_condition: 0.4007 (0.5470)  loss_adapter_unscaled: 0.0001 (0.0212)  loss_condition_unscaled: 0.4007 (0.5470)  time: 0.5867  data: 0.0835  max mem: 7852
Epoch: [0]  [4250/9001]  eta: 1:00:43  lr: 0.000050  loss: 0.3459 (0.5666)  loss_adapter: 0.0001 (0.0209)  loss_condition: 0.3458 (0.5456)  loss_adapter_unscaled: 0.0001 (0.0209)  loss_condition_unscaled: 0.3458 (0.5456)  time: 0.7715  data: 0.0991  max mem: 7852
Epoch: [0]  [4300/9001]  eta: 1:00:05  lr: 0.000050  loss: 0.4941 (0.5658)  loss_adapter: 0.0001 (0.0207)  loss_condition: 0.4940 (0.5451)  loss_adapter_unscaled: 0.0001 (0.0207)  loss_condition_unscaled: 0.4940 (0.5451)  time: 0.7772  data: 0.0968  max mem: 7852
Epoch: [0]  [4350/9001]  eta: 0:59:27  lr: 0.000050  loss: 0.4505 (0.5645)  loss_adapter: 0.0001 (0.0205)  loss_condition: 0.4505 (0.5441)  loss_adapter_unscaled: 0.0001 (0.0205)  loss_condition_unscaled: 0.4505 (0.5441)  time: 0.7596  data: 0.0984  max mem: 7852
Epoch: [0]  [4400/9001]  eta: 0:58:49  lr: 0.000050  loss: 0.3969 (0.5632)  loss_adapter: 0.0001 (0.0202)  loss_condition: 0.3968 (0.5430)  loss_adapter_unscaled: 0.0001 (0.0202)  loss_condition_unscaled: 0.3968 (0.5430)  time: 0.7663  data: 0.0988  max mem: 7852
Epoch: [0]  [4450/9001]  eta: 0:58:11  lr: 0.000050  loss: 0.4395 (0.5622)  loss_adapter: 0.0001 (0.0200)  loss_condition: 0.4394 (0.5422)  loss_adapter_unscaled: 0.0001 (0.0200)  loss_condition_unscaled: 0.4394 (0.5422)  time: 0.7645  data: 0.0959  max mem: 7852
Epoch: [0]  [4500/9001]  eta: 0:57:33  lr: 0.000050  loss: 0.4343 (0.5609)  loss_adapter: 0.0001 (0.0198)  loss_condition: 0.4342 (0.5411)  loss_adapter_unscaled: 0.0001 (0.0198)  loss_condition_unscaled: 0.4342 (0.5411)  time: 0.7849  data: 0.0769  max mem: 7852
Epoch: [0]  [4550/9001]  eta: 0:56:54  lr: 0.000050  loss: 0.3964 (0.5598)  loss_adapter: 0.0001 (0.0196)  loss_condition: 0.3964 (0.5402)  loss_adapter_unscaled: 0.0001 (0.0196)  loss_condition_unscaled: 0.3964 (0.5402)  time: 0.7677  data: 0.0676  max mem: 7852
Epoch: [0]  [4600/9001]  eta: 0:56:15  lr: 0.000050  loss: 0.4312 (0.5588)  loss_adapter: 0.0001 (0.0193)  loss_condition: 0.4312 (0.5394)  loss_adapter_unscaled: 0.0001 (0.0193)  loss_condition_unscaled: 0.4312 (0.5394)  time: 0.7562  data: 0.0697  max mem: 7852
Epoch: [0]  [4650/9001]  eta: 0:55:36  lr: 0.000050  loss: 0.4377 (0.5576)  loss_adapter: 0.0001 (0.0191)  loss_condition: 0.4376 (0.5384)  loss_adapter_unscaled: 0.0001 (0.0191)  loss_condition_unscaled: 0.4376 (0.5384)  time: 0.7569  data: 0.0652  max mem: 7852
Epoch: [0]  [4700/9001]  eta: 0:54:58  lr: 0.000050  loss: 0.4033 (0.5563)  loss_adapter: 0.0001 (0.0189)  loss_condition: 0.4032 (0.5374)  loss_adapter_unscaled: 0.0001 (0.0189)  loss_condition_unscaled: 0.4032 (0.5374)  time: 0.7750  data: 0.0761  max mem: 7852
Epoch: [0]  [4750/9001]  eta: 0:54:20  lr: 0.000050  loss: 0.4683 (0.5554)  loss_adapter: 0.0001 (0.0187)  loss_condition: 0.4683 (0.5366)  loss_adapter_unscaled: 0.0001 (0.0187)  loss_condition_unscaled: 0.4683 (0.5366)  time: 0.7682  data: 0.0764  max mem: 7852
Epoch: [0]  [4800/9001]  eta: 0:53:41  lr: 0.000050  loss: 0.3764 (0.5541)  loss_adapter: 0.0001 (0.0185)  loss_condition: 0.3763 (0.5355)  loss_adapter_unscaled: 0.0001 (0.0185)  loss_condition_unscaled: 0.3763 (0.5355)  time: 0.7594  data: 0.0753  max mem: 7852
Epoch: [0]  [4850/9001]  eta: 0:53:03  lr: 0.000050  loss: 0.4572 (0.5529)  loss_adapter: 0.0001 (0.0184)  loss_condition: 0.4571 (0.5345)  loss_adapter_unscaled: 0.0001 (0.0184)  loss_condition_unscaled: 0.4571 (0.5345)  time: 0.7744  data: 0.0764  max mem: 7852
Epoch: [0]  [4900/9001]  eta: 0:52:24  lr: 0.000050  loss: 0.4077 (0.5516)  loss_adapter: 0.0001 (0.0182)  loss_condition: 0.4076 (0.5334)  loss_adapter_unscaled: 0.0001 (0.0182)  loss_condition_unscaled: 0.4076 (0.5334)  time: 0.7539  data: 0.0700  max mem: 7852
Epoch: [0]  [4950/9001]  eta: 0:51:46  lr: 0.000050  loss: 0.4497 (0.5505)  loss_adapter: 0.0001 (0.0180)  loss_condition: 0.4497 (0.5325)  loss_adapter_unscaled: 0.0001 (0.0180)  loss_condition_unscaled: 0.4497 (0.5325)  time: 0.7662  data: 0.0718  max mem: 7852
Epoch: [0]  [5000/9001]  eta: 0:51:08  lr: 0.000050  loss: 0.3896 (0.5494)  loss_adapter: 0.0001 (0.0178)  loss_condition: 0.3895 (0.5316)  loss_adapter_unscaled: 0.0001 (0.0178)  loss_condition_unscaled: 0.3895 (0.5316)  time: 0.7807  data: 0.0735  max mem: 7852
Epoch: [0]  [5050/9001]  eta: 0:50:29  lr: 0.000050  loss: 0.4173 (0.5481)  loss_adapter: 0.0001 (0.0176)  loss_condition: 0.4173 (0.5305)  loss_adapter_unscaled: 0.0001 (0.0176)  loss_condition_unscaled: 0.4173 (0.5305)  time: 0.7584  data: 0.0672  max mem: 7852
Epoch: [0]  [5100/9001]  eta: 0:49:50  lr: 0.000050  loss: 0.4061 (0.5471)  loss_adapter: 0.0000 (0.0175)  loss_condition: 0.4060 (0.5296)  loss_adapter_unscaled: 0.0000 (0.0175)  loss_condition_unscaled: 0.4060 (0.5296)  time: 0.7523  data: 0.0663  max mem: 7852
Epoch: [0]  [5150/9001]  eta: 0:49:11  lr: 0.000050  loss: 0.3536 (0.5458)  loss_adapter: 0.0000 (0.0173)  loss_condition: 0.3535 (0.5286)  loss_adapter_unscaled: 0.0000 (0.0173)  loss_condition_unscaled: 0.3535 (0.5286)  time: 0.7603  data: 0.0670  max mem: 7852
Epoch: [0]  [5200/9001]  eta: 0:48:32  lr: 0.000050  loss: 0.3967 (0.5447)  loss_adapter: 0.0000 (0.0171)  loss_condition: 0.3967 (0.5275)  loss_adapter_unscaled: 0.0000 (0.0171)  loss_condition_unscaled: 0.3967 (0.5275)  time: 0.7552  data: 0.0710  max mem: 7852
Epoch: [0]  [5250/9001]  eta: 0:47:53  lr: 0.000050  loss: 0.3628 (0.5436)  loss_adapter: 0.0000 (0.0170)  loss_condition: 0.3628 (0.5266)  loss_adapter_unscaled: 0.0000 (0.0170)  loss_condition_unscaled: 0.3628 (0.5266)  time: 0.7737  data: 0.0764  max mem: 7852
Epoch: [0]  [5300/9001]  eta: 0:47:14  lr: 0.000050  loss: 0.3976 (0.5425)  loss_adapter: 0.0000 (0.0168)  loss_condition: 0.3976 (0.5257)  loss_adapter_unscaled: 0.0000 (0.0168)  loss_condition_unscaled: 0.3976 (0.5257)  time: 0.7497  data: 0.0724  max mem: 7852
Epoch: [0]  [5350/9001]  eta: 0:46:33  lr: 0.000050  loss: 0.4001 (0.5414)  loss_adapter: 0.0000 (0.0166)  loss_condition: 0.4001 (0.5247)  loss_adapter_unscaled: 0.0000 (0.0166)  loss_condition_unscaled: 0.4001 (0.5247)  time: 0.5780  data: 0.0798  max mem: 7852
Epoch: [0]  [5400/9001]  eta: 0:45:49  lr: 0.000050  loss: 0.4106 (0.5402)  loss_adapter: 0.0000 (0.0165)  loss_condition: 0.4106 (0.5237)  loss_adapter_unscaled: 0.0000 (0.0165)  loss_condition_unscaled: 0.4106 (0.5237)  time: 0.5882  data: 0.0784  max mem: 7852
Epoch: [0]  [5450/9001]  eta: 0:45:08  lr: 0.000050  loss: 0.3954 (0.5394)  loss_adapter: 0.0000 (0.0163)  loss_condition: 0.3954 (0.5230)  loss_adapter_unscaled: 0.0000 (0.0163)  loss_condition_unscaled: 0.3954 (0.5230)  time: 0.7513  data: 0.0699  max mem: 7852
Epoch: [0]  [5500/9001]  eta: 0:44:30  lr: 0.000050  loss: 0.3735 (0.5383)  loss_adapter: 0.0000 (0.0162)  loss_condition: 0.3735 (0.5222)  loss_adapter_unscaled: 0.0000 (0.0162)  loss_condition_unscaled: 0.3735 (0.5222)  time: 0.7669  data: 0.0734  max mem: 7852
Epoch: [0]  [5550/9001]  eta: 0:43:52  lr: 0.000050  loss: 0.3980 (0.5375)  loss_adapter: 0.0000 (0.0160)  loss_condition: 0.3979 (0.5214)  loss_adapter_unscaled: 0.0000 (0.0160)  loss_condition_unscaled: 0.3979 (0.5214)  time: 0.7688  data: 0.0672  max mem: 7852
Epoch: [0]  [5600/9001]  eta: 0:43:13  lr: 0.000050  loss: 0.3911 (0.5363)  loss_adapter: 0.0000 (0.0159)  loss_condition: 0.3911 (0.5204)  loss_adapter_unscaled: 0.0000 (0.0159)  loss_condition_unscaled: 0.3911 (0.5204)  time: 0.7609  data: 0.0678  max mem: 7852
Epoch: [0]  [5650/9001]  eta: 0:42:35  lr: 0.000050  loss: 0.3833 (0.5353)  loss_adapter: 0.0000 (0.0158)  loss_condition: 0.3832 (0.5196)  loss_adapter_unscaled: 0.0000 (0.0158)  loss_condition_unscaled: 0.3832 (0.5196)  time: 0.7413  data: 0.0776  max mem: 7852
Epoch: [0]  [5700/9001]  eta: 0:41:56  lr: 0.000050  loss: 0.4564 (0.5347)  loss_adapter: 0.0000 (0.0156)  loss_condition: 0.4564 (0.5190)  loss_adapter_unscaled: 0.0000 (0.0156)  loss_condition_unscaled: 0.4564 (0.5190)  time: 0.7420  data: 0.0696  max mem: 7852
Epoch: [0]  [5750/9001]  eta: 0:41:18  lr: 0.000050  loss: 0.4351 (0.5339)  loss_adapter: 0.0000 (0.0155)  loss_condition: 0.4351 (0.5185)  loss_adapter_unscaled: 0.0000 (0.0155)  loss_condition_unscaled: 0.4351 (0.5185)  time: 0.7803  data: 0.0765  max mem: 7852
Epoch: [0]  [5800/9001]  eta: 0:40:37  lr: 0.000050  loss: 0.3600 (0.5330)  loss_adapter: 0.0000 (0.0154)  loss_condition: 0.3599 (0.5176)  loss_adapter_unscaled: 0.0000 (0.0154)  loss_condition_unscaled: 0.3599 (0.5176)  time: 0.6719  data: 0.0853  max mem: 7852
Epoch: [0]  [5850/9001]  eta: 0:39:58  lr: 0.000050  loss: 0.3965 (0.5321)  loss_adapter: 0.0000 (0.0152)  loss_condition: 0.3965 (0.5169)  loss_adapter_unscaled: 0.0000 (0.0152)  loss_condition_unscaled: 0.3965 (0.5169)  time: 0.7346  data: 0.0824  max mem: 7852
Epoch: [0]  [5900/9001]  eta: 0:39:20  lr: 0.000050  loss: 0.3803 (0.5313)  loss_adapter: 0.0000 (0.0151)  loss_condition: 0.3802 (0.5162)  loss_adapter_unscaled: 0.0000 (0.0151)  loss_condition_unscaled: 0.3802 (0.5162)  time: 0.7733  data: 0.0797  max mem: 7852
Epoch: [0]  [5950/9001]  eta: 0:38:42  lr: 0.000050  loss: 0.4080 (0.5305)  loss_adapter: 0.0000 (0.0150)  loss_condition: 0.4080 (0.5155)  loss_adapter_unscaled: 0.0000 (0.0150)  loss_condition_unscaled: 0.4080 (0.5155)  time: 0.7610  data: 0.0834  max mem: 7852
Epoch: [0]  [6000/9001]  eta: 0:38:04  lr: 0.000050  loss: 0.4103 (0.5297)  loss_adapter: 0.0000 (0.0148)  loss_condition: 0.4103 (0.5149)  loss_adapter_unscaled: 0.0000 (0.0148)  loss_condition_unscaled: 0.4103 (0.5149)  time: 0.7793  data: 0.0824  max mem: 7852
Epoch: [0]  [6050/9001]  eta: 0:37:26  lr: 0.000050  loss: 0.3990 (0.5284)  loss_adapter: 0.0000 (0.0147)  loss_condition: 0.3990 (0.5137)  loss_adapter_unscaled: 0.0000 (0.0147)  loss_condition_unscaled: 0.3990 (0.5137)  time: 0.7980  data: 0.0929  max mem: 7852
Epoch: [0]  [6100/9001]  eta: 0:36:48  lr: 0.000050  loss: 0.4187 (0.5276)  loss_adapter: 0.0000 (0.0146)  loss_condition: 0.4186 (0.5130)  loss_adapter_unscaled: 0.0000 (0.0146)  loss_condition_unscaled: 0.4186 (0.5130)  time: 0.7849  data: 0.0799  max mem: 7852
Epoch: [0]  [6150/9001]  eta: 0:36:11  lr: 0.000050  loss: 0.3675 (0.5267)  loss_adapter: 0.0000 (0.0145)  loss_condition: 0.3674 (0.5122)  loss_adapter_unscaled: 0.0000 (0.0145)  loss_condition_unscaled: 0.3674 (0.5122)  time: 0.7823  data: 0.0847  max mem: 7852
Epoch: [0]  [6200/9001]  eta: 0:35:33  lr: 0.000050  loss: 0.3918 (0.5258)  loss_adapter: 0.0000 (0.0144)  loss_condition: 0.3918 (0.5115)  loss_adapter_unscaled: 0.0000 (0.0144)  loss_condition_unscaled: 0.3918 (0.5115)  time: 0.7527  data: 0.0879  max mem: 7852
Epoch: [0]  [6250/9001]  eta: 0:34:55  lr: 0.000050  loss: 0.3651 (0.5249)  loss_adapter: 0.0000 (0.0143)  loss_condition: 0.3651 (0.5106)  loss_adapter_unscaled: 0.0000 (0.0143)  loss_condition_unscaled: 0.3651 (0.5106)  time: 0.7485  data: 0.0854  max mem: 7852
Epoch: [0]  [6300/9001]  eta: 0:34:17  lr: 0.000050  loss: 0.3776 (0.5240)  loss_adapter: 0.0000 (0.0141)  loss_condition: 0.3775 (0.5098)  loss_adapter_unscaled: 0.0000 (0.0141)  loss_condition_unscaled: 0.3775 (0.5098)  time: 0.7778  data: 0.0868  max mem: 7852
Epoch: [0]  [6350/9001]  eta: 0:33:39  lr: 0.000050  loss: 0.3897 (0.5235)  loss_adapter: 0.0000 (0.0140)  loss_condition: 0.3896 (0.5094)  loss_adapter_unscaled: 0.0000 (0.0140)  loss_condition_unscaled: 0.3896 (0.5094)  time: 0.7743  data: 0.0781  max mem: 7852
Epoch: [0]  [6400/9001]  eta: 0:33:02  lr: 0.000050  loss: 0.4940 (0.5228)  loss_adapter: 0.0000 (0.0139)  loss_condition: 0.4940 (0.5088)  loss_adapter_unscaled: 0.0000 (0.0139)  loss_condition_unscaled: 0.4940 (0.5088)  time: 0.7876  data: 0.0870  max mem: 7852
Epoch: [0]  [6450/9001]  eta: 0:32:24  lr: 0.000050  loss: 0.3917 (0.5219)  loss_adapter: 0.0000 (0.0138)  loss_condition: 0.3916 (0.5081)  loss_adapter_unscaled: 0.0000 (0.0138)  loss_condition_unscaled: 0.3916 (0.5081)  time: 0.7729  data: 0.0822  max mem: 7852
Epoch: [0]  [6500/9001]  eta: 0:31:46  lr: 0.000050  loss: 0.4055 (0.5212)  loss_adapter: 0.0000 (0.0137)  loss_condition: 0.4055 (0.5075)  loss_adapter_unscaled: 0.0000 (0.0137)  loss_condition_unscaled: 0.4055 (0.5075)  time: 0.7882  data: 0.0906  max mem: 7852
Epoch: [0]  [6550/9001]  eta: 0:31:08  lr: 0.000050  loss: 0.4547 (0.5206)  loss_adapter: 0.0000 (0.0136)  loss_condition: 0.4547 (0.5070)  loss_adapter_unscaled: 0.0000 (0.0136)  loss_condition_unscaled: 0.4547 (0.5070)  time: 0.7505  data: 0.0872  max mem: 7852
Epoch: [0]  [6600/9001]  eta: 0:30:30  lr: 0.000050  loss: 0.4161 (0.5198)  loss_adapter: 0.0000 (0.0135)  loss_condition: 0.4161 (0.5063)  loss_adapter_unscaled: 0.0000 (0.0135)  loss_condition_unscaled: 0.4161 (0.5063)  time: 0.7580  data: 0.0908  max mem: 7852
Epoch: [0]  [6650/9001]  eta: 0:29:52  lr: 0.000050  loss: 0.4346 (0.5192)  loss_adapter: 0.0000 (0.0134)  loss_condition: 0.4346 (0.5058)  loss_adapter_unscaled: 0.0000 (0.0134)  loss_condition_unscaled: 0.4346 (0.5058)  time: 0.7853  data: 0.0863  max mem: 7852
Epoch: [0]  [6700/9001]  eta: 0:29:14  lr: 0.000050  loss: 0.3432 (0.5183)  loss_adapter: 0.0000 (0.0133)  loss_condition: 0.3432 (0.5050)  loss_adapter_unscaled: 0.0000 (0.0133)  loss_condition_unscaled: 0.3432 (0.5050)  time: 0.7797  data: 0.0839  max mem: 7852
Epoch: [0]  [6750/9001]  eta: 0:28:36  lr: 0.000050  loss: 0.3659 (0.5173)  loss_adapter: 0.0000 (0.0132)  loss_condition: 0.3659 (0.5041)  loss_adapter_unscaled: 0.0000 (0.0132)  loss_condition_unscaled: 0.3659 (0.5041)  time: 0.7878  data: 0.0905  max mem: 7852
Epoch: [0]  [6800/9001]  eta: 0:27:58  lr: 0.000050  loss: 0.3997 (0.5166)  loss_adapter: 0.0000 (0.0131)  loss_condition: 0.3996 (0.5035)  loss_adapter_unscaled: 0.0000 (0.0131)  loss_condition_unscaled: 0.3996 (0.5035)  time: 0.7874  data: 0.0917  max mem: 7852
Epoch: [0]  [6850/9001]  eta: 0:27:20  lr: 0.000050  loss: 0.3668 (0.5157)  loss_adapter: 0.0000 (0.0130)  loss_condition: 0.3667 (0.5027)  loss_adapter_unscaled: 0.0000 (0.0130)  loss_condition_unscaled: 0.3667 (0.5027)  time: 0.7753  data: 0.0872  max mem: 7852
Epoch: [0]  [6900/9001]  eta: 0:26:42  lr: 0.000050  loss: 0.3813 (0.5150)  loss_adapter: 0.0000 (0.0129)  loss_condition: 0.3813 (0.5020)  loss_adapter_unscaled: 0.0000 (0.0129)  loss_condition_unscaled: 0.3813 (0.5020)  time: 0.7624  data: 0.0896  max mem: 7852
Epoch: [0]  [6950/9001]  eta: 0:26:04  lr: 0.000050  loss: 0.3192 (0.5139)  loss_adapter: 0.0000 (0.0128)  loss_condition: 0.3192 (0.5010)  loss_adapter_unscaled: 0.0000 (0.0128)  loss_condition_unscaled: 0.3192 (0.5010)  time: 0.7473  data: 0.0782  max mem: 7852
Epoch: [0]  [7000/9001]  eta: 0:25:26  lr: 0.000050  loss: 0.3795 (0.5130)  loss_adapter: 0.0000 (0.0127)  loss_condition: 0.3795 (0.5003)  loss_adapter_unscaled: 0.0000 (0.0127)  loss_condition_unscaled: 0.3795 (0.5003)  time: 0.7593  data: 0.0955  max mem: 7852
Epoch: [0]  [7050/9001]  eta: 0:24:48  lr: 0.000050  loss: 0.4527 (0.5123)  loss_adapter: 0.0000 (0.0126)  loss_condition: 0.4526 (0.4997)  loss_adapter_unscaled: 0.0000 (0.0126)  loss_condition_unscaled: 0.4526 (0.4997)  time: 0.7523  data: 0.0981  max mem: 7852
Epoch: [0]  [7100/9001]  eta: 0:24:09  lr: 0.000050  loss: 0.3684 (0.5115)  loss_adapter: 0.0000 (0.0125)  loss_condition: 0.3684 (0.4989)  loss_adapter_unscaled: 0.0000 (0.0125)  loss_condition_unscaled: 0.3684 (0.4989)  time: 0.7603  data: 0.1013  max mem: 7852
Epoch: [0]  [7150/9001]  eta: 0:23:31  lr: 0.000050  loss: 0.3688 (0.5109)  loss_adapter: 0.0000 (0.0125)  loss_condition: 0.3688 (0.4985)  loss_adapter_unscaled: 0.0000 (0.0125)  loss_condition_unscaled: 0.3688 (0.4985)  time: 0.7556  data: 0.0977  max mem: 7852
Epoch: [0]  [7200/9001]  eta: 0:22:53  lr: 0.000050  loss: 0.4739 (0.5103)  loss_adapter: 0.0000 (0.0124)  loss_condition: 0.4739 (0.4980)  loss_adapter_unscaled: 0.0000 (0.0124)  loss_condition_unscaled: 0.4739 (0.4980)  time: 0.7585  data: 0.0775  max mem: 7852
Epoch: [0]  [7250/9001]  eta: 0:22:15  lr: 0.000050  loss: 0.4363 (0.5096)  loss_adapter: 0.0000 (0.0123)  loss_condition: 0.4363 (0.4973)  loss_adapter_unscaled: 0.0000 (0.0123)  loss_condition_unscaled: 0.4363 (0.4973)  time: 0.7521  data: 0.0759  max mem: 7852
Epoch: [0]  [7300/9001]  eta: 0:21:36  lr: 0.000050  loss: 0.3399 (0.5089)  loss_adapter: 0.0000 (0.0122)  loss_condition: 0.3399 (0.4967)  loss_adapter_unscaled: 0.0000 (0.0122)  loss_condition_unscaled: 0.3399 (0.4967)  time: 0.7418  data: 0.0770  max mem: 7852
Epoch: [0]  [7350/9001]  eta: 0:20:58  lr: 0.000050  loss: 0.3661 (0.5082)  loss_adapter: 0.0000 (0.0121)  loss_condition: 0.3660 (0.4961)  loss_adapter_unscaled: 0.0000 (0.0121)  loss_condition_unscaled: 0.3660 (0.4961)  time: 0.7398  data: 0.0730  max mem: 7852
Epoch: [0]  [7400/9001]  eta: 0:20:20  lr: 0.000050  loss: 0.3622 (0.5077)  loss_adapter: 0.0000 (0.0120)  loss_condition: 0.3622 (0.4956)  loss_adapter_unscaled: 0.0000 (0.0120)  loss_condition_unscaled: 0.3622 (0.4956)  time: 0.7439  data: 0.0781  max mem: 7852
Epoch: [0]  [7450/9001]  eta: 0:19:41  lr: 0.000050  loss: 0.3622 (0.5068)  loss_adapter: 0.0000 (0.0120)  loss_condition: 0.3622 (0.4948)  loss_adapter_unscaled: 0.0000 (0.0120)  loss_condition_unscaled: 0.3622 (0.4948)  time: 0.6659  data: 0.0717  max mem: 7852
Epoch: [0]  [7500/9001]  eta: 0:19:01  lr: 0.000050  loss: 0.3794 (0.5060)  loss_adapter: 0.0000 (0.0119)  loss_condition: 0.3794 (0.4941)  loss_adapter_unscaled: 0.0000 (0.0119)  loss_condition_unscaled: 0.3794 (0.4941)  time: 0.5650  data: 0.0775  max mem: 7852
Epoch: [0]  [7550/9001]  eta: 0:18:21  lr: 0.000050  loss: 0.3505 (0.5053)  loss_adapter: 0.0000 (0.0118)  loss_condition: 0.3505 (0.4935)  loss_adapter_unscaled: 0.0000 (0.0118)  loss_condition_unscaled: 0.3505 (0.4935)  time: 0.5730  data: 0.0752  max mem: 7852
Epoch: [0]  [7600/9001]  eta: 0:17:42  lr: 0.000050  loss: 0.4138 (0.5049)  loss_adapter: 0.0000 (0.0117)  loss_condition: 0.4138 (0.4931)  loss_adapter_unscaled: 0.0000 (0.0117)  loss_condition_unscaled: 0.4138 (0.4931)  time: 0.5688  data: 0.0799  max mem: 7852
Epoch: [0]  [7650/9001]  eta: 0:17:03  lr: 0.000050  loss: 0.3467 (0.5041)  loss_adapter: 0.0000 (0.0116)  loss_condition: 0.3467 (0.4924)  loss_adapter_unscaled: 0.0000 (0.0116)  loss_condition_unscaled: 0.3467 (0.4924)  time: 0.7453  data: 0.0678  max mem: 7852
Epoch: [0]  [7700/9001]  eta: 0:16:25  lr: 0.000050  loss: 0.4013 (0.5034)  loss_adapter: 0.0000 (0.0116)  loss_condition: 0.4013 (0.4918)  loss_adapter_unscaled: 0.0000 (0.0116)  loss_condition_unscaled: 0.4013 (0.4918)  time: 0.7505  data: 0.0688  max mem: 7852
Epoch: [0]  [7750/9001]  eta: 0:15:47  lr: 0.000050  loss: 0.3594 (0.5028)  loss_adapter: 0.0000 (0.0115)  loss_condition: 0.3594 (0.4913)  loss_adapter_unscaled: 0.0000 (0.0115)  loss_condition_unscaled: 0.3594 (0.4913)  time: 0.7521  data: 0.0700  max mem: 7852
Epoch: [0]  [7800/9001]  eta: 0:15:09  lr: 0.000050  loss: 0.3510 (0.5020)  loss_adapter: 0.0000 (0.0114)  loss_condition: 0.3510 (0.4905)  loss_adapter_unscaled: 0.0000 (0.0114)  loss_condition_unscaled: 0.3510 (0.4905)  time: 0.7417  data: 0.0746  max mem: 7852
Epoch: [0]  [7850/9001]  eta: 0:14:31  lr: 0.000050  loss: 0.3495 (0.5011)  loss_adapter: 0.0000 (0.0114)  loss_condition: 0.3495 (0.4898)  loss_adapter_unscaled: 0.0000 (0.0114)  loss_condition_unscaled: 0.3495 (0.4898)  time: 0.7383  data: 0.0676  max mem: 7852
Epoch: [0]  [7900/9001]  eta: 0:13:53  lr: 0.000050  loss: 0.3525 (0.5005)  loss_adapter: 0.0000 (0.0113)  loss_condition: 0.3525 (0.4892)  loss_adapter_unscaled: 0.0000 (0.0113)  loss_condition_unscaled: 0.3525 (0.4892)  time: 0.7421  data: 0.0786  max mem: 7852
Epoch: [0]  [7950/9001]  eta: 0:13:15  lr: 0.000050  loss: 0.4119 (0.4999)  loss_adapter: 0.0000 (0.0112)  loss_condition: 0.4119 (0.4887)  loss_adapter_unscaled: 0.0000 (0.0112)  loss_condition_unscaled: 0.4119 (0.4887)  time: 0.7360  data: 0.0855  max mem: 7852
Epoch: [0]  [8000/9001]  eta: 0:12:37  lr: 0.000050  loss: 0.3743 (0.4993)  loss_adapter: 0.0000 (0.0111)  loss_condition: 0.3743 (0.4881)  loss_adapter_unscaled: 0.0000 (0.0111)  loss_condition_unscaled: 0.3743 (0.4881)  time: 0.7293  data: 0.0803  max mem: 7852
Epoch: [0]  [8050/9001]  eta: 0:11:59  lr: 0.000050  loss: 0.3268 (0.4985)  loss_adapter: 0.0000 (0.0111)  loss_condition: 0.3268 (0.4875)  loss_adapter_unscaled: 0.0000 (0.0111)  loss_condition_unscaled: 0.3268 (0.4875)  time: 0.7257  data: 0.0650  max mem: 7852
Epoch: [0]  [8100/9001]  eta: 0:11:21  lr: 0.000050  loss: 0.2952 (0.4978)  loss_adapter: 0.0000 (0.0110)  loss_condition: 0.2952 (0.4868)  loss_adapter_unscaled: 0.0000 (0.0110)  loss_condition_unscaled: 0.2952 (0.4868)  time: 0.7198  data: 0.0598  max mem: 7852
Epoch: [0]  [8150/9001]  eta: 0:10:43  lr: 0.000050  loss: 0.3118 (0.4970)  loss_adapter: 0.0000 (0.0109)  loss_condition: 0.3118 (0.4861)  loss_adapter_unscaled: 0.0000 (0.0109)  loss_condition_unscaled: 0.3118 (0.4861)  time: 0.7441  data: 0.0708  max mem: 7852
Epoch: [0]  [8200/9001]  eta: 0:10:06  lr: 0.000050  loss: 0.3562 (0.4963)  loss_adapter: 0.0000 (0.0109)  loss_condition: 0.3562 (0.4854)  loss_adapter_unscaled: 0.0000 (0.0109)  loss_condition_unscaled: 0.3562 (0.4854)  time: 0.7522  data: 0.0767  max mem: 7852
Epoch: [0]  [8250/9001]  eta: 0:09:28  lr: 0.000050  loss: 0.4095 (0.4957)  loss_adapter: 0.0000 (0.0108)  loss_condition: 0.4095 (0.4849)  loss_adapter_unscaled: 0.0000 (0.0108)  loss_condition_unscaled: 0.4095 (0.4849)  time: 0.7295  data: 0.0637  max mem: 7852
Epoch: [0]  [8300/9001]  eta: 0:08:50  lr: 0.000050  loss: 0.3854 (0.4953)  loss_adapter: 0.0000 (0.0107)  loss_condition: 0.3854 (0.4846)  loss_adapter_unscaled: 0.0000 (0.0107)  loss_condition_unscaled: 0.3854 (0.4846)  time: 0.7295  data: 0.0684  max mem: 7852
Epoch: [0]  [8350/9001]  eta: 0:08:12  lr: 0.000050  loss: 0.3678 (0.4948)  loss_adapter: 0.0000 (0.0107)  loss_condition: 0.3678 (0.4842)  loss_adapter_unscaled: 0.0000 (0.0107)  loss_condition_unscaled: 0.3678 (0.4842)  time: 0.7293  data: 0.0682  max mem: 7852
Epoch: [0]  [8400/9001]  eta: 0:07:34  lr: 0.000050  loss: 0.3806 (0.4943)  loss_adapter: 0.0000 (0.0106)  loss_condition: 0.3806 (0.4836)  loss_adapter_unscaled: 0.0000 (0.0106)  loss_condition_unscaled: 0.3806 (0.4836)  time: 0.7340  data: 0.0678  max mem: 7852
Epoch: [0]  [8450/9001]  eta: 0:06:56  lr: 0.000050  loss: 0.3766 (0.4936)  loss_adapter: 0.0000 (0.0105)  loss_condition: 0.3766 (0.4831)  loss_adapter_unscaled: 0.0000 (0.0105)  loss_condition_unscaled: 0.3766 (0.4831)  time: 0.7291  data: 0.0689  max mem: 7852
Epoch: [0]  [8500/9001]  eta: 0:06:18  lr: 0.000050  loss: 0.3954 (0.4929)  loss_adapter: 0.0000 (0.0105)  loss_condition: 0.3954 (0.4824)  loss_adapter_unscaled: 0.0000 (0.0105)  loss_condition_unscaled: 0.3954 (0.4824)  time: 0.7405  data: 0.0678  max mem: 7852
Epoch: [0]  [8550/9001]  eta: 0:05:40  lr: 0.000050  loss: 0.4360 (0.4925)  loss_adapter: 0.0000 (0.0104)  loss_condition: 0.4360 (0.4821)  loss_adapter_unscaled: 0.0000 (0.0104)  loss_condition_unscaled: 0.4360 (0.4821)  time: 0.7359  data: 0.0690  max mem: 7852
Epoch: [0]  [8600/9001]  eta: 0:05:02  lr: 0.000050  loss: 0.4618 (0.4919)  loss_adapter: 0.0000 (0.0104)  loss_condition: 0.4618 (0.4816)  loss_adapter_unscaled: 0.0000 (0.0104)  loss_condition_unscaled: 0.4618 (0.4816)  time: 0.7425  data: 0.0770  max mem: 7852
Epoch: [0]  [8650/9001]  eta: 0:04:25  lr: 0.000050  loss: 0.3814 (0.4914)  loss_adapter: 0.0000 (0.0103)  loss_condition: 0.3814 (0.4811)  loss_adapter_unscaled: 0.0000 (0.0103)  loss_condition_unscaled: 0.3814 (0.4811)  time: 0.7429  data: 0.0791  max mem: 7852
Epoch: [0]  [8700/9001]  eta: 0:03:47  lr: 0.000050  loss: 0.3800 (0.4907)  loss_adapter: 0.0000 (0.0102)  loss_condition: 0.3799 (0.4805)  loss_adapter_unscaled: 0.0000 (0.0102)  loss_condition_unscaled: 0.3799 (0.4805)  time: 0.7428  data: 0.0771  max mem: 7852
Epoch: [0]  [8750/9001]  eta: 0:03:09  lr: 0.000050  loss: 0.3687 (0.4901)  loss_adapter: 0.0000 (0.0102)  loss_condition: 0.3687 (0.4799)  loss_adapter_unscaled: 0.0000 (0.0102)  loss_condition_unscaled: 0.3687 (0.4799)  time: 0.7218  data: 0.0687  max mem: 7852
Epoch: [0]  [8800/9001]  eta: 0:02:31  lr: 0.000050  loss: 0.3368 (0.4894)  loss_adapter: 0.0000 (0.0101)  loss_condition: 0.3368 (0.4792)  loss_adapter_unscaled: 0.0000 (0.0101)  loss_condition_unscaled: 0.3368 (0.4792)  time: 0.6891  data: 0.0695  max mem: 7852
Epoch: [0]  [8850/9001]  eta: 0:01:53  lr: 0.000050  loss: 0.3241 (0.4887)  loss_adapter: 0.0000 (0.0101)  loss_condition: 0.3241 (0.4786)  loss_adapter_unscaled: 0.0000 (0.0101)  loss_condition_unscaled: 0.3241 (0.4786)  time: 0.7395  data: 0.0707  max mem: 7852
Epoch: [0]  [8900/9001]  eta: 0:01:16  lr: 0.000050  loss: 0.3065 (0.4881)  loss_adapter: 0.0000 (0.0100)  loss_condition: 0.3065 (0.4781)  loss_adapter_unscaled: 0.0000 (0.0100)  loss_condition_unscaled: 0.3065 (0.4781)  time: 0.7207  data: 0.0687  max mem: 7852
Epoch: [0]  [8950/9001]  eta: 0:00:38  lr: 0.000050  loss: 0.3799 (0.4875)  loss_adapter: 0.0000 (0.0100)  loss_condition: 0.3799 (0.4776)  loss_adapter_unscaled: 0.0000 (0.0100)  loss_condition_unscaled: 0.3799 (0.4776)  time: 0.7203  data: 0.0683  max mem: 7852
Epoch: [0]  [9000/9001]  eta: 0:00:00  lr: 0.000050  loss: 0.4153 (0.4869)  loss_adapter: 0.0000 (0.0099)  loss_condition: 0.4153 (0.4770)  loss_adapter_unscaled: 0.0000 (0.0099)  loss_condition_unscaled: 0.4153 (0.4770)  time: 0.5445  data: 0.0753  max mem: 7852
Epoch: [0] Total time: 1:53:04 (0.7538 s / it)
Averaged stats: lr: 0.000050  loss: 0.4153 (0.4869)  loss_adapter: 0.0000 (0.0099)  loss_condition: 0.4153 (0.4770)  loss_adapter_unscaled: 0.0000 (0.0099)  loss_condition_unscaled: 0.4153 (0.4770)
Epoch training time 1:53:26
Test:  [  0/399]  eta: 2:45:15    time: 24.8505  data: 0.3461  max mem: 7852
Test:  [ 50/399]  eta: 0:06:37    time: 0.6731  data: 0.2402  max mem: 7852
Test:  [100/399]  eta: 0:04:26    time: 0.6141  data: 0.2142  max mem: 7852
Test:  [150/399]  eta: 0:03:18    time: 0.6346  data: 0.2339  max mem: 7852
Test:  [200/399]  eta: 0:02:30    time: 0.6214  data: 0.2208  max mem: 7852
Test:  [250/399]  eta: 0:01:48    time: 0.5950  data: 0.1951  max mem: 7852
Test:  [300/399]  eta: 0:01:10    time: 0.6313  data: 0.2309  max mem: 7852
Test:  [350/399]  eta: 0:00:34    time: 0.6500  data: 0.2429  max mem: 7852
Test:  [398/399]  eta: 0:00:00    time: 0.6987  data: 0.2831  max mem: 7852
Test: Total time: 0:04:39 (0.6993 s / it)
(crn) acc: 61.51; ap: 99.98; racc: 23.02; facc: 100.00;
/home/yabin/ctta4aid_assets/external/IAPL/models/dct.py:353: FutureWarning: `torch.cuda.amp.autocast(args...)` is deprecated. Please use `torch.amp.autocast('cuda', args...)` instead.
  with torch.cuda.amp.autocast(enabled=False):
Test:  [ 0/83]  eta: 0:00:48    time: 0.5809  data: 0.1810  max mem: 7852
Test:  [50/83]  eta: 0:00:19    time: 0.5917  data: 0.1699  max mem: 7852
Test:  [82/83]  eta: 0:00:00    time: 0.5836  data: 0.1702  max mem: 7852
Test: Total time: 0:00:49 (0.5917 s / it)
(cyclegan) acc: 96.93; ap: 99.99; racc: 93.87; facc: 100.00;
/home/yabin/ctta4aid_assets/external/IAPL/models/dct.py:353: FutureWarning: `torch.cuda.amp.autocast(args...)` is deprecated. Please use `torch.amp.autocast('cuda', args...)` instead.
  with torch.cuda.amp.autocast(enabled=False):
Test:  [ 0/63]  eta: 0:00:32    time: 0.5232  data: 0.1211  max mem: 7852
Test:  [50/63]  eta: 0:00:06    time: 0.5811  data: 0.1731  max mem: 7852
Test:  [62/63]  eta: 0:00:00    time: 0.5800  data: 0.1645  max mem: 7852
Test: Total time: 0:00:34 (0.5408 s / it)
(dalle) acc: 98.90; ap: 99.96; racc: 98.70; facc: 99.10;
/home/yabin/ctta4aid_assets/external/IAPL/models/dct.py:353: FutureWarning: `torch.cuda.amp.autocast(args...)` is deprecated. Please use `torch.amp.autocast('cuda', args...)` instead.
  with torch.cuda.amp.autocast(enabled=False):
Test:  [  0/125]  eta: 0:01:13    time: 0.5879  data: 0.1817  max mem: 7852
Test:  [ 50/125]  eta: 0:00:44    time: 0.5911  data: 0.1717  max mem: 7852
Test:  [100/125]  eta: 0:00:14    time: 0.5989  data: 0.1755  max mem: 7852
Test:  [124/125]  eta: 0:00:00    time: 0.5992  data: 0.1762  max mem: 7852
Test: Total time: 0:01:14 (0.5959 s / it)
(biggan) acc: 95.97; ap: 99.92; racc: 92.15; facc: 99.80;
/home/yabin/ctta4aid_assets/external/IAPL/models/dct.py:353: FutureWarning: `torch.cuda.amp.autocast(args...)` is deprecated. Please use `torch.amp.autocast('cuda', args...)` instead.
  with torch.cuda.amp.autocast(enabled=False):
Test:  [  0/169]  eta: 0:01:37    time: 0.5789  data: 0.1760  max mem: 7852
Test:  [ 50/169]  eta: 0:01:13    time: 0.6172  data: 0.1952  max mem: 7852
Test:  [100/169]  eta: 0:00:42    time: 0.6114  data: 0.1853  max mem: 7852
Test:  [150/169]  eta: 0:00:11    time: 0.6017  data: 0.1887  max mem: 7852
Test:  [168/169]  eta: 0:00:00    time: 0.6176  data: 0.1953  max mem: 7852
Test: Total time: 0:01:43 (0.6124 s / it)
(deepfake) acc: 93.60; ap: 97.40; racc: 95.60; facc: 91.59;
/home/yabin/ctta4aid_assets/external/IAPL/models/dct.py:353: FutureWarning: `torch.cuda.amp.autocast(args...)` is deprecated. Please use `torch.amp.autocast('cuda', args...)` instead.
  with torch.cuda.amp.autocast(enabled=False):
Test:  [  0/313]  eta: 0:03:02    time: 0.5819  data: 0.1789  max mem: 7852
Test:  [ 50/313]  eta: 0:02:35    time: 0.5911  data: 0.1781  max mem: 7852
Test:  [100/313]  eta: 0:02:05    time: 0.6010  data: 0.1806  max mem: 7852
Test:  [150/313]  eta: 0:01:36    time: 0.5938  data: 0.1734  max mem: 7852
Test:  [200/313]  eta: 0:01:07    time: 0.6053  data: 0.1829  max mem: 7852
Test:  [250/313]  eta: 0:00:37    time: 0.5876  data: 0.1796  max mem: 7852
Test:  [300/313]  eta: 0:00:07    time: 0.6000  data: 0.1815  max mem: 7852
Test:  [312/313]  eta: 0:00:00    time: 0.5841  data: 0.1729  max mem: 7852
Test: Total time: 0:03:06 (0.5949 s / it)
(gaugan) acc: 97.37; ap: 99.99; racc: 94.76; facc: 99.98;
/home/yabin/ctta4aid_assets/external/IAPL/models/dct.py:353: FutureWarning: `torch.cuda.amp.autocast(args...)` is deprecated. Please use `torch.amp.autocast('cuda', args...)` instead.
  with torch.cuda.amp.autocast(enabled=False):
Test:  [ 0/63]  eta: 0:00:30    time: 0.4913  data: 0.0890  max mem: 7852
Test:  [50/63]  eta: 0:00:06    time: 0.5702  data: 0.1539  max mem: 7852
Test:  [62/63]  eta: 0:00:00    time: 0.5530  data: 0.1514  max mem: 7852
Test: Total time: 0:00:33 (0.5310 s / it)
(glide_50_27) acc: 98.25; ap: 99.79; racc: 98.70; facc: 97.80;
/home/yabin/ctta4aid_assets/external/IAPL/models/dct.py:353: FutureWarning: `torch.cuda.amp.autocast(args...)` is deprecated. Please use `torch.amp.autocast('cuda', args...)` instead.
  with torch.cuda.amp.autocast(enabled=False):
Test:  [ 0/63]  eta: 0:00:36    time: 0.5791  data: 0.0742  max mem: 7852
Test:  [50/63]  eta: 0:00:06    time: 0.5775  data: 0.1534  max mem: 7852
Test:  [62/63]  eta: 0:00:00    time: 0.5727  data: 0.1493  max mem: 7852
Test: Total time: 0:00:33 (0.5356 s / it)
(glide_100_10) acc: 98.25; ap: 99.85; racc: 98.70; facc: 97.80;
/home/yabin/ctta4aid_assets/external/IAPL/models/dct.py:353: FutureWarning: `torch.cuda.amp.autocast(args...)` is deprecated. Please use `torch.amp.autocast('cuda', args...)` instead.
  with torch.cuda.amp.autocast(enabled=False):
Test:  [ 0/63]  eta: 0:00:29    time: 0.4737  data: 0.0695  max mem: 7852
Test:  [50/63]  eta: 0:00:06    time: 0.5834  data: 0.1548  max mem: 7852
Test:  [62/63]  eta: 0:00:00    time: 0.5589  data: 0.1510  max mem: 7852
Test: Total time: 0:00:33 (0.5302 s / it)
(glide_100_27) acc: 98.35; ap: 99.78; racc: 98.70; facc: 98.00;
/home/yabin/ctta4aid_assets/external/IAPL/models/dct.py:353: FutureWarning: `torch.cuda.amp.autocast(args...)` is deprecated. Please use `torch.amp.autocast('cuda', args...)` instead.
  with torch.cuda.amp.autocast(enabled=False):
Test:  [ 0/63]  eta: 0:00:38    time: 0.6151  data: 0.2126  max mem: 7852
Test:  [50/63]  eta: 0:00:08    time: 0.5736  data: 0.1605  max mem: 7852
Test:  [62/63]  eta: 0:00:00    time: 0.5573  data: 0.1497  max mem: 7852
Test: Total time: 0:00:38 (0.6066 s / it)
(guided) acc: 77.80; ap: 89.72; racc: 91.10; facc: 64.50;
/home/yabin/ctta4aid_assets/external/IAPL/models/dct.py:353: FutureWarning: `torch.cuda.amp.autocast(args...)` is deprecated. Please use `torch.amp.autocast('cuda', args...)` instead.
  with torch.cuda.amp.autocast(enabled=False):
Test:  [  0/399]  eta: 0:06:05    time: 0.9151  data: 0.3157  max mem: 7852
Test:  [ 50/399]  eta: 0:04:09    time: 0.7197  data: 0.2870  max mem: 7852
Test:  [100/399]  eta: 0:03:34    time: 0.7197  data: 0.2909  max mem: 7852
Test:  [150/399]  eta: 0:02:57    time: 0.7103  data: 0.2925  max mem: 7852
Test:  [200/399]  eta: 0:02:21    time: 0.7132  data: 0.2916  max mem: 7852
Test:  [250/399]  eta: 0:01:46    time: 0.7428  data: 0.3008  max mem: 7852
Test:  [300/399]  eta: 0:01:10    time: 0.7342  data: 0.3021  max mem: 7852
Test:  [350/399]  eta: 0:00:35    time: 0.7295  data: 0.2941  max mem: 7852
Test:  [398/399]  eta: 0:00:00    time: 0.6888  data: 0.2879  max mem: 7852
Test: Total time: 0:04:45 (0.7163 s / it)
(imle) acc: 61.51; ap: 99.99; racc: 23.02; facc: 100.00;
/home/yabin/ctta4aid_assets/external/IAPL/models/dct.py:353: FutureWarning: `torch.cuda.amp.autocast(args...)` is deprecated. Please use `torch.amp.autocast('cuda', args...)` instead.
  with torch.cuda.amp.autocast(enabled=False):
Test:  [ 0/63]  eta: 0:00:30    time: 0.4828  data: 0.0823  max mem: 7852
Test:  [50/63]  eta: 0:00:06    time: 0.5970  data: 0.1689  max mem: 7852
Test:  [62/63]  eta: 0:00:00    time: 0.5746  data: 0.1638  max mem: 7852
Test: Total time: 0:00:34 (0.5411 s / it)
(ldm_100) acc: 99.00; ap: 99.84; racc: 98.70; facc: 99.30;
/home/yabin/ctta4aid_assets/external/IAPL/models/dct.py:353: FutureWarning: `torch.cuda.amp.autocast(args...)` is deprecated. Please use `torch.amp.autocast('cuda', args...)` instead.
  with torch.cuda.amp.autocast(enabled=False):
Test:  [ 0/63]  eta: 0:00:30    time: 0.4842  data: 0.0806  max mem: 7852
Test:  [50/63]  eta: 0:00:06    time: 0.5825  data: 0.1644  max mem: 7852
Test:  [62/63]  eta: 0:00:00    time: 0.5780  data: 0.1648  max mem: 7852
Test: Total time: 0:00:34 (0.5434 s / it)
(ldm_200) acc: 98.95; ap: 99.82; racc: 98.70; facc: 99.20;
/home/yabin/ctta4aid_assets/external/IAPL/models/dct.py:353: FutureWarning: `torch.cuda.amp.autocast(args...)` is deprecated. Please use `torch.amp.autocast('cuda', args...)` instead.
  with torch.cuda.amp.autocast(enabled=False):
Test:  [ 0/63]  eta: 0:00:31    time: 0.4959  data: 0.0906  max mem: 7852
Test:  [50/63]  eta: 0:00:06    time: 0.5967  data: 0.1631  max mem: 7852
Test:  [62/63]  eta: 0:00:00    time: 0.5740  data: 0.1600  max mem: 7852
Test: Total time: 0:00:33 (0.5375 s / it)
(ldm_200_cfg) acc: 98.20; ap: 99.74; racc: 98.70; facc: 97.70;
/home/yabin/ctta4aid_assets/external/IAPL/models/dct.py:353: FutureWarning: `torch.cuda.amp.autocast(args...)` is deprecated. Please use `torch.amp.autocast('cuda', args...)` instead.
  with torch.cuda.amp.autocast(enabled=False):
Test:  [  0/250]  eta: 0:02:19    time: 0.5578  data: 0.1537  max mem: 7852
Test:  [ 50/250]  eta: 0:01:56    time: 0.5919  data: 0.1643  max mem: 7852
Test:  [100/250]  eta: 0:01:27    time: 0.5850  data: 0.1681  max mem: 7852
Test:  [150/250]  eta: 0:00:58    time: 0.5962  data: 0.1732  max mem: 7852
Test:  [200/250]  eta: 0:00:29    time: 0.5913  data: 0.1729  max mem: 7852
Test:  [249/250]  eta: 0:00:00    time: 0.5834  data: 0.1634  max mem: 7852
Test: Total time: 0:02:27 (0.5881 s / it)
(progan) acc: 99.89; ap: 100.00; racc: 100.00; facc: 99.78;
/home/yabin/ctta4aid_assets/external/IAPL/models/dct.py:353: FutureWarning: `torch.cuda.amp.autocast(args...)` is deprecated. Please use `torch.amp.autocast('cuda', args...)` instead.
  with torch.cuda.amp.autocast(enabled=False):
Test:  [ 0/14]  eta: 0:00:11    time: 0.8095  data: 0.3442  max mem: 7852
Test:  [13/14]  eta: 0:00:01    time: 1.2061  data: 0.7595  max mem: 7852
Test: Total time: 0:00:16 (1.2062 s / it)
(san) acc: 69.63; ap: 80.18; racc: 84.47; facc: 54.79;
/home/yabin/ctta4aid_assets/external/IAPL/models/dct.py:353: FutureWarning: `torch.cuda.amp.autocast(args...)` is deprecated. Please use `torch.amp.autocast('cuda', args...)` instead.
  with torch.cuda.amp.autocast(enabled=False):
Test:  [ 0/12]  eta: 0:05:55    time: 29.6083  data: 29.2145  max mem: 7852
Test:  [11/12]  eta: 0:00:21    time: 21.7261  data: 20.9823  max mem: 7852
Test: Total time: 0:04:20 (21.7264 s / it)
(seeingdark) acc: 75.00; ap: 99.09; racc: 50.00; facc: 100.00;
/home/yabin/ctta4aid_assets/external/IAPL/models/dct.py:353: FutureWarning: `torch.cuda.amp.autocast(args...)` is deprecated. Please use `torch.amp.autocast('cuda', args...)` instead.
  with torch.cuda.amp.autocast(enabled=False):
Test:  [  0/125]  eta: 0:01:18    time: 0.6311  data: 0.1298  max mem: 7852
Test:  [ 50/125]  eta: 0:01:05    time: 0.8679  data: 0.1117  max mem: 7852
Test:  [100/125]  eta: 0:00:22    time: 0.8780  data: 0.1236  max mem: 7852
Test:  [124/125]  eta: 0:00:00    time: 0.8894  data: 0.1256  max mem: 7852
Test: Total time: 0:01:51 (0.8909 s / it)
(stargan) acc: 92.07; ap: 100.00; racc: 84.14; facc: 100.00;
/home/yabin/ctta4aid_assets/external/IAPL/models/dct.py:353: FutureWarning: `torch.cuda.amp.autocast(args...)` is deprecated. Please use `torch.amp.autocast('cuda', args...)` instead.
  with torch.cuda.amp.autocast(enabled=False):
Test:  [  0/375]  eta: 0:05:16    time: 0.8432  data: 0.1197  max mem: 7852
Test:  [ 50/375]  eta: 0:04:30    time: 0.8002  data: 0.1228  max mem: 7852
Test:  [100/375]  eta: 0:03:33    time: 0.6643  data: 0.1430  max mem: 7852
Test:  [150/375]  eta: 0:02:56    time: 0.8917  data: 0.3245  max mem: 7852
Test:  [200/375]  eta: 0:02:24    time: 0.9266  data: 0.3771  max mem: 7852
Test:  [250/375]  eta: 0:01:42    time: 0.7323  data: 0.3156  max mem: 7852
Test:  [300/375]  eta: 0:00:58    time: 0.5614  data: 0.1190  max mem: 7852
Test:  [350/375]  eta: 0:00:19    time: 0.7835  data: 0.1291  max mem: 7852
Test:  [374/375]  eta: 0:00:00    time: 0.8140  data: 0.1243  max mem: 7852
Test: Total time: 0:04:49 (0.7710 s / it)
(stylegan) acc: 96.59; ap: 99.84; racc: 99.97; facc: 93.22;
(0 crn       ) acc: 61.51; ap: 99.98; racc: 23.02; facc: 100.00;
(1 cyclegan  ) acc: 96.93; ap: 99.99; racc: 93.87; facc: 100.00;
(2 dalle     ) acc: 98.90; ap: 99.96; racc: 98.70; facc: 99.10;
(3 biggan    ) acc: 95.97; ap: 99.92; racc: 92.15; facc: 99.80;
(4 deepfake  ) acc: 93.60; ap: 97.40; racc: 95.60; facc: 91.59;
(5 gaugan    ) acc: 97.37; ap: 99.99; racc: 94.76; facc: 99.98;
(6 glide_50_27) acc: 98.25; ap: 99.79; racc: 98.70; facc: 97.80;
(7 glide_100_10) acc: 98.25; ap: 99.85; racc: 98.70; facc: 97.80;
(8 glide_100_27) acc: 98.35; ap: 99.78; racc: 98.70; facc: 98.00;
(9 guided    ) acc: 77.80; ap: 89.72; racc: 91.10; facc: 64.50;
(10 imle      ) acc: 61.51; ap: 99.99; racc: 23.02; facc: 100.00;
(11 ldm_100   ) acc: 99.00; ap: 99.84; racc: 98.70; facc: 99.30;
(12 ldm_200   ) acc: 98.95; ap: 99.82; racc: 98.70; facc: 99.20;
(13 ldm_200_cfg) acc: 98.20; ap: 99.74; racc: 98.70; facc: 97.70;
(14 progan    ) acc: 99.89; ap: 100.00; racc: 100.00; facc: 99.78;
(15 san       ) acc: 69.63; ap: 80.18; racc: 84.47; facc: 54.79;
(16 seeingdark) acc: 75.00; ap: 99.09; racc: 50.00; facc: 100.00;
(17 stargan   ) acc: 92.07; ap: 100.00; racc: 84.14; facc: 100.00;
(18 stylegan  ) acc: 96.59; ap: 99.84; racc: 99.97; facc: 93.22;
(19 mean      ) acc: 89.88; ap: 98.15; racc: 85.42; facc: 94.35;
[rank0]:[W720 19:41:48.203424809 ProcessGroupNCCL.cpp:1524] Warning: WARNING: destroy_process_group() was not called before program exit, which can leak resources. For more info, please see https://pytorch.org/docs/stable/distributed.html#shutdown (function operator())
