rows=10000/324000 failures=0 rows_per_second=840.69
rows=20000/324000 failures=0 rows_per_second=857.11
rows=30000/324000 failures=0 rows_per_second=909.48
rows=40000/324000 failures=0 rows_per_second=944.38
rows=50000/324000 failures=0 rows_per_second=946.56
rows=60000/324000 failures=0 rows_per_second=944.95
rows=70000/324000 failures=0 rows_per_second=943.34
rows=80000/324000 failures=0 rows_per_second=947.12
rows=90000/324000 failures=0 rows_per_second=951.28
rows=100000/324000 failures=0 rows_per_second=952.71
rows=110000/324000 failures=0 rows_per_second=956.35
rows=120000/324000 failures=0 rows_per_second=956.87
rows=130000/324000 failures=0 rows_per_second=961.17
rows=140000/324000 failures=0 rows_per_second=964.30
rows=150000/324000 failures=0 rows_per_second=962.63
rows=160000/324000 failures=0 rows_per_second=953.66
rows=170000/324000 failures=3 rows_per_second=803.47
rows=180000/324000 failures=3 rows_per_second=680.61
rows=190000/324000 failures=3 rows_per_second=600.24
rows=200000/324000 failures=3 rows_per_second=541.34
rows=210000/324000 failures=3 rows_per_second=497.14
rows=220000/324000 failures=3 rows_per_second=463.62
rows=230000/324000 failures=3 rows_per_second=436.33
rows=240000/324000 failures=3 rows_per_second=415.96
rows=250000/324000 failures=3 rows_per_second=398.93
rows=260000/324000 failures=3 rows_per_second=383.95
rows=270000/324000 failures=3 rows_per_second=371.56
rows=280000/324000 failures=3 rows_per_second=360.67
rows=290000/324000 failures=3 rows_per_second=350.81
rows=300000/324000 failures=3 rows_per_second=342.24
rows=310000/324000 failures=3 rows_per_second=335.05
rows=320000/324000 failures=3 rows_per_second=327.60
{
  "format": "ctta4aid_hf_arrow_image_audit_v1",
  "root": "/home/yabin/ctta4aid_assets/data/genimage_official_arrow_20260722/SDv14_train",
  "rows": 324000,
  "valid_rows": 323997,
  "invalid_rows": 3,
  "formats": {
    "JPEG": 162000,
    "PNG": 161997
  },
  "elapsed_seconds": 997.6463786973618,
  "rows_per_second": 324.7643723450893,
  "failures": [
    {
      "row": 167455,
      "image_path": "SDv14/train/ai/033_sdv4_00134.png",
      "bytes": 0,
      "sha256": "e3b0c44298fc1c149afbf4c8996fb92427ae41e4649b934ca495991b7852b855",
      "error_type": "UnidentifiedImageError",
      "error": "cannot identify image file <_io.BytesIO object at 0x7319bc8aab10>"
    },
    {
      "row": 167456,
      "image_path": "SDv14/train/ai/033_sdv4_00137.png",
      "bytes": 0,
      "sha256": "e3b0c44298fc1c149afbf4c8996fb92427ae41e4649b934ca495991b7852b855",
      "error_type": "UnidentifiedImageError",
      "error": "cannot identify image file <_io.BytesIO object at 0x7319bc8aab10>"
    },
    {
      "row": 167469,
      "image_path": "SDv14/train/ai/033_sdv4_00152.png",
      "bytes": 0,
      "sha256": "e3b0c44298fc1c149afbf4c8996fb92427ae41e4649b934ca495991b7852b855",
      "error_type": "UnidentifiedImageError",
      "error": "cannot identify image file <_io.BytesIO object at 0x7319bdde5ee0>"
    }
  ]
}
