world size: 2, rank: 0, local rank: 0
{
  "SHELL": "/bin/bash",
  "no_proxy": "localhost,127.0.0.1,10.0.0.0/8,172.16.0.0/12,192.168.0.0/16,100.64.0.0/10",
  "MASTER_PORT": "29620",
  "PWD": "/home/yabin/ctta4aid_assets/external/IAPL",
  "LOGNAME": "yabin",
  "XDG_SESSION_TYPE": "tty",
  "IAPL_OUTPUT_DIR": "/home/yabin/ctta4aid-arrow/outputs/iapl_official/p0_5domain_2rank",
  "HOME": "/home/yabin",
  "LANG": "zh_CN.UTF-8",
  "https_proxy": "http://127.0.0.1:17890",
  "SSH_CONNECTION": "100.70.179.13 58571 100.125.129.111 22",
  "MASTER_ADDR": "192.168.10.188",
  "CUDA_VISIBLE_DEVICES": "0",
  "XDG_SESSION_CLASS": "user",
  "PYTHONPATH": "/home/yabin/ctta4aid-arrow/src",
  "USER": "yabin",
  "NNODES": "2",
  "SHLVL": "0",
  "NODE_RANK": "0",
  "XDG_SESSION_ID": "1272",
  "http_proxy": "http://127.0.0.1:17890",
  "LC_CTYPE": "C.UTF-8",
  "XDG_RUNTIME_DIR": "/run/user/1000",
  "SSH_CLIENT": "100.70.179.13 58571 22",
  "LC_ALL": "C.UTF-8",
  "NPROC_PER_NODE": "1",
  "all_proxy": "socks5://127.0.0.1:17891",
  "PATH": "/usr/local/sbin:/usr/local/bin:/usr/sbin:/usr/bin:/sbin:/bin:/usr/games:/usr/local/games:/snap/bin",
  "DBUS_SESSION_BUS_ADDRESS": "unix:path=/run/user/1000/bus",
  "OLDPWD": "/home/yabin/ctta4aid-arrow",
  "TORCHELASTIC_SIGNALS_TO_HANDLE": "SIGTERM,SIGINT,SIGHUP,SIGQUIT",
  "RANK": "0",
  "GROUP_RANK": "0",
  "ROLE_RANK": "0",
  "ROLE_NAME": "default",
  "LOCAL_WORLD_SIZE": "1",
  "WORLD_SIZE": "2",
  "GROUP_WORLD_SIZE": "2",
  "ROLE_WORLD_SIZE": "2",
  "TORCHELASTIC_RESTART_COUNT": "0",
  "TORCHELASTIC_MAX_RESTARTS": "0",
  "TORCHELASTIC_RUN_ID": "none",
  "TORCHELASTIC_USE_AGENT_STORE": "True",
  "TORCH_NCCL_ASYNC_ERROR_HANDLING": "1",
  "LOCAL_RANK": "0",
  "TORCHELASTIC_ERROR_FILE": "/tmp/torchelastic_ppyqccms/none_fd7s2sdm/attempt_0/0/error.json",
  "TORCHINDUCTOR_CACHE_DIR": "/tmp/torchinductor_yabin",
  "QT_QPA_PLATFORM_PLUGIN_PATH": "/home/yabin/miniconda3/envs/cl/lib/python3.11/site-packages/cv2/qt/plugins",
  "QT_QPA_FONTDIR": "/home/yabin/miniconda3/envs/cl/lib/python3.11/site-packages/cv2/qt/fonts",
  "LD_LIBRARY_PATH": "/home/yabin/miniconda3/envs/cl/lib/python3.11/site-packages/cv2/../../lib64:",
  "KMP_DUPLICATE_LIB_OK": "True",
  "KMP_INIT_AT_FORK": "FALSE"
}
world_size:2 rank:0 local_rank:0
| distributed init (rank 0): env://
Before torch.distributed.barrier()
/home/yabin/miniconda3/envs/cl/lib/python3.11/site-packages/torch/distributed/c10d_logger.py:83: UserWarning: barrier(): using the device under current context. You can specify `device_id` in `init_process_group` to mute this warning.
  return func(*args, **kwargs)
[rank0]:[W717 10:53:10.464834946 ProcessGroupNCCL.cpp:5324] Guessing device ID based on global rank. This can cause a hang if rank to GPU mapping is heterogeneous. You can specify device_id in init_process_group()
End torch.distributed.barrier()
-----------freezen TTA mode-----------
-----------freezen TTA mode-----------
[{'params': ['prompt_learner.ctx']}]
/home/yabin/ctta4aid_assets/external/IAPL/models/dct.py:353: FutureWarning: `torch.cuda.amp.autocast(args...)` is deprecated. Please use `torch.amp.autocast('cuda', args...)` instead.
  with torch.cuda.amp.autocast(enabled=False):
Test:  [   0/6382]  eta: 1:22:31    time: 0.7758  data: 0.0115  max mem: 8437
Test:  [  50/6382]  eta: 0:38:28    time: 0.3552  data: 0.0096  max mem: 8437
Test:  [ 100/6382]  eta: 0:37:44    time: 0.3565  data: 0.0105  max mem: 8437
Test:  [ 150/6382]  eta: 0:37:18    time: 0.3561  data: 0.0100  max mem: 8437
Test:  [ 200/6382]  eta: 0:36:56    time: 0.3564  data: 0.0101  max mem: 8437
Test:  [ 250/6382]  eta: 0:36:38    time: 0.3584  data: 0.0113  max mem: 8437
Test:  [ 300/6382]  eta: 0:36:18    time: 0.3570  data: 0.0103  max mem: 8437
Test:  [ 350/6382]  eta: 0:36:00    time: 0.3575  data: 0.0106  max mem: 8437
Test:  [ 400/6382]  eta: 0:35:42    time: 0.3572  data: 0.0103  max mem: 8437
Test:  [ 450/6382]  eta: 0:35:24    time: 0.3580  data: 0.0109  max mem: 8437
Test:  [ 500/6382]  eta: 0:35:06    time: 0.3578  data: 0.0107  max mem: 8437
Test:  [ 550/6382]  eta: 0:34:48    time: 0.3574  data: 0.0101  max mem: 8437
Test:  [ 600/6382]  eta: 0:34:30    time: 0.3581  data: 0.0107  max mem: 8437
Test:  [ 650/6382]  eta: 0:34:11    time: 0.3573  data: 0.0101  max mem: 8437
Test:  [ 700/6382]  eta: 0:33:53    time: 0.3578  data: 0.0104  max mem: 8437
Test:  [ 750/6382]  eta: 0:33:35    time: 0.3588  data: 0.0112  max mem: 8437
Test:  [ 800/6382]  eta: 0:33:18    time: 0.3585  data: 0.0108  max mem: 8437
Test:  [ 850/6382]  eta: 0:33:00    time: 0.3570  data: 0.0097  max mem: 8437
Test:  [ 900/6382]  eta: 0:32:42    time: 0.3569  data: 0.0097  max mem: 8437
Test:  [ 950/6382]  eta: 0:32:24    time: 0.3568  data: 0.0097  max mem: 8437
Test:  [1000/6382]  eta: 0:32:06    time: 0.3574  data: 0.0102  max mem: 8437
Test:  [1050/6382]  eta: 0:31:48    time: 0.3588  data: 0.0110  max mem: 8437
Test:  [1100/6382]  eta: 0:31:30    time: 0.3574  data: 0.0101  max mem: 8437
Test:  [1150/6382]  eta: 0:31:12    time: 0.3563  data: 0.0093  max mem: 8437
Test:  [1200/6382]  eta: 0:30:54    time: 0.3579  data: 0.0104  max mem: 8437
Test:  [1250/6382]  eta: 0:30:36    time: 0.3582  data: 0.0105  max mem: 8437
Test:  [1300/6382]  eta: 0:30:18    time: 0.3586  data: 0.0109  max mem: 8437
Test:  [1350/6382]  eta: 0:30:00    time: 0.3598  data: 0.0117  max mem: 8437
Test:  [1400/6382]  eta: 0:29:43    time: 0.3593  data: 0.0115  max mem: 8437
Test:  [1450/6382]  eta: 0:29:25    time: 0.3584  data: 0.0108  max mem: 8437
Test:  [1500/6382]  eta: 0:29:07    time: 0.3579  data: 0.0104  max mem: 8437
Test:  [1550/6382]  eta: 0:28:49    time: 0.3593  data: 0.0115  max mem: 8437
Test:  [1600/6382]  eta: 0:28:31    time: 0.3569  data: 0.0097  max mem: 8437
Test:  [1650/6382]  eta: 0:28:13    time: 0.3585  data: 0.0108  max mem: 8437
Test:  [1700/6382]  eta: 0:27:55    time: 0.3583  data: 0.0108  max mem: 8437
Test:  [1750/6382]  eta: 0:27:37    time: 0.3573  data: 0.0101  max mem: 8437
Test:  [1800/6382]  eta: 0:27:20    time: 0.3574  data: 0.0101  max mem: 8437
Test:  [1850/6382]  eta: 0:27:02    time: 0.3605  data: 0.0121  max mem: 8437
Test:  [1900/6382]  eta: 0:26:44    time: 0.3587  data: 0.0109  max mem: 8437
Test:  [1950/6382]  eta: 0:26:26    time: 0.3583  data: 0.0109  max mem: 8437
Test:  [2000/6382]  eta: 0:26:08    time: 0.3575  data: 0.0101  max mem: 8437
Test:  [2050/6382]  eta: 0:25:50    time: 0.3577  data: 0.0102  max mem: 8437
Test:  [2100/6382]  eta: 0:25:32    time: 0.3570  data: 0.0098  max mem: 8437
Test:  [2150/6382]  eta: 0:25:15    time: 0.3570  data: 0.0098  max mem: 8437
Test:  [2200/6382]  eta: 0:24:57    time: 0.3603  data: 0.0123  max mem: 8437
Test:  [2250/6382]  eta: 0:24:39    time: 0.3568  data: 0.0097  max mem: 8437
Test:  [2300/6382]  eta: 0:24:21    time: 0.3569  data: 0.0097  max mem: 8437
Test:  [2350/6382]  eta: 0:24:03    time: 0.3574  data: 0.0101  max mem: 8437
Test:  [2400/6382]  eta: 0:23:45    time: 0.3570  data: 0.0098  max mem: 8437
Test:  [2450/6382]  eta: 0:23:27    time: 0.3582  data: 0.0108  max mem: 8437
Test:  [2500/6382]  eta: 0:23:09    time: 0.3588  data: 0.0111  max mem: 8437
Test:  [2550/6382]  eta: 0:22:51    time: 0.3593  data: 0.0116  max mem: 8437
Test:  [2600/6382]  eta: 0:22:33    time: 0.3591  data: 0.0111  max mem: 8437
Test:  [2650/6382]  eta: 0:22:16    time: 0.3579  data: 0.0103  max mem: 8437
Test:  [2700/6382]  eta: 0:21:58    time: 0.3577  data: 0.0103  max mem: 8437
Test:  [2750/6382]  eta: 0:21:40    time: 0.3600  data: 0.0121  max mem: 8437
Test:  [2800/6382]  eta: 0:21:22    time: 0.3584  data: 0.0107  max mem: 8437
Test:  [2850/6382]  eta: 0:21:04    time: 0.3596  data: 0.0117  max mem: 8437
Test:  [2900/6382]  eta: 0:20:46    time: 0.3576  data: 0.0102  max mem: 8437
Test:  [2950/6382]  eta: 0:20:29    time: 0.3577  data: 0.0103  max mem: 8437
Test:  [3000/6382]  eta: 0:20:11    time: 0.3598  data: 0.0117  max mem: 8437
Test:  [3050/6382]  eta: 0:19:53    time: 0.3582  data: 0.0106  max mem: 8437
Test:  [3100/6382]  eta: 0:19:35    time: 0.3582  data: 0.0107  max mem: 8437
Test:  [3150/6382]  eta: 0:19:17    time: 0.3599  data: 0.0119  max mem: 8437
Test:  [3200/6382]  eta: 0:18:59    time: 0.3578  data: 0.0103  max mem: 8437
Test:  [3250/6382]  eta: 0:18:41    time: 0.3584  data: 0.0108  max mem: 8437
Test:  [3300/6382]  eta: 0:18:23    time: 0.3581  data: 0.0106  max mem: 8437
Test:  [3350/6382]  eta: 0:18:06    time: 0.3577  data: 0.0103  max mem: 8437
Test:  [3400/6382]  eta: 0:17:48    time: 0.3599  data: 0.0118  max mem: 8437
Test:  [3450/6382]  eta: 0:17:30    time: 0.3590  data: 0.0113  max mem: 8437
Test:  [3500/6382]  eta: 0:17:12    time: 0.3571  data: 0.0099  max mem: 8437
Test:  [3550/6382]  eta: 0:16:54    time: 0.3582  data: 0.0106  max mem: 8437
Test:  [3600/6382]  eta: 0:16:36    time: 0.3588  data: 0.0110  max mem: 8437
Test:  [3650/6382]  eta: 0:16:18    time: 0.3611  data: 0.0126  max mem: 8437
Test:  [3700/6382]  eta: 0:16:00    time: 0.3574  data: 0.0100  max mem: 8437
Test:  [3750/6382]  eta: 0:15:42    time: 0.3598  data: 0.0117  max mem: 8437
Test:  [3800/6382]  eta: 0:15:24    time: 0.3578  data: 0.0103  max mem: 8437
Test:  [3850/6382]  eta: 0:15:07    time: 0.3596  data: 0.0117  max mem: 8437
Test:  [3900/6382]  eta: 0:14:49    time: 0.3573  data: 0.0100  max mem: 8437
Test:  [3950/6382]  eta: 0:14:31    time: 0.3602  data: 0.0118  max mem: 8437
Test:  [4000/6382]  eta: 0:14:13    time: 0.3586  data: 0.0109  max mem: 8437
Test:  [4050/6382]  eta: 0:13:55    time: 0.3592  data: 0.0117  max mem: 8437
Test:  [4100/6382]  eta: 0:13:37    time: 0.3588  data: 0.0110  max mem: 8437
Test:  [4150/6382]  eta: 0:13:19    time: 0.3604  data: 0.0121  max mem: 8437
Test:  [4200/6382]  eta: 0:13:01    time: 0.3573  data: 0.0100  max mem: 8437
Test:  [4250/6382]  eta: 0:12:43    time: 0.3592  data: 0.0113  max mem: 8437
Test:  [4300/6382]  eta: 0:12:25    time: 0.3581  data: 0.0106  max mem: 8437
Test:  [4350/6382]  eta: 0:12:08    time: 0.3588  data: 0.0110  max mem: 8437
Test:  [4400/6382]  eta: 0:11:50    time: 0.3588  data: 0.0110  max mem: 8437
Test:  [4450/6382]  eta: 0:11:32    time: 0.3597  data: 0.0116  max mem: 8437
Test:  [4500/6382]  eta: 0:11:14    time: 0.3581  data: 0.0106  max mem: 8437
Test:  [4550/6382]  eta: 0:10:56    time: 0.3602  data: 0.0120  max mem: 8437
Test:  [4600/6382]  eta: 0:10:38    time: 0.3599  data: 0.0116  max mem: 8437
Test:  [4650/6382]  eta: 0:10:20    time: 0.3597  data: 0.0115  max mem: 8437
Test:  [4700/6382]  eta: 0:10:02    time: 0.3585  data: 0.0106  max mem: 8437
Test:  [4750/6382]  eta: 0:09:44    time: 0.3585  data: 0.0108  max mem: 8437
Test:  [4800/6382]  eta: 0:09:26    time: 0.3607  data: 0.0125  max mem: 8437
Test:  [4850/6382]  eta: 0:09:09    time: 0.3587  data: 0.0109  max mem: 8437
Test:  [4900/6382]  eta: 0:08:51    time: 0.3594  data: 0.0114  max mem: 8437
Test:  [4950/6382]  eta: 0:08:33    time: 0.3607  data: 0.0124  max mem: 8437
Test:  [5000/6382]  eta: 0:08:15    time: 0.3593  data: 0.0114  max mem: 8437
Test:  [5050/6382]  eta: 0:07:57    time: 0.3582  data: 0.0105  max mem: 8437
Test:  [5100/6382]  eta: 0:07:39    time: 0.3607  data: 0.0123  max mem: 8437
Test:  [5150/6382]  eta: 0:07:21    time: 0.3589  data: 0.0112  max mem: 8437
Test:  [5200/6382]  eta: 0:07:03    time: 0.3573  data: 0.0100  max mem: 8437
Test:  [5250/6382]  eta: 0:06:45    time: 0.3590  data: 0.0111  max mem: 8437
Test:  [5300/6382]  eta: 0:06:27    time: 0.3577  data: 0.0103  max mem: 8437
Test:  [5350/6382]  eta: 0:06:09    time: 0.3647  data: 0.0166  max mem: 8437
Test:  [5400/6382]  eta: 0:05:52    time: 0.3616  data: 0.0130  max mem: 8437
Test:  [5450/6382]  eta: 0:05:34    time: 0.3616  data: 0.0138  max mem: 8437
Test:  [5500/6382]  eta: 0:05:16    time: 0.3621  data: 0.0141  max mem: 8437
Test:  [5550/6382]  eta: 0:04:58    time: 0.3598  data: 0.0123  max mem: 8437
Test:  [5600/6382]  eta: 0:04:40    time: 0.3587  data: 0.0109  max mem: 8437
Test:  [5650/6382]  eta: 0:04:22    time: 0.3607  data: 0.0127  max mem: 8437
Test:  [5700/6382]  eta: 0:04:04    time: 0.3577  data: 0.0103  max mem: 8437
Test:  [5750/6382]  eta: 0:03:46    time: 0.3617  data: 0.0146  max mem: 8437
Test:  [5800/6382]  eta: 0:03:28    time: 0.3591  data: 0.0113  max mem: 8437
Test:  [5850/6382]  eta: 0:03:10    time: 0.3590  data: 0.0113  max mem: 8437
Test:  [5900/6382]  eta: 0:02:52    time: 0.3568  data: 0.0098  max mem: 8437
Test:  [5950/6382]  eta: 0:02:34    time: 0.3580  data: 0.0104  max mem: 8437
Test:  [6000/6382]  eta: 0:02:17    time: 0.3591  data: 0.0114  max mem: 8437
Test:  [6050/6382]  eta: 0:01:59    time: 0.3581  data: 0.0106  max mem: 8437
Test:  [6100/6382]  eta: 0:01:41    time: 0.3578  data: 0.0103  max mem: 8437
Test:  [6150/6382]  eta: 0:01:23    time: 0.3595  data: 0.0116  max mem: 8437
Test:  [6200/6382]  eta: 0:01:05    time: 0.3588  data: 0.0110  max mem: 8437
Test:  [6250/6382]  eta: 0:00:47    time: 0.3592  data: 0.0114  max mem: 8437
Test:  [6300/6382]  eta: 0:00:29    time: 0.3571  data: 0.0100  max mem: 8437
Test:  [6350/6382]  eta: 0:00:11    time: 0.3603  data: 0.0123  max mem: 8437
Test:  [6381/6382]  eta: 0:00:00    time: 0.3596  data: 0.0117  max mem: 8437
Test: Total time: 0:38:08 (0.3587 s / it)
(crn) acc: 92.53; ap: 92.69; racc: 85.07; facc: 100.00;
/home/yabin/ctta4aid_assets/external/IAPL/models/dct.py:353: FutureWarning: `torch.cuda.amp.autocast(args...)` is deprecated. Please use `torch.amp.autocast('cuda', args...)` instead.
  with torch.cuda.amp.autocast(enabled=False):
Test:  [   0/1000]  eta: 0:05:58    time: 0.3587  data: 0.0096  max mem: 8437
Test:  [  50/1000]  eta: 0:05:38    time: 0.3567  data: 0.0099  max mem: 8437
Test:  [ 100/1000]  eta: 0:05:20    time: 0.3553  data: 0.0089  max mem: 8437
Test:  [ 150/1000]  eta: 0:05:02    time: 0.3565  data: 0.0098  max mem: 8437
Test:  [ 200/1000]  eta: 0:04:44    time: 0.3555  data: 0.0089  max mem: 8437
Test:  [ 250/1000]  eta: 0:04:27    time: 0.3563  data: 0.0095  max mem: 8437
Test:  [ 300/1000]  eta: 0:04:09    time: 0.3561  data: 0.0094  max mem: 8437
Test:  [ 350/1000]  eta: 0:03:51    time: 0.3565  data: 0.0097  max mem: 8437
Test:  [ 400/1000]  eta: 0:03:33    time: 0.3561  data: 0.0094  max mem: 8437
Test:  [ 450/1000]  eta: 0:03:15    time: 0.3566  data: 0.0098  max mem: 8437
Test:  [ 500/1000]  eta: 0:02:58    time: 0.3558  data: 0.0091  max mem: 8437
Test:  [ 550/1000]  eta: 0:02:40    time: 0.3550  data: 0.0086  max mem: 8437
Test:  [ 600/1000]  eta: 0:02:22    time: 0.3549  data: 0.0086  max mem: 8437
Test:  [ 650/1000]  eta: 0:02:04    time: 0.3550  data: 0.0086  max mem: 8437
Test:  [ 700/1000]  eta: 0:01:46    time: 0.3551  data: 0.0086  max mem: 8437
Test:  [ 750/1000]  eta: 0:01:28    time: 0.3549  data: 0.0085  max mem: 8437
Test:  [ 800/1000]  eta: 0:01:11    time: 0.3553  data: 0.0088  max mem: 8437
Test:  [ 850/1000]  eta: 0:00:53    time: 0.3553  data: 0.0088  max mem: 8437
Test:  [ 900/1000]  eta: 0:00:35    time: 0.3553  data: 0.0088  max mem: 8437
Test:  [ 950/1000]  eta: 0:00:17    time: 0.3550  data: 0.0086  max mem: 8437
Test:  [ 999/1000]  eta: 0:00:00    time: 0.3553  data: 0.0088  max mem: 8437
Test: Total time: 0:05:55 (0.3557 s / it)
/home/yabin/miniconda3/envs/cl/lib/python3.11/site-packages/torch/distributed/c10d_logger.py:83: UserWarning: barrier(): using the device under current context. You can specify `device_id` in `init_process_group` to mute this warning.
  return func(*args, **kwargs)
(guided) acc: 72.35; ap: 95.29; racc: 98.90; facc: 45.80;
/home/yabin/ctta4aid_assets/external/IAPL/models/dct.py:353: FutureWarning: `torch.cuda.amp.autocast(args...)` is deprecated. Please use `torch.amp.autocast('cuda', args...)` instead.
  with torch.cuda.amp.autocast(enabled=False):
Test:  [   0/6382]  eta: 0:37:58    time: 0.3570  data: 0.0101  max mem: 8437
Test:  [  50/6382]  eta: 0:38:32    time: 0.3645  data: 0.0154  max mem: 8437
Test:  [ 100/6382]  eta: 0:38:15    time: 0.3653  data: 0.0164  max mem: 8437
Test:  [ 150/6382]  eta: 0:37:55    time: 0.3637  data: 0.0149  max mem: 8437
Test:  [ 200/6382]  eta: 0:37:37    time: 0.3652  data: 0.0161  max mem: 8437
Test:  [ 250/6382]  eta: 0:37:18    time: 0.3642  data: 0.0155  max mem: 8437
Test:  [ 300/6382]  eta: 0:37:00    time: 0.3651  data: 0.0161  max mem: 8437
Test:  [ 350/6382]  eta: 0:36:41    time: 0.3648  data: 0.0158  max mem: 8437
Test:  [ 400/6382]  eta: 0:36:23    time: 0.3651  data: 0.0162  max mem: 8437
Test:  [ 450/6382]  eta: 0:36:05    time: 0.3652  data: 0.0162  max mem: 8437
Test:  [ 500/6382]  eta: 0:35:46    time: 0.3627  data: 0.0142  max mem: 8437
Test:  [ 550/6382]  eta: 0:35:28    time: 0.3646  data: 0.0155  max mem: 8437
Test:  [ 600/6382]  eta: 0:35:10    time: 0.3635  data: 0.0149  max mem: 8437
Test:  [ 650/6382]  eta: 0:34:51    time: 0.3646  data: 0.0156  max mem: 8437
Test:  [ 700/6382]  eta: 0:34:33    time: 0.3645  data: 0.0155  max mem: 8437
Test:  [ 750/6382]  eta: 0:34:15    time: 0.3652  data: 0.0163  max mem: 8437
Test:  [ 800/6382]  eta: 0:33:57    time: 0.3658  data: 0.0166  max mem: 8437
Test:  [ 850/6382]  eta: 0:33:39    time: 0.3648  data: 0.0159  max mem: 8437
Test:  [ 900/6382]  eta: 0:33:20    time: 0.3648  data: 0.0160  max mem: 8437
Test:  [ 950/6382]  eta: 0:33:02    time: 0.3656  data: 0.0165  max mem: 8437
Test:  [1000/6382]  eta: 0:32:44    time: 0.3653  data: 0.0163  max mem: 8437
Test:  [1050/6382]  eta: 0:32:26    time: 0.3655  data: 0.0164  max mem: 8437
Test:  [1100/6382]  eta: 0:32:08    time: 0.3651  data: 0.0161  max mem: 8437
Test:  [1150/6382]  eta: 0:31:49    time: 0.3601  data: 0.0122  max mem: 8437
Test:  [1200/6382]  eta: 0:31:30    time: 0.3608  data: 0.0127  max mem: 8437
Test:  [1250/6382]  eta: 0:31:11    time: 0.3658  data: 0.0163  max mem: 8437
Test:  [1300/6382]  eta: 0:30:53    time: 0.3661  data: 0.0166  max mem: 8437
Test:  [1350/6382]  eta: 0:30:35    time: 0.3664  data: 0.0168  max mem: 8437
Test:  [1400/6382]  eta: 0:30:17    time: 0.3653  data: 0.0158  max mem: 8437
Test:  [1450/6382]  eta: 0:29:59    time: 0.3658  data: 0.0163  max mem: 8437
Test:  [1500/6382]  eta: 0:29:41    time: 0.3652  data: 0.0162  max mem: 8437
Test:  [1550/6382]  eta: 0:29:22    time: 0.3660  data: 0.0165  max mem: 8437
Test:  [1600/6382]  eta: 0:29:04    time: 0.3657  data: 0.0164  max mem: 8437
Test:  [1650/6382]  eta: 0:28:46    time: 0.3648  data: 0.0158  max mem: 8437
Test:  [1700/6382]  eta: 0:28:28    time: 0.3653  data: 0.0161  max mem: 8437
Test:  [1750/6382]  eta: 0:28:10    time: 0.3650  data: 0.0158  max mem: 8437
Test:  [1800/6382]  eta: 0:27:52    time: 0.3647  data: 0.0158  max mem: 8437
Test:  [1850/6382]  eta: 0:27:33    time: 0.3656  data: 0.0164  max mem: 8437
Test:  [1900/6382]  eta: 0:27:15    time: 0.3656  data: 0.0165  max mem: 8437
Test:  [1950/6382]  eta: 0:26:57    time: 0.3653  data: 0.0162  max mem: 8437
Test:  [2000/6382]  eta: 0:26:39    time: 0.3650  data: 0.0161  max mem: 8437
Test:  [2050/6382]  eta: 0:26:21    time: 0.3651  data: 0.0161  max mem: 8437
Test:  [2100/6382]  eta: 0:26:02    time: 0.3657  data: 0.0165  max mem: 8437
Test:  [2150/6382]  eta: 0:25:44    time: 0.3658  data: 0.0165  max mem: 8437
Test:  [2200/6382]  eta: 0:25:26    time: 0.3653  data: 0.0161  max mem: 8437
Test:  [2250/6382]  eta: 0:25:08    time: 0.3655  data: 0.0165  max mem: 8437
Test:  [2300/6382]  eta: 0:24:49    time: 0.3652  data: 0.0161  max mem: 8437
Test:  [2350/6382]  eta: 0:24:31    time: 0.3658  data: 0.0164  max mem: 8437
Test:  [2400/6382]  eta: 0:24:13    time: 0.3657  data: 0.0165  max mem: 8437
Test:  [2450/6382]  eta: 0:23:55    time: 0.3658  data: 0.0167  max mem: 8437
Test:  [2500/6382]  eta: 0:23:37    time: 0.3651  data: 0.0159  max mem: 8437
Test:  [2550/6382]  eta: 0:23:18    time: 0.3650  data: 0.0162  max mem: 8437
Test:  [2600/6382]  eta: 0:23:00    time: 0.3650  data: 0.0160  max mem: 8437
Test:  [2650/6382]  eta: 0:22:42    time: 0.3657  data: 0.0165  max mem: 8437
Test:  [2700/6382]  eta: 0:22:24    time: 0.3657  data: 0.0165  max mem: 8437
Test:  [2750/6382]  eta: 0:22:05    time: 0.3654  data: 0.0163  max mem: 8437
Test:  [2800/6382]  eta: 0:21:47    time: 0.3652  data: 0.0162  max mem: 8437
Test:  [2850/6382]  eta: 0:21:29    time: 0.3649  data: 0.0158  max mem: 8437
Test:  [2900/6382]  eta: 0:21:11    time: 0.3656  data: 0.0165  max mem: 8437
Test:  [2950/6382]  eta: 0:20:53    time: 0.3647  data: 0.0158  max mem: 8437
Test:  [3000/6382]  eta: 0:20:34    time: 0.3657  data: 0.0165  max mem: 8437
Test:  [3050/6382]  eta: 0:20:16    time: 0.3653  data: 0.0162  max mem: 8437
Test:  [3100/6382]  eta: 0:19:58    time: 0.3657  data: 0.0165  max mem: 8437
Test:  [3150/6382]  eta: 0:19:40    time: 0.3657  data: 0.0165  max mem: 8437
Test:  [3200/6382]  eta: 0:19:21    time: 0.3656  data: 0.0165  max mem: 8437
Test:  [3250/6382]  eta: 0:19:03    time: 0.3650  data: 0.0160  max mem: 8437
Test:  [3300/6382]  eta: 0:18:45    time: 0.3657  data: 0.0166  max mem: 8437
Test:  [3350/6382]  eta: 0:18:27    time: 0.3655  data: 0.0163  max mem: 8437
Test:  [3400/6382]  eta: 0:18:08    time: 0.3653  data: 0.0163  max mem: 8437
Test:  [3450/6382]  eta: 0:17:50    time: 0.3656  data: 0.0166  max mem: 8437
Test:  [3500/6382]  eta: 0:17:32    time: 0.3654  data: 0.0162  max mem: 8437
Test:  [3550/6382]  eta: 0:17:14    time: 0.3664  data: 0.0173  max mem: 8437
Test:  [3600/6382]  eta: 0:16:55    time: 0.3641  data: 0.0151  max mem: 8437
Test:  [3650/6382]  eta: 0:16:37    time: 0.3652  data: 0.0163  max mem: 8437
Test:  [3700/6382]  eta: 0:16:19    time: 0.3639  data: 0.0152  max mem: 8437
Test:  [3750/6382]  eta: 0:16:01    time: 0.3664  data: 0.0172  max mem: 8437
Test:  [3800/6382]  eta: 0:15:42    time: 0.3644  data: 0.0156  max mem: 8437
Test:  [3850/6382]  eta: 0:15:24    time: 0.3656  data: 0.0165  max mem: 8437
Test:  [3900/6382]  eta: 0:15:06    time: 0.3656  data: 0.0165  max mem: 8437
Test:  [3950/6382]  eta: 0:14:48    time: 0.3655  data: 0.0165  max mem: 8437
Test:  [4000/6382]  eta: 0:14:30    time: 0.3652  data: 0.0162  max mem: 8437
Test:  [4050/6382]  eta: 0:14:11    time: 0.3660  data: 0.0165  max mem: 8437
Test:  [4100/6382]  eta: 0:13:53    time: 0.3667  data: 0.0175  max mem: 8437
Test:  [4150/6382]  eta: 0:13:35    time: 0.3659  data: 0.0167  max mem: 8437
Test:  [4200/6382]  eta: 0:13:17    time: 0.3659  data: 0.0166  max mem: 8437
Test:  [4250/6382]  eta: 0:12:58    time: 0.3653  data: 0.0162  max mem: 8437
Test:  [4300/6382]  eta: 0:12:40    time: 0.3653  data: 0.0163  max mem: 8437
Test:  [4350/6382]  eta: 0:12:22    time: 0.3655  data: 0.0163  max mem: 8437
Test:  [4400/6382]  eta: 0:12:04    time: 0.3647  data: 0.0158  max mem: 8437
Test:  [4450/6382]  eta: 0:11:45    time: 0.3655  data: 0.0163  max mem: 8437
Test:  [4500/6382]  eta: 0:11:27    time: 0.3634  data: 0.0146  max mem: 8437
Test:  [4550/6382]  eta: 0:11:09    time: 0.3652  data: 0.0162  max mem: 8437
Test:  [4600/6382]  eta: 0:10:50    time: 0.3641  data: 0.0151  max mem: 8437
Test:  [4650/6382]  eta: 0:10:32    time: 0.3652  data: 0.0163  max mem: 8437
Test:  [4700/6382]  eta: 0:10:14    time: 0.3652  data: 0.0162  max mem: 8437
Test:  [4750/6382]  eta: 0:09:56    time: 0.3652  data: 0.0162  max mem: 8437
Test:  [4800/6382]  eta: 0:09:37    time: 0.3657  data: 0.0165  max mem: 8437
Test:  [4850/6382]  eta: 0:09:19    time: 0.3659  data: 0.0165  max mem: 8437
Test:  [4900/6382]  eta: 0:09:01    time: 0.3652  data: 0.0162  max mem: 8437
Test:  [4950/6382]  eta: 0:08:43    time: 0.3657  data: 0.0166  max mem: 8437
Test:  [5000/6382]  eta: 0:08:24    time: 0.3658  data: 0.0165  max mem: 8437
Test:  [5050/6382]  eta: 0:08:06    time: 0.3652  data: 0.0161  max mem: 8437
Test:  [5100/6382]  eta: 0:07:48    time: 0.3652  data: 0.0162  max mem: 8437
Test:  [5150/6382]  eta: 0:07:30    time: 0.3658  data: 0.0164  max mem: 8437
Test:  [5200/6382]  eta: 0:07:11    time: 0.3657  data: 0.0165  max mem: 8437
Test:  [5250/6382]  eta: 0:06:53    time: 0.3656  data: 0.0166  max mem: 8437
Test:  [5300/6382]  eta: 0:06:35    time: 0.3657  data: 0.0165  max mem: 8437
Test:  [5350/6382]  eta: 0:06:16    time: 0.3650  data: 0.0159  max mem: 8437
Test:  [5400/6382]  eta: 0:05:58    time: 0.3643  data: 0.0156  max mem: 8437
Test:  [5450/6382]  eta: 0:05:40    time: 0.3652  data: 0.0162  max mem: 8437
Test:  [5500/6382]  eta: 0:05:22    time: 0.3659  data: 0.0167  max mem: 8437
Test:  [5550/6382]  eta: 0:05:03    time: 0.3652  data: 0.0162  max mem: 8437
Test:  [5600/6382]  eta: 0:04:45    time: 0.3654  data: 0.0162  max mem: 8437
Test:  [5650/6382]  eta: 0:04:27    time: 0.3654  data: 0.0162  max mem: 8437
Test:  [5700/6382]  eta: 0:04:09    time: 0.3648  data: 0.0159  max mem: 8437
Test:  [5750/6382]  eta: 0:03:50    time: 0.3658  data: 0.0169  max mem: 8437
Test:  [5800/6382]  eta: 0:03:32    time: 0.3664  data: 0.0172  max mem: 8437
Test:  [5850/6382]  eta: 0:03:14    time: 0.3649  data: 0.0161  max mem: 8437
Test:  [5900/6382]  eta: 0:02:56    time: 0.3656  data: 0.0165  max mem: 8437
Test:  [5950/6382]  eta: 0:02:37    time: 0.3653  data: 0.0162  max mem: 8437
Test:  [6000/6382]  eta: 0:02:19    time: 0.3649  data: 0.0160  max mem: 8437
Test:  [6050/6382]  eta: 0:02:01    time: 0.3643  data: 0.0156  max mem: 8437
Test:  [6100/6382]  eta: 0:01:43    time: 0.3652  data: 0.0162  max mem: 8437
Test:  [6150/6382]  eta: 0:01:24    time: 0.3645  data: 0.0155  max mem: 8437
Test:  [6200/6382]  eta: 0:01:06    time: 0.3652  data: 0.0162  max mem: 8437
Test:  [6250/6382]  eta: 0:00:48    time: 0.3648  data: 0.0159  max mem: 8437
Test:  [6300/6382]  eta: 0:00:29    time: 0.3653  data: 0.0161  max mem: 8437
Test:  [6350/6382]  eta: 0:00:11    time: 0.3649  data: 0.0159  max mem: 8437
Test:  [6381/6382]  eta: 0:00:00    time: 0.3656  data: 0.0165  max mem: 8437
Test: Total time: 0:38:51 (0.3653 s / it)
/home/yabin/miniconda3/envs/cl/lib/python3.11/site-packages/torch/distributed/c10d_logger.py:83: UserWarning: barrier(): using the device under current context. You can specify `device_id` in `init_process_group` to mute this warning.
  return func(*args, **kwargs)
(imle) acc: 92.53; ap: 92.56; racc: 85.07; facc: 100.00;
/home/yabin/ctta4aid_assets/external/IAPL/models/dct.py:353: FutureWarning: `torch.cuda.amp.autocast(args...)` is deprecated. Please use `torch.amp.autocast('cuda', args...)` instead.
  with torch.cuda.amp.autocast(enabled=False):
Test:  [  0/219]  eta: 0:01:20    time: 0.3663  data: 0.0167  max mem: 8437
Test:  [ 50/219]  eta: 0:01:00    time: 0.3581  data: 0.0111  max mem: 8437
Test:  [100/219]  eta: 0:00:43    time: 0.3727  data: 0.0232  max mem: 8437
Test:  [150/219]  eta: 0:00:25    time: 0.3581  data: 0.0109  max mem: 8437
Test:  [200/219]  eta: 0:00:06    time: 0.3712  data: 0.0216  max mem: 8437
Test:  [218/219]  eta: 0:00:00    time: 0.3661  data: 0.0175  max mem: 8437
Test: Total time: 0:01:19 (0.3642 s / it)
/home/yabin/miniconda3/envs/cl/lib/python3.11/site-packages/torch/distributed/c10d_logger.py:83: UserWarning: barrier(): using the device under current context. You can specify `device_id` in `init_process_group` to mute this warning.
  return func(*args, **kwargs)
(san) acc: 93.61; ap: 96.36; racc: 96.35; facc: 90.87;
/home/yabin/ctta4aid_assets/external/IAPL/models/dct.py:353: FutureWarning: `torch.cuda.amp.autocast(args...)` is deprecated. Please use `torch.amp.autocast('cuda', args...)` instead.
  with torch.cuda.amp.autocast(enabled=False):
Test:  [  0/180]  eta: 0:01:49    time: 0.6104  data: 0.2581  max mem: 8437
Test:  [ 50/180]  eta: 0:01:40    time: 0.8279  data: 0.4737  max mem: 8437
Test:  [100/180]  eta: 0:01:00    time: 0.6452  data: 0.2914  max mem: 8437
Test:  [150/180]  eta: 0:00:21    time: 0.7167  data: 0.3626  max mem: 8437
Test:  [179/180]  eta: 0:00:00    time: 0.5682  data: 0.2143  max mem: 8437
Test: Total time: 0:02:07 (0.7103 s / it)
/home/yabin/miniconda3/envs/cl/lib/python3.11/site-packages/torch/distributed/c10d_logger.py:83: UserWarning: barrier(): using the device under current context. You can specify `device_id` in `init_process_group` to mute this warning.
  return func(*args, **kwargs)
(seeingdark) acc: 89.17; ap: 86.98; racc: 78.33; facc: 100.00;
(0 crn       ) acc: 92.53; ap: 92.69; racc: 85.07; facc: 100.00;
(1 guided    ) acc: 72.35; ap: 95.29; racc: 98.90; facc: 45.80;
(2 imle      ) acc: 92.53; ap: 92.56; racc: 85.07; facc: 100.00;
(3 san       ) acc: 93.61; ap: 96.36; racc: 96.35; facc: 90.87;
(4 seeingdark) acc: 89.17; ap: 86.98; racc: 78.33; facc: 100.00;
(5 mean      ) acc: 88.04; ap: 92.78; racc: 88.74; facc: 87.33;
[rank0]:[W717 12:20:07.538806177 ProcessGroupNCCL.cpp:1647] Warning: WARNING: destroy_process_group() was not called before program exit, which can leak resources. For more info, please see https://pytorch.org/docs/stable/distributed.html#shutdown (function operator())
