world size: 2, rank: 1, local rank: 0
{
  "SHELL": "/bin/bash",
  "MASTER_PORT": "29620",
  "PWD": "/home/yabin/ctta4aid_assets/external/IAPL",
  "LOGNAME": "yabin",
  "XDG_SESSION_TYPE": "tty",
  "IAPL_OUTPUT_DIR": "/home/yabin/ctta4aid-arrow/outputs/iapl_official/p0_5domain_2rank",
  "HOME": "/home/yabin",
  "LANG": "zh_CN.UTF-8",
  "SSH_CONNECTION": "100.70.179.13 58566 100.69.251.94 22",
  "MASTER_ADDR": "192.168.10.188",
  "CUDA_VISIBLE_DEVICES": "0",
  "XDG_SESSION_CLASS": "user",
  "PYTHONPATH": "/home/yabin/ctta4aid-arrow/src",
  "USER": "yabin",
  "NNODES": "2",
  "SHLVL": "0",
  "NODE_RANK": "1",
  "XDG_SESSION_ID": "10193",
  "LC_CTYPE": "C.UTF-8",
  "XDG_RUNTIME_DIR": "/run/user/1000",
  "SSH_CLIENT": "100.70.179.13 58566 22",
  "LC_ALL": "C.UTF-8",
  "NPROC_PER_NODE": "1",
  "PATH": "/usr/local/sbin:/usr/local/bin:/usr/sbin:/usr/bin:/sbin:/bin:/usr/games:/usr/local/games:/snap/bin",
  "DBUS_SESSION_BUS_ADDRESS": "unix:path=/run/user/1000/bus",
  "OLDPWD": "/home/yabin/ctta4aid-arrow",
  "TORCHELASTIC_SIGNALS_TO_HANDLE": "SIGTERM,SIGINT,SIGHUP,SIGQUIT",
  "RANK": "1",
  "GROUP_RANK": "1",
  "ROLE_RANK": "1",
  "ROLE_NAME": "default",
  "LOCAL_WORLD_SIZE": "1",
  "WORLD_SIZE": "2",
  "GROUP_WORLD_SIZE": "2",
  "ROLE_WORLD_SIZE": "2",
  "TORCHELASTIC_RESTART_COUNT": "0",
  "TORCHELASTIC_MAX_RESTARTS": "0",
  "TORCHELASTIC_RUN_ID": "none",
  "TORCHELASTIC_USE_AGENT_STORE": "True",
  "TORCH_NCCL_ASYNC_ERROR_HANDLING": "1",
  "LOCAL_RANK": "0",
  "TORCHELASTIC_ERROR_FILE": "/tmp/torchelastic_uno7tpz0/none_qiuvrq99/attempt_0/0/error.json",
  "TORCHINDUCTOR_CACHE_DIR": "/tmp/torchinductor_yabin",
  "QT_QPA_PLATFORM_PLUGIN_PATH": "/home/yabin/miniconda3/envs/cl/lib/python3.11/site-packages/cv2/qt/plugins",
  "QT_QPA_FONTDIR": "/home/yabin/miniconda3/envs/cl/lib/python3.11/site-packages/cv2/qt/fonts",
  "LD_LIBRARY_PATH": "/home/yabin/miniconda3/envs/cl/lib/python3.11/site-packages/cv2/../../lib64:",
  "KMP_DUPLICATE_LIB_OK": "True",
  "KMP_INIT_AT_FORK": "FALSE"
}
world_size:2 rank:1 local_rank:0
| distributed init (rank 1): env://
Before torch.distributed.barrier()
[rank1]:[W717 10:53:10.155178524 ProcessGroupNCCL.cpp:5324] Guessing device ID based on global rank. This can cause a hang if rank to GPU mapping is heterogeneous. You can specify device_id in init_process_group()
End torch.distributed.barrier()
/home/yabin/ctta4aid_assets/external/IAPL/models/dct.py:353: FutureWarning: `torch.cuda.amp.autocast(args...)` is deprecated. Please use `torch.amp.autocast('cuda', args...)` instead.
  with torch.cuda.amp.autocast(enabled=False):
/home/yabin/ctta4aid_assets/external/IAPL/models/dct.py:353: FutureWarning: `torch.cuda.amp.autocast(args...)` is deprecated. Please use `torch.amp.autocast('cuda', args...)` instead.
  with torch.cuda.amp.autocast(enabled=False):
/home/yabin/ctta4aid_assets/external/IAPL/models/dct.py:353: FutureWarning: `torch.cuda.amp.autocast(args...)` is deprecated. Please use `torch.amp.autocast('cuda', args...)` instead.
  with torch.cuda.amp.autocast(enabled=False):
/home/yabin/ctta4aid_assets/external/IAPL/models/dct.py:353: FutureWarning: `torch.cuda.amp.autocast(args...)` is deprecated. Please use `torch.amp.autocast('cuda', args...)` instead.
  with torch.cuda.amp.autocast(enabled=False):
/home/yabin/ctta4aid_assets/external/IAPL/models/dct.py:353: FutureWarning: `torch.cuda.amp.autocast(args...)` is deprecated. Please use `torch.amp.autocast('cuda', args...)` instead.
  with torch.cuda.amp.autocast(enabled=False):
[rank1]:[W717 12:20:07.096652795 ProcessGroupNCCL.cpp:1647] Warning: WARNING: destroy_process_group() was not called before program exit, which can leak resources. For more info, please see https://pytorch.org/docs/stable/distributed.html#shutdown (function operator())
