world size: 1, rank: 0, local rank: 0
{
  "SHELL": "/bin/bash",
  "PYTHONUNBUFFERED": "1",
  "CONDA_EXE": "/home/yabin/miniconda3/bin/conda",
  "_CE_M": "",
  "PWD": "/home/yabin/ctta4aid_assets/external/IAPL",
  "LOGNAME": "yabin",
  "XDG_SESSION_TYPE": "tty",
  "CONDA_PREFIX": "/home/yabin/miniconda3/envs/cl",
  "HOME": "/home/yabin",
  "LANG": "zh_CN.UTF-8",
  "CONDA_PROMPT_MODIFIER": "(cl) ",
  "SSH_CONNECTION": "100.70.179.13 64647 100.69.251.94 22",
  "_CONDA_EXE": "/home/yabin/miniconda3/bin/conda",
  "XDG_SESSION_CLASS": "user",
  "_CONDA_ROOT": "/home/yabin/miniconda3",
  "PYTHONPATH": "/home/yabin/ctta4aid-arrow/src",
  "_CE_CONDA": "",
  "USER": "yabin",
  "CONDA_SHLVL": "1",
  "SHLVL": "1",
  "XDG_SESSION_ID": "11107",
  "CONDA_PYTHON_EXE": "/home/yabin/miniconda3/bin/python",
  "LC_CTYPE": "C.UTF-8",
  "XDG_RUNTIME_DIR": "/run/user/1000",
  "SSH_CLIENT": "100.70.179.13 64647 22",
  "CONDA_DEFAULT_ENV": "cl",
  "DEBUGINFOD_URLS": "https://debuginfod.ubuntu.com ",
  "LC_ALL": "C.UTF-8",
  "XDG_DATA_DIRS": "/usr/share/gnome:/usr/local/share:/usr/share:/var/lib/snapd/desktop",
  "PATH": "/home/yabin/miniconda3/envs/cl/bin:/home/yabin/miniconda3/condabin:/usr/local/sbin:/usr/local/bin:/usr/sbin:/usr/bin:/sbin:/bin:/usr/games:/usr/local/games:/snap/bin",
  "DBUS_SESSION_BUS_ADDRESS": "unix:path=/run/user/1000/bus",
  "OLDPWD": "/home/yabin",
  "TORCHELASTIC_SIGNALS_TO_HANDLE": "SIGTERM,SIGINT,SIGHUP,SIGQUIT",
  "RANK": "0",
  "GROUP_RANK": "0",
  "ROLE_RANK": "0",
  "ROLE_NAME": "default",
  "LOCAL_WORLD_SIZE": "1",
  "WORLD_SIZE": "1",
  "GROUP_WORLD_SIZE": "1",
  "ROLE_WORLD_SIZE": "1",
  "MASTER_ADDR": "127.0.0.1",
  "MASTER_PORT": "29701",
  "TORCHELASTIC_RESTART_COUNT": "0",
  "TORCHELASTIC_MAX_RESTARTS": "0",
  "TORCHELASTIC_RUN_ID": "none",
  "TORCHELASTIC_USE_AGENT_STORE": "True",
  "TORCH_NCCL_ASYNC_ERROR_HANDLING": "1",
  "LOCAL_RANK": "0",
  "TORCHELASTIC_ERROR_FILE": "/tmp/torchelastic_xtkbgrkh/none_0hl61tu9/attempt_0/0/error.json",
  "TORCHINDUCTOR_CACHE_DIR": "/tmp/torchinductor_yabin",
  "QT_QPA_PLATFORM_PLUGIN_PATH": "/home/yabin/miniconda3/envs/cl/lib/python3.11/site-packages/cv2/qt/plugins",
  "QT_QPA_FONTDIR": "/home/yabin/miniconda3/envs/cl/lib/python3.11/site-packages/cv2/qt/fonts",
  "LD_LIBRARY_PATH": "/home/yabin/miniconda3/envs/cl/lib/python3.11/site-packages/cv2/../../lib64:",
  "KMP_DUPLICATE_LIB_OK": "True",
  "KMP_INIT_AT_FORK": "FALSE"
}
world_size:1 rank:0 local_rank:0
| distributed init (rank 0): env://
Before torch.distributed.barrier()
/home/yabin/miniconda3/envs/cl/lib/python3.11/site-packages/torch/distributed/c10d_logger.py:83: UserWarning: barrier(): using the device under current context. You can specify `device_id` in `init_process_group` to mute this warning.
  return func(*args, **kwargs)
[rank0]:[W720 05:34:46.664494067 ProcessGroupNCCL.cpp:5324] Guessing device ID based on global rank. This can cause a hang if rank to GPU mapping is heterogeneous. You can specify device_id in init_process_group()
End torch.distributed.barrier()
['transformer.resblocks.1.gamma', 'transformer.resblocks.2.gamma', 'transformer.resblocks.3.gamma', 'transformer.resblocks.3.adapter.down_proj.weight', 'transformer.resblocks.3.adapter.down_proj.bias', 'transformer.resblocks.3.adapter.up_proj.weight', 'transformer.resblocks.3.adapter.up_proj.bias', 'transformer.resblocks.4.gamma', 'transformer.resblocks.5.gamma', 'transformer.resblocks.6.gamma', 'transformer.resblocks.7.gamma', 'transformer.resblocks.7.adapter.down_proj.weight', 'transformer.resblocks.7.adapter.down_proj.bias', 'transformer.resblocks.7.adapter.up_proj.weight', 'transformer.resblocks.7.adapter.up_proj.bias', 'transformer.resblocks.8.gamma', 'transformer.resblocks.11.adapter.down_proj.weight', 'transformer.resblocks.11.adapter.down_proj.bias', 'transformer.resblocks.11.adapter.up_proj.weight', 'transformer.resblocks.11.adapter.up_proj.bias', 'transformer.resblocks.15.adapter.down_proj.weight', 'transformer.resblocks.15.adapter.down_proj.bias', 'transformer.resblocks.15.adapter.up_proj.weight', 'transformer.resblocks.15.adapter.up_proj.bias', 'transformer.resblocks.19.adapter.down_proj.weight', 'transformer.resblocks.19.adapter.down_proj.bias', 'transformer.resblocks.19.adapter.up_proj.weight', 'transformer.resblocks.19.adapter.up_proj.bias', 'transformer.resblocks.23.adapter.down_proj.weight', 'transformer.resblocks.23.adapter.down_proj.bias', 'transformer.resblocks.23.adapter.up_proj.weight', 'transformer.resblocks.23.adapter.up_proj.bias']
/home/yabin/ctta4aid_assets/external/IAPL/models/dct.py:353: FutureWarning: `torch.cuda.amp.autocast(args...)` is deprecated. Please use `torch.amp.autocast('cuda', args...)` instead.
  with torch.cuda.amp.autocast(enabled=False):
Epoch: [0]  [   0/9001]  eta: 1:41:53  lr: 0.000050  loss: 1.5275 (1.5275)  loss_adapter: 0.6833 (0.6833)  loss_condition: 0.8441 (0.8441)  loss_adapter_unscaled: 0.6833 (0.6833)  loss_condition_unscaled: 0.8441 (0.8441)  time: 0.6792  data: 0.0536  max mem: 7486
Epoch: [0]  [  50/9001]  eta: 0:42:25  lr: 0.000050  loss: 1.3375 (1.3950)  loss_adapter: 0.6423 (0.6721)  loss_condition: 0.6972 (0.7229)  loss_adapter_unscaled: 0.6423 (0.6721)  loss_condition_unscaled: 0.6972 (0.7229)  time: 0.2744  data: 0.0381  max mem: 7853
Epoch: [0]  [ 100/9001]  eta: 0:41:21  lr: 0.000050  loss: 1.1786 (1.3297)  loss_adapter: 0.4825 (0.6072)  loss_condition: 0.7038 (0.7225)  loss_adapter_unscaled: 0.4825 (0.6072)  loss_condition_unscaled: 0.7038 (0.7225)  time: 0.2725  data: 0.0366  max mem: 7853
Epoch: [0]  [ 150/9001]  eta: 0:40:51  lr: 0.000050  loss: 0.9655 (1.2376)  loss_adapter: 0.2631 (0.5210)  loss_condition: 0.6958 (0.7166)  loss_adapter_unscaled: 0.2631 (0.5210)  loss_condition_unscaled: 0.6958 (0.7166)  time: 0.2752  data: 0.0383  max mem: 7853
Epoch: [0]  [ 200/9001]  eta: 0:40:29  lr: 0.000050  loss: 0.7679 (1.1397)  loss_adapter: 0.1005 (0.4286)  loss_condition: 0.6614 (0.7112)  loss_adapter_unscaled: 0.1005 (0.4286)  loss_condition_unscaled: 0.6614 (0.7112)  time: 0.2734  data: 0.0373  max mem: 7853
Epoch: [0]  [ 250/9001]  eta: 0:40:08  lr: 0.000050  loss: 0.6943 (1.0626)  loss_adapter: 0.0388 (0.3537)  loss_condition: 0.6598 (0.7089)  loss_adapter_unscaled: 0.0388 (0.3537)  loss_condition_unscaled: 0.6598 (0.7089)  time: 0.2722  data: 0.0363  max mem: 7853
Epoch: [0]  [ 300/9001]  eta: 0:39:47  lr: 0.000050  loss: 0.6966 (1.0047)  loss_adapter: 0.0217 (0.3003)  loss_condition: 0.6749 (0.7044)  loss_adapter_unscaled: 0.0217 (0.3003)  loss_condition_unscaled: 0.6749 (0.7044)  time: 0.2700  data: 0.0344  max mem: 7853
Epoch: [0]  [ 350/9001]  eta: 0:39:33  lr: 0.000050  loss: 0.6820 (0.9616)  loss_adapter: 0.0138 (0.2598)  loss_condition: 0.6653 (0.7018)  loss_adapter_unscaled: 0.0138 (0.2598)  loss_condition_unscaled: 0.6653 (0.7018)  time: 0.2750  data: 0.0383  max mem: 7853
Epoch: [0]  [ 400/9001]  eta: 0:39:18  lr: 0.000050  loss: 0.6862 (0.9279)  loss_adapter: 0.0099 (0.2289)  loss_condition: 0.6777 (0.6990)  loss_adapter_unscaled: 0.0099 (0.2289)  loss_condition_unscaled: 0.6777 (0.6990)  time: 0.2715  data: 0.0355  max mem: 7853
Epoch: [0]  [ 450/9001]  eta: 0:39:03  lr: 0.000050  loss: 0.6445 (0.8998)  loss_adapter: 0.0067 (0.2045)  loss_condition: 0.6375 (0.6954)  loss_adapter_unscaled: 0.0067 (0.2045)  loss_condition_unscaled: 0.6375 (0.6954)  time: 0.2747  data: 0.0376  max mem: 7853
Epoch: [0]  [ 500/9001]  eta: 0:38:47  lr: 0.000050  loss: 0.6534 (0.8779)  loss_adapter: 0.0058 (0.1847)  loss_condition: 0.6479 (0.6932)  loss_adapter_unscaled: 0.0058 (0.1847)  loss_condition_unscaled: 0.6479 (0.6932)  time: 0.2719  data: 0.0357  max mem: 7853
Epoch: [0]  [ 550/9001]  eta: 0:38:33  lr: 0.000050  loss: 0.6400 (0.8581)  loss_adapter: 0.0041 (0.1684)  loss_condition: 0.6363 (0.6897)  loss_adapter_unscaled: 0.0041 (0.1684)  loss_condition_unscaled: 0.6363 (0.6897)  time: 0.2740  data: 0.0373  max mem: 7853
Epoch: [0]  [ 600/9001]  eta: 0:38:17  lr: 0.000050  loss: 0.6645 (0.8425)  loss_adapter: 0.0038 (0.1548)  loss_condition: 0.6609 (0.6876)  loss_adapter_unscaled: 0.0038 (0.1548)  loss_condition_unscaled: 0.6609 (0.6876)  time: 0.2705  data: 0.0343  max mem: 7853
Epoch: [0]  [ 650/9001]  eta: 0:38:03  lr: 0.000050  loss: 0.6207 (0.8270)  loss_adapter: 0.0030 (0.1432)  loss_condition: 0.6177 (0.6837)  loss_adapter_unscaled: 0.0030 (0.1432)  loss_condition_unscaled: 0.6177 (0.6837)  time: 0.2755  data: 0.0382  max mem: 7853
Epoch: [0]  [ 700/9001]  eta: 0:37:49  lr: 0.000050  loss: 0.6326 (0.8134)  loss_adapter: 0.0025 (0.1332)  loss_condition: 0.6297 (0.6802)  loss_adapter_unscaled: 0.0025 (0.1332)  loss_condition_unscaled: 0.6297 (0.6802)  time: 0.2745  data: 0.0372  max mem: 7853
Epoch: [0]  [ 750/9001]  eta: 0:37:37  lr: 0.000050  loss: 0.6270 (0.8013)  loss_adapter: 0.0023 (0.1245)  loss_condition: 0.6249 (0.6768)  loss_adapter_unscaled: 0.0023 (0.1245)  loss_condition_unscaled: 0.6249 (0.6768)  time: 0.2751  data: 0.0378  max mem: 7853
Epoch: [0]  [ 800/9001]  eta: 0:37:24  lr: 0.000050  loss: 0.5602 (0.7897)  loss_adapter: 0.0020 (0.1169)  loss_condition: 0.5585 (0.6728)  loss_adapter_unscaled: 0.0020 (0.1169)  loss_condition_unscaled: 0.5585 (0.6728)  time: 0.2756  data: 0.0380  max mem: 7853
Epoch: [0]  [ 850/9001]  eta: 0:37:10  lr: 0.000050  loss: 0.5696 (0.7781)  loss_adapter: 0.0017 (0.1101)  loss_condition: 0.5678 (0.6679)  loss_adapter_unscaled: 0.0017 (0.1101)  loss_condition_unscaled: 0.5678 (0.6679)  time: 0.2708  data: 0.0348  max mem: 7853
Epoch: [0]  [ 900/9001]  eta: 0:36:55  lr: 0.000050  loss: 0.5688 (0.7668)  loss_adapter: 0.0015 (0.1041)  loss_condition: 0.5674 (0.6627)  loss_adapter_unscaled: 0.0015 (0.1041)  loss_condition_unscaled: 0.5674 (0.6627)  time: 0.2735  data: 0.0367  max mem: 7853
Epoch: [0]  [ 950/9001]  eta: 0:36:41  lr: 0.000050  loss: 0.5378 (0.7582)  loss_adapter: 0.0018 (0.0991)  loss_condition: 0.5358 (0.6592)  loss_adapter_unscaled: 0.0018 (0.0991)  loss_condition_unscaled: 0.5358 (0.6592)  time: 0.2710  data: 0.0348  max mem: 7853
Epoch: [0]  [1000/9001]  eta: 0:36:28  lr: 0.000050  loss: 0.5717 (0.7497)  loss_adapter: 0.0014 (0.0942)  loss_condition: 0.5701 (0.6555)  loss_adapter_unscaled: 0.0014 (0.0942)  loss_condition_unscaled: 0.5701 (0.6555)  time: 0.2769  data: 0.0393  max mem: 7853
Epoch: [0]  [1050/9001]  eta: 0:36:13  lr: 0.000050  loss: 0.5379 (0.7423)  loss_adapter: 0.0012 (0.0898)  loss_condition: 0.5367 (0.6525)  loss_adapter_unscaled: 0.0012 (0.0898)  loss_condition_unscaled: 0.5367 (0.6525)  time: 0.2709  data: 0.0345  max mem: 7853
Epoch: [0]  [1100/9001]  eta: 0:36:00  lr: 0.000050  loss: 0.5193 (0.7351)  loss_adapter: 0.0011 (0.0859)  loss_condition: 0.5182 (0.6492)  loss_adapter_unscaled: 0.0011 (0.0859)  loss_condition_unscaled: 0.5182 (0.6492)  time: 0.2724  data: 0.0353  max mem: 7853
Epoch: [0]  [1150/9001]  eta: 0:35:47  lr: 0.000050  loss: 0.4824 (0.7260)  loss_adapter: 0.0010 (0.0822)  loss_condition: 0.4814 (0.6438)  loss_adapter_unscaled: 0.0010 (0.0822)  loss_condition_unscaled: 0.4814 (0.6438)  time: 0.2757  data: 0.0381  max mem: 7853
Epoch: [0]  [1200/9001]  eta: 0:35:34  lr: 0.000050  loss: 0.6165 (0.7197)  loss_adapter: 0.0010 (0.0788)  loss_condition: 0.6155 (0.6409)  loss_adapter_unscaled: 0.0010 (0.0788)  loss_condition_unscaled: 0.6155 (0.6409)  time: 0.2754  data: 0.0379  max mem: 7853
Epoch: [0]  [1250/9001]  eta: 0:35:20  lr: 0.000050  loss: 0.5528 (0.7149)  loss_adapter: 0.0009 (0.0757)  loss_condition: 0.5519 (0.6392)  loss_adapter_unscaled: 0.0009 (0.0757)  loss_condition_unscaled: 0.5519 (0.6392)  time: 0.2737  data: 0.0361  max mem: 7853
Epoch: [0]  [1300/9001]  eta: 0:35:06  lr: 0.000050  loss: 0.5504 (0.7099)  loss_adapter: 0.0012 (0.0732)  loss_condition: 0.5379 (0.6366)  loss_adapter_unscaled: 0.0012 (0.0732)  loss_condition_unscaled: 0.5379 (0.6366)  time: 0.2724  data: 0.0353  max mem: 7853
Epoch: [0]  [1350/9001]  eta: 0:34:52  lr: 0.000050  loss: 0.5051 (0.7048)  loss_adapter: 0.0011 (0.0707)  loss_condition: 0.5041 (0.6341)  loss_adapter_unscaled: 0.0011 (0.0707)  loss_condition_unscaled: 0.5041 (0.6341)  time: 0.2742  data: 0.0367  max mem: 7853
Epoch: [0]  [1400/9001]  eta: 0:34:38  lr: 0.000050  loss: 0.5607 (0.6989)  loss_adapter: 0.0008 (0.0682)  loss_condition: 0.5600 (0.6306)  loss_adapter_unscaled: 0.0008 (0.0682)  loss_condition_unscaled: 0.5600 (0.6306)  time: 0.2742  data: 0.0367  max mem: 7853
Epoch: [0]  [1450/9001]  eta: 0:34:25  lr: 0.000050  loss: 0.4934 (0.6931)  loss_adapter: 0.0008 (0.0659)  loss_condition: 0.4927 (0.6272)  loss_adapter_unscaled: 0.0008 (0.0659)  loss_condition_unscaled: 0.4927 (0.6272)  time: 0.2712  data: 0.0345  max mem: 7853
Epoch: [0]  [1500/9001]  eta: 0:34:10  lr: 0.000050  loss: 0.5523 (0.6886)  loss_adapter: 0.0008 (0.0638)  loss_condition: 0.5257 (0.6247)  loss_adapter_unscaled: 0.0008 (0.0638)  loss_condition_unscaled: 0.5257 (0.6247)  time: 0.2707  data: 0.0340  max mem: 7853
Epoch: [0]  [1550/9001]  eta: 0:33:56  lr: 0.000050  loss: 0.5215 (0.6840)  loss_adapter: 0.0007 (0.0618)  loss_condition: 0.5208 (0.6222)  loss_adapter_unscaled: 0.0007 (0.0618)  loss_condition_unscaled: 0.5208 (0.6222)  time: 0.2760  data: 0.0381  max mem: 7853
Epoch: [0]  [1600/9001]  eta: 0:33:43  lr: 0.000050  loss: 0.5110 (0.6803)  loss_adapter: 0.0006 (0.0599)  loss_condition: 0.5105 (0.6204)  loss_adapter_unscaled: 0.0006 (0.0599)  loss_condition_unscaled: 0.5105 (0.6204)  time: 0.2755  data: 0.0377  max mem: 7853
Epoch: [0]  [1650/9001]  eta: 0:33:29  lr: 0.000050  loss: 0.5483 (0.6763)  loss_adapter: 0.0006 (0.0581)  loss_condition: 0.5477 (0.6182)  loss_adapter_unscaled: 0.0006 (0.0581)  loss_condition_unscaled: 0.5477 (0.6182)  time: 0.2755  data: 0.0378  max mem: 7853
Epoch: [0]  [1700/9001]  eta: 0:33:16  lr: 0.000050  loss: 0.5053 (0.6722)  loss_adapter: 0.0006 (0.0564)  loss_condition: 0.5048 (0.6157)  loss_adapter_unscaled: 0.0006 (0.0564)  loss_condition_unscaled: 0.5048 (0.6157)  time: 0.2723  data: 0.0352  max mem: 7853
Epoch: [0]  [1750/9001]  eta: 0:33:02  lr: 0.000050  loss: 0.5164 (0.6687)  loss_adapter: 0.0005 (0.0548)  loss_condition: 0.5159 (0.6139)  loss_adapter_unscaled: 0.0005 (0.0548)  loss_condition_unscaled: 0.5159 (0.6139)  time: 0.2748  data: 0.0374  max mem: 7853
Epoch: [0]  [1800/9001]  eta: 0:32:48  lr: 0.000050  loss: 0.4740 (0.6648)  loss_adapter: 0.0005 (0.0533)  loss_condition: 0.4735 (0.6115)  loss_adapter_unscaled: 0.0005 (0.0533)  loss_condition_unscaled: 0.4735 (0.6115)  time: 0.2704  data: 0.0342  max mem: 7853
Epoch: [0]  [1850/9001]  eta: 0:32:34  lr: 0.000050  loss: 0.5071 (0.6614)  loss_adapter: 0.0005 (0.0519)  loss_condition: 0.5067 (0.6095)  loss_adapter_unscaled: 0.0005 (0.0519)  loss_condition_unscaled: 0.5067 (0.6095)  time: 0.2711  data: 0.0348  max mem: 7853
Epoch: [0]  [1900/9001]  eta: 0:32:21  lr: 0.000050  loss: 0.5101 (0.6584)  loss_adapter: 0.0005 (0.0505)  loss_condition: 0.5096 (0.6079)  loss_adapter_unscaled: 0.0005 (0.0505)  loss_condition_unscaled: 0.5096 (0.6079)  time: 0.2756  data: 0.0385  max mem: 7853
Epoch: [0]  [1950/9001]  eta: 0:32:07  lr: 0.000050  loss: 0.4839 (0.6553)  loss_adapter: 0.0004 (0.0493)  loss_condition: 0.4833 (0.6060)  loss_adapter_unscaled: 0.0004 (0.0493)  loss_condition_unscaled: 0.4833 (0.6060)  time: 0.2705  data: 0.0341  max mem: 7853
Epoch: [0]  [2000/9001]  eta: 0:31:53  lr: 0.000050  loss: 0.4876 (0.6520)  loss_adapter: 0.0004 (0.0480)  loss_condition: 0.4872 (0.6039)  loss_adapter_unscaled: 0.0004 (0.0480)  loss_condition_unscaled: 0.4872 (0.6039)  time: 0.2730  data: 0.0359  max mem: 7853
Epoch: [0]  [2050/9001]  eta: 0:31:39  lr: 0.000050  loss: 0.5241 (0.6491)  loss_adapter: 0.0004 (0.0469)  loss_condition: 0.5237 (0.6023)  loss_adapter_unscaled: 0.0004 (0.0469)  loss_condition_unscaled: 0.5237 (0.6023)  time: 0.2697  data: 0.0336  max mem: 7853
Epoch: [0]  [2100/9001]  eta: 0:31:25  lr: 0.000050  loss: 0.5101 (0.6459)  loss_adapter: 0.0004 (0.0458)  loss_condition: 0.5097 (0.6002)  loss_adapter_unscaled: 0.0004 (0.0458)  loss_condition_unscaled: 0.5097 (0.6002)  time: 0.2711  data: 0.0346  max mem: 7853
Epoch: [0]  [2150/9001]  eta: 0:31:11  lr: 0.000050  loss: 0.5051 (0.6424)  loss_adapter: 0.0003 (0.0447)  loss_condition: 0.5048 (0.5977)  loss_adapter_unscaled: 0.0003 (0.0447)  loss_condition_unscaled: 0.5048 (0.5977)  time: 0.2703  data: 0.0339  max mem: 7853
Epoch: [0]  [2200/9001]  eta: 0:30:57  lr: 0.000050  loss: 0.4459 (0.6393)  loss_adapter: 0.0003 (0.0437)  loss_condition: 0.4456 (0.5956)  loss_adapter_unscaled: 0.0003 (0.0437)  loss_condition_unscaled: 0.4456 (0.5956)  time: 0.2704  data: 0.0339  max mem: 7853
Epoch: [0]  [2250/9001]  eta: 0:30:43  lr: 0.000050  loss: 0.5089 (0.6359)  loss_adapter: 0.0003 (0.0427)  loss_condition: 0.5085 (0.5932)  loss_adapter_unscaled: 0.0003 (0.0427)  loss_condition_unscaled: 0.5085 (0.5932)  time: 0.2729  data: 0.0356  max mem: 7853
Epoch: [0]  [2300/9001]  eta: 0:30:30  lr: 0.000050  loss: 0.4606 (0.6326)  loss_adapter: 0.0003 (0.0418)  loss_condition: 0.4604 (0.5908)  loss_adapter_unscaled: 0.0003 (0.0418)  loss_condition_unscaled: 0.4604 (0.5908)  time: 0.2741  data: 0.0370  max mem: 7853
Epoch: [0]  [2350/9001]  eta: 0:30:16  lr: 0.000050  loss: 0.4708 (0.6302)  loss_adapter: 0.0003 (0.0409)  loss_condition: 0.4705 (0.5893)  loss_adapter_unscaled: 0.0003 (0.0409)  loss_condition_unscaled: 0.4705 (0.5893)  time: 0.2711  data: 0.0344  max mem: 7853
Epoch: [0]  [2400/9001]  eta: 0:30:02  lr: 0.000050  loss: 0.4465 (0.6268)  loss_adapter: 0.0003 (0.0401)  loss_condition: 0.4462 (0.5867)  loss_adapter_unscaled: 0.0003 (0.0401)  loss_condition_unscaled: 0.4462 (0.5867)  time: 0.2708  data: 0.0343  max mem: 7853
Epoch: [0]  [2450/9001]  eta: 0:29:48  lr: 0.000050  loss: 0.4866 (0.6241)  loss_adapter: 0.0003 (0.0393)  loss_condition: 0.4863 (0.5848)  loss_adapter_unscaled: 0.0003 (0.0393)  loss_condition_unscaled: 0.4863 (0.5848)  time: 0.2698  data: 0.0337  max mem: 7853
Epoch: [0]  [2500/9001]  eta: 0:29:35  lr: 0.000050  loss: 0.4805 (0.6218)  loss_adapter: 0.0003 (0.0385)  loss_condition: 0.4802 (0.5833)  loss_adapter_unscaled: 0.0003 (0.0385)  loss_condition_unscaled: 0.4802 (0.5833)  time: 0.2761  data: 0.0385  max mem: 7853
Epoch: [0]  [2550/9001]  eta: 0:29:21  lr: 0.000050  loss: 0.4306 (0.6185)  loss_adapter: 0.0003 (0.0378)  loss_condition: 0.4303 (0.5807)  loss_adapter_unscaled: 0.0003 (0.0378)  loss_condition_unscaled: 0.4303 (0.5807)  time: 0.2697  data: 0.0332  max mem: 7853
Epoch: [0]  [2600/9001]  eta: 0:29:07  lr: 0.000050  loss: 0.4671 (0.6162)  loss_adapter: 0.0002 (0.0370)  loss_condition: 0.4669 (0.5792)  loss_adapter_unscaled: 0.0002 (0.0370)  loss_condition_unscaled: 0.4669 (0.5792)  time: 0.2723  data: 0.0356  max mem: 7853
Epoch: [0]  [2650/9001]  eta: 0:28:53  lr: 0.000050  loss: 0.4759 (0.6140)  loss_adapter: 0.0002 (0.0364)  loss_condition: 0.4757 (0.5776)  loss_adapter_unscaled: 0.0002 (0.0364)  loss_condition_unscaled: 0.4757 (0.5776)  time: 0.2746  data: 0.0369  max mem: 7853
Epoch: [0]  [2700/9001]  eta: 0:28:40  lr: 0.000050  loss: 0.4889 (0.6122)  loss_adapter: 0.0002 (0.0357)  loss_condition: 0.4887 (0.5765)  loss_adapter_unscaled: 0.0002 (0.0357)  loss_condition_unscaled: 0.4887 (0.5765)  time: 0.2755  data: 0.0376  max mem: 7853
Epoch: [0]  [2750/9001]  eta: 0:28:26  lr: 0.000050  loss: 0.4561 (0.6097)  loss_adapter: 0.0002 (0.0350)  loss_condition: 0.4559 (0.5747)  loss_adapter_unscaled: 0.0002 (0.0350)  loss_condition_unscaled: 0.4559 (0.5747)  time: 0.2729  data: 0.0360  max mem: 7853
Epoch: [0]  [2800/9001]  eta: 0:28:12  lr: 0.000050  loss: 0.4479 (0.6080)  loss_adapter: 0.0002 (0.0344)  loss_condition: 0.4477 (0.5736)  loss_adapter_unscaled: 0.0002 (0.0344)  loss_condition_unscaled: 0.4477 (0.5736)  time: 0.2705  data: 0.0339  max mem: 7853
Epoch: [0]  [2850/9001]  eta: 0:27:59  lr: 0.000050  loss: 0.5118 (0.6064)  loss_adapter: 0.0002 (0.0338)  loss_condition: 0.5116 (0.5726)  loss_adapter_unscaled: 0.0002 (0.0338)  loss_condition_unscaled: 0.5116 (0.5726)  time: 0.2743  data: 0.0364  max mem: 7853
Epoch: [0]  [2900/9001]  eta: 0:27:46  lr: 0.000050  loss: 0.5046 (0.6042)  loss_adapter: 0.0002 (0.0332)  loss_condition: 0.5044 (0.5709)  loss_adapter_unscaled: 0.0002 (0.0332)  loss_condition_unscaled: 0.5044 (0.5709)  time: 0.2738  data: 0.0364  max mem: 7853
Epoch: [0]  [2950/9001]  eta: 0:27:32  lr: 0.000050  loss: 0.5141 (0.6023)  loss_adapter: 0.0002 (0.0327)  loss_condition: 0.5140 (0.5696)  loss_adapter_unscaled: 0.0002 (0.0327)  loss_condition_unscaled: 0.5140 (0.5696)  time: 0.2703  data: 0.0340  max mem: 7853
Epoch: [0]  [3000/9001]  eta: 0:27:18  lr: 0.000050  loss: 0.4621 (0.6005)  loss_adapter: 0.0002 (0.0321)  loss_condition: 0.4619 (0.5684)  loss_adapter_unscaled: 0.0002 (0.0321)  loss_condition_unscaled: 0.4619 (0.5684)  time: 0.2717  data: 0.0349  max mem: 7853
Epoch: [0]  [3050/9001]  eta: 0:27:04  lr: 0.000050  loss: 0.4342 (0.5981)  loss_adapter: 0.0002 (0.0316)  loss_condition: 0.4340 (0.5665)  loss_adapter_unscaled: 0.0002 (0.0316)  loss_condition_unscaled: 0.4340 (0.5665)  time: 0.2702  data: 0.0339  max mem: 7853
Epoch: [0]  [3100/9001]  eta: 0:26:51  lr: 0.000050  loss: 0.5047 (0.5962)  loss_adapter: 0.0002 (0.0311)  loss_condition: 0.5045 (0.5651)  loss_adapter_unscaled: 0.0002 (0.0311)  loss_condition_unscaled: 0.5045 (0.5651)  time: 0.2758  data: 0.0381  max mem: 7853
Epoch: [0]  [3150/9001]  eta: 0:26:37  lr: 0.000050  loss: 0.4063 (0.5943)  loss_adapter: 0.0002 (0.0306)  loss_condition: 0.4061 (0.5636)  loss_adapter_unscaled: 0.0002 (0.0306)  loss_condition_unscaled: 0.4061 (0.5636)  time: 0.2701  data: 0.0338  max mem: 7853
Epoch: [0]  [3200/9001]  eta: 0:26:23  lr: 0.000050  loss: 0.4399 (0.5924)  loss_adapter: 0.0002 (0.0301)  loss_condition: 0.4398 (0.5623)  loss_adapter_unscaled: 0.0002 (0.0301)  loss_condition_unscaled: 0.4398 (0.5623)  time: 0.2705  data: 0.0339  max mem: 7853
Epoch: [0]  [3250/9001]  eta: 0:26:10  lr: 0.000050  loss: 0.4456 (0.5904)  loss_adapter: 0.0002 (0.0297)  loss_condition: 0.4455 (0.5607)  loss_adapter_unscaled: 0.0002 (0.0297)  loss_condition_unscaled: 0.4455 (0.5607)  time: 0.2709  data: 0.0343  max mem: 7853
Epoch: [0]  [3300/9001]  eta: 0:25:56  lr: 0.000050  loss: 0.5363 (0.5889)  loss_adapter: 0.0001 (0.0292)  loss_condition: 0.5361 (0.5597)  loss_adapter_unscaled: 0.0001 (0.0292)  loss_condition_unscaled: 0.5361 (0.5597)  time: 0.2724  data: 0.0356  max mem: 7853
Epoch: [0]  [3350/9001]  eta: 0:25:42  lr: 0.000050  loss: 0.4660 (0.5872)  loss_adapter: 0.0001 (0.0288)  loss_condition: 0.4658 (0.5584)  loss_adapter_unscaled: 0.0001 (0.0288)  loss_condition_unscaled: 0.4658 (0.5584)  time: 0.2738  data: 0.0364  max mem: 7853
Epoch: [0]  [3400/9001]  eta: 0:25:29  lr: 0.000050  loss: 0.4525 (0.5858)  loss_adapter: 0.0001 (0.0284)  loss_condition: 0.4524 (0.5574)  loss_adapter_unscaled: 0.0001 (0.0284)  loss_condition_unscaled: 0.4524 (0.5574)  time: 0.2715  data: 0.0349  max mem: 7853
Epoch: [0]  [3450/9001]  eta: 0:25:15  lr: 0.000050  loss: 0.4581 (0.5840)  loss_adapter: 0.0001 (0.0280)  loss_condition: 0.4580 (0.5561)  loss_adapter_unscaled: 0.0001 (0.0280)  loss_condition_unscaled: 0.4580 (0.5561)  time: 0.2715  data: 0.0349  max mem: 7853
Epoch: [0]  [3500/9001]  eta: 0:25:01  lr: 0.000050  loss: 0.4850 (0.5826)  loss_adapter: 0.0001 (0.0276)  loss_condition: 0.4849 (0.5551)  loss_adapter_unscaled: 0.0001 (0.0276)  loss_condition_unscaled: 0.4849 (0.5551)  time: 0.2756  data: 0.0373  max mem: 7853
Epoch: [0]  [3550/9001]  eta: 0:24:48  lr: 0.000050  loss: 0.4841 (0.5812)  loss_adapter: 0.0001 (0.0272)  loss_condition: 0.4840 (0.5540)  loss_adapter_unscaled: 0.0001 (0.0272)  loss_condition_unscaled: 0.4840 (0.5540)  time: 0.2750  data: 0.0371  max mem: 7853
Epoch: [0]  [3600/9001]  eta: 0:24:34  lr: 0.000050  loss: 0.3880 (0.5798)  loss_adapter: 0.0001 (0.0268)  loss_condition: 0.3878 (0.5530)  loss_adapter_unscaled: 0.0001 (0.0268)  loss_condition_unscaled: 0.3878 (0.5530)  time: 0.2705  data: 0.0336  max mem: 7853
Epoch: [0]  [3650/9001]  eta: 0:24:20  lr: 0.000050  loss: 0.4420 (0.5784)  loss_adapter: 0.0001 (0.0264)  loss_condition: 0.4418 (0.5519)  loss_adapter_unscaled: 0.0001 (0.0264)  loss_condition_unscaled: 0.4418 (0.5519)  time: 0.2754  data: 0.0373  max mem: 7853
Epoch: [0]  [3700/9001]  eta: 0:24:07  lr: 0.000050  loss: 0.4179 (0.5766)  loss_adapter: 0.0001 (0.0261)  loss_condition: 0.4178 (0.5505)  loss_adapter_unscaled: 0.0001 (0.0261)  loss_condition_unscaled: 0.4178 (0.5505)  time: 0.2712  data: 0.0348  max mem: 7853
Epoch: [0]  [3750/9001]  eta: 0:23:53  lr: 0.000050  loss: 0.5065 (0.5753)  loss_adapter: 0.0001 (0.0257)  loss_condition: 0.5064 (0.5496)  loss_adapter_unscaled: 0.0001 (0.0257)  loss_condition_unscaled: 0.5064 (0.5496)  time: 0.2732  data: 0.0357  max mem: 7853
Epoch: [0]  [3800/9001]  eta: 0:23:39  lr: 0.000050  loss: 0.4599 (0.5737)  loss_adapter: 0.0001 (0.0254)  loss_condition: 0.4598 (0.5483)  loss_adapter_unscaled: 0.0001 (0.0254)  loss_condition_unscaled: 0.4598 (0.5483)  time: 0.2712  data: 0.0344  max mem: 7853
Epoch: [0]  [3850/9001]  eta: 0:23:25  lr: 0.000050  loss: 0.4259 (0.5723)  loss_adapter: 0.0001 (0.0251)  loss_condition: 0.4258 (0.5473)  loss_adapter_unscaled: 0.0001 (0.0251)  loss_condition_unscaled: 0.4258 (0.5473)  time: 0.2714  data: 0.0342  max mem: 7853
Epoch: [0]  [3900/9001]  eta: 0:23:12  lr: 0.000050  loss: 0.4883 (0.5713)  loss_adapter: 0.0001 (0.0248)  loss_condition: 0.4882 (0.5465)  loss_adapter_unscaled: 0.0001 (0.0248)  loss_condition_unscaled: 0.4882 (0.5465)  time: 0.2701  data: 0.0333  max mem: 7853
Epoch: [0]  [3950/9001]  eta: 0:22:58  lr: 0.000050  loss: 0.4979 (0.5701)  loss_adapter: 0.0001 (0.0245)  loss_condition: 0.4922 (0.5456)  loss_adapter_unscaled: 0.0001 (0.0245)  loss_condition_unscaled: 0.4922 (0.5456)  time: 0.2697  data: 0.0332  max mem: 7853
Epoch: [0]  [4000/9001]  eta: 0:22:44  lr: 0.000050  loss: 0.4268 (0.5690)  loss_adapter: 0.0002 (0.0244)  loss_condition: 0.4266 (0.5446)  loss_adapter_unscaled: 0.0002 (0.0244)  loss_condition_unscaled: 0.4266 (0.5446)  time: 0.2705  data: 0.0338  max mem: 7853
Epoch: [0]  [4050/9001]  eta: 0:22:30  lr: 0.000050  loss: 0.4614 (0.5678)  loss_adapter: 0.0002 (0.0241)  loss_condition: 0.4613 (0.5437)  loss_adapter_unscaled: 0.0002 (0.0241)  loss_condition_unscaled: 0.4613 (0.5437)  time: 0.2705  data: 0.0338  max mem: 7853
Epoch: [0]  [4100/9001]  eta: 0:22:17  lr: 0.000050  loss: 0.4618 (0.5662)  loss_adapter: 0.0002 (0.0238)  loss_condition: 0.4616 (0.5424)  loss_adapter_unscaled: 0.0002 (0.0238)  loss_condition_unscaled: 0.4616 (0.5424)  time: 0.2713  data: 0.0343  max mem: 7853
Epoch: [0]  [4150/9001]  eta: 0:22:03  lr: 0.000050  loss: 0.4262 (0.5647)  loss_adapter: 0.0001 (0.0235)  loss_condition: 0.4260 (0.5412)  loss_adapter_unscaled: 0.0001 (0.0235)  loss_condition_unscaled: 0.4260 (0.5412)  time: 0.2754  data: 0.0370  max mem: 7853
Epoch: [0]  [4200/9001]  eta: 0:21:50  lr: 0.000050  loss: 0.4097 (0.5631)  loss_adapter: 0.0001 (0.0232)  loss_condition: 0.4096 (0.5398)  loss_adapter_unscaled: 0.0001 (0.0232)  loss_condition_unscaled: 0.4096 (0.5398)  time: 0.2769  data: 0.0386  max mem: 7853
Epoch: [0]  [4250/9001]  eta: 0:21:36  lr: 0.000050  loss: 0.4100 (0.5615)  loss_adapter: 0.0001 (0.0230)  loss_condition: 0.4099 (0.5385)  loss_adapter_unscaled: 0.0001 (0.0230)  loss_condition_unscaled: 0.4099 (0.5385)  time: 0.2730  data: 0.0359  max mem: 7853
Epoch: [0]  [4300/9001]  eta: 0:21:22  lr: 0.000050  loss: 0.4952 (0.5604)  loss_adapter: 0.0001 (0.0227)  loss_condition: 0.4950 (0.5377)  loss_adapter_unscaled: 0.0001 (0.0227)  loss_condition_unscaled: 0.4950 (0.5377)  time: 0.2707  data: 0.0336  max mem: 7853
Epoch: [0]  [4350/9001]  eta: 0:21:09  lr: 0.000050  loss: 0.4491 (0.5590)  loss_adapter: 0.0001 (0.0224)  loss_condition: 0.4490 (0.5366)  loss_adapter_unscaled: 0.0001 (0.0224)  loss_condition_unscaled: 0.4490 (0.5366)  time: 0.2706  data: 0.0338  max mem: 7853
Epoch: [0]  [4400/9001]  eta: 0:20:55  lr: 0.000050  loss: 0.3743 (0.5576)  loss_adapter: 0.0001 (0.0222)  loss_condition: 0.3742 (0.5354)  loss_adapter_unscaled: 0.0001 (0.0222)  loss_condition_unscaled: 0.3742 (0.5354)  time: 0.2694  data: 0.0328  max mem: 7853
Epoch: [0]  [4450/9001]  eta: 0:20:41  lr: 0.000050  loss: 0.4185 (0.5563)  loss_adapter: 0.0001 (0.0219)  loss_condition: 0.4184 (0.5344)  loss_adapter_unscaled: 0.0001 (0.0219)  loss_condition_unscaled: 0.4184 (0.5344)  time: 0.2737  data: 0.0360  max mem: 7853
Epoch: [0]  [4500/9001]  eta: 0:20:27  lr: 0.000050  loss: 0.4705 (0.5553)  loss_adapter: 0.0001 (0.0217)  loss_condition: 0.4704 (0.5336)  loss_adapter_unscaled: 0.0001 (0.0217)  loss_condition_unscaled: 0.4704 (0.5336)  time: 0.2715  data: 0.0341  max mem: 7853
Epoch: [0]  [4550/9001]  eta: 0:20:14  lr: 0.000050  loss: 0.4193 (0.5544)  loss_adapter: 0.0001 (0.0215)  loss_condition: 0.4192 (0.5329)  loss_adapter_unscaled: 0.0001 (0.0215)  loss_condition_unscaled: 0.4192 (0.5329)  time: 0.2690  data: 0.0328  max mem: 7853
Epoch: [0]  [4600/9001]  eta: 0:20:00  lr: 0.000050  loss: 0.4433 (0.5534)  loss_adapter: 0.0001 (0.0212)  loss_condition: 0.4432 (0.5322)  loss_adapter_unscaled: 0.0001 (0.0212)  loss_condition_unscaled: 0.4432 (0.5322)  time: 0.2729  data: 0.0355  max mem: 7853
Epoch: [0]  [4650/9001]  eta: 0:19:46  lr: 0.000050  loss: 0.4460 (0.5523)  loss_adapter: 0.0001 (0.0210)  loss_condition: 0.4459 (0.5313)  loss_adapter_unscaled: 0.0001 (0.0210)  loss_condition_unscaled: 0.4459 (0.5313)  time: 0.2732  data: 0.0361  max mem: 7853
Epoch: [0]  [4700/9001]  eta: 0:19:32  lr: 0.000050  loss: 0.3822 (0.5511)  loss_adapter: 0.0001 (0.0208)  loss_condition: 0.3821 (0.5303)  loss_adapter_unscaled: 0.0001 (0.0208)  loss_condition_unscaled: 0.3821 (0.5303)  time: 0.2696  data: 0.0331  max mem: 7853
Epoch: [0]  [4750/9001]  eta: 0:19:19  lr: 0.000050  loss: 0.4577 (0.5505)  loss_adapter: 0.0001 (0.0206)  loss_condition: 0.4576 (0.5300)  loss_adapter_unscaled: 0.0001 (0.0206)  loss_condition_unscaled: 0.4576 (0.5300)  time: 0.2694  data: 0.0331  max mem: 7853
Epoch: [0]  [4800/9001]  eta: 0:19:05  lr: 0.000050  loss: 0.4253 (0.5494)  loss_adapter: 0.0001 (0.0204)  loss_condition: 0.4252 (0.5290)  loss_adapter_unscaled: 0.0001 (0.0204)  loss_condition_unscaled: 0.4252 (0.5290)  time: 0.2741  data: 0.0367  max mem: 7853
Epoch: [0]  [4850/9001]  eta: 0:18:51  lr: 0.000050  loss: 0.4734 (0.5482)  loss_adapter: 0.0001 (0.0201)  loss_condition: 0.4733 (0.5281)  loss_adapter_unscaled: 0.0001 (0.0201)  loss_condition_unscaled: 0.4733 (0.5281)  time: 0.2742  data: 0.0363  max mem: 7853
Epoch: [0]  [4900/9001]  eta: 0:18:38  lr: 0.000050  loss: 0.4183 (0.5468)  loss_adapter: 0.0001 (0.0199)  loss_condition: 0.4182 (0.5268)  loss_adapter_unscaled: 0.0001 (0.0199)  loss_condition_unscaled: 0.4182 (0.5268)  time: 0.2701  data: 0.0332  max mem: 7853
Epoch: [0]  [4950/9001]  eta: 0:18:24  lr: 0.000050  loss: 0.3859 (0.5456)  loss_adapter: 0.0001 (0.0197)  loss_condition: 0.3858 (0.5259)  loss_adapter_unscaled: 0.0001 (0.0197)  loss_condition_unscaled: 0.3858 (0.5259)  time: 0.2715  data: 0.0346  max mem: 7853
Epoch: [0]  [5000/9001]  eta: 0:18:10  lr: 0.000050  loss: 0.4708 (0.5447)  loss_adapter: 0.0001 (0.0195)  loss_condition: 0.4707 (0.5252)  loss_adapter_unscaled: 0.0001 (0.0195)  loss_condition_unscaled: 0.4707 (0.5252)  time: 0.2718  data: 0.0346  max mem: 7853
Epoch: [0]  [5050/9001]  eta: 0:17:57  lr: 0.000050  loss: 0.4338 (0.5438)  loss_adapter: 0.0001 (0.0194)  loss_condition: 0.4337 (0.5244)  loss_adapter_unscaled: 0.0001 (0.0194)  loss_condition_unscaled: 0.4337 (0.5244)  time: 0.2723  data: 0.0352  max mem: 7853
Epoch: [0]  [5100/9001]  eta: 0:17:43  lr: 0.000050  loss: 0.4424 (0.5428)  loss_adapter: 0.0001 (0.0192)  loss_condition: 0.4423 (0.5237)  loss_adapter_unscaled: 0.0001 (0.0192)  loss_condition_unscaled: 0.4423 (0.5237)  time: 0.2724  data: 0.0351  max mem: 7853
Epoch: [0]  [5150/9001]  eta: 0:17:29  lr: 0.000050  loss: 0.4267 (0.5417)  loss_adapter: 0.0001 (0.0190)  loss_condition: 0.4266 (0.5227)  loss_adapter_unscaled: 0.0001 (0.0190)  loss_condition_unscaled: 0.4266 (0.5227)  time: 0.2751  data: 0.0372  max mem: 7853
Epoch: [0]  [5200/9001]  eta: 0:17:16  lr: 0.000050  loss: 0.4099 (0.5406)  loss_adapter: 0.0001 (0.0188)  loss_condition: 0.4098 (0.5218)  loss_adapter_unscaled: 0.0001 (0.0188)  loss_condition_unscaled: 0.4098 (0.5218)  time: 0.2694  data: 0.0329  max mem: 7853
Epoch: [0]  [5250/9001]  eta: 0:17:02  lr: 0.000050  loss: 0.3823 (0.5397)  loss_adapter: 0.0001 (0.0186)  loss_condition: 0.3822 (0.5210)  loss_adapter_unscaled: 0.0001 (0.0186)  loss_condition_unscaled: 0.3822 (0.5210)  time: 0.2699  data: 0.0332  max mem: 7853
Epoch: [0]  [5300/9001]  eta: 0:16:48  lr: 0.000050  loss: 0.3731 (0.5383)  loss_adapter: 0.0001 (0.0185)  loss_condition: 0.3730 (0.5198)  loss_adapter_unscaled: 0.0001 (0.0185)  loss_condition_unscaled: 0.3730 (0.5198)  time: 0.2721  data: 0.0350  max mem: 7853
Epoch: [0]  [5350/9001]  eta: 0:16:35  lr: 0.000050  loss: 0.4126 (0.5374)  loss_adapter: 0.0001 (0.0183)  loss_condition: 0.4124 (0.5191)  loss_adapter_unscaled: 0.0001 (0.0183)  loss_condition_unscaled: 0.4124 (0.5191)  time: 0.2700  data: 0.0333  max mem: 7853
Epoch: [0]  [5400/9001]  eta: 0:16:21  lr: 0.000050  loss: 0.3498 (0.5363)  loss_adapter: 0.0001 (0.0182)  loss_condition: 0.3497 (0.5181)  loss_adapter_unscaled: 0.0001 (0.0182)  loss_condition_unscaled: 0.3497 (0.5181)  time: 0.2696  data: 0.0329  max mem: 7853
Epoch: [0]  [5450/9001]  eta: 0:16:07  lr: 0.000050  loss: 0.4600 (0.5354)  loss_adapter: 0.0001 (0.0180)  loss_condition: 0.4599 (0.5174)  loss_adapter_unscaled: 0.0001 (0.0180)  loss_condition_unscaled: 0.4599 (0.5174)  time: 0.2692  data: 0.0327  max mem: 7853
Epoch: [0]  [5500/9001]  eta: 0:15:54  lr: 0.000050  loss: 0.4096 (0.5344)  loss_adapter: 0.0001 (0.0179)  loss_condition: 0.4095 (0.5165)  loss_adapter_unscaled: 0.0001 (0.0179)  loss_condition_unscaled: 0.4095 (0.5165)  time: 0.2692  data: 0.0327  max mem: 7853
Epoch: [0]  [5550/9001]  eta: 0:15:40  lr: 0.000050  loss: 0.4038 (0.5338)  loss_adapter: 0.0001 (0.0177)  loss_condition: 0.4036 (0.5160)  loss_adapter_unscaled: 0.0001 (0.0177)  loss_condition_unscaled: 0.4036 (0.5160)  time: 0.2706  data: 0.0336  max mem: 7853
Epoch: [0]  [5600/9001]  eta: 0:15:26  lr: 0.000050  loss: 0.3885 (0.5326)  loss_adapter: 0.0001 (0.0176)  loss_condition: 0.3885 (0.5150)  loss_adapter_unscaled: 0.0001 (0.0176)  loss_condition_unscaled: 0.3885 (0.5150)  time: 0.2732  data: 0.0357  max mem: 7853
Epoch: [0]  [5650/9001]  eta: 0:15:13  lr: 0.000050  loss: 0.4420 (0.5315)  loss_adapter: 0.0001 (0.0174)  loss_condition: 0.4419 (0.5140)  loss_adapter_unscaled: 0.0001 (0.0174)  loss_condition_unscaled: 0.4419 (0.5140)  time: 0.2755  data: 0.0371  max mem: 7853
Epoch: [0]  [5700/9001]  eta: 0:14:59  lr: 0.000050  loss: 0.4201 (0.5306)  loss_adapter: 0.0001 (0.0173)  loss_condition: 0.4200 (0.5134)  loss_adapter_unscaled: 0.0001 (0.0173)  loss_condition_unscaled: 0.4200 (0.5134)  time: 0.2706  data: 0.0334  max mem: 7853
Epoch: [0]  [5750/9001]  eta: 0:14:45  lr: 0.000050  loss: 0.4090 (0.5300)  loss_adapter: 0.0001 (0.0171)  loss_condition: 0.4090 (0.5129)  loss_adapter_unscaled: 0.0001 (0.0171)  loss_condition_unscaled: 0.4090 (0.5129)  time: 0.2707  data: 0.0338  max mem: 7853
Epoch: [0]  [5800/9001]  eta: 0:14:32  lr: 0.000050  loss: 0.3502 (0.5290)  loss_adapter: 0.0001 (0.0170)  loss_condition: 0.3501 (0.5121)  loss_adapter_unscaled: 0.0001 (0.0170)  loss_condition_unscaled: 0.3501 (0.5121)  time: 0.2718  data: 0.0344  max mem: 7853
Epoch: [0]  [5850/9001]  eta: 0:14:18  lr: 0.000050  loss: 0.4014 (0.5282)  loss_adapter: 0.0001 (0.0168)  loss_condition: 0.4013 (0.5114)  loss_adapter_unscaled: 0.0001 (0.0168)  loss_condition_unscaled: 0.4013 (0.5114)  time: 0.2738  data: 0.0365  max mem: 7853
Epoch: [0]  [5900/9001]  eta: 0:14:05  lr: 0.000050  loss: 0.3853 (0.5273)  loss_adapter: 0.0001 (0.0167)  loss_condition: 0.3853 (0.5106)  loss_adapter_unscaled: 0.0001 (0.0167)  loss_condition_unscaled: 0.3853 (0.5106)  time: 0.2702  data: 0.0336  max mem: 7853
Epoch: [0]  [5950/9001]  eta: 0:13:51  lr: 0.000050  loss: 0.3790 (0.5264)  loss_adapter: 0.0001 (0.0165)  loss_condition: 0.3789 (0.5099)  loss_adapter_unscaled: 0.0001 (0.0165)  loss_condition_unscaled: 0.3789 (0.5099)  time: 0.2738  data: 0.0357  max mem: 7853
Epoch: [0]  [6000/9001]  eta: 0:13:37  lr: 0.000050  loss: 0.4104 (0.5257)  loss_adapter: 0.0001 (0.0164)  loss_condition: 0.4103 (0.5093)  loss_adapter_unscaled: 0.0001 (0.0164)  loss_condition_unscaled: 0.4103 (0.5093)  time: 0.2709  data: 0.0344  max mem: 7853
Epoch: [0]  [6050/9001]  eta: 0:13:24  lr: 0.000050  loss: 0.3512 (0.5246)  loss_adapter: 0.0001 (0.0163)  loss_condition: 0.3511 (0.5084)  loss_adapter_unscaled: 0.0001 (0.0163)  loss_condition_unscaled: 0.3511 (0.5084)  time: 0.2709  data: 0.0340  max mem: 7853
Epoch: [0]  [6100/9001]  eta: 0:13:10  lr: 0.000050  loss: 0.3803 (0.5238)  loss_adapter: 0.0001 (0.0161)  loss_condition: 0.3803 (0.5077)  loss_adapter_unscaled: 0.0001 (0.0161)  loss_condition_unscaled: 0.3803 (0.5077)  time: 0.2731  data: 0.0355  max mem: 7853
Epoch: [0]  [6150/9001]  eta: 0:12:56  lr: 0.000050  loss: 0.4272 (0.5230)  loss_adapter: 0.0001 (0.0160)  loss_condition: 0.4272 (0.5070)  loss_adapter_unscaled: 0.0001 (0.0160)  loss_condition_unscaled: 0.4272 (0.5070)  time: 0.2728  data: 0.0351  max mem: 7853
Epoch: [0]  [6200/9001]  eta: 0:12:43  lr: 0.000050  loss: 0.3598 (0.5220)  loss_adapter: 0.0001 (0.0159)  loss_condition: 0.3597 (0.5061)  loss_adapter_unscaled: 0.0001 (0.0159)  loss_condition_unscaled: 0.3597 (0.5061)  time: 0.2693  data: 0.0326  max mem: 7853
Epoch: [0]  [6250/9001]  eta: 0:12:29  lr: 0.000050  loss: 0.3813 (0.5209)  loss_adapter: 0.0001 (0.0157)  loss_condition: 0.3813 (0.5052)  loss_adapter_unscaled: 0.0001 (0.0157)  loss_condition_unscaled: 0.3813 (0.5052)  time: 0.2725  data: 0.0347  max mem: 7853
Epoch: [0]  [6300/9001]  eta: 0:12:15  lr: 0.000050  loss: 0.4110 (0.5203)  loss_adapter: 0.0001 (0.0156)  loss_condition: 0.4095 (0.5047)  loss_adapter_unscaled: 0.0001 (0.0156)  loss_condition_unscaled: 0.4095 (0.5047)  time: 0.2750  data: 0.0369  max mem: 7853
Epoch: [0]  [6350/9001]  eta: 0:12:02  lr: 0.000050  loss: 0.4019 (0.5196)  loss_adapter: 0.0001 (0.0155)  loss_condition: 0.4018 (0.5041)  loss_adapter_unscaled: 0.0001 (0.0155)  loss_condition_unscaled: 0.4018 (0.5041)  time: 0.2717  data: 0.0344  max mem: 7853
Epoch: [0]  [6400/9001]  eta: 0:11:48  lr: 0.000050  loss: 0.4559 (0.5189)  loss_adapter: 0.0000 (0.0154)  loss_condition: 0.4558 (0.5036)  loss_adapter_unscaled: 0.0000 (0.0154)  loss_condition_unscaled: 0.4558 (0.5036)  time: 0.2752  data: 0.0374  max mem: 7853
Epoch: [0]  [6450/9001]  eta: 0:11:35  lr: 0.000050  loss: 0.3910 (0.5180)  loss_adapter: 0.0000 (0.0153)  loss_condition: 0.3910 (0.5027)  loss_adapter_unscaled: 0.0000 (0.0153)  loss_condition_unscaled: 0.3910 (0.5027)  time: 0.2736  data: 0.0354  max mem: 7853
Epoch: [0]  [6500/9001]  eta: 0:11:21  lr: 0.000050  loss: 0.3629 (0.5173)  loss_adapter: 0.0000 (0.0151)  loss_condition: 0.3629 (0.5021)  loss_adapter_unscaled: 0.0000 (0.0151)  loss_condition_unscaled: 0.3629 (0.5021)  time: 0.2729  data: 0.0350  max mem: 7853
Epoch: [0]  [6550/9001]  eta: 0:11:07  lr: 0.000050  loss: 0.4818 (0.5166)  loss_adapter: 0.0000 (0.0150)  loss_condition: 0.4818 (0.5016)  loss_adapter_unscaled: 0.0000 (0.0150)  loss_condition_unscaled: 0.4818 (0.5016)  time: 0.2690  data: 0.0322  max mem: 7853
Epoch: [0]  [6600/9001]  eta: 0:10:54  lr: 0.000050  loss: 0.3908 (0.5160)  loss_adapter: 0.0000 (0.0149)  loss_condition: 0.3908 (0.5011)  loss_adapter_unscaled: 0.0000 (0.0149)  loss_condition_unscaled: 0.3908 (0.5011)  time: 0.2718  data: 0.0345  max mem: 7853
Epoch: [0]  [6650/9001]  eta: 0:10:40  lr: 0.000050  loss: 0.4660 (0.5155)  loss_adapter: 0.0000 (0.0148)  loss_condition: 0.4660 (0.5007)  loss_adapter_unscaled: 0.0000 (0.0148)  loss_condition_unscaled: 0.4660 (0.5007)  time: 0.2738  data: 0.0361  max mem: 7853
Epoch: [0]  [6700/9001]  eta: 0:10:26  lr: 0.000050  loss: 0.3280 (0.5146)  loss_adapter: 0.0000 (0.0147)  loss_condition: 0.3279 (0.5000)  loss_adapter_unscaled: 0.0000 (0.0147)  loss_condition_unscaled: 0.3279 (0.5000)  time: 0.2718  data: 0.0346  max mem: 7853
Epoch: [0]  [6750/9001]  eta: 0:10:13  lr: 0.000050  loss: 0.3587 (0.5137)  loss_adapter: 0.0000 (0.0146)  loss_condition: 0.3587 (0.4991)  loss_adapter_unscaled: 0.0000 (0.0146)  loss_condition_unscaled: 0.3587 (0.4991)  time: 0.2696  data: 0.0329  max mem: 7853
Epoch: [0]  [6800/9001]  eta: 0:09:59  lr: 0.000050  loss: 0.3716 (0.5130)  loss_adapter: 0.0000 (0.0145)  loss_condition: 0.3715 (0.4985)  loss_adapter_unscaled: 0.0000 (0.0145)  loss_condition_unscaled: 0.3715 (0.4985)  time: 0.2745  data: 0.0368  max mem: 7853
Epoch: [0]  [6850/9001]  eta: 0:09:46  lr: 0.000050  loss: 0.3438 (0.5124)  loss_adapter: 0.0000 (0.0144)  loss_condition: 0.3438 (0.4980)  loss_adapter_unscaled: 0.0000 (0.0144)  loss_condition_unscaled: 0.3438 (0.4980)  time: 0.2721  data: 0.0349  max mem: 7853
Epoch: [0]  [6900/9001]  eta: 0:09:32  lr: 0.000050  loss: 0.3612 (0.5117)  loss_adapter: 0.0000 (0.0143)  loss_condition: 0.3612 (0.4974)  loss_adapter_unscaled: 0.0000 (0.0143)  loss_condition_unscaled: 0.3612 (0.4974)  time: 0.2707  data: 0.0339  max mem: 7853
Epoch: [0]  [6950/9001]  eta: 0:09:18  lr: 0.000050  loss: 0.3234 (0.5106)  loss_adapter: 0.0000 (0.0142)  loss_condition: 0.3234 (0.4964)  loss_adapter_unscaled: 0.0000 (0.0142)  loss_condition_unscaled: 0.3234 (0.4964)  time: 0.2687  data: 0.0321  max mem: 7853
Epoch: [0]  [7000/9001]  eta: 0:09:05  lr: 0.000050  loss: 0.3644 (0.5096)  loss_adapter: 0.0000 (0.0141)  loss_condition: 0.3643 (0.4956)  loss_adapter_unscaled: 0.0000 (0.0141)  loss_condition_unscaled: 0.3643 (0.4956)  time: 0.2694  data: 0.0324  max mem: 7853
Epoch: [0]  [7050/9001]  eta: 0:08:51  lr: 0.000050  loss: 0.3661 (0.5089)  loss_adapter: 0.0000 (0.0140)  loss_condition: 0.3660 (0.4949)  loss_adapter_unscaled: 0.0000 (0.0140)  loss_condition_unscaled: 0.3660 (0.4949)  time: 0.2747  data: 0.0367  max mem: 7853
Epoch: [0]  [7100/9001]  eta: 0:08:37  lr: 0.000050  loss: 0.3490 (0.5081)  loss_adapter: 0.0000 (0.0139)  loss_condition: 0.3489 (0.4942)  loss_adapter_unscaled: 0.0000 (0.0139)  loss_condition_unscaled: 0.3489 (0.4942)  time: 0.2696  data: 0.0327  max mem: 7853
Epoch: [0]  [7150/9001]  eta: 0:08:24  lr: 0.000050  loss: 0.4447 (0.5075)  loss_adapter: 0.0000 (0.0138)  loss_condition: 0.4447 (0.4937)  loss_adapter_unscaled: 0.0000 (0.0138)  loss_condition_unscaled: 0.4447 (0.4937)  time: 0.2701  data: 0.0332  max mem: 7853
Epoch: [0]  [7200/9001]  eta: 0:08:10  lr: 0.000050  loss: 0.4562 (0.5067)  loss_adapter: 0.0000 (0.0137)  loss_condition: 0.4561 (0.4930)  loss_adapter_unscaled: 0.0000 (0.0137)  loss_condition_unscaled: 0.4561 (0.4930)  time: 0.2692  data: 0.0324  max mem: 7853
Epoch: [0]  [7250/9001]  eta: 0:07:56  lr: 0.000050  loss: 0.4247 (0.5062)  loss_adapter: 0.0000 (0.0136)  loss_condition: 0.4247 (0.4926)  loss_adapter_unscaled: 0.0000 (0.0136)  loss_condition_unscaled: 0.4247 (0.4926)  time: 0.2694  data: 0.0323  max mem: 7853
Epoch: [0]  [7300/9001]  eta: 0:07:43  lr: 0.000050  loss: 0.3555 (0.5055)  loss_adapter: 0.0000 (0.0135)  loss_condition: 0.3555 (0.4920)  loss_adapter_unscaled: 0.0000 (0.0135)  loss_condition_unscaled: 0.3555 (0.4920)  time: 0.2742  data: 0.0364  max mem: 7853
Epoch: [0]  [7350/9001]  eta: 0:07:29  lr: 0.000050  loss: 0.3971 (0.5047)  loss_adapter: 0.0000 (0.0134)  loss_condition: 0.3971 (0.4914)  loss_adapter_unscaled: 0.0000 (0.0134)  loss_condition_unscaled: 0.3971 (0.4914)  time: 0.2745  data: 0.0369  max mem: 7853
Epoch: [0]  [7400/9001]  eta: 0:07:16  lr: 0.000050  loss: 0.3449 (0.5039)  loss_adapter: 0.0000 (0.0133)  loss_condition: 0.3449 (0.4906)  loss_adapter_unscaled: 0.0000 (0.0133)  loss_condition_unscaled: 0.3449 (0.4906)  time: 0.2698  data: 0.0333  max mem: 7853
Epoch: [0]  [7450/9001]  eta: 0:07:02  lr: 0.000050  loss: 0.4052 (0.5031)  loss_adapter: 0.0000 (0.0132)  loss_condition: 0.4051 (0.4899)  loss_adapter_unscaled: 0.0000 (0.0132)  loss_condition_unscaled: 0.4051 (0.4899)  time: 0.2696  data: 0.0331  max mem: 7853
Epoch: [0]  [7500/9001]  eta: 0:06:48  lr: 0.000050  loss: 0.3646 (0.5023)  loss_adapter: 0.0000 (0.0131)  loss_condition: 0.3645 (0.4892)  loss_adapter_unscaled: 0.0000 (0.0131)  loss_condition_unscaled: 0.3645 (0.4892)  time: 0.2746  data: 0.0368  max mem: 7853
Epoch: [0]  [7550/9001]  eta: 0:06:35  lr: 0.000050  loss: 0.4040 (0.5016)  loss_adapter: 0.0000 (0.0130)  loss_condition: 0.4040 (0.4886)  loss_adapter_unscaled: 0.0000 (0.0130)  loss_condition_unscaled: 0.4040 (0.4886)  time: 0.2724  data: 0.0352  max mem: 7853
Epoch: [0]  [7600/9001]  eta: 0:06:21  lr: 0.000050  loss: 0.3822 (0.5011)  loss_adapter: 0.0000 (0.0130)  loss_condition: 0.3821 (0.4882)  loss_adapter_unscaled: 0.0000 (0.0130)  loss_condition_unscaled: 0.3821 (0.4882)  time: 0.2743  data: 0.0364  max mem: 7853
Epoch: [0]  [7650/9001]  eta: 0:06:07  lr: 0.000050  loss: 0.3342 (0.5005)  loss_adapter: 0.0000 (0.0129)  loss_condition: 0.3342 (0.4876)  loss_adapter_unscaled: 0.0000 (0.0129)  loss_condition_unscaled: 0.3342 (0.4876)  time: 0.2722  data: 0.0346  max mem: 7853
Epoch: [0]  [7700/9001]  eta: 0:05:54  lr: 0.000050  loss: 0.4297 (0.5000)  loss_adapter: 0.0000 (0.0128)  loss_condition: 0.4297 (0.4872)  loss_adapter_unscaled: 0.0000 (0.0128)  loss_condition_unscaled: 0.4297 (0.4872)  time: 0.2726  data: 0.0352  max mem: 7853
Epoch: [0]  [7750/9001]  eta: 0:05:40  lr: 0.000050  loss: 0.3693 (0.4994)  loss_adapter: 0.0000 (0.0127)  loss_condition: 0.3693 (0.4867)  loss_adapter_unscaled: 0.0000 (0.0127)  loss_condition_unscaled: 0.3693 (0.4867)  time: 0.2729  data: 0.0355  max mem: 7853
Epoch: [0]  [7800/9001]  eta: 0:05:27  lr: 0.000050  loss: 0.3518 (0.4986)  loss_adapter: 0.0000 (0.0126)  loss_condition: 0.3518 (0.4860)  loss_adapter_unscaled: 0.0000 (0.0126)  loss_condition_unscaled: 0.3518 (0.4860)  time: 0.2728  data: 0.0352  max mem: 7853
Epoch: [0]  [7850/9001]  eta: 0:05:13  lr: 0.000050  loss: 0.3600 (0.4979)  loss_adapter: 0.0000 (0.0125)  loss_condition: 0.3599 (0.4854)  loss_adapter_unscaled: 0.0000 (0.0125)  loss_condition_unscaled: 0.3599 (0.4854)  time: 0.2765  data: 0.0384  max mem: 7853
Epoch: [0]  [7900/9001]  eta: 0:04:59  lr: 0.000050  loss: 0.2777 (0.4969)  loss_adapter: 0.0000 (0.0125)  loss_condition: 0.2777 (0.4844)  loss_adapter_unscaled: 0.0000 (0.0125)  loss_condition_unscaled: 0.2777 (0.4844)  time: 0.2733  data: 0.0354  max mem: 7853
Epoch: [0]  [7950/9001]  eta: 0:04:46  lr: 0.000050  loss: 0.3815 (0.4963)  loss_adapter: 0.0000 (0.0124)  loss_condition: 0.3815 (0.4839)  loss_adapter_unscaled: 0.0000 (0.0124)  loss_condition_unscaled: 0.3815 (0.4839)  time: 0.2687  data: 0.0319  max mem: 7853
Epoch: [0]  [8000/9001]  eta: 0:04:32  lr: 0.000050  loss: 0.3946 (0.4956)  loss_adapter: 0.0000 (0.0123)  loss_condition: 0.3946 (0.4833)  loss_adapter_unscaled: 0.0000 (0.0123)  loss_condition_unscaled: 0.3946 (0.4833)  time: 0.2689  data: 0.0324  max mem: 7853
Epoch: [0]  [8050/9001]  eta: 0:04:18  lr: 0.000050  loss: 0.3372 (0.4949)  loss_adapter: 0.0000 (0.0122)  loss_condition: 0.3372 (0.4827)  loss_adapter_unscaled: 0.0000 (0.0122)  loss_condition_unscaled: 0.3372 (0.4827)  time: 0.2691  data: 0.0326  max mem: 7853
Epoch: [0]  [8100/9001]  eta: 0:04:05  lr: 0.000050  loss: 0.3851 (0.4942)  loss_adapter: 0.0000 (0.0122)  loss_condition: 0.3851 (0.4821)  loss_adapter_unscaled: 0.0000 (0.0122)  loss_condition_unscaled: 0.3851 (0.4821)  time: 0.2694  data: 0.0328  max mem: 7853
Epoch: [0]  [8150/9001]  eta: 0:03:51  lr: 0.000050  loss: 0.2864 (0.4935)  loss_adapter: 0.0000 (0.0121)  loss_condition: 0.2864 (0.4815)  loss_adapter_unscaled: 0.0000 (0.0121)  loss_condition_unscaled: 0.2864 (0.4815)  time: 0.2719  data: 0.0347  max mem: 7853
Epoch: [0]  [8200/9001]  eta: 0:03:38  lr: 0.000050  loss: 0.3660 (0.4927)  loss_adapter: 0.0000 (0.0120)  loss_condition: 0.3660 (0.4807)  loss_adapter_unscaled: 0.0000 (0.0120)  loss_condition_unscaled: 0.3660 (0.4807)  time: 0.2694  data: 0.0327  max mem: 7853
Epoch: [0]  [8250/9001]  eta: 0:03:24  lr: 0.000050  loss: 0.3973 (0.4923)  loss_adapter: 0.0000 (0.0119)  loss_condition: 0.3973 (0.4803)  loss_adapter_unscaled: 0.0000 (0.0119)  loss_condition_unscaled: 0.3973 (0.4803)  time: 0.2720  data: 0.0348  max mem: 7853
Epoch: [0]  [8300/9001]  eta: 0:03:10  lr: 0.000050  loss: 0.4221 (0.4919)  loss_adapter: 0.0000 (0.0119)  loss_condition: 0.4220 (0.4800)  loss_adapter_unscaled: 0.0000 (0.0119)  loss_condition_unscaled: 0.4220 (0.4800)  time: 0.2720  data: 0.0353  max mem: 7853
Epoch: [0]  [8350/9001]  eta: 0:02:57  lr: 0.000050  loss: 0.3864 (0.4915)  loss_adapter: 0.0000 (0.0118)  loss_condition: 0.3864 (0.4797)  loss_adapter_unscaled: 0.0000 (0.0118)  loss_condition_unscaled: 0.3864 (0.4797)  time: 0.2753  data: 0.0368  max mem: 7853
Epoch: [0]  [8400/9001]  eta: 0:02:43  lr: 0.000050  loss: 0.3599 (0.4907)  loss_adapter: 0.0000 (0.0117)  loss_condition: 0.3599 (0.4790)  loss_adapter_unscaled: 0.0000 (0.0117)  loss_condition_unscaled: 0.3599 (0.4790)  time: 0.2758  data: 0.0375  max mem: 7853
Epoch: [0]  [8450/9001]  eta: 0:02:30  lr: 0.000050  loss: 0.3408 (0.4900)  loss_adapter: 0.0000 (0.0117)  loss_condition: 0.3408 (0.4783)  loss_adapter_unscaled: 0.0000 (0.0117)  loss_condition_unscaled: 0.3408 (0.4783)  time: 0.2745  data: 0.0366  max mem: 7853
Epoch: [0]  [8500/9001]  eta: 0:02:16  lr: 0.000050  loss: 0.3307 (0.4893)  loss_adapter: 0.0000 (0.0116)  loss_condition: 0.3307 (0.4777)  loss_adapter_unscaled: 0.0000 (0.0116)  loss_condition_unscaled: 0.3307 (0.4777)  time: 0.2756  data: 0.0377  max mem: 7853
Epoch: [0]  [8550/9001]  eta: 0:02:02  lr: 0.000050  loss: 0.4082 (0.4889)  loss_adapter: 0.0000 (0.0115)  loss_condition: 0.4082 (0.4774)  loss_adapter_unscaled: 0.0000 (0.0115)  loss_condition_unscaled: 0.4082 (0.4774)  time: 0.2747  data: 0.0373  max mem: 7853
Epoch: [0]  [8600/9001]  eta: 0:01:49  lr: 0.000050  loss: 0.3992 (0.4883)  loss_adapter: 0.0000 (0.0115)  loss_condition: 0.3992 (0.4768)  loss_adapter_unscaled: 0.0000 (0.0115)  loss_condition_unscaled: 0.3992 (0.4768)  time: 0.2744  data: 0.0366  max mem: 7853
Epoch: [0]  [8650/9001]  eta: 0:01:35  lr: 0.000050  loss: 0.3789 (0.4875)  loss_adapter: 0.0000 (0.0114)  loss_condition: 0.3789 (0.4762)  loss_adapter_unscaled: 0.0000 (0.0114)  loss_condition_unscaled: 0.3789 (0.4762)  time: 0.2689  data: 0.0320  max mem: 7853
Epoch: [0]  [8700/9001]  eta: 0:01:21  lr: 0.000050  loss: 0.4299 (0.4870)  loss_adapter: 0.0000 (0.0113)  loss_condition: 0.4298 (0.4757)  loss_adapter_unscaled: 0.0000 (0.0113)  loss_condition_unscaled: 0.4298 (0.4757)  time: 0.2713  data: 0.0342  max mem: 7853
Epoch: [0]  [8750/9001]  eta: 0:01:08  lr: 0.000050  loss: 0.3321 (0.4864)  loss_adapter: 0.0000 (0.0113)  loss_condition: 0.3320 (0.4751)  loss_adapter_unscaled: 0.0000 (0.0113)  loss_condition_unscaled: 0.3320 (0.4751)  time: 0.2744  data: 0.0365  max mem: 7853
Epoch: [0]  [8800/9001]  eta: 0:00:54  lr: 0.000050  loss: 0.3536 (0.4858)  loss_adapter: 0.0000 (0.0112)  loss_condition: 0.3536 (0.4746)  loss_adapter_unscaled: 0.0000 (0.0112)  loss_condition_unscaled: 0.3536 (0.4746)  time: 0.2689  data: 0.0324  max mem: 7853
Epoch: [0]  [8850/9001]  eta: 0:00:41  lr: 0.000050  loss: 0.3256 (0.4851)  loss_adapter: 0.0000 (0.0111)  loss_condition: 0.3256 (0.4740)  loss_adapter_unscaled: 0.0000 (0.0111)  loss_condition_unscaled: 0.3256 (0.4740)  time: 0.2761  data: 0.0382  max mem: 7853
Epoch: [0]  [8900/9001]  eta: 0:00:27  lr: 0.000050  loss: 0.3588 (0.4845)  loss_adapter: 0.0000 (0.0111)  loss_condition: 0.3588 (0.4734)  loss_adapter_unscaled: 0.0000 (0.0111)  loss_condition_unscaled: 0.3588 (0.4734)  time: 0.2692  data: 0.0325  max mem: 7853
Epoch: [0]  [8950/9001]  eta: 0:00:13  lr: 0.000050  loss: 0.3438 (0.4840)  loss_adapter: 0.0000 (0.0110)  loss_condition: 0.3438 (0.4730)  loss_adapter_unscaled: 0.0000 (0.0110)  loss_condition_unscaled: 0.3438 (0.4730)  time: 0.2722  data: 0.0349  max mem: 7853
Epoch: [0]  [9000/9001]  eta: 0:00:00  lr: 0.000050  loss: 0.3633 (0.4833)  loss_adapter: 0.0000 (0.0109)  loss_condition: 0.3633 (0.4724)  loss_adapter_unscaled: 0.0000 (0.0109)  loss_condition_unscaled: 0.3633 (0.4724)  time: 0.2733  data: 0.0354  max mem: 7853
Epoch: [0] Total time: 0:40:51 (0.2723 s / it)
/home/yabin/miniconda3/envs/cl/lib/python3.11/site-packages/torch/distributed/c10d_logger.py:83: UserWarning: barrier(): using the device under current context. You can specify `device_id` in `init_process_group` to mute this warning.
  return func(*args, **kwargs)
Averaged stats: lr: 0.000050  loss: 0.3633 (0.4833)  loss_adapter: 0.0000 (0.0109)  loss_condition: 0.3633 (0.4724)  loss_adapter_unscaled: 0.0000 (0.0109)  loss_condition_unscaled: 0.3633 (0.4724)
Epoch training time 0:40:52
Test:  [  0/399]  eta: 0:03:33    time: 0.5345  data: 0.1457  max mem: 7853
Test:  [ 50/399]  eta: 0:01:49    time: 0.3078  data: 0.1202  max mem: 7853
Test:  [100/399]  eta: 0:01:35    time: 0.3356  data: 0.1482  max mem: 7853
Test:  [150/399]  eta: 0:01:18    time: 0.3176  data: 0.1299  max mem: 7853
Test:  [200/399]  eta: 0:01:02    time: 0.3241  data: 0.1363  max mem: 7853
Test:  [250/399]  eta: 0:00:46    time: 0.3148  data: 0.1275  max mem: 7853
Test:  [300/399]  eta: 0:00:30    time: 0.3098  data: 0.1222  max mem: 7853
Test:  [350/399]  eta: 0:00:15    time: 0.3210  data: 0.1334  max mem: 7853
Test:  [398/399]  eta: 0:00:00    time: 0.3076  data: 0.1212  max mem: 7853
Test: Total time: 0:02:05 (0.3143 s / it)
(crn) acc: 51.06; ap: 99.64; racc: 2.12; facc: 100.00;
/home/yabin/ctta4aid_assets/external/IAPL/models/dct.py:353: FutureWarning: `torch.cuda.amp.autocast(args...)` is deprecated. Please use `torch.amp.autocast('cuda', args...)` instead.
  with torch.cuda.amp.autocast(enabled=False):
Test:  [ 0/83]  eta: 0:00:22    time: 0.2714  data: 0.0843  max mem: 7853
Test:  [50/83]  eta: 0:00:08    time: 0.2595  data: 0.0719  max mem: 7853
Test:  [82/83]  eta: 0:00:00    time: 0.2601  data: 0.0758  max mem: 7853
Test: Total time: 0:00:21 (0.2593 s / it)
(cyclegan) acc: 99.13; ap: 99.99; racc: 98.26; facc: 100.00;
/home/yabin/ctta4aid_assets/external/IAPL/models/dct.py:353: FutureWarning: `torch.cuda.amp.autocast(args...)` is deprecated. Please use `torch.amp.autocast('cuda', args...)` instead.
  with torch.cuda.amp.autocast(enabled=False):
Test:  [ 0/63]  eta: 0:00:15    time: 0.2433  data: 0.0563  max mem: 7853
Test:  [50/63]  eta: 0:00:03    time: 0.2630  data: 0.0750  max mem: 7853
Test:  [62/63]  eta: 0:00:00    time: 0.2533  data: 0.0700  max mem: 7853
Test: Total time: 0:00:15 (0.2393 s / it)
(dalle) acc: 97.90; ap: 99.84; racc: 99.70; facc: 96.10;
/home/yabin/ctta4aid_assets/external/IAPL/models/dct.py:353: FutureWarning: `torch.cuda.amp.autocast(args...)` is deprecated. Please use `torch.amp.autocast('cuda', args...)` instead.
  with torch.cuda.amp.autocast(enabled=False):
Test:  [  0/125]  eta: 0:00:32    time: 0.2609  data: 0.0732  max mem: 7853
Test:  [ 50/125]  eta: 0:00:19    time: 0.2586  data: 0.0711  max mem: 7853
Test:  [100/125]  eta: 0:00:06    time: 0.2578  data: 0.0704  max mem: 7853
Test:  [124/125]  eta: 0:00:00    time: 0.2566  data: 0.0693  max mem: 7853
Test: Total time: 0:00:32 (0.2593 s / it)
(biggan) acc: 98.62; ap: 99.90; racc: 97.85; facc: 99.40;
/home/yabin/ctta4aid_assets/external/IAPL/models/dct.py:353: FutureWarning: `torch.cuda.amp.autocast(args...)` is deprecated. Please use `torch.amp.autocast('cuda', args...)` instead.
  with torch.cuda.amp.autocast(enabled=False):
Test:  [  0/169]  eta: 0:00:43    time: 0.2576  data: 0.0712  max mem: 7853
Test:  [ 50/169]  eta: 0:00:31    time: 0.2732  data: 0.0858  max mem: 7853
Test:  [100/169]  eta: 0:00:17    time: 0.2569  data: 0.0698  max mem: 7853
Test:  [150/169]  eta: 0:00:04    time: 0.2590  data: 0.0719  max mem: 7853
Test:  [168/169]  eta: 0:00:00    time: 0.2530  data: 0.0666  max mem: 7853
Test: Total time: 0:00:43 (0.2583 s / it)
(deepfake) acc: 93.38; ap: 97.86; racc: 96.42; facc: 90.33;
/home/yabin/ctta4aid_assets/external/IAPL/models/dct.py:353: FutureWarning: `torch.cuda.amp.autocast(args...)` is deprecated. Please use `torch.amp.autocast('cuda', args...)` instead.
  with torch.cuda.amp.autocast(enabled=False):
Test:  [  0/313]  eta: 0:01:22    time: 0.2626  data: 0.0729  max mem: 7853
Test:  [ 50/313]  eta: 0:01:07    time: 0.2574  data: 0.0701  max mem: 7853
Test:  [100/313]  eta: 0:00:54    time: 0.2562  data: 0.0688  max mem: 7853
Test:  [150/313]  eta: 0:00:41    time: 0.2583  data: 0.0708  max mem: 7853
Test:  [200/313]  eta: 0:00:29    time: 0.2631  data: 0.0757  max mem: 7853
Test:  [250/313]  eta: 0:00:16    time: 0.2684  data: 0.0809  max mem: 7853
Test:  [300/313]  eta: 0:00:03    time: 0.2610  data: 0.0732  max mem: 7853
Test:  [312/313]  eta: 0:00:00    time: 0.2614  data: 0.0780  max mem: 7853
Test: Total time: 0:01:21 (0.2604 s / it)
(gaugan) acc: 95.76; ap: 100.00; racc: 91.52; facc: 100.00;
/home/yabin/ctta4aid_assets/external/IAPL/models/dct.py:353: FutureWarning: `torch.cuda.amp.autocast(args...)` is deprecated. Please use `torch.amp.autocast('cuda', args...)` instead.
  with torch.cuda.amp.autocast(enabled=False):
Test:  [ 0/63]  eta: 0:00:13    time: 0.2199  data: 0.0330  max mem: 7853
Test:  [50/63]  eta: 0:00:02    time: 0.2471  data: 0.0593  max mem: 7853
Test:  [62/63]  eta: 0:00:00    time: 0.2360  data: 0.0527  max mem: 7853
Test: Total time: 0:00:14 (0.2298 s / it)
(glide_50_27) acc: 94.90; ap: 98.63; racc: 99.70; facc: 90.10;
/home/yabin/ctta4aid_assets/external/IAPL/models/dct.py:353: FutureWarning: `torch.cuda.amp.autocast(args...)` is deprecated. Please use `torch.amp.autocast('cuda', args...)` instead.
  with torch.cuda.amp.autocast(enabled=False):
Test:  [ 0/63]  eta: 0:00:13    time: 0.2128  data: 0.0258  max mem: 7853
Test:  [50/63]  eta: 0:00:02    time: 0.2394  data: 0.0517  max mem: 7853
Test:  [62/63]  eta: 0:00:00    time: 0.2353  data: 0.0523  max mem: 7853
Test: Total time: 0:00:14 (0.2234 s / it)
(glide_100_10) acc: 94.10; ap: 98.80; racc: 99.70; facc: 88.50;
/home/yabin/ctta4aid_assets/external/IAPL/models/dct.py:353: FutureWarning: `torch.cuda.amp.autocast(args...)` is deprecated. Please use `torch.amp.autocast('cuda', args...)` instead.
  with torch.cuda.amp.autocast(enabled=False):
Test:  [ 0/63]  eta: 0:00:13    time: 0.2108  data: 0.0238  max mem: 7853
Test:  [50/63]  eta: 0:00:02    time: 0.2386  data: 0.0509  max mem: 7853
Test:  [62/63]  eta: 0:00:00    time: 0.2326  data: 0.0496  max mem: 7853
Test: Total time: 0:00:14 (0.2224 s / it)
(glide_100_27) acc: 90.95; ap: 97.24; racc: 99.70; facc: 82.20;
/home/yabin/ctta4aid_assets/external/IAPL/models/dct.py:353: FutureWarning: `torch.cuda.amp.autocast(args...)` is deprecated. Please use `torch.amp.autocast('cuda', args...)` instead.
  with torch.cuda.amp.autocast(enabled=False):
Test:  [ 0/63]  eta: 0:00:15    time: 0.2516  data: 0.0637  max mem: 7853
Test:  [50/63]  eta: 0:00:03    time: 0.2463  data: 0.0591  max mem: 7853
Test:  [62/63]  eta: 0:00:00    time: 0.2371  data: 0.0542  max mem: 7853
Test: Total time: 0:00:15 (0.2505 s / it)
(guided) acc: 80.30; ap: 92.53; racc: 95.40; facc: 65.20;
/home/yabin/ctta4aid_assets/external/IAPL/models/dct.py:353: FutureWarning: `torch.cuda.amp.autocast(args...)` is deprecated. Please use `torch.amp.autocast('cuda', args...)` instead.
  with torch.cuda.amp.autocast(enabled=False):
Test:  [  0/399]  eta: 0:02:10    time: 0.3259  data: 0.1389  max mem: 7853
Test:  [ 50/399]  eta: 0:01:49    time: 0.3187  data: 0.1313  max mem: 7853
Test:  [100/399]  eta: 0:01:34    time: 0.3135  data: 0.1267  max mem: 7853
Test:  [150/399]  eta: 0:01:18    time: 0.3093  data: 0.1218  max mem: 7853
Test:  [200/399]  eta: 0:01:02    time: 0.3046  data: 0.1173  max mem: 7853
Test:  [250/399]  eta: 0:00:46    time: 0.3083  data: 0.1212  max mem: 7853
Test:  [300/399]  eta: 0:00:30    time: 0.3206  data: 0.1332  max mem: 7853
Test:  [350/399]  eta: 0:00:15    time: 0.2982  data: 0.1105  max mem: 7853
Test:  [398/399]  eta: 0:00:00    time: 0.3130  data: 0.1271  max mem: 7853
Test: Total time: 0:02:04 (0.3124 s / it)
(imle) acc: 51.06; ap: 99.81; racc: 2.12; facc: 100.00;
/home/yabin/ctta4aid_assets/external/IAPL/models/dct.py:353: FutureWarning: `torch.cuda.amp.autocast(args...)` is deprecated. Please use `torch.amp.autocast('cuda', args...)` instead.
  with torch.cuda.amp.autocast(enabled=False):
Test:  [ 0/63]  eta: 0:00:16    time: 0.2609  data: 0.0735  max mem: 7853
Test:  [50/63]  eta: 0:00:02    time: 0.2430  data: 0.0555  max mem: 7853
Test:  [62/63]  eta: 0:00:00    time: 0.2409  data: 0.0577  max mem: 7853
Test: Total time: 0:00:14 (0.2256 s / it)
(ldm_100) acc: 97.55; ap: 99.11; racc: 99.70; facc: 95.40;
/home/yabin/ctta4aid_assets/external/IAPL/models/dct.py:353: FutureWarning: `torch.cuda.amp.autocast(args...)` is deprecated. Please use `torch.amp.autocast('cuda', args...)` instead.
  with torch.cuda.amp.autocast(enabled=False):
Test:  [ 0/63]  eta: 0:00:13    time: 0.2081  data: 0.0208  max mem: 7853
Test:  [50/63]  eta: 0:00:02    time: 0.2522  data: 0.0644  max mem: 7853
Test:  [62/63]  eta: 0:00:00    time: 0.2498  data: 0.0666  max mem: 7853
Test: Total time: 0:00:14 (0.2285 s / it)
(ldm_200) acc: 96.95; ap: 99.04; racc: 99.70; facc: 94.20;
/home/yabin/ctta4aid_assets/external/IAPL/models/dct.py:353: FutureWarning: `torch.cuda.amp.autocast(args...)` is deprecated. Please use `torch.amp.autocast('cuda', args...)` instead.
  with torch.cuda.amp.autocast(enabled=False):
Test:  [ 0/63]  eta: 0:00:13    time: 0.2206  data: 0.0316  max mem: 7853
Test:  [50/63]  eta: 0:00:02    time: 0.2402  data: 0.0528  max mem: 7853
Test:  [62/63]  eta: 0:00:00    time: 0.2343  data: 0.0512  max mem: 7853
Test: Total time: 0:00:14 (0.2228 s / it)
(ldm_200_cfg) acc: 91.60; ap: 97.37; racc: 99.70; facc: 83.50;
/home/yabin/ctta4aid_assets/external/IAPL/models/dct.py:353: FutureWarning: `torch.cuda.amp.autocast(args...)` is deprecated. Please use `torch.amp.autocast('cuda', args...)` instead.
  with torch.cuda.amp.autocast(enabled=False):
Test:  [  0/250]  eta: 0:01:04    time: 0.2581  data: 0.0707  max mem: 7853
Test:  [ 50/250]  eta: 0:00:50    time: 0.2587  data: 0.0712  max mem: 7853
Test:  [100/250]  eta: 0:00:38    time: 0.2592  data: 0.0719  max mem: 7853
Test:  [150/250]  eta: 0:00:25    time: 0.2648  data: 0.0774  max mem: 7853
Test:  [200/250]  eta: 0:00:12    time: 0.2646  data: 0.0772  max mem: 7853
Test:  [249/250]  eta: 0:00:00    time: 0.2487  data: 0.0615  max mem: 7853
Test: Total time: 0:01:04 (0.2579 s / it)
(progan) acc: 99.92; ap: 100.00; racc: 100.00; facc: 99.85;
/home/yabin/ctta4aid_assets/external/IAPL/models/dct.py:353: FutureWarning: `torch.cuda.amp.autocast(args...)` is deprecated. Please use `torch.amp.autocast('cuda', args...)` instead.
  with torch.cuda.amp.autocast(enabled=False):
Test:  [ 0/14]  eta: 0:00:04    time: 0.3254  data: 0.1356  max mem: 7853
Test:  [13/14]  eta: 0:00:00    time: 0.5172  data: 0.3330  max mem: 7853
Test: Total time: 0:00:07 (0.5172 s / it)
(san) acc: 64.61; ap: 74.04; racc: 83.11; facc: 46.12;
/home/yabin/ctta4aid_assets/external/IAPL/models/dct.py:353: FutureWarning: `torch.cuda.amp.autocast(args...)` is deprecated. Please use `torch.amp.autocast('cuda', args...)` instead.
  with torch.cuda.amp.autocast(enabled=False):
Test:  [ 0/12]  eta: 0:02:43    time: 13.6113  data: 13.4256  max mem: 7853
Test:  [11/12]  eta: 0:00:11    time: 11.4692  data: 11.2928  max mem: 7853
Test: Total time: 0:02:17 (11.4693 s / it)
(seeingdark) acc: 55.00; ap: 93.33; racc: 12.22; facc: 97.78;
/home/yabin/ctta4aid_assets/external/IAPL/models/dct.py:353: FutureWarning: `torch.cuda.amp.autocast(args...)` is deprecated. Please use `torch.amp.autocast('cuda', args...)` instead.
  with torch.cuda.amp.autocast(enabled=False):
Test:  [  0/125]  eta: 0:00:32    time: 0.2589  data: 0.0742  max mem: 7853
Test:  [ 50/125]  eta: 0:00:18    time: 0.2458  data: 0.0599  max mem: 7853
Test:  [100/125]  eta: 0:00:06    time: 0.2668  data: 0.0807  max mem: 7853
Test:  [124/125]  eta: 0:00:00    time: 0.2710  data: 0.0851  max mem: 7853
Test: Total time: 0:00:32 (0.2572 s / it)
(stargan) acc: 98.20; ap: 99.99; racc: 96.40; facc: 100.00;
/home/yabin/ctta4aid_assets/external/IAPL/models/dct.py:353: FutureWarning: `torch.cuda.amp.autocast(args...)` is deprecated. Please use `torch.amp.autocast('cuda', args...)` instead.
  with torch.cuda.amp.autocast(enabled=False):
Test:  [  0/375]  eta: 0:01:40    time: 0.2672  data: 0.0817  max mem: 7853
Test:  [ 50/375]  eta: 0:01:22    time: 0.2543  data: 0.0678  max mem: 7853
Test:  [100/375]  eta: 0:01:10    time: 0.2578  data: 0.0713  max mem: 7853
Test:  [150/375]  eta: 0:01:01    time: 0.3577  data: 0.1713  max mem: 7853
Test:  [200/375]  eta: 0:00:52    time: 0.3955  data: 0.2093  max mem: 7853
Test:  [250/375]  eta: 0:00:40    time: 0.3973  data: 0.2109  max mem: 7853
Test:  [300/375]  eta: 0:00:23    time: 0.2509  data: 0.0641  max mem: 7853
Test:  [350/375]  eta: 0:00:07    time: 0.2535  data: 0.0666  max mem: 7853
Test:  [374/375]  eta: 0:00:00    time: 0.2465  data: 0.0642  max mem: 7853
Test: Total time: 0:01:52 (0.2991 s / it)
(stylegan) acc: 91.32; ap: 98.43; racc: 99.83; facc: 82.81;
(0 crn       ) acc: 51.06; ap: 99.64; racc: 2.12; facc: 100.00;
(1 cyclegan  ) acc: 99.13; ap: 99.99; racc: 98.26; facc: 100.00;
(2 dalle     ) acc: 97.90; ap: 99.84; racc: 99.70; facc: 96.10;
(3 biggan    ) acc: 98.62; ap: 99.90; racc: 97.85; facc: 99.40;
(4 deepfake  ) acc: 93.38; ap: 97.86; racc: 96.42; facc: 90.33;
(5 gaugan    ) acc: 95.76; ap: 100.00; racc: 91.52; facc: 100.00;
(6 glide_50_27) acc: 94.90; ap: 98.63; racc: 99.70; facc: 90.10;
(7 glide_100_10) acc: 94.10; ap: 98.80; racc: 99.70; facc: 88.50;
(8 glide_100_27) acc: 90.95; ap: 97.24; racc: 99.70; facc: 82.20;
(9 guided    ) acc: 80.30; ap: 92.53; racc: 95.40; facc: 65.20;
(10 imle      ) acc: 51.06; ap: 99.81; racc: 2.12; facc: 100.00;
(11 ldm_100   ) acc: 97.55; ap: 99.11; racc: 99.70; facc: 95.40;
(12 ldm_200   ) acc: 96.95; ap: 99.04; racc: 99.70; facc: 94.20;
(13 ldm_200_cfg) acc: 91.60; ap: 97.37; racc: 99.70; facc: 83.50;
(14 progan    ) acc: 99.92; ap: 100.00; racc: 100.00; facc: 99.85;
(15 san       ) acc: 64.61; ap: 74.04; racc: 83.11; facc: 46.12;
(16 seeingdark) acc: 55.00; ap: 93.33; racc: 12.22; facc: 97.78;
(17 stargan   ) acc: 98.20; ap: 99.99; racc: 96.40; facc: 100.00;
(18 stylegan  ) acc: 91.32; ap: 98.43; racc: 99.83; facc: 82.81;
(19 mean      ) acc: 86.44; ap: 97.13; racc: 82.80; facc: 90.08;
[rank0]:[W720 06:30:58.313452014 ProcessGroupNCCL.cpp:1647] Warning: WARNING: destroy_process_group() was not called before program exit, which can leak resources. For more info, please see https://pytorch.org/docs/stable/distributed.html#shutdown (function operator())
